******************************************************************************
            TI ARM Clang Linker PC v3.2.2                      
******************************************************************************
>> Linked Wed Jul 31 22:00:21 2024

OUTPUT FILE NAME:   <sensor_ding.out>
ENTRY POINT SYMBOL: "ResetISR"  address: 0001db6b


MEMORY CONFIGURATION

         name            origin    length      used     unused   attr    fill
----------------------  --------  ---------  --------  --------  ----  --------
  FLASH                 00000000   00100000  00024257  000dbda9  R  X
  SRAM                  20000000   00040000  0000a7ab  00035855  RW X
  CCFG                  50000000   00000800  0000007c  00000784  R  X


SEGMENT ALLOCATION MAP

run origin  load origin   length   init length attrs members
----------  ----------- ---------- ----------- ----- -------
00000000    00000000    0001fe79   0001fe79    r-x
  00000000    00000000    0000003c   0000003c    r-- .resetVecs
  0000003c    0000003c    0001db9e   0001db9e    r-x .text
  0001dbe0    0001dbe0    00002299   00002299    r-- .rodata
0001fe7c    0001fe7c    00000008   00000008    rw-
  0001fe7c    0001fe7c    00000008   00000008    rw- .args
0001fe84    0001fe84    000003dc   000003dc    r--
  0001fe84    0001fe84    000003dc   000003dc    r-- .cinit
00052000    00052000    00004000   00000000    rw-
  00052000    00052000    00004000   00000000    rw- .TI.bound:flashBuf0
20000000    20000000    00000450   00000000    rw-
  20000000    20000000    00000450   00000000    rw- .bss.1
20000450    20000450    00000020   00000000    rw-
  20000450    20000450    00000010   00000000    rw- .TI.bound:dmaUart1RxControlTableEntry
  20000460    20000460    00000010   00000000    rw- .TI.bound:dmaUart1TxControlTableEntry
20000470    20000470    0000443f   00000000    rw-
  20000470    20000470    0000443f   00000000    rw- .bss.2
20004900    20004900    00000cae   00000000    rw-
  20004900    20004900    00000cae   00000000    rw- .data
20005600    20005600    000001fc   00000000    rw-
  20005600    20005600    000001fc   00000000    rw- .ramVecs
2003b000    2003b000    00005000   00000000    rw-
  2003b000    2003b000    00005000   00000000    rw- .stack
50000000    50000000    0000007c   0000007c    r--
  50000000    50000000    0000007c   0000007c    r-- .ccfg


SECTION ALLOCATION MAP

 output                                  attributes/
section   page    origin      length       input sections
--------  ----  ----------  ----------   ----------------
.resetVecs 
*          0    00000000    0000003c     
                  00000000    0000003c     ti_sysbios_config.o (.resetVecs)

.rodata    0    0001dbe0    00002299     
                  0001dbe0    0000094c     scif_neo_pixels.o (.rodata.pAuxRamImage)
                  0001e52c    00000628     rf_multiMode_cc13x4.a : rf_patch_cpe_multi_protocol.c.cc13x4.ticlang.o (.rodata.patchImageMultiProtocol)
                  0001eb54    0000000c     drivers_cc13x4.a : Random.c.obj (.rodata..L__const.Random_seedAutomatic.hwAttrs)
                  0001eb60    00000101     libc.a : aeabi_ctype.S.obj (.rodata:__aeabi_ctype_table_)
                  0001ec61    00000100     crc.o (.rodata.crc_table)
                  0001ed61    000000f8     mac_cfg.o (.rodata.macPibTbl)
                  0001ee59    0000008a     ti_sysbios_config.o (.rodata.ti_sysbios_family_arm_v8m_Hwi_Instance_init.err.1)
                  0001eee3    00000089     ti_sysbios_config.o (.rodata.ti_sysbios_runtime_Memory_alloc.err)
                  0001ef6c    00000088     mac_cfg.o (.rodata.macPibDefaults)
                  0001eff4    00000087     ti_sysbios_config.o (.rodata.ti_sysbios_family_arm_v8m_Hwi_Instance_init.err)
                  0001f07b    00000072     maclib_secure_cc13x4_tirtos7.a : hmac_global.c.o (.rodata.macAssociatingSt)
                  0001f0ed    00000072                                    : hmac_global.c.o (.rodata.macIdleSt)
                  0001f15f    00000072                                    : hmac_global.c.o (.rodata.macPollingSt)
                  0001f1d1    00000072                                    : hmac_global.c.o (.rodata.macScanningSt)
                  0001f243    00000001     ti_drivers_config.o (.rodata.Button_count)
                  0001f244    0000006c     mac_user_config.o (.rodata.macRfDriverTable)
                  0001f2b0    00000068     drivers_cc13x4.a : PowerCC26X2.c.obj (.rodata.resourceDB)
                  0001f318    00000058     mac_cfg.o (.rodata.macSecurityPibTbl)
                  0001f370    00000058     ti_drivers_config.o (.rodata.uart2CC26X2HWAttrs)
                  0001f3c8    00000050     mac_cfg.o (.rodata.macMRFSKStdPhyTable)
                  0001f418    00000044     cui.o (.rodata.str1.25500649905015235891)
                  0001f45c    00000044     cui.o (.rodata.str1.82802982239460582671)
                  0001f4a0    00000040     mac_user_config.o (.rodata.macCryptoDriverTable)
                  0001f4e0    00000040     maclib_secure_cc13x4_tirtos7.a : hmac_global.c.o (.rodata.macTimerRolloverValue)
                  0001f520    00000040     cui.o (.rodata.str1.18680694060528809401)
                  0001f560    00000038     maclib_secure_cc13x4_tirtos7.a : hmac_global.c.o (.rodata.macCmdIncludeFHIe)
                  0001f598    00000034     scif_neo_pixels.o (.rodata.scifNeoPixelsDriverSetup)
                  0001f5cc    00000034     ssf.o (.rodata.str1.175697533864018170101)
                  0001f600    00000030     ti_radio_config.o (.rodata.RF_cmdPropRxAdv_2gfsk200kbps154g)
                  0001f630    0000002e     ssf.o (.rodata.str1.111735626433975511941)
                  0001f65e    00000002     jdllc.o (.rodata.keyUsageList)
                  0001f660    00000028     drivers_cc13x4.a : NVSCC26XX.c.obj (.rodata.NVSCC26XX_fxnTable)
                  0001f688    00000028     ti_radio_config.o (.rodata.RF_cmdPropRadioDivSetup_2gfsk200kbps154g)
                  0001f6b0    00000028     maclib_secure_cc13x4_tirtos7.a : mac_radio.c.o (.rodata.activityObject)
                  0001f6d8    00000024     drivers_cc13x4.a : UART2.c.obj (.rodata.UART2_defaultParams)
                  0001f6fc    00000024     ti_sysbios_config.o (.rodata.ti_sysbios_knl_Task_Params_default)
                  0001f720    00000020     mac_user_config.o (.rodata..L__const.rfSelect.RfCfg)
                  0001f740    00000020     ti_drivers_config.o (.rodata.ButtonHWAttrs)
                  0001f760    00000020     ti_drivers_config.o (.rodata.Button_config)
                  0001f780    00000020     ti_radio_config.o (.rodata.RF_cmdPropTxAdv_2gfsk200kbps154g)
                  0001f7a0    00000020     rf_multiMode_cc13x4.a : RFCC26X2_multiMode.c.cc13x4.ticlang.o (.rodata.cst32)
                  0001f7c0    00000020     jdllc.o (.rodata.keyDeviceList)
                  0001f7e0    00000020     scif_neo_pixels.o (.rodata.pAuxIoIndexToMcuIocfgOffsetLut)
                  0001f800    0000001d     ti_sysbios_config.o (.rodata.str1.114093530142707899381)
                  0001f81d    00000003     cui.o (.rodata.str1.106516855938329041901)
                  0001f820    0000001c     sensor.o (.rodata..Lswitch.table.Sensor_sendMsg.3)
                  0001f83c    0000001c     drivers_cc13x4.a : GPTimerCC26XX.c.obj (.rodata.GPT_LUT)
                  0001f858    0000001c     ti_radio_config.o (.rodata.RF_cmdPropCs_2gfsk200kbps154g)
                  0001f874    0000001c     driverlib.lib : prcm.c.obj (.rodata.g_pui32DCGCRegs)
                  0001f890    0000001c                   : prcm.c.obj (.rodata.g_pui32RCGCRegs)
                  0001f8ac    0000001c                   : prcm.c.obj (.rodata.g_pui32SCGCRegs)
                  0001f8c8    0000001c     ti_sysbios_config.o (.rodata.str1.54136785629011067091)
                  0001f8e4    0000001c     ti_sysbios_config.o (.rodata.ti_sysbios_family_arm_v8m_cc26x4_Timer_Params_default)
                  0001f900    0000001c     ti_sysbios_config.o (.rodata.ti_sysbios_knl_Mailbox_Params_default)
                  0001f91c    00000018     drivers_cc13x4.a : PWM.c.obj (.rodata.PWM_defaultParams)
                  0001f934    00000018     ti_radio_config.o (.rodata.RF_cmdFs_2gfsk200kbps154g)
                  0001f94c    00000018     maclib_secure_cc13x4_tirtos7.a : hmac_global.c.o (.rodata.macSendMsgBufSize)
                  0001f964    00000018     ssf.o (.rodata.str1.137203934258720081351)
                  0001f97c    00000018     ssf.o (.rodata.str1.149332114862098306941)
                  0001f994    00000018     ssf.o (.rodata.str1.176989045256844588841)
                  0001f9ac    00000018     ssf.o (.rodata.str1.22671488472064998411)
                  0001f9c4    00000018     ssf.o (.rodata.str1.35936327599275636731)
                  0001f9dc    00000018     ssf.o (.rodata.str1.4386816021798390991)
                  0001f9f4    00000018     ssf.o (.rodata.str1.65249532876065086381)
                  0001fa0c    00000018     ssf.o (.rodata.str1.81870087663433000541)
                  0001fa24    00000018     ssf.o (.rodata.str1.94088337864751475791)
                  0001fa3c    00000018     ti_sysbios_config.o (.rodata.ti_sysbios_family_arm_v8m_Hwi_Params_default)
                  0001fa54    00000017     cui.o (.rodata.str1.182575247029164749851)
                  0001fa6b    00000017     cui.o (.rodata.str1.3354398299414093901)
                  0001fa82    00000015     cui.o (.rodata.str1.16209609899462507051)
                  0001fa97    00000015     ssf.o (.rodata.str1.164416510004473512441)
                  0001faac    00000014     drivers_cc13x4.a : Button.c.obj (.rodata.Button_defaultParams)
                  0001fac0    00000014     ti_drivers_config.o (.rodata.PowerCC26X2_config)
                  0001fad4    00000014     drivers_cc13x4.a : TRNG.c.obj (.rodata.TRNG_defaultParams)
                  0001fae8    00000013     macTask.o (.rodata.msacbackSizeTable)
                  0001fafb    00000013     cui.o (.rodata.str1.102282016975128293211)
                  0001fb0e    00000013     ssf.o (.rodata.str1.51231188198628516361)
                  0001fb21    00000013     ssf.o (.rodata.str1.52955529156005986921)
                  0001fb34    00000013     cui.o (.rodata.str1.77108971315039313481)
                  0001fb47    00000012     ssf.o (.rodata.str1.145927640768134078831)
                  0001fb59    00000012     cui.o (.rodata.str1.57965206473661515771)
                  0001fb6b    00000011     ti_sysbios_config.o (.rodata.str1.111528116657238352481)
                  0001fb7c    00000011     ssf.o (.rodata.str1.72459565756163880421)
                  0001fb8d    00000011     sensor.o (.rodata.str1.86399352463730447251)
                  0001fb9e    00000011     ssf.o (.rodata.validChannelMask)
                  0001fbaf    00000001     ti_drivers_config.o (.rodata.GPIO_pinLowerBound)
                  0001fbb0    00000010     drivers_cc13x4.a : AESCCM.c.obj (.rodata.AESCCM_defaultParams)
                  0001fbc0    00000010     ti_drivers_config.o (.rodata.GPIO_config)
                  0001fbd0    00000010     ti_drivers_config.o (.rodata.LED_config)
                  0001fbe0    00000010     maclib_secure_cc13x4_tirtos7.a : hmac_global.c.o (.rodata.macIEEEPhyTable)
                  0001fbf0    00000010     scif_neo_pixels.o (.rodata.pScifTaskDataStructInfoLut)
                  0001fc00    00000010     ti_drivers_config.o (.rodata.timerCC26XXHWAttrs)
                  0001fc10    0000000f     sensor.o (.rodata.str1.114908228018720310511)
                  0001fc1f    0000000f     ti_sysbios_config.o (.rodata.str1.123815885180704396101)
                  0001fc2e    0000000f     ssf.o (.rodata.str1.99041087063118600691)
                  0001fc3d    0000000e     maclib_secure_cc13x4_tirtos7.a : hmac_global.c.o (.rodata.macCmdBufSize)
                  0001fc4b    0000000e                                    : hmac_global.c.o (.rodata.macTxFrameFailed)
                  0001fc59    0000000e                                    : hmac_global.c.o (.rodata.macTxFrameSuccess)
                  0001fc67    0000000e     ssf.o (.rodata.str1.143131056285309342521)
                  0001fc75    00000003     cui.o (.rodata.str1.1727220237314762261)
                  0001fc78    0000000c     scif_framework.o (.rodata..Lswitch.table.scifUninitIo)
                  0001fc84    0000000c     ti_drivers_config.o (.rodata.GPTimerCC26XX_config)
                  0001fc90    0000000c     ti_drivers_config.o (.rodata.NVS_config)
                  0001fc9c    0000000c     ti_drivers_config.o (.rodata.RFCC26XX_hwAttrs)
                  0001fca8    0000000c     ti_sysbios_config.o (.rodata.defAttrs)
                  0001fcb4    0000000c     drivers_cc13x4.a : Timer.c.obj (.rodata.defaultParams)
                  0001fcc0    0000000c                      : TimerCC26XX.c.obj (.rodata.defaultParams)
                  0001fccc    0000000c     ti_drivers_config.o (.rodata.gptimerCC26XXHWAttrs)
                  0001fcd8    0000000c     maclib_secure_cc13x4_tirtos7.a : hmac_global.c.o (.rodata.macCbackEventTbl)
                  0001fce4    0000000c                                    : hmac_global.c.o (.rodata.macSendMsgDataSize)
                  0001fcf0    0000000c     ssf.o (.rodata.str1.109638716016064757341)
                  0001fcfc    0000000c     ssf.o (.rodata.str1.67243849773169265341)
                  0001fd08    0000000c     ti_sysbios_config.o (.rodata.ti_sysbios_knl_Semaphore_Params_default)
                  0001fd14    0000000b     ssf.o (.rodata.str1.93280015240259553851)
                  0001fd1f    0000000a     drivers_cc13x4.a : Button.c.obj (.rodata..Lswitch.table.Button_gpioCallbackFxn)
                  0001fd29    00000003     cui.o (.rodata.str1.17643001253678926731)
                  0001fd2c    0000000a     jdllc.o (.rodata.keyIdLookupList)
                  0001fd36    0000000a     sensor.o (.rodata.str1.8984902958309274291)
                  0001fd40    00000009     maclib_secure_cc13x4_tirtos7.a : hmac_global.c.o (.rodata.macCmdLen)
                  0001fd49    00000009     ssf.o (.rodata.str1.157122460158101493541)
                  0001fd52    00000009     ssf.o (.rodata.str1.18114424290860011881)
                  0001fd5b    00000009     ssf.o (.rodata.str1.24765741288239325951)
                  0001fd64    00000009     ssf.o (.rodata.str1.39883029910703621341)
                  0001fd6d    00000002     drivers_cc13x4.a : UART2CC26X2.c.obj (.rodata.stopBits)
                  0001fd6f    00000001     ti_drivers_config.o (.rodata.GPIO_pinUpperBound)
                  0001fd70    00000008     rf_multiMode_cc13x4.a : RFCC26X2_multiMode.c.cc13x4.ticlang.o (.rodata..L__const.RF_hwiCpe0Active.activeCmd)
                  0001fd78    00000008     ti_drivers_config.o (.rodata.AESCCM_config)
                  0001fd80    00000008     jdllc.o (.rodata.Jdllc_keySource)
                  0001fd88    00000008     drivers_cc13x4.a : LED.c.obj (.rodata.LED_defaultParams)
                  0001fd90    00000008     ti_drivers_config.o (.rodata.Timer_config)
                  0001fd98    00000008     ti_drivers_config.o (.rodata.UART2_config)
                  0001fda0    00000008     ti_drivers_config.o (.rodata.UDMACC26XX_config)
                  0001fda8    00000008     driverlib.lib : aux_sysif.c.obj (.rodata.cst4)
                  0001fdb0    00000008     maclib_secure_cc13x4_tirtos7.a : mac_rx.c.o (.rodata.cst4)
                  0001fdb8    00000008     drivers_cc13x4.a : GPTimerCC26XX.c.obj (.rodata.cst8)
                  0001fdc0    00000008     main.o (.rodata.cst8)
                  0001fdc8    00000008     maclib_secure_cc13x4_tirtos7.a : hmac_global.c.o (.rodata.macAuthTagLen)
                  0001fdd0    00000008     ti_drivers_config.o (.rodata.nvsCC26XXHWAttrs)
                  0001fdd8    00000008     ssf.o (.rodata.str1.25750957905500915411)
                  0001fde0    00000008     ssf.o (.rodata.str1.62713664212336136821)
                  0001fde8    00000008     ti_sysbios_config.o (.rodata.ti_sysbios_knl_Idle_funcList)
                  0001fdf0    00000008     ti_drivers_config.o (.rodata.udmaCC26XXHWAttrs)
                  0001fdf8    00000007     ssf.o (.rodata.str1.112775746780578959251)
                  0001fdff    00000007     ti_sysbios_config.o (.rodata.str1.174580395633770214331)
                  0001fe06    00000007     ssf.o (.rodata.str1.178643345727570655661)
                  0001fe0d    00000007     ssf.o (.rodata.str1.91798637038816203781)
                  0001fe14    00000006     cui.o (.rodata..L.str.8)
                  0001fe1a    00000005     drivers_cc13x4.a : UART2CC26X2.c.obj (.rodata.parityType)
                  0001fe1f    00000005                      : UART2CC26X2.c.obj (.rodata.rxFifoThreshold)
                  0001fe24    00000005     jdllc.o (.rodata.securityLevelEntry)
                  0001fe29    00000005     cui.o (.rodata.str1.171172772721783292271)
                  0001fe2e    00000005     drivers_cc13x4.a : UART2CC26X2.c.obj (.rodata.txFifoThreshold)
                  0001fe33    00000004     ti_drivers_config.o (.rodata.LEDHWAttrs)
                  0001fe37    00000001     ti_drivers_config.o (.rodata.LED_count)
                  0001fe38    00000004     drivers_cc13x4.a : NVS.c.obj (.rodata.NVS_defaultParams)
                  0001fe3c    00000004     ti_sysbios_config.o (.rodata.TimestampP_nativeFormat32)
                  0001fe40    00000004     ti_sysbios_config.o (.rodata.TimestampP_nativeFormat64)
                  0001fe44    00000004     cui.o (.rodata.cst4)
                  0001fe48    00000004     drivers_cc13x4.a : UART2CC26X2.c.obj (.rodata.cst4)
                  0001fe4c    00000004     maclib_secure_cc13x4_tirtos7.a : hmac_global.c.o (.rodata.macKeySourceLen)
                  0001fe50    00000004     cui.o (.rodata.str1.1962397095404626351)
                  0001fe54    00000004     cui.o (.rodata.str1.30335467574677175321)
                  0001fe58    00000004     cui.o (.rodata.str1.62677890245300467701)
                  0001fe5c    00000004     cui.o (.rodata.str1.90401143020905717261)
                  0001fe60    00000004     cui.o (.rodata.str1.95615992137081022121)
                  0001fe64    00000004     ti_sysbios_config.o (.rodata.ti_sysbios_family_arm_v8m_Hwi_disablePriority)
                  0001fe68    00000004     ti_sysbios_config.o (.rodata.ti_sysbios_family_arm_v8m_Hwi_swiTaskKeyAddress)
                  0001fe6c    00000004     ti_sysbios_config.o (.rodata.ti_sysbios_knl_Clock_tickPeriod)
                  0001fe70    00000002     ssf.o (.rodata.str1.119839857566329871091)
                  0001fe72    00000002     ti_sysbios_config.o (.rodata.str1.71102027280925491351)
                  0001fe74    00000001     ti_drivers_config.o (.rodata.NVS_count)
                  0001fe75    00000001     ti_drivers_config.o (.rodata.Timer_count)
                  0001fe76    00000001     ti_drivers_config.o (.rodata.UART2_count)
                  0001fe77    00000001     ti_drivers_config.o (.rodata.aesccmCC26X4HWAttrs)
                  0001fe78    00000001     ssf.o (.rodata.str1.150428808045399419361)

.cinit     0    0001fe84    000003dc     
                  0001fe84    00000378     (.cinit..data.load) [load image, compression = lzss]
                  000201fc    0000000c     (__TI_handler_table)
                  00020208    00000008     (.cinit..TI.bound:dmaUart1RxControlTableEntry.load) [load image, compression = zero_init]
                  00020210    00000008     (.cinit..TI.bound:dmaUart1TxControlTableEntry.load) [load image, compression = zero_init]
                  00020218    00000008     (.cinit..bss.1.load) [load image, compression = zero_init]
                  00020220    00000008     (.cinit..bss.2.load) [load image, compression = zero_init]
                  00020228    00000008     (.cinit..ramVecs.load) [load image, compression = zero_init]
                  00020230    00000030     (__TI_cinit_table)

.init_array 
*          0    00000000    00000000     UNINITIALIZED

.TI.bound:flashBuf0 
*          0    00052000    00004000     UNINITIALIZED
                  00052000    00004000     ti_drivers_config.o (.TI.bound:flashBuf0)

.data      0    20004900    00000cae     UNINITIALIZED
                  20004900    00000178     drivers_cc13x4.a : PowerCC26X2.c.obj (.data.PowerCC26X2_module)
                  20004a78    000000c0     ti_drivers_config.o (.data.gpioPinConfigs)
                  20004b38    000000af     ti_radio_config.o (.data.txPowerTable_868_pa13)
                  20004be7    00000001     api_mac.o (.data.ApiMac_gpOffsetToms)
                  20004be8    000000a0     mac_cfg.o (.data.macMRFSKGenPhyTable)
                  20004c88    0000006c     maclib_secure_cc13x4_tirtos7.a : hmac_global.c.o (.data.fhObject)
                  20004cf4    00000068     rf_multiMode_cc13x4.a : RFCC26X2_multiMode.c.cc13x4.ticlang.o (.data..L_MergedGlobals.1)
                  20004d5c    00000068     ti_sysbios_config.o (.data.ti_sysbios_knl_Clock_Module_state)
                  20004dc4    00000064     rf_multiMode_cc13x4.a : RFCC26X2_multiMode.c.cc13x4.ticlang.o (.data..L_MergedGlobals.3)
                  20004e28    0000005c     main.o (.data.Main_user1Cfg)
                  20004e84    00000058     rf_multiMode_cc13x4.a : RFCC26X2_multiMode.c.cc13x4.ticlang.o (.data..L_MergedGlobals.2)
                  20004edc    00000048     sensor.o (.data.Sensor_macCallbacks)
                  20004f24    00000048     jdllc.o (.data.macCallbacksCopy)
                  20004f6c    00000040     ssf.o (.data.configureSubMenu)
                  20004fac    00000040     ssf.o (.data.ssfMainMenu)
                  20004fec    0000003c     ti_sysbios_config.o (.data.ti_sysbios_family_arm_v8m_Hwi_Module_state)
                  20005028    0000003c     ti_sysbios_config.o (.data.ti_sysbios_knl_Task_Module_state)
                  20005064    00000038     drivers_cc13x4.a : TRNGCC26XX.c.obj (.data..L_MergedGlobals.1)
                  2000509c    00000034     ssf.o (.data.commissionSubMenu)
                  200050d0    00000034     maclib_secure_cc13x4_tirtos7.a : hmac_global.c.o (.data.macBeaconPayload)
                  20005104    00000004                                    : mac_hl_patch.c.o (.data..L_MergedGlobals)
                  20005108    00000030     drivers_cc13x4.a : TRNGCC26XX.c.obj (.data..L_MergedGlobals)
                  20005138    00000030     sensor.o (.data.Sensor_msgStats)
                  20005168    0000002c     ti_sysbios_config.o (.data.BIOS_Module_state)
                  20005194    0000002c     jdllc.o (.data.keyTable)
                  200051c0    0000002c     ti_radio_config.o (.data.pOverrides_2gfsk200kbps154g)
                  200051ec    00000028     ssf.o (.data.appSubMenu)
                  20005214    00000028     ti_sysbios_config.o (.data.ti_sysbios_knl_Swi_Module_state)
                  2000523c    00000024     jdllc.o (.data.devInfoBlock)
                  20005260    00000024     maclib_secure_cc13x4_tirtos7.a : hmac_global.c.o (.data.macActionSet)
                  20005284    00000004     cui.o (.data.CUI_clientOpen.numClients)
                  20005288    00000020     maclib_secure_cc13x4_tirtos7.a : mac.c.o (.data..L_MergedGlobals)
                  200052a8    00000020     mac_cfg.o (.data.macBeaconMargin)
                  200052c8    00000018     maclib_secure_cc13x4_tirtos7.a : mac_duty_cycle.c.o (.data..L_MergedGlobals)
                  200052e0    00000015                                    : mac_rx.c.o (.data..L_MergedGlobals)
                  200052f5    00000015     cui.o (.data.gpMultiMenuTitle)
                  2000530a    00000002     maclib_secure_cc13x4_tirtos7.a : mac_autopend.c.o (.data..L_MergedGlobals)
                  2000530c    00000014     ti_sysbios_config.o (.data.defaultPthreadAttrs)
                  20005320    00000014     maclib_secure_cc13x4_tirtos7.a : hmac_global.c.o (.data.macStateTbl)
                  20005334    00000014     main.o (.data.macUser0Cfg)
                  20005348    00000011     jdllc.o (.data.defaultChannelMask)
                  20005359    00000003     maclib_secure_cc13x4_tirtos7.a : mac_tx.c.o (.data..L_MergedGlobals.1)
                  2000535c    00000010     driverlib.lib : osc.c.obj (.data..L_MergedGlobals)
                  2000536c    00000010     mac_settings.o (.data.RF_cmdNop)
                  2000537c    00000010     mac_settings.o (.data.RF_cmdNopFg)
                  2000538c    00000010     ti_radio_config.o (.data.RF_prop_2gfsk200kbps154g)
                  2000539c    00000010     driverlib.lib : osc.c.obj (.data._hposcCoeffs)
                  200053ac    00000010     sensor.o (.data.jdllcCallbacks)
                  200053bc    00000010     mac_cfg.o (.data.macCfg)
                  200053cc    0000000e     sensor.o (.data.parentInfo)
                  200053da    00000002     jdllc.o (.data.Jdllc_events)
                  200053dc    0000000c     maclib_osal_tirtos7_cc13x4_26x4.a : osal_port.c.o (.data..L_MergedGlobals.1)
                  200053e8    0000000c     maclib_secure_cc13x4_tirtos7.a : mac.c.o (.data..L_MergedGlobals.1)
                  200053f4    0000000c     drivers_cc13x4.a : NVSCC26XX.c.obj (.data..L_MergedGlobals)
                  20005400    0000000c     maclib_osal_tirtos7_cc13x4_26x4.a : osal_port.c.o (.data..L_MergedGlobals)
                  2000540c    0000000c     ti_sysbios_config.o (.data.ti_sysbios_family_arm_v8m_cc26x4_Timer_Module_state)
                  20005418    0000000c     ti_sysbios_config.o (.data.ti_sysbios_runtime_Error_ignore)
                  20005424    0000000c     ti_sysbios_config.o (.data.ti_sysbios_runtime_System_Module_state)
                  20005430    0000000a     sensor.o (.data.collectorAddr)
                  2000543a    0000000a     main.o (.data.collectorAddr_app)
                  20005444    00000008     maclib_osal_tirtos7_cc13x4_26x4.a : osal_port_timers.c.o (.data..L_MergedGlobals.1)
                  2000544c    00000008     maclib_secure_cc13x4_tirtos7.a : mac_radio.c.o (.data..L_MergedGlobals.1)
                  20005454    00000008     maclib_osal_tirtos7_cc13x4_26x4.a : osal_port_timers.c.o (.data..L_MergedGlobals)
                  2000545c    00000008     maclib_secure_cc13x4_tirtos7.a : mac_radio.c.o (.data..L_MergedGlobals)
                  20005464    00000008                                    : mac_radio_tx.c.o (.data..L_MergedGlobals)
                  2000546c    00000008                                    : mac_tx.c.o (.data..L_MergedGlobals)
                  20005474    00000008     rf_multiMode_cc13x4.a : RFCC26X2_multiMode.c.cc13x4.ticlang.o (.data..L_MergedGlobals)
                  2000547c    00000008                           : RFCC26X2_multiMode.c.cc13x4.ticlang.o (.data.RFCC26XX_schedulerPolicy)
                  20005484    00000008     ti_sysbios_config.o (.data.ti_sysbios_gates_GateMutexPri_Module_state)
                  2000548c    00000008     ti_sysbios_config.o (.data.ti_sysbios_heaps_HeapCallback_Module_state)
                  20005494    00000008     ti_sysbios_config.o (.data.ti_sysbios_knl_Mailbox_Module_state)
                  2000549c    00000008     ti_sysbios_config.o (.data.ti_sysbios_knl_Semaphore_Module_state)
                  200054a4    00000004     drivers_cc13x4.a : PowerCC26X2.c.obj (.data.PowerCC26X2_rtcSubSecInc)
                  200054a8    00000004     rf_multiMode_cc13x4.a : RFCC26X2_multiMode.c.cc13x4.ticlang.o (.data.RF_fsmActiveState.lfClockSourceLast)
                  200054ac    00000004     libc.a : aeabi_portable.c.obj (.data.__aeabi_errno)
                  200054b0    00000004            : _lock.c.obj (.data._lock)
                  200054b4    00000004            : _lock.c.obj (.data._unlock)
                  200054b8    00000004     api_mac.o (.data.appEvents)
                  200054bc    00000004     control_task.o (.data.control_task_InfoToHub_handle)
                  200054c0    00000004     control_task.o (.data.control_task_NotiInfo_handle)
                  200054c4    00000004     control_task.o (.data.control_task_ledConfirm_handle)
                  200054c8    00000004     cui.o (.data.cuiMultiMenu)
                  200054cc    00000004     control_task.o (.data.devInfoConfirmationTimer)
                  200054d0    00000004     sensor.o (.data.endToEndDelay)
                  200054d4    00000004     cui.o (.data.gCurrMenuItemEntry)
                  200054d8    00000004     cui.o (.data.gPrevMenuItemEntry)
                  200054dc    00000004     cui.o (.data.gTxLen)
                  200054e0    00000004     cui.o (.data.gTxSent)
                  200054e4    00000004     cui.o (.data.gUartHandle)
                  200054e8    00000004     jdllc.o (.data.interimDelayTicks)
                  200054ec    00000004     sensor.o (.data.joinTimeTicks)
                  200054f0    00000004     ssf.o (.data.lastSavedFrameCounter)
                  200054f4    00000004     maclib_secure_cc13x4_tirtos7.a : hmac_global.c.o (.data.macDataBeaconRequeue)
                  200054f8    00000004                                    : hmac_global.c.o (.data.macDataCheckSched)
                  200054fc    00000004                                    : hmac_global.c.o (.data.macDataCheckTxTime)
                  20005500    00000004                                    : hmac_global.c.o (.data.macDataRequeueIndirect)
                  20005504    00000004                                    : hmac_global.c.o (.data.macDataRxBeaconCritical)
                  20005508    00000004                                    : hmac_global.c.o (.data.macDataSetSched)
                  2000550c    00000004                                    : hmac_global.c.o (.data.macDataTxBeaconComplete)
                  20005510    00000004                                    : hmac_global.c.o (.data.macDataTxIndirect)
                  20005514    00000004     macTask.o (.data.macEvents)
                  20005518    00000004     maclib_secure_cc13x4_tirtos7.a : mac_symbol_timer.c.o (.data.macSymbolWakeupClock)
                  2000551c    00000004     macTask.o (.data.macTaskEvents)
                  20005520    00000004     maclib_secure_cc13x4_tirtos7.a : hmac_global.c.o (.data.macTimerNewRollover)
                  20005524    00000004                                    : hmac_global.c.o (.data.macTimerRollover)
                  20005528    00000004                                    : mac.c.o (.data.minTxOffTime)
                  2000552c    00000004     scif_framework.o (.data.osalIndicateCtrlReadyCallback)
                  20005530    00000004     scif_framework.o (.data.osalIndicateTaskAlertCallback)
                  20005534    00000004     jdllc.o (.data.pJdllcCallbacksCopy)
                  20005538    00000004     api_mac.o (.data.pMacCallbacks)
                  2000553c    00000004     macTask.o (.data.pMacCbackCheckPending)
                  20005540    00000004     macTask.o (.data.pMacCbackQueryRetransmit)
                  20005544    00000004     maclib_secure_cc13x4_tirtos7.a : hmac_global.c.o (.data.pMacDataTx)
                  20005548    00000004                                    : mac_radio_tx.c.o (.data.pMacEnhancedAck)
                  2000554c    00000004     ssf.o (.data.pNV)
                  20005550    00000004     maclib_secure_cc13x4_tirtos7.a : mac_mcu.c.o (.data.pRandomSeedCB)
                  20005554    00000004     sensor.o (.data.startSensorMsgTimeStamp)
                  20005558    00000004     sensor.o (.data.tempSensor)
                  2000555c    00000004     ti_sysbios_config.o (.data.terminatedList)
                  20005560    00000004     ti_sysbios_config.o (.data.ti_sysbios_runtime_Memory_defaultHeapInstance)
                  20005564    00000004     sensor.o (.data.totalE2EDelaySum)
                  20005568    00000002     NeoPixel.o (.data.NeoPixelNumberOfLeds)
                  2000556a    00000002     sensor.o (.data.Sensor_events)
                  2000556c    00000002     ssf.o (.data.Ssf_resetCount)
                  2000556e    00000002     maclib_secure_cc13x4_tirtos7.a : mac_hl_patch.c.o (.data.assoc_resp_no_ack_cnt)
                  20005570    00000002     ssf.o (.data.events)
                  20005572    00000002     sensor.o (.data.lastRcvdBroadcastMsgId)
                  20005574    00000002     control_task.o (.data.personal_addr)
                  20005576    00000002     ssf.o (.data.setChMaskAction.cursor.0)
                  20005578    00000002     ssf.o (.data.setNwkKeyAction.cursor.0)
                  2000557a    00000002     ssf.o (.data.setPanIdAction.cursor.0)
                  2000557c    00000002     mac_cfg.o (.data.symbol_rate_custom)
                  2000557e    00000001     api_mac.o (.data.ApiMac_mtDataReqTxOptionGp)
                  2000557f    00000001     cui.o (.data.CUI_statusLinePrintf.refreshCharIdx)
                  20005580    00000001     jdllc.o (.data.Jdllc_getJoiningPanId.panIdInitialized)
                  20005581    00000001     main.o (.data.Main_assertReason)
                  20005582    00000001     nvocmp.o (.data.NVOCMP_failF)
                  20005583    00000001     NeoPixel.o (.data.NeoPixelBrightness)
                  20005584    00000001     ssf.o (.data.Ssf_resetReseason)
                  20005585    00000001     maclib_secure_cc13x4_tirtos7.a : lmac_global.c.o (.data.bInSwi)
                  20005586    00000001     rf_multiMode_cc13x4.a : rf_patch_cpe_multi_protocol.c.cc13x4.ticlang.o (.data.bMultiProtocolPatchEntered)
                  20005587    00000001     macTask.o (.data.checkPending)
                  20005588    00000001     maclib_secure_cc13x4_tirtos7.a : hmac_global.c.o (.data.csmPhy)
                  20005589    00000001                                    : mac.c.o (.data.customMinTxOffEnabled)
                  2000558a    00000001                                    : mac_duty_cycle.c.o (.data.dcEnabled)
                  2000558b    00000001     control_task.o (.data.devInfoConfirmationFlag)
                  2000558c    00000001     control_task.o (.data.devInfoConfirmationMail)
                  2000558d    00000001     sensor.o (.data.deviceTxMsduHandle)
                  2000558e    00000001     cui.o (.data.gModuleInitialized)
                  2000558f    00000001     jdllc.o (.data.initBroadcastMsg)
                  20005590    00000001     drivers_cc13x4.a : GPIOCC26X4.c.obj (.data.initCalled)
                  20005591    00000001                      : AESCCMCC26X4.c.obj (.data.isInitialized)
                  20005592    00000001                      : CryptoResourceCC26XX.c.obj (.data.isInitialized)
                  20005593    00000001                      : NVS.c.obj (.data.isInitialized)
                  20005594    00000001                      : PWM.c.obj (.data.isInitialized)
                  20005595    00000001     ssf.o (.data.led1State)
                  20005596    00000001     maclib_secure_cc13x4_tirtos7.a : lmac_global.c.o (.data.macRadioYielded)
                  20005597    00000001                                    : lmac_global.c.o (.data.macSrcMatchIsEnabled)
                  20005598    00000001                                    : mac_autopend.c.o (.data.macSrcMatchManualAddressTracking)
                  20005599    00000001                                    : mac.c.o (.data.macTxCmdActive)
                  2000559a    00000001                                    : lmac_global.c.o (.data.macTxSlottedDelay)
                  2000559b    00000001                                    : mac_tx.c.o (.data.macTxSlottedDelayFactor)
                  2000559c    00000001                                    : mac_tx.c.o (.data.npdb)
                  2000559d    00000001     jdllc.o (.data.numSyncLoss)
                  2000559e    00000001     maclib_secure_cc13x4_tirtos7.a : mac_tx.c.o (.data.numTx)
                  2000559f    00000001     sensor.o (.data.orphanestate)
                  200055a0    00000001     scif_framework.o (.data.osalCtrlTaskNblLocked)
                  200055a1    00000001     scif_framework.o (.data.osalInitDone)
                  200055a2    00000001     jdllc.o (.data.panIdMatch)
                  200055a3    00000001     jdllc.o (.data.parentFound)
                  200055a4    00000001     macTask.o (.data.queryRetransmit)
                  200055a5    00000001     sensor.o (.data.rejoining)
                  200055a6    00000001     maclib_secure_cc13x4_tirtos7.a : mac.c.o (.data.reqAccessAlloc)
                  200055a7    00000001     ssf.o (.data.setChMaskAction.initChanMask)
                  200055a8    00000001     ssf.o (.data.setNwkKeyAction.initChanMask)
                  200055a9    00000001     ssf.o (.data.setPanIdAction.initPanId)
                  200055aa    00000001     ssf.o (.data.started)
                  200055ab    00000001     api_mac.o (.data.subAttributeReadId)
                  200055ac    00000001     ti_sysbios_config.o (.data.ti_sysbios_knl_Idle_initDone)
                  200055ad    00000001     ti_sysbios_config.o (.data.ti_sysbios_runtime_Startup_done)

.ramVecs   0    20005600    000001fc     UNINITIALIZED
                  20005600    000000fc     driverlib.lib : interrupt.c.obj (.ramVecs)
                  200056fc    00000004     --HOLE--
                  20005700    000000fc     ti_sysbios_config.o (.ramVecs)

.sysmem    0    200057fc    00000000     UNINITIALIZED

.nonretenvar 
*          0    200057fc    00000000     UNINITIALIZED

.stack     0    2003b000    00005000     UNINITIALIZED
                  2003b000    00000004     sysbios.a : boot_cortex_m.c.obj (.stack)
                  2003b004    00004ffc     --HOLE--

.ccfg      0    50000000    0000007c     
                  50000000    0000007c     ti_devices_config.o (.ccfg)

.text      0    0000003c    0001db9e     
                  0000003c    00000744     maclib_secure_cc13x4_tirtos7.a : mac_rx.c.o (.text.macRxFrameIsr)
                  00000780    000006d2     nvocmp.o (.text.NVOCMP_compactPage)
                  00000e52    00000002     ti_sysbios_config.o (.text.BIOS_nullFunc)
                  00000e54    00000664     api_mac.o (.text.ApiMac_processIncoming)
                  000014b8    00000594     maclib_secure_cc13x4_tirtos7.a : mac_radio_tx.c.o (.text.macRadioTxGo)
                  00001a4c    0000054e     cui.o (.text.CUI_processMenuUpdate)
                  00001f9a    00000002     ti_drivers_config.o (.text.Board_initHook)
                  00001f9c    00000480     rf_multiMode_cc13x4.a : RFCC26X2_multiMode.c.cc13x4.ticlang.o (.text.RF_fsmActiveState)
                  0000241c    00000468     nvocmp.o (.text.NVOCMP_initNvApi)
                  00002884    00000438     jdllc.o (.text.Jdllc_process)
                  00002cbc    000003d4     ti_sysbios_config.o (.text.ti_sysbios_runtime_System_doPrint)
                  00003090    00000358     maclib_secure_cc13x4_tirtos7.a : mac_rx.c.o (.text.rxPayloadIsr)
                  000033e8    0000032c     nvocmp.o (.text.NVOCMP_addItem)
                  00003714    0000032a     ssf.o (.text.setChMaskAction)
                  00003a3e    00000002     drivers_cc13x4.a : LED.c.obj (.text.LED_init)
                  00003a40    0000031c     maclib_secure_cc13x4_tirtos7.a : mac_hl_patch.c.o (.text.macWrapperAddDevice)
                  00003d5c    00000314     sensor.o (.text.Sensor_process)
                  00004070    000002f4     maclib_secure_cc13x4_tirtos7.a : mac.c.o (.text.macRxCb)
                  00004364    000002ec                                    : mac_mgmt.c.o (.text.macBuildHeader)
                  00004650    000002e8                                    : mac_radio_tx.c.o (.text.macRadioCsmaTxCb)
                  00004938    000002d4     cui.o (.text.CUI_dispMenu)
                  00004c0c    000002c6     macTask.o (.text.macTaskFxn)
                  00004ed2    00000002     rf_multiMode_cc13x4.a : rfc.c.cc13x4.ticlang.o (.text.NOROM_RFCCpePatchReset)
                  00004ed4    000002b6     ssf.o (.text.setNwkKeyAction)
                  0000518a    00000002     NeoPixel.o (.text.NeoPixel_Callback)
                  0000518c    0000029e     control_task.o (.text.controlTask_)
                  0000542a    00000002     rf_multiMode_cc13x4.a : RFCC26X2_multiMode.c.cc13x4.ticlang.o (.text.RF_defaultCallback)
                  0000542c    00000268     maclib_secure_cc13x4_tirtos7.a : mac_radio.c.o (.text.macRadioInitSubG)
                  00005694    0000024c     rf_multiMode_cc13x4.a : RFCC26X2_multiMode.c.cc13x4.ticlang.o (.text.RF_open)
                  000058e0    0000024c     ti_sysbios_config.o (.text.ti_sysbios_runtime_Startup_exec)
                  00005b2c    00000240     nvocmp.o (.text.NVOCMP_findItem)
                  00005d6c    0000022e     mac_settings.o (.text.rfSetConfigSubG)
                  00005f9a    00000002     ssf.o (.text.Ssf_sensorReadingUpdate)
                  00005f9c    00000228     maclib_secure_cc13x4_tirtos7.a : mac_security_pib.c.o (.text.MAC_MlmeSetSecurityReq)
                  000061c4    00000222     ti_sysbios_config.o (.text.ti_sysbios_family_arm_v8m_Hwi_Instance_init)
                  000063e6    00000002     ssf.o (.text.Ssf_trackingUpdate)
                  000063e8    00000220     cui.o (.text.CUI_registerMenu)
                  00006608    0000021c     maclib_secure_cc13x4_tirtos7.a : mac_radio_tx.c.o (.text.macRadioTxRequestTxAck)
                  00006824    00000210                                    : mac.c.o (.text.macSendReceiveCmdSubG)
                  00006a34    0000020e     ssf.o (.text.setPanIdAction)
                  00006c42    00000002     drivers_cc13x4.a : UART2CC26X2.c.obj (.text.UART2CC26X2_eventCallback)
                  00006c44    000001fc                      : AESCCMCC26X4.c.obj (.text.AESCCM_addAADInternal)
                  00006e40    000001fc     cui.o (.text.CUI_statusLinePrintf)
                  0000703c    000001f0     cui.o (.text.CUI_init)
                  0000722c    000001f0     drivers_cc13x4.a : UART2CC26X2.c.obj (.text.UART2CC26X2_hwiIntFxn)
                  0000741c    000001ec     maclib_secure_cc13x4_tirtos7.a : mac_hl_patch.c.o (.text.macTxCompleteCallback)
                  00007608    000001e8     rf_multiMode_cc13x4.a : RFCC26X2_multiMode.c.cc13x4.ticlang.o (.text.RF_scheduleCmd)
                  000077f0    000001dc                           : RFCC26X2_multiMode.c.cc13x4.ticlang.o (.text.RF_dispatchNextCmd)
                  000079cc    000001d8     nvocmp.o (.text.NVOCMP_erase)
                  00007ba4    000001d8     maclib_secure_cc13x4_tirtos7.a : mac_security_pib.c.o (.text.macSecurityPibReset)
                  00007d7c    000001d4     drivers_cc13x4.a : UART2.c.obj (.text.UART2_readTimeout)
                  00007f50    000001d0     maclib_secure_cc13x4_tirtos7.a : mac.c.o (.text.macSendReceiveCmdIeee)
                  00008120    000001d0     ti_sysbios_config.o (.text.ti_sysbios_knl_Clock_workFuncDynamic)
                  000082f0    000001c2     jdllc.o (.text.assocCnfCb)
                  000084b2    00000002     libclang_rt.builtins.a : aeabi_div0.c.obj (.text.__aeabi_ldiv0)
                  000084b4    000001bc     maclib_secure_cc13x4_tirtos7.a : mac_pib.c.o (.text.MAC_MlmeSetReq)
                  00008670    000001b6     ti_sysbios_config.o (.text.pthread_create)
                  00008826    00000002     libc.a : _lock.c.obj (.text._nop)
                  00008828    000001ac     maclib_secure_cc13x4_tirtos7.a : mac_tx.c.o (.text.macTxFrame)
                  000089d4    0000019c     ti_sysbios_config.o (.text.ti_sysbios_family_arm_v8m_cc26x4_Timer_construct)
                  00008b70    0000019a     jdllc.o (.text.pollCnfCb)
                  00008d0a    00000002     drivers_cc13x4.a : PowerCC26X2.c.obj (.text.emptyClockFunc)
                  00008d0c    00000194     cui.o (.text.CUI_statusLineResourceRequest)
                  00008ea0    00000194     drivers_cc13x4.a : PowerCC26X2_calibrateRCOSC.c.obj (.text.PowerCC26X2_auxISR)
                  00009034    00000194     maclib_secure_cc13x4_tirtos7.a : mac_hl_patch.c.o (.text.macWrapperAddKeyInitFCtr)
                  000091c8    00000188                                    : mac_security_pib.c.o (.text.MAC_MlmeGetSecurityReq)
                  00009350    00000184     drivers_cc13x4.a : UART2CC26X2.c.obj (.text.UART2_open)
                  000094d4    00000184     maclib_secure_cc13x4_tirtos7.a : mac_hl_patch.c.o (.text.macIncomingFrameSecurityMaterialRetrieval)
                  00009658    00000174     drivers_cc13x4.a : UART2.c.obj (.text.UART2_writeTimeoutBlocking)
                  000097cc    00000168     maclib_secure_cc13x4_tirtos7.a : mac_mgmt.c.o (.text.macBuildCommonReq)
                  00009934    00000160                                    : mac_hl_patch.c.o (.text.MAC_McpsDataReq)
                  00009a94    00000160                                    : mac_scan.c.o (.text.macApiScanReq)
                  00009bf4    00000160                                    : mac_tx.c.o (.text.txCsmaDelay)
                  00009d54    0000015a     sensor.o (.text.dataCnfCB)
                  00009eae    00000158     ssf.o (.text.Ssf_init)
                  0000a006    00000002     drivers_cc13x4.a : CryptoResourceCC26XX.c.obj (.text.errorSpin)
                  0000a008    00000154     sensor.o (.text.dataIndCB)
                  0000a15c    00000152     jdllc.o (.text.dataCnfCb)
                  0000a2ae    00000002     maclib_secure_cc13x4_tirtos7.a : mac_pwr.c.o (.text.macApiPwrOnReq)
                  0000a2b0    0000014c     rf_multiMode_cc13x4.a : RFCC26X2_multiMode.c.cc13x4.ticlang.o (.text.RF_radioOpDoneCb)
                  0000a3fc    00000148     drivers_cc13x4.a : PowerCC26X2.c.obj (.text.Power_sleep)
                  0000a544    00000148     maclib_secure_cc13x4_tirtos7.a : mac_data.c.o (.text.macDataTxSend)
                  0000a68c    00000146     macTask.o (.text.MAC_CbackEvent)
                  0000a7d2    00000002     maclib_secure_cc13x4_tirtos7.a : mac_mcu.c.o (.text.macMcuBitReverse)
                  0000a7d4    00000146     btn.o (.text.btn_process)
                  0000a91a    00000144     rf_multiMode_cc13x4.a : RFCC26X2_multiMode.c.cc13x4.ticlang.o (.text.RF_updatePaConfiguration)
                  0000aa5e    00000002     maclib_secure_cc13x4_tirtos7.a : mac_mgmt.c.o (.text.macNoAction)
                  0000aa60    00000144                                    : mac_hl_patch.c.o (.text.macIncomingFrameSecurity)
                  0000aba4    00000140     nvocmp.o (.text.NVOCMP_eraseNvApi)
                  0000ace4    00000140     maclib_secure_cc13x4_tirtos7.a : mac_radio_tx.c.o (.text.macRadioLbtTxCb)
                  0000ae24    0000013c     rf_multiMode_cc13x4.a : RFCC26X2_multiMode.c.cc13x4.ticlang.o (.text.RF_abortCmd)
                  0000af60    0000013c     scif_framework.o (.text.scifInit)
                  0000b09c    00000138     libc.a : strtol.c.obj (.text.strtol)
                  0000b1d4    00000134     rf_multiMode_cc13x4.a : RFCC26X2_multiMode.c.cc13x4.ticlang.o (.text.RF_ratSetupChannel)
                  0000b308    00000134     maclib_secure_cc13x4_tirtos7.a : mac_mgmt.c.o (.text.macSetDefaultsByPhyID)
                  0000b43c    00000130     drivers_cc13x4.a : AESCCMCC26X4.c.obj (.text.AESCCM_addDataInternal)
                  0000b56c    00000130     sensor.o (.text.processConfigRequest)
                  0000b69c    0000012c     rf_multiMode_cc13x4.a : RFCC26X2_multiMode.c.cc13x4.ticlang.o (.text.RF_close)
                  0000b7c8    0000012c     maclib_secure_cc13x4_tirtos7.a : mac_hl_patch.c.o (.text.macRxBeaconCritical)
                  0000b8f4    0000012c     ti_sysbios_config.o (.text.ti_sysbios_knl_Semaphore_pend)
                  0000ba20    0000012a     nvocmp.o (.text.NVOCMP_updateItemApi)
                  0000bb4a    00000002     maclib_secure_cc13x4_tirtos7.a : mac_radio.c.o (.text.macRadioSetRE)
                  0000bb4c    00000128     drivers_cc13x4.a : Button.c.obj (.text.Button_clockTimeoutHandler)
                  0000bc74    00000128     maclib_secure_cc13x4_tirtos7.a : mac_data.c.o (.text.macAllocTxBuffer)
                  0000bd9c    00000128                                    : mac_hl_patch.c.o (.text.macWrapperDeleteDevice)
                  0000bec4    00000124     rf_multiMode_cc13x4.a : RFCC26X2_multiMode.c.cc13x4.ticlang.o (.text.RF_fsmSetupState)
                  0000bfe8    00000124     drivers_cc13x4.a : TRNGCC26XX.c.obj (.text.TRNGCC26XX_hwiFxn)
                  0000c10c    00000124     maclib_secure_cc13x4_tirtos7.a : mac_radio.c.o (.text.macRadioInitIeee)
                  0000c230    00000120                                    : mac_duty_cycle.c.o (.text.macDutyCycleInit)
                  0000c350    0000011c     drivers_cc13x4.a : NVSCC26XX.c.obj (.text.NVSCC26XX_write)
                  0000c46c    0000011c     ti_sysbios_config.o (.text.ti_sysbios_knl_Mailbox_Instance_init)
                  0000c588    0000011a     nvocmp.o (.text.NVOCMP_readContItemApi)
                  0000c6a2    00000002     maclib_secure_cc13x4_tirtos7.a : mac_radio_tx.c.o (.text.macRadioTxCancelTxAck)
                  0000c6a4    00000118     drivers_cc13x4.a : PowerCC26X2.c.obj (.text.Power_init)
                  0000c7bc    00000118     rf_multiMode_cc13x4.a : RFCC26X2_multiMode.c.cc13x4.ticlang.o (.text.RF_decodeOverridePointers)
                  0000c8d4    00000118     sensor.o (.text.Sensor_sendMsg)
                  0000c9ec    00000118     ssf.o (.text.Ssf_stateChangeUpdate)
                  0000cb04    00000118     drivers_cc13x4.a : UART2.c.obj (.text.UART2_writeTimeoutNonblocking)
                  0000cc1c    00000114     driverlib.lib : setup_rom.c.obj (.text.NOROM_SetupAfterColdResetWakeupFromShutDownCfg3)
                  0000cd30    00000114     nvocmp.o (.text.NVOCMP_createItemApi)
                  0000ce44    00000114     maclib_secure_cc13x4_tirtos7.a : mac_tx.c.o (.text.txComplete)
                  0000cf58    00000110     drivers_cc13x4.a : GPIOCC26X4.c.obj (.text.GPIO_init)
                  0000d068    00000110                      : LED.c.obj (.text.LED_open)
                  0000d178    00000110     maclib_secure_cc13x4_tirtos7.a : mac_ie_build.c.o (.text.macBuildPayloadIes)
                  0000d288    0000010c     driverlib.lib : setup_rom.c.obj (.text.NOROM_SetupAfterColdResetWakeupFromShutDownCfg2)
                  0000d394    0000010c     nvocmp.o (.text.NVOCMP_getDstPage)
                  0000d4a0    0000010c     drivers_cc13x4.a : PowerCC26X2_calibrateRCOSC.c.obj (.text.PowerCC26X2_calibrate)
                  0000d5ac    0000010c     ti_sysbios_config.o (.text.ti_sysbios_knl_Task_Instance_finalize)
                  0000d6b8    0000010a     ti_sysbios_config.o (.text.ti_sysbios_knl_Clock_startI)
                  0000d7c2    00000002     --HOLE-- [fill = 0]
                  0000d7c4    00000108     drivers_cc13x4.a : AESCCMCC26X4.c.obj (.text.AESCCM_getResult)
                  0000d8cc    00000108     maclib_secure_cc13x4_tirtos7.a : mac_hl_patch.c.o (.text.macBuildDataFrame)
                  0000d9d4    00000104     nvocmp.o (.text.NVOCMP_deleteItemApi)
                  0000dad8    00000104     sysbios.a : Hwi_asm_gcc.s.obj (.text.ti_sysbios_family_arm_v8m_Hwi_dispatch)
                  0000dbdc    00000100     driverlib.lib : setup.c.obj (.text.NOROM_SetupTrimDevice)
                  0000dcdc    00000100     nvocmp.o (.text.NVOCMP_setItemInactive)
                  0000dddc    00000100     rf_multiMode_cc13x4.a : RFCC26X2_multiMode.c.cc13x4.ticlang.o (.text.RF_fsmPowerUpState)
                  0000dedc    00000100     drivers_cc13x4.a : TimerCC26XX.c.obj (.text.Timer_open)
                  0000dfdc    00000100     maclib_secure_cc13x4_tirtos7.a : mac_device.c.o (.text.macBuildAssociateReq)
                  0000e0dc    00000100                                    : mac_data.c.o (.text.macRxCompleteCallback)
                  0000e1dc    00000100                                    : mac_hl_patch.c.o (.text.macScanNextChan)
                  0000e2dc    000000fc     nvocmp.o (.text.NVOCMP_writeItemApi)
                  0000e3d8    000000fc     rf_multiMode_cc13x4.a : RFCC26X2_multiMode.c.cc13x4.ticlang.o (.text.RF_hwiCpe0Active)
                  0000e4d4    000000fa     jdllc.o (.text.scanCnfCb)
                  0000e5ce    00000002     --HOLE-- [fill = 0]
                  0000e5d0    000000f6     ti_sysbios_config.o (.text.PowerCC26XX_standbyPolicy)
                  0000e6c6    00000002     --HOLE-- [fill = 0]
                  0000e6c8    000000f4     drivers_cc13x4.a : TRNGCC26XX.c.obj (.text.TRNG_getRandom)
                  0000e7bc    000000f2     ti_sysbios_config.o (.text.ti_sysbios_knl_Clock_init)
                  0000e8ae    00000002     --HOLE-- [fill = 0]
                  0000e8b0    000000f0     drivers_cc13x4.a : UART2CC26X2.c.obj (.text.UART2Support_dmaStartRx)
                  0000e9a0    000000f0     maclib_secure_cc13x4_tirtos7.a : mac_device.c.o (.text.macApiAssociateReq)
                  0000ea90    000000ec                                    : mac.c.o (.text.macSetupRATChanCompare)
                  0000eb7c    000000e4     drivers_cc13x4.a : AESCCMCC26X4.c.obj (.text.AESCCM_startOperation)
                  0000ec60    000000e4                      : Button.c.obj (.text.Button_open)
                  0000ed44    000000e4     sensor.o (.text.jdllcJoinedCb)
                  0000ee28    000000e4     maclib_secure_cc13x4_tirtos7.a : mac_tx.c.o (.text.macTxChannelBusyCallback)
                  0000ef0c    000000e4     ti_sysbios_config.o (.text.ti_sysbios_gates_GateMutexPri_enter)
                  0000eff0    000000e2     api_mac.o (.text.ApiMac_mlmeSetReqArray)
                  0000f0d2    000000e2     nvocmp.o (.text.NVOCMP_readItemApi)
                  0000f1b4    000000e2     sensor.o (.text.Sensor_init)
                  0000f296    00000002     --HOLE-- [fill = 0]
                  0000f298    000000e2     ti_sysbios_config.o (.text.ti_sysbios_knl_Swi_restoreHwi)
                  0000f37a    00000002     --HOLE-- [fill = 0]
                  0000f37c    000000e0     driverlib.lib : sys_ctrl.c.obj (.text.NOROM_SysCtrlStandby)
                  0000f45c    000000e0     drivers_cc13x4.a : UART2CC26X2.c.obj (.text.UART2CC26X2_initHw)
                  0000f53c    000000e0     maclib_secure_cc13x4_tirtos7.a : mac_hl_patch.c.o (.text.macOutgoingFrameKeyDescRetrieval)
                  0000f61c    000000e0                                    : mac_tx.c.o (.text.txCsmaPrep)
                  0000f6fc    000000dc     ti_sysbios_config.o (.text.ClockP_create)
                  0000f7d8    000000dc     rf_multiMode_cc13x4.a : RFCC26X2_multiMode.c.cc13x4.ticlang.o (.text.RF_control)
                  0000f8b4    000000dc     maclib_secure_cc13x4_tirtos7.a : mac_mgmt.c.o (.text.macBuildDisassociateReq)
                  0000f990    000000da     ssf.o (.text.Ssf_networkUpdate)
                  0000fa6a    000000da     ti_sysbios_config.o (.text.ti_sysbios_knl_Task_postInit)
                  0000fb44    000000d8     maclib_secure_cc13x4_tirtos7.a : mac_hl_patch.c.o (.text.macCcmStarTransform)
                  0000fc1c    000000d8                                    : mac_scan.c.o (.text.macScanRxBeacon)
                  0000fcf4    000000d8     jdllc.o (.text.syncLossCb)
                  0000fdcc    000000d4     maclib_secure_cc13x4_tirtos7.a : mac_data.c.o (.text.MAC_McpsDataAlloc)
                  0000fea0    000000d0     drivers_cc13x4.a : PowerCC26X2.c.obj (.text.configureXOSCHF)
                  0000ff70    000000d0     maclib_secure_cc13x4_tirtos7.a : mac_hl_patch.c.o (.text.macEdScanISR)
                  00010040    000000d0                                    : mac_radio_tx.c.o (.text.macRadioTxAckCb)
                  00010110    000000d0                                    : mac_radio_tx.c.o (.text.macRadioTxPrepCsmaSlottedSubG)
                  000101e0    000000d0                                    : mac_symbol_timer.c.o (.text.macSymbolTimerUpdateWakeup)
                  000102b0    000000d0     ti_sysbios_config.o (.text.ti_sysbios_knl_Task_sleep)
                  00010380    000000ce     ssf.o (.text.Ssf_processEvents)
                  0001044e    00000002     --HOLE-- [fill = 0]
                  00010450    000000cc     nvocmp.o (.text.NVOCMP_readItem)
                  0001051c    000000cc     maclib_secure_cc13x4_tirtos7.a : mac_mgmt.c.o (.text.macCommStatusInd)
                  000105e8    000000cc                                    : mac_device.c.o (.text.macDeviceReset)
                  000106b4    000000ca     ti_sysbios_config.o (.text.SwiP_construct)
                  0001077e    00000002     --HOLE-- [fill = 0]
                  00010780    000000c8     maclib_secure_cc13x4_tirtos7.a : mac_hl_patch.c.o (.text.macOutgoingFrameSecurity)
                  00010848    000000c8                                    : mac_main.c.o (.text.macSendDataMsg)
                  00010910    000000c6     ti_sysbios_config.o (.text.HwiP_construct)
                  000109d6    00000002     --HOLE-- [fill = 0]
                  000109d8    000000c4     maclib_secure_cc13x4_tirtos7.a : mac_hl_patch.c.o (.text.macBuildHeaderIes)
                  00010a9c    000000c4                                    : mac_duty_cycle.c.o (.text.macDutyCycleNotify)
                  00010b60    000000c0     drivers_cc13x4.a : GPIOCC26XX.c.obj (.text.GPIO_setConfigAndMux)
                  00010c20    000000c0     driverlib.lib : aes.c.obj (.text.NOROM_AESWriteToKeyStore)
                  00010ce0    000000c0     maclib_secure_cc13x4_tirtos7.a : mac_tx.c.o (.text.macTxRequestCsmaRtcDelay)
                  00010da0    000000c0                                    : mac_radio.c.o (.text.scheduleNopWakeupCmd)
                  00010e60    000000be     ti_sysbios_config.o (.text.ti_sysbios_knl_Swi_runLoop)
                  00010f1e    000000be     ti_sysbios_config.o (.text.ti_sysbios_knl_Task_Instance_init)
                  00010fdc    000000bc     ti_sysbios_config.o (.text.BIOS_startFunc)
                  00011098    000000bc     drivers_cc13x4.a : PowerCC26X2.c.obj (.text.Power_setDependency)
                  00011154    000000bc     rf_multiMode_cc13x4.a : RFCC26X2_multiMode.c.cc13x4.ticlang.o (.text.RF_swiHw)
                  00011210    000000bc     drivers_cc13x4.a : UART2CC26X2.c.obj (.text.UART2Support_dmaStartTx)
                  000112cc    000000ba     ti_sysbios_config.o (.text.ti_sysbios_knl_Task_setPri)
                  00011386    00000002     --HOLE-- [fill = 0]
                  00011388    000000b8     drivers_cc13x4.a : GPTimerCC26XX.c.obj (.text.GPTimerCC26XX_open)
                  00011440    000000b8     maclib_secure_cc13x4_tirtos7.a : mac_mgmt.c.o (.text.MAC_MlmeResetReq)
                  000114f8    000000b8     sensor.o (.text.Sensor_sendDeviceTypeResponse)
                  000115b0    000000b8     maclib_secure_cc13x4_tirtos7.a : mac_tx.c.o (.text.macTxRequestCsmaDelay)
                  00011668    000000b4     drivers_cc13x4.a : PowerCC26X2.c.obj (.text.Power_releaseDependency)
                  0001171c    000000b4     maclib_secure_cc13x4_tirtos7.a : mac.c.o (.text.macGetRFCmdDuration)
                  000117d0    000000b4     scif_framework.o (.text.scifInitIo)
                  00011884    000000b2     sensor.o (.text.Sensor_sendIdentifyLedRequest)
                  00011936    000000b2     jdllc.o (.text.disassoCnfCb)
                  000119e8    000000b0     cui.o (.text.CUI_clientOpen)
                  00011a98    000000b0     maclib_secure_cc13x4_tirtos7.a : mac_data.c.o (.text.macApiDataReq)
                  00011b48    000000b0                                    : mac_mgmt.c.o (.text.macBuildBeaconNotifyInd)
                  00011bf8    000000b0                                    : mac_ie_build.c.o (.text.macBuildPayloadCoexistIe)
                  00011ca8    000000b0     libclang_rt.builtins.a : udivmoddi4.S.obj (.text)
                  00011d58    000000ae     cui.o (.text.CUI_menuActionHelp)
                  00011e06    000000ae     control_task.o (.text.control_taskInit)
                  00011eb4    000000ac     rf_multiMode_cc13x4.a : RFCC26X2_multiMode.c.cc13x4.ticlang.o (.text.RF_pendCmd)
                  00011f60    000000ac     maclib_secure_cc13x4_tirtos7.a : mac_hl_patch.c.o (.text.macAutoPendMaintainSrcMatchTable)
                  0001200c    000000ac                                    : mac_data.c.o (.text.macDataTxEnqueue)
                  000120b8    000000ac     ti_sysbios_config.o (.text.ti_sysbios_knl_Task_restore)
                  00012164    000000aa     ti_sysbios_config.o (.text.ti_sysbios_knl_Task_startup)
                  0001220e    00000002     --HOLE-- [fill = 0]
                  00012210    000000a8     drivers_cc13x4.a : AESCCMCC26X4.c.obj (.text.AESCCM_hwiFxn)
                  000122b8    000000a8     jdllc.o (.text.beaconNotifyIndCb)
                  00012360    000000a8     maclib_secure_cc13x4_tirtos7.a : mac_rx.c.o (.text.macRxInit)
                  00012408    000000a8                                    : mac_tx.c.o (.text.macTxStartQueuedFrame)
                  000124b0    000000a6     cui.o (.text.CUI_updateCursor)
                  00012556    00000002     --HOLE-- [fill = 0]
                  00012558    000000a4     maclib_secure_cc13x4_tirtos7.a : mac_autopend.c.o (.text.MAC_SrcMatchAddEntry)
                  000125fc    000000a4     maclib_osal_tirtos7_cc13x4_26x4.a : osal_port.c.o (.text.OsalPort_heapMalloc)
                  000126a0    000000a4     rf_multiMode_cc13x4.a : RFCC26X2_multiMode.c.cc13x4.ticlang.o (.text.RF_initRadioSetup)
                  00012744    000000a4     maclib_secure_cc13x4_tirtos7.a : mac_hl_patch.c.o (.text.macDataTxComplete)
                  000127e8    000000a4                                    : mac_hl_patch.c.o (.text.macMgmtReset)
                  0001288c    000000a2     ti_sysbios_config.o (.text.ti_sysbios_runtime_Memory_alloc)
                  0001292e    000000a0     jdllc.o (.text.Jdllc_init)
                  000129ce    00000002     --HOLE-- [fill = 0]
                  000129d0    000000a0     rf_multiMode_cc13x4.a : RFCC26X2_multiMode.c.cc13x4.ticlang.o (.text.RF_calculateDispatchTime)
                  00012a70    000000a0                           : RFCC26X2_multiMode.c.cc13x4.ticlang.o (.text.RF_requestAccess)
                  00012b10    000000a0     maclib_secure_cc13x4_tirtos7.a : mac_hl_patch.c.o (.text.macAutoPendAddSrcMatchTableEntry)
                  00012bb0    000000a0                                    : mac_hl_patch.c.o (.text.macCbackForEvent)
                  00012c50    000000a0     ti_sysbios_config.o (.text.ti_sysbios_knl_Swi_post)
                  00012cf0    0000009c     driverlib.lib : setup.c.obj (.text.TrimAfterColdResetWakeupFromShutDown)
                  00012d8c    0000009c     maclib_secure_cc13x4_tirtos7.a : mac_mgmt.c.o (.text.macBuildWSAsyncReq)
                  00012e28    0000009a     drivers_cc13x4.a : UART2.c.obj (.text.UART2_writeCancel)
                  00012ec2    00000002     --HOLE-- [fill = 0]
                  00012ec4    00000098                      : GPTimerCC26XX.c.obj (.text.GPTimerCC26XX_close)
                  00012f5c    00000098     jdllc.o (.text.Jdllc_securityInit)
                  00012ff4    00000098     nvocmp.o (.text.NVOCMP_getItemLenApi)
                  0001308c    00000098     rf_multiMode_cc13x4.a : RFCC26X2_multiMode.c.cc13x4.ticlang.o (.text.RF_defaultSubmitPolicy)
                  00013124    00000098     ti_sysbios_config.o (.text._pthread_cleanupFxn)
                  000131bc    00000098     maclib_secure_cc13x4_tirtos7.a : mac_hl_patch.c.o (.text.macIncomingSecurityLevelChecking)
                  00013254    00000098                                    : mac_mgmt.c.o (.text.macRxBeacon)
                  000132ec    00000098                                    : mac_hl_patch.c.o (.text.macScanRxCoordRealign)
                  00013384    00000098                                    : mac_timer.c.o (.text.macSymbolTimerTriggerCallback)
                  0001341c    00000098     ti_sysbios_config.o (.text.ti_sysbios_knl_Mailbox_post)
                  000134b4    00000098     ti_sysbios_config.o (.text.ti_sysbios_knl_Task_restoreHwi)
                  0001354c    00000096     rf_multiMode_cc13x4.a : RFCC26X2_multiMode.c.cc13x4.ticlang.o (.text.RF_verifyGap)
                  000135e2    00000002     --HOLE-- [fill = 0]
                  000135e4    00000094     maclib_secure_cc13x4_tirtos7.a : mac_hl_patch.c.o (.text.MAC_MlmeScanReq)
                  00013678    00000094     rf_multiMode_cc13x4.a : RFCC26X2_multiMode.c.cc13x4.ticlang.o (.text.RF_ratRestartChannels)
                  0001370c    00000094     ti_sysbios_config.o (.text._pthread_removeThreadKeys)
                  000137a0    00000094     macTask.o (.text.macTaskInit)
                  00013834    00000094     ti_sysbios_config.o (.text.ti_sysbios_gates_GateMutexPri_leave)
                  000138c8    00000092     NeoPixelEffect.o (.text.NeoPixelEffect_strobe)
                  0001395a    00000092     jdllc.o (.text.disassocIndCb)
                  000139ec    00000092     ti_sysbios_config.o (.text.ti_sysbios_knl_Semaphore_post)
                  00013a7e    00000092     ti_sysbios_config.o (.text.ti_sysbios_knl_Task_exit)
                  00013b10    00000090     jdllc.o (.text.Jdllc_rejoin)
                  00013ba0    00000090     rf_multiMode_cc13x4.a : RFCC26X2_multiMode.c.cc13x4.ticlang.o (.text.RF_getTxPower)
                  00013c30    00000090     drivers_cc13x4.a : UART2CC26X2.c.obj (.text.UART2_close)
                  00013cc0    00000090     maclib_secure_cc13x4_tirtos7.a : mac_coord.c.o (.text.macIndirectSend)
                  00013d50    00000090                                    : mac_autopend.c.o (.text.macSrcMatchCheckSrcAddr)
                  00013de0    00000090                                    : mac.c.o (.text.macStopCmd)
                  00013e70    00000090     ti_sysbios_config.o (.text.ti_sysbios_knl_Swi_restore)
                  00013f00    0000008e     main.o (.text.sensorTask_)
                  00013f8e    00000002     --HOLE-- [fill = 0]
                  00013f90    0000008c     drivers_cc13x4.a : TRNGCC26XX.c.obj (.text.TRNG_construct)
                  0001401c    0000008c                      : NVSCC26XX.c.obj (.text.doErase)
                  000140a8    0000008c     maclib_secure_cc13x4_tirtos7.a : mac_radio_tx.c.o (.text.macRadioFHEncryptFrame)
                  00014134    0000008c     ti_sysbios_config.o (.text.ti_sysbios_knl_Task_enter)
                  000141c0    0000008a     ti_sysbios_config.o (.text.ti_sysbios_knl_Swi_startup)
                  0001424a    00000002     --HOLE-- [fill = 0]
                  0001424c    00000088     rf_multiMode_cc13x4.a : RFCC26X2_multiMode.c.cc13x4.ticlang.o (.text.RF_cmdDispatchTime)
                  000142d4    00000088                           : RFCC26X2_multiMode.c.cc13x4.ticlang.o (.text.RF_discardPendCmd)
                  0001435c    00000088     maclib_secure_cc13x4_tirtos7.a : mac_hl_patch.c.o (.text.macCcmDecrypt)
                  000143e4    00000088                                    : mac_hl_patch.c.o (.text.macCcmStarInverseTransform)
                  0001446c    00000088                                    : mac_radio_tx.c.o (.text.macRadioSendImmAck)
                  000144f4    00000088                                    : mac_radio.c.o (.text.macRadioUpdateChannel)
                  0001457c    00000086     ti_sysbios_config.o (.text.ClockP_construct)
                  00014602    00000002     --HOLE-- [fill = 0]
                  00014604    00000084     api_mac.o (.text.ApiMac_init)
                  00014688    00000084     rf_multiMode_cc13x4.a : RFCC26X2_multiMode.c.cc13x4.ticlang.o (.text.RF_getInfo)
                  0001470c    00000084                           : RFCC26X2_multiMode.c.cc13x4.ticlang.o (.text.RF_yield)
                  00014790    00000084     maclib_secure_cc13x4_tirtos7.a : mac_hl_patch.c.o (.text.macBlacklistChecking)
                  00014814    00000084                                    : mac_hl_patch.c.o (.text.macCcmEncrypt)
                  00014898    00000084     scif_framework.o (.text.scifSwTriggerExecutionCodeNbl)
                  0001491c    00000082     btn.o (.text.btn_init)
                  0001499e    00000002     --HOLE-- [fill = 0]
                  000149a0    00000080     drivers_cc13x4.a : GPIOCC26X4.c.obj (.text.GPIO_hwiIntFxn)
                  00014a20    00000080     maclib_osal_tirtos7_cc13x4_26x4.a : osal_port.c.o (.text.OsalPort_setTimer)
                  00014aa0    00000080     maclib_secure_cc13x4_tirtos7.a : mac_data.c.o (.text.macFrameDurationSubG)
                  00014b20    00000080                                    : mac_tx.c.o (.text.macTxDoneCallback)
                  00014ba0    00000080     main.o (.text.main)
                  00014c20    0000007e     nvocmp.o (.text.NVOCMP_loadApiPtrs)
                  00014c9e    00000002     --HOLE-- [fill = 0]
                  00014ca0    0000007c     driverlib.lib : setup_rom.c.obj (.text.NOROM_SetupStepVddrTrimTo)
                  00014d1c    0000007c     rf_multiMode_cc13x4.a : RFCC26X2_multiMode.c.cc13x4.ticlang.o (.text.RF_ratDisableChannel)
                  00014d98    0000007c     maclib_secure_cc13x4_tirtos7.a : mac_mcu.c.o (.text.macMcuOverflowSetPeriod)
                  00014e14    0000007c                                    : mac_pwr.c.o (.text.macPwrVote)
                  00014e90    0000007c                                    : mac.c.o (.text.macSetupReceiveCmd)
                  00014f0c    0000007a     ti_drivers_config.o (.text.Board_shutDownExtFlash)
                  00014f86    0000007a     nvocmp.o (.text.NVOCMP_compactNvApi)
                  00015000    0000007a     ti_sysbios_config.o (.text.ti_sysbios_knl_TaskSupport_start)
                  0001507a    00000002     --HOLE-- [fill = 0]
                  0001507c    00000078     driverlib.lib : chipinfo.c.obj (.text.NOROM_ChipInfo_GetChipType)
                  000150f4    00000078     drivers_cc13x4.a : NVSCC26XX.c.obj (.text.NVSCC26XX_open)
                  0001516c    00000078     NeoPixel.o (.text.NeoPixel_setBrightness)
                  000151e4    00000078     rf_multiMode_cc13x4.a : RFCC26X2_multiMode.c.cc13x4.ticlang.o (.text.RF_ratFreeChannel)
                  0001525c    00000078     maclib_secure_cc13x4_tirtos7.a : mac.c.o (.text.macRequestBackoff)
                  000152d4    00000078                                    : mac_device.c.o (.text.macRxAssocRsp)
                  0001534c    00000078                                    : mac_symbol_timer.c.o (.text.macSymbolTimerInit)
                  000153c4    00000078     ti_sysbios_config.o (.text.ti_sysbios_family_arm_v8m_Hwi_dispatchC)
                  0001543c    00000076     ti_sysbios_config.o (.text.HwiP_destruct)
                  000154b2    00000076     drivers_cc13x4.a : UART2CC26X2.c.obj (.text.UART2Support_dmaStopTx)
                  00015528    00000074     maclib_osal_tirtos7_cc13x4_26x4.a : osal_port.c.o (.text.OsalPort_heapInit)
                  0001559c    00000074     rf_multiMode_cc13x4.a : RFCC26X2_multiMode.c.cc13x4.ticlang.o (.text.RF_hwiHw)
                  00015610    00000074     maclib_secure_cc13x4_tirtos7.a : mac_hl_patch.c.o (.text.macKeyDescriptorLookup)
                  00015684    00000074                                    : mac_mcu.c.o (.text.macMcuOverflowSetCompare)
                  000156f8    00000074                                    : mac_radio_tx.c.o (.text.macRadioTxEnhAckCb)
                  0001576c    00000074                                    : mac_ie_parse.c.o (.text.macUpdateHeaderIEPtr)
                  000157e0    00000074     ti_sysbios_config.o (.text.ti_sysbios_knl_Mailbox_pend)
                  00015854    00000072     drivers_cc13x4.a : LED.c.obj (.text.LED_startBlinking)
                  000158c6    00000072     ti_sysbios_config.o (.text.pthread_mutex_lock)
                  00015938    00000070     drivers_cc13x4.a : AESCCMCC26X4.c.obj (.text.AESCCM_waitForResult)
                  000159a8    00000070     cui.o (.text.CUI_writeString)
                  00015a18    00000070     driverlib.lib : interrupt.c.obj (.text.NOROM_IntDisable)
                  00015a88    00000070     maclib_osal_tirtos7_cc13x4_26x4.a : osal_port.c.o (.text.OsalPort_pwrmgrTaskState)
                  00015af8    00000070     maclib_secure_cc13x4_tirtos7.a : mac_duty_cycle.c.o (.text.macDutyCycleTimerCB)
                  00015b68    00000070                                    : mac_radio.c.o (.text.macRadioStartScan)
                  00015bd8    00000070                                    : mac_timer.c.o (.text.macTimerUpdateSymbolTimer)
                  00015c48    00000070     libc.a : copy_decompress_lzss.c.obj (.text:decompress:lzss)
                  00015cb8    0000006e     scif_framework.o (.text.scifSetSceOpmode)
                  00015d26    00000002     --HOLE-- [fill = 0]
                  00015d28    0000006c     drivers_cc13x4.a : AESCCMCC26X4.c.obj (.text.AESCCM_construct)
                  00015d94    0000006c     driverlib.lib : interrupt.c.obj (.text.NOROM_IntEnable)
                  00015e00    0000006c                   : sys_ctrl.c.obj (.text.NOROM_SysCtrl_DCDC_VoltageConditionalControl)
                  00015e6c    0000006c     rf_multiMode_cc13x4.a : RFCC26X2_multiMode.c.cc13x4.ticlang.o (.text.RF_issueRadioFreeCb)
                  00015ed8    0000006c     drivers_cc13x4.a : Random.c.obj (.text.Random_seedAutomatic)
                  00015f44    0000006c     ssf.o (.text.Ssf_getNetworkInfo)
                  00015fb0    0000006c     rf_multiMode_cc13x4.a : rf_patch_cpe_multi_protocol.c.cc13x4.ticlang.o (.text.configureMultiProtocolPatch)
                  0001601c    0000006c     maclib_secure_cc13x4_tirtos7.a : mac_mgmt.c.o (.text.macApiDisassociateReq)
                  00016088    0000006c                                    : mac_duty_cycle.c.o (.text.macDutyCycleByteToUSec)
                  000160f4    0000006c                                    : mac_rx_onoff.c.o (.text.macRxOffRequest)
                  00016160    0000006c                                    : mac.c.o (.text.macSetupFsCmd)
                  000161cc    0000006c     drivers_cc13x4.a : PowerCC26X2.c.obj (.text.oscillatorISR)
                  00016238    0000006a     sensor.o (.text.jdllcStateChangeCb)
                  000162a2    00000002     --HOLE-- [fill = 0]
                  000162a4    00000068     maclib_secure_cc13x4_tirtos7.a : mac_device.c.o (.text.MAC_InitDevice)
                  0001630c    00000068     drivers_cc13x4.a : PowerCC26X2_calibrateRCOSC_helpers.c.obj (.text.PowerCC26X2_updateSubSecInc)
                  00016374    00000068     rf_multiMode_cc13x4.a : RFCC26X2_multiMode.c.cc13x4.ticlang.o (.text.RF_detachOverrides)
                  000163dc    00000068     control_task.o (.text.control_Task_Noti_Info_mail)
                  00016444    00000068     maclib_secure_cc13x4_tirtos7.a : mac_mgmt.c.o (.text.macDisassocComplete)
                  000164ac    00000068                                    : mac_low_level.c.o (.text.macLowLevelInit)
                  00016514    00000068                                    : mac_radio.c.o (.text.macRadioPowerDown)
                  0001657c    00000068                                    : mac_scan.c.o (.text.macScanStartTimer)
                  000165e4    00000068                                    : mac_timer.c.o (.text.macTimerSetRollover)
                  0001664c    00000068                                    : mac_tx.c.o (.text.macTxGetDefaultMinTxOffTime)
                  000166b4    00000068     sensor.o (.text.processBroadcastCtrlMsg)
                  0001671c    00000064     maclib_secure_cc13x4_tirtos7.a : mac_mgmt.c.o (.text.MAC_Init)
                  00016780    00000064     maclib_osal_tirtos7_cc13x4_26x4.a : osal_port.c.o (.text.OsalPort_clearEvent)
                  000167e4    00000064     drivers_cc13x4.a : PowerCC26X2_calibrateRCOSC.c.obj (.text.PowerCC26X2_initiateCalibration)
                  00016848    00000064     rf_multiMode_cc13x4.a : RFCC26X2_multiMode.c.cc13x4.ticlang.o (.text.RF_attachOverrides)
                  000168ac    00000064                           : RFCC26X2_multiMode.c.cc13x4.ticlang.o (.text.RF_dispatchNextEvent)
                  00016910    00000064                           : RFCC26X2_multiMode.c.cc13x4.ticlang.o (.text.RF_hwiCpe0PowerFsm)
                  00016974    00000064     ssf.o (.text.Ssf_getFrameCounter)
                  000169d8    00000064     drivers_cc13x4.a : UDMACC26XX.c.obj (.text.UDMACC26XX_open)
                  00016a3c    00000064     maclib_secure_cc13x4_tirtos7.a : mac_device.c.o (.text.macAssocDataRxInd)
                  00016aa0    00000064                                    : mac_mcu.c.o (.text.macMcuInit)
                  00016b04    00000064                                    : mac_radio_tx.c.o (.text.macRadioTxPrepLbt)
                  00016b68    00000064                                    : mac_rx.c.o (.text.macRxHaltCleanup)
                  00016bcc    00000064                                    : mac_timer.c.o (.text.macTimerRealign)
                  00016c30    00000064     ti_sysbios_config.o (.text.pthread_exit)
                  00016c94    00000064     ti_sysbios_config.o (.text.ti_sysbios_knl_Semaphore_pendTimeout)
                  00016cf8    00000062     rf_multiMode_cc13x4.a : RFCC26X2_multiMode.c.cc13x4.ticlang.o (.text.RF_syncCb)
                  00016d5a    00000062     ti_sysbios_config.o (.text.SemaphoreP_construct)
                  00016dbc    00000060     drivers_cc13x4.a : CryptoResourceCC26XX.c.obj (.text.CryptoResourceCC26XX_constructRTOSObjects)
                  00016e1c    00000060     driverlib.lib : setup_rom.c.obj (.text.NOROM_SetupAfterColdResetWakeupFromShutDownCfg1)
                  00016e7c    00000060     maclib_osal_tirtos7_cc13x4_26x4.a : osal_port.c.o (.text.OsalPort_setEvent)
                  00016edc    00000060     ti_sysbios_config.o (.text.SemaphoreP_createBinary)
                  00016f3c    00000060     drivers_cc13x4.a : Timer.c.obj (.text.Timer_setPeriod)
                  00016f9c    00000060     maclib_secure_cc13x4_tirtos7.a : mac_beacon_device.c.o (.text.macBeaconSyncLoss)
                  00016ffc    00000060                                    : mac_data.c.o (.text.macDataReset)
                  0001705c    00000060                                    : mac_main.c.o (.text.macExecute)
                  000170bc    00000060                                    : mac_scan.c.o (.text.macScanComplete)
                  0001711c    00000060                                    : mac_main.c.o (.text.macSendMsg)
                  0001717c    00000060                                    : mac_symbol_timer.c.o (.text.macSymbolTimerPeriodIsr)
[...]
20003b48  ti_sysbios_knl_Idle_taskStruct                                   
20003ba0  macScan                                                          
20003ce4  CryptoResourceCC26XX_accessSemaphore                             
20003d34  CryptoResourceCC26XX_operationSemaphore                          
20003d84  cuiMultiMenuData                                                 
20003dd0  gptimerCC26XXObjects                                             
20003f70  macSecurityPib                                                   
20003fec  macDeviceAction1                                                 
20004058  dcBucket                                                         
2000408c  macBeaconDevice                                                  
200040c0  RF_cmdPropRadioDivSetup                                          
200040f0  RF_cmdPropRxAdv                                                  
20004120  macMgmtAction1                                                   
20004150  macSrcExtAddrList                                                
20004180  ti_sysbios_knl_Swi_readyQs                                       
200041b0  ti_sysbios_knl_Task_readyQs                                      
200041e0  NVOCMP_nvHandle                                                  
2000423c  macDevice                                                        
20004268  Button_                                                          
2000428c  controlTaskParam                                                 
200042b0  sensorTaskParam                                                  
20004334  RF_cmdIEEECsma                                                   
20004354  RF_cmdPropTxAdv                                                  
20004374  RF_cmdRadioSetup                                                 
20004394  RF_params                                                        
200043b4  macBeacon                                                        
200043d4  udmaCC26XXObject                                                 
20004464  BIOS_heapCallbackObject                                          
20004480  BIOS_rtsGate                                                     
2000449c  CryptoResourceCC26XX_hwi                                         
200044b8  RF_cmdPropCs                                                     
200044d4  RF_cmdPropCsSlotted                                              
200044f0  control_task_InfoToHub_params                                    
2000450c  control_task_NotiInfo_params                                     
20004528  control_task_ledConfirm_params                                   
20004544  macReset                                                         
20004560  macSemHandle                                                     
2000457c  macSrcShortAddrList                                              
20004598  RF_cmdFsRx                                                       
200045b0  RF_cmdFsTx                                                       
200045c8  RF_cmdIEEETx                                                     
200045e0  macScanAction                                                    
20004648  RF_cmdRxAckCmd                                                   
2000465c  macAckDbg                                                        
20004670  macDeviceAction2                                                 
20004684  macMgmtAction2                                                   
20004698  macStatistics                                                    
200046cc  macData                                                          
200046dc  macDataTxDelay                                                   
200046ec  macFrmFilter                                                     
200046fc  macRxOutputIeee                                                  
2000470c  control_Task_dev_info                                            
20004740  coexMetricsStruct                                                
2000474c  macMain                                                          
20004758  macRxOutputSubG                                                  
20004790  ApiMac_extAddr                                                   
20004798  coexOverrideUseCases                                             
200047a0  macRxDataEntryQueue                                              
200047f4  AESCCM_handle                                                    
200047f8  HEAPMGR_SIZE                                                     
200047fc  PowerCC26XX_swiKey                                               
20004800  PowerCC26XX_taskKey                                              
20004804  dcCritical                                                       
20004808  dcLimited                                                        
2000480c  dcPtr                                                            
20004810  dcRegulated                                                      
20004814  dcTimeUsed                                                       
20004818  macAddrLsb                                                       
2000481c  macAddrMsb                                                       
20004820  macCryptoDrvTblPtr                                               
20004824  macPhyTxPower                                                    
20004828  macPrevPeriodRatCount                                            
2000482c  macRfDrvTblPtr                                                   
20004830  macRxSymbol                                                      
20004834  macSymbolTimerRollover                                           
20004838  macSymbolTimerTrigger                                            
2000483c  macThread                                                        
20004840  macTimerActive                                                   
20004844  macTxTimestamp                                                   
20004848  pClockHandleEDScan                                               
2000484c  pMacRadioConfig                                                  
20004850  pMaxPower                                                        
20004854  pRfMode                                                          
20004858  pRfPowerTable                                                    
2000485c  rxRadioBufferPtr                                                 
20004860  sensorStatusLine                                                 
20004864  ssfCuiHndl                                                       
20004868  ti_sysbios_family_arm_v8m_cc26x4_Timer_funcHookCH1               
2000486c  ti_sysbios_family_arm_v8m_cc26x4_Timer_funcHookCH2               
20004870  ti_sysbios_knl_Task_defaultStackHeap                             
20004874  ti_sysbios_runtime_System_atexitHandlers                         
20004878  timerAlignedQ                                                    
2000487c  timerUnalignedQ                                                  
20004884  conv                                                             
20004886  macRxDataEntryOffset                                             
20004888  macTxCsmaBackoffDelay                                            
2000488a  rxCmdHandle                                                      
2000488c  txCmdHandle                                                      
20004890  AppTaskId                                                        
20004891  NVOCMP_size                                                      
20004892  appTaskId                                                        
20004893  dcStatus                                                         
20004894  gAction                                                          
20004895  lastRxPriority                                                   
20004896  lastTxPriority                                                   
20004897  macAckTxActive                                                   
20004898  macMgmt                                                          
20004899  macPanCoordinator                                                
2000489a  macPhyChannel                                                    
2000489b  macPwr                                                           
2000489c  macRxActive                                                      
2000489d  macRxEnableFlags                                                 
2000489e  macRxFilter                                                      
2000489f  macRxOutgoingAckFlag                                             
200048a0  macSpecUsecsPerSymbol                                            
200048a1  macSrcResIndex                                                   
200048a2  macSymbolTimerImpending                                          
200048a3  macTaskId                                                        
200048a4  macTxActive                                                      
200048a5  macTxBe                                                          
200048a6  macTxGpInterframeDelay                                           
200048a7  macTxType                                                        
200048a8  macUnitBackoffPeriod                                             
200048a9  nvsCC26XXObjects                                                 
200048aa  rxFhRsl                                                          
200048ab  rxPromiscuousMode                                                
200048ac  rxSeqNum                                                         
200048ad  txAckReq                                                         
200048ae  txSeqn                                                           
20004900  PowerCC26X2_module                                               
20004a78  gpioPinConfigs                                                   
20004b38  txPowerTable_868_pa13                                            
20004be7  ApiMac_gpOffsetToms                                              
20004be8  macMRFSKGenPhyTable                                              
20004c88  fhObject                                                         
20004d5c  ti_sysbios_knl_Clock_Module_state                                
20004e28  Main_user1Cfg                                                    
20004f6c  configureSubMenu                                                 
20004fac  ssfMainMenu                                                      
20004fec  ti_sysbios_family_arm_v8m_Hwi_Module_state                       
20005028  ti_sysbios_knl_Task_Module_state                                 
2000509c  commissionSubMenu                                                
200050d0  macBeaconPayload                                                 
20005138  Sensor_msgStats                                                  
20005168  BIOS_Module_state                                                
200051c0  pOverrides_2gfsk200kbps154g                                      
200051ec  appSubMenu                                                       
20005214  ti_sysbios_knl_Swi_Module_state                                  
20005260  macActionSet                                                     
20005288  lastRatChanA                                                     
20005289  lastRatChanB                                                     
2000528a  macRxCmdActive                                                   
2000528b  macFsCmdActive                                                   
2000528c  macRxPreempted                                                   
2000528d  numRfCmd                                                         
2000528e  numRxCmd                                                         
2000528f  numRxPostCmd                                                     
20005290  ieeeCoexEnabled                                                  
20005294  lastPostCmd                                                      
20005298  macSfdDetectCback                                                
200052a8  macBeaconMargin                                                  
2000530a  macSrcMatchIsAckAllPending                                       
2000530b  macSrcMatchDefaultPendOn                                         
20005320  macStateTbl                                                      
20005334  macUser0Cfg                                                      
2000536c  RF_cmdNop                                                        
2000537c  RF_cmdNopFg                                                      
2000538c  RF_prop_2gfsk200kbps154g                                         
2000539c  _hposcCoeffs                                                     
200053bc  macCfg                                                           
200053da  Jdllc_events                                                     
20005400  taskCnt                                                          
20005404  heapmgrMemFreeTotal                                              
20005408  heapmgrMemFreeError                                              
2000540c  ti_sysbios_family_arm_v8m_cc26x4_Timer_Module_state              
20005418  ti_sysbios_runtime_Error_ignore                                  
20005424  ti_sysbios_runtime_System_Module_state                           
2000543a  collectorAddr_app                                                
20005460  RF_handle                                                        
20005464  macRadioAckIeeeFrame                                             
20005467  macRadioAckFrame                                                 
2000546c  macCsmaRtcTimerId                                                
2000547c  RFCC26XX_schedulerPolicy                                         
20005484  ti_sysbios_gates_GateMutexPri_Module_state                       
2000548c  ti_sysbios_heaps_HeapCallback_Module_state                       
20005494  ti_sysbios_knl_Mailbox_Module_state                              
2000549c  ti_sysbios_knl_Semaphore_Module_state                            
200054ac  __aeabi_errno                                                    
200054b0  _lock                                                            
200054b4  _unlock                                                          
200054b8  appEvents                                                        
200054bc  control_task_InfoToHub_handle                                    
200054c0  control_task_NotiInfo_handle                                     
200054c4  control_task_ledConfirm_handle                                   
200054c8  cuiMultiMenu                                                     
200054cc  devInfoConfirmationTimer                                         
200054d0  endToEndDelay                                                    
200054f4  macDataBeaconRequeue                                             
200054f8  macDataCheckSched                                                
200054fc  macDataCheckTxTime                                               
20005500  macDataRequeueIndirect                                           
20005504  macDataRxBeaconCritical                                          
20005508  macDataSetSched                                                  
2000550c  macDataTxBeaconComplete                                          
20005510  macDataTxIndirect                                                
20005520  macTimerNewRollover                                              
20005524  macTimerRollover                                                 
20005528  minTxOffTime                                                     
2000553c  pMacCbackCheckPending                                            
20005540  pMacCbackQueryRetransmit                                         
20005544  pMacDataTx                                                       
20005548  pMacEnhancedAck                                                  
20005560  ti_sysbios_runtime_Memory_defaultHeapInstance                    
20005564  totalE2EDelaySum                                                 
20005568  NeoPixelNumberOfLeds                                             
2000556a  Sensor_events                                                    
2000556c  Ssf_resetCount                                                   
2000556e  assoc_resp_no_ack_cnt                                            
20005574  personal_addr                                                    
2000557c  symbol_rate_custom                                               
2000557e  ApiMac_mtDataReqTxOptionGp                                       
20005581  Main_assertReason                                                
20005584  Ssf_resetReseason                                                
20005585  bInSwi                                                           
20005588  csmPhy                                                           
20005589  customMinTxOffEnabled                                            
2000558a  dcEnabled                                                        
2000558b  devInfoConfirmationFlag                                          
2000558c  devInfoConfirmationMail                                          
2000558f  initBroadcastMsg                                                 
20005596  macRadioYielded                                                  
20005597  macSrcMatchIsEnabled                                             
20005598  macSrcMatchManualAddressTracking                                 
20005599  macTxCmdActive                                                   
2000559a  macTxSlottedDelay                                                
2000559b  macTxSlottedDelayFactor                                          
2000559e  numTx                                                            
2000559f  orphanestate                                                     
200055a3  parentFound                                                      
200055a6  reqAccessAlloc                                                   
200055ac  ti_sysbios_knl_Idle_initDone                                     
200055ad  ti_sysbios_runtime_Startup_done                                  
20005700  ti_sysbios_family_arm_v8m_Hwi_ramVectors                         
200057fc  heapStart                                                        
2003b000  __stack                                                          
2003b000  heapEnd                                                          
20040000  __STACK_END                                                      
50000000  __ccfg                                                           
ffffffff  __TI_pprof_out_hndl                                              
ffffffff  __TI_prof_data_size                                              
ffffffff  __TI_prof_data_start                                             
ffffffff  __binit__                                                        
ffffffff  __start___llvm_prf_bits                                          
ffffffff  __start___llvm_prf_cnts                                          
ffffffff  __stop___llvm_prf_bits                                           
ffffffff  __stop___llvm_prf_cnts                                           
ffffffff  binit                                                            
UNDEFED   ITM_flush                                                        
UNDEFED   ITM_restore                                                      
UNDEFED   PWM_config                                                       
UNDEFED   PWM_count                                                        
UNDEFED   __mpu_init                                                       

[1336 symbols]
