******************************************************************************
            TI ARM Clang Linker PC v3.2.2                      
******************************************************************************
>> Linked Sat Aug  3 15:50:08 2024

OUTPUT FILE NAME:   <collector_HUB.out>
ENTRY POINT SYMBOL: "ResetISR"  address: 0001bab5


MEMORY CONFIGURATION

         name            origin    length      used     unused   attr    fill
----------------------  --------  ---------  --------  --------  ----  --------
  FLASH                 00000000   00100000  0002db3c  000d24c4  R  X
  SRAM                  20000000   00040000  0000ccab  00033355  RW X
  CCFG                  50000000   00000800  0000007c  00000784  R  X


SEGMENT ALLOCATION MAP

run origin  load origin   length   init length attrs members
----------  ----------- ---------- ----------- ----- -------
00000000    00000000    0001d7a4   0001d7a4    r-x
  00000000    00000000    0000003c   0000003c    r-- .resetVecs
  00000040    00000040    0001bb00   0001bb00    r-x .text
  0001bb40    0001bb40    00001c64   00001c64    r-- .rodata
0001d7a4    0001d7a4    00000008   00000008    rw-
  0001d7a4    0001d7a4    00000008   00000008    rw- .args
0001d7ac    0001d7ac    00000394   00000394    r--
  0001d7ac    0001d7ac    00000394   00000394    r-- .cinit
0004e000    0004e000    00008000   00000000    rw-
  0004e000    0004e000    00008000   00000000    rw- .TI.bound:flashBuf0
000e1000    000e1000    00008000   00000000    rw-
  000e1000    000e1000    00008000   00000000    rw- .TI.bound:flashBuf1
20000000    20000000    00000450   00000000    rw-
  20000000    20000000    00000450   00000000    rw- .bss.1
20000450    20000450    00000020   00000000    rw-
  20000450    20000450    00000010   00000000    rw- .TI.bound:dmaUart1RxControlTableEntry
  20000460    20000460    00000010   00000000    rw- .TI.bound:dmaUart1TxControlTableEntry
20000470    20000470    0000683f   00000000    rw-
  20000470    20000470    0000683f   00000000    rw- .bss.2
20006d00    20006d00    00000dd1   00000000    rw-
  20006d00    20006d00    00000dd1   00000000    rw- .data
20007b00    20007b00    000001fc   00000000    rw-
  20007b00    20007b00    000001fc   00000000    rw- .ramVecs
2003b000    2003b000    00005000   00000000    rw-
  2003b000    2003b000    00005000   00000000    rw- .stack
50000000    50000000    0000007c   0000007c    r--
  50000000    50000000    0000007c   0000007c    r-- .ccfg


SECTION ALLOCATION MAP

 output                                  attributes/
section   page    origin      length       input sections
--------  ----  ----------  ----------   ----------------
.resetVecs 
*          0    00000000    0000003c     
                  00000000    0000003c     ti_sysbios_config.o (.resetVecs)

.rodata    0    0001bb40    00001c64     
                  0001bb40    00000628     rf_multiMode_cc13x4.a : rf_patch_cpe_multi_protocol.c.cc13x4.ticlang.o (.rodata.patchImageMultiProtocol)
                  0001c168    00000008                           : RFCC26X2_multiMode.c.cc13x4.ticlang.o (.rodata..L__const.RF_hwiCpe0Active.activeCmd)
                  0001c170    00000101     libc.a : aeabi_ctype.S.obj (.rodata:__aeabi_ctype_table_)
                  0001c271    00000100     crc.o (.rodata.crc_table)
                  0001c371    000000f8     mac_cfg.o (.rodata.macPibTbl)
                  0001c469    0000008a     ti_sysbios_config.o (.rodata.ti_sysbios_family_arm_v8m_Hwi_Instance_init.err.1)
                  0001c4f3    00000089     ti_sysbios_config.o (.rodata.ti_sysbios_runtime_Memory_alloc.err)
                  0001c57c    00000088     mac_cfg.o (.rodata.macPibDefaults)
                  0001c604    00000087     ti_sysbios_config.o (.rodata.ti_sysbios_family_arm_v8m_Hwi_Instance_init.err)
                  0001c68b    00000072     maclib_secure_cc13x4_tirtos7.a : hmac_global.c.o (.rodata.macIdleSt)
                  0001c6fd    00000072                                    : hmac_global.c.o (.rodata.macScanningSt)
                  0001c76f    00000072                                    : hmac_global.c.o (.rodata.macStartingSt)
                  0001c7e1    00000003     embedded_cli.o (.rodata.str1.107731104096476205821)
                  0001c7e4    0000006c     mac_user_config.o (.rodata.macRfDriverTable)
                  0001c850    00000068     drivers_cc13x4.a : PowerCC26X2.c.obj (.rodata.resourceDB)
                  0001c8b8    00000058     mac_cfg.o (.rodata.macSecurityPibTbl)
                  0001c910    00000058     ti_drivers_config.o (.rodata.uart2CC26X2HWAttrs)
                  0001c968    00000050     mac_cfg.o (.rodata.macMRFSKStdPhyTable)
                  0001c9b8    00000050     bindings.o (.rodata.str1.103882441609053769411)
                  0001ca08    00000046     bindings.o (.rodata.str1.152180950245161031301)
                  0001ca4e    00000046     console.o (.rodata.str1.19702299986539912601)
                  0001ca94    00000045     console.o (.rodata.str1.18229403853647403271)
                  0001cad9    00000043     console.o (.rodata.str1.124339099123255022361)
                  0001cb1c    00000040     mac_user_config.o (.rodata.macCryptoDriverTable)
                  0001cb5c    00000040     maclib_secure_cc13x4_tirtos7.a : hmac_global.c.o (.rodata.macTimerRolloverValue)
                  0001cb9c    00000040     console.o (.rodata.str1.177911780714010508361)
                  0001cbdc    0000003e     console.o (.rodata.str1.154537634631603354661)
                  0001cc1a    00000002     cllc.o (.rodata.keyUsageList)
                  0001cc1c    00000038     maclib_secure_cc13x4_tirtos7.a : hmac_global.c.o (.rodata.macCmdIncludeFHIe)
                  0001cc54    00000038     bindings.o (.rodata.str1.67156970037974138861)
                  0001cc8c    00000036     bindings.o (.rodata.str1.79975061567216625751)
                  0001ccc2    00000031     embedded_cli.o (.rodata.str1.61364102392489726071)
                  0001ccf3    00000001     ti_drivers_config.o (.rodata.Button_count)
                  0001ccf4    00000030     ti_radio_config.o (.rodata.RF_cmdPropRxAdv_2gfsk50kbps154g)
                  0001cd24    0000002f     bindings.o (.rodata.str1.54453938773150735381)
                  0001cd53    0000002e     embedded_cli.o (.rodata.str1.173825616155993455851)
                  0001cd81    0000002d     bindings.o (.rodata.str1.37487272268987670171)
                  0001cdae    0000002b     console.o (.rodata.str1.117202593779801968171)
                  0001cdd9    0000002a     console.o (.rodata.str1.118433779020092289561)
                  0001ce03    0000002a     console.o (.rodata.str1.32144297914801063621)
                  0001ce2d    00000003     embedded_cli.o (.rodata.str1.12856399847108679661)
                  0001ce30    00000028     drivers_cc13x4.a : NVSCC26XX.c.obj (.rodata.NVSCC26XX_fxnTable)
                  0001ce58    00000028     ti_radio_config.o (.rodata.RF_cmdPropRadioDivSetup_2gfsk50kbps154g)
                  0001ce80    00000028     maclib_secure_cc13x4_tirtos7.a : mac_radio.c.o (.rodata.activityObject)
                  0001cea8    00000027     bindings.o (.rodata.str1.83350155200790866711)
                  0001cecf    00000026     console.o (.rodata.str1.82911753974822136681)
                  0001cef5    00000002     drivers_cc13x4.a : UART2CC26X2.c.obj (.rodata.stopBits)
                  0001cef7    00000001     ti_drivers_config.o (.rodata.GPIO_pinLowerBound)
                  0001cef8    00000024     drivers_cc13x4.a : UART2.c.obj (.rodata.UART2_defaultParams)
                  0001cf1c    00000024     ti_sysbios_config.o (.rodata.ti_sysbios_knl_Task_Params_default)
                  0001cf40    00000023     console.o (.rodata.str1.112170045911579039031)
                  0001cf63    00000023     bindings.o (.rodata.str1.42728214177340263861)
                  0001cf86    00000002     embedded_cli.o (.rodata.str1.143641102918279536761)
                  0001cf88    00000020     mac_user_config.o (.rodata..L__const.rfSelect.RfCfg)
                  0001cfa8    00000020     ti_radio_config.o (.rodata.RF_cmdPropTxAdv_2gfsk50kbps154g)
                  0001cfc8    00000020     rf_multiMode_cc13x4.a : RFCC26X2_multiMode.c.cc13x4.ticlang.o (.rodata.cst32)
                  0001cfe8    00000020     cllc.o (.rodata.keyDeviceList)
                  0001d008    0000001f     bindings.o (.rodata.str1.160890868548895571111)
                  0001d027    0000001e     console.o (.rodata.str1.140633853591095507641)
                  0001d045    0000001e     bindings.o (.rodata.str1.161195190691457351541)
                  0001d063    0000001d     ti_sysbios_config.o (.rodata.str1.114093530142707899381)
                  0001d080    0000001d     console.o (.rodata.str1.148731930830276395691)
                  0001d09d    0000001d     bindings.o (.rodata.str1.161245782054735532971)
                  0001d0ba    00000002     ti_sysbios_config.o (.rodata.str1.71102027280925491351)
                  0001d0bc    0000001c     ti_radio_config.o (.rodata.RF_cmdPropCs_2gfsk50kbps154g)
                  0001d0d8    0000001c     driverlib.lib : prcm.c.obj (.rodata.g_pui32DCGCRegs)
                  0001d0f4    0000001c                   : prcm.c.obj (.rodata.g_pui32RCGCRegs)
                  0001d110    0000001c                   : prcm.c.obj (.rodata.g_pui32SCGCRegs)
                  0001d12c    0000001c     console.o (.rodata.str1.135340693881112255621)
                  0001d148    0000001c     ti_sysbios_config.o (.rodata.str1.54136785629011067091)
                  0001d164    0000001c     ti_sysbios_config.o (.rodata.ti_sysbios_family_arm_v8m_cc26x4_Timer_Params_default)
                  0001d180    0000001c     ti_sysbios_config.o (.rodata.ti_sysbios_knl_Mailbox_Params_default)
                  0001d19c    0000001b     console.o (.rodata.str1.48602567378597882131)
                  0001d1b7    0000001b     bindings.o (.rodata.str1.99837668813231439621)
                  0001d1d2    0000001a     console.o (.rodata.str1.109483738412126489071)
                  0001d1ec    0000001a     bindings.o (.rodata.str1.155764942097675853221)
                  0001d206    0000001a     console.o (.rodata.str1.98090407489521728901)
                  0001d220    00000018     ti_drivers_config.o (.rodata.NVS_config)
                  0001d238    00000018     drivers_cc13x4.a : PWM.c.obj (.rodata.PWM_defaultParams)
                  0001d250    00000018     ti_radio_config.o (.rodata.RF_cmdFs_2gfsk50kbps154g)
                  0001d268    00000018     maclib_secure_cc13x4_tirtos7.a : hmac_global.c.o (.rodata.macSendMsgBufSize)
                  0001d280    00000018     console.o (.rodata.str1.82032240864648347871)
                  0001d298    00000018     ti_sysbios_config.o (.rodata.ti_sysbios_family_arm_v8m_Hwi_Params_default)
                  0001d2b0    00000017     bindings.o (.rodata.str1.45929560980929028091)
                  0001d2c7    00000017     embedded_cli.o (.rodata.str1.60117792541136907051)
                  0001d2de    00000016     console.o (.rodata.str1.157482613126777534291)
                  0001d2f4    00000016     embedded_cli.o (.rodata.str1.56794714276310652161)
                  0001d30a    00000015     console.o (.rodata.str1.109861027652257433771)
                  0001d31f    00000015     bindings.o (.rodata.str1.133492802341922158351)
                  0001d334    00000015     console.o (.rodata.str1.2141151539762549531)
                  0001d349    00000002     console.o (.rodata.str1.74025154271156921711)
                  0001d34b    00000001     ti_drivers_config.o (.rodata.GPIO_pinUpperBound)
                  0001d34c    00000015     console.o (.rodata.str1.37004117601215091994)
                  0001d361    00000015     bindings.o (.rodata.str1.89615615662243149171)
                  0001d376    00000001     ti_drivers_config.o (.rodata.LED_count)
                  0001d377    00000001     ti_drivers_config.o (.rodata.NVS_count)
                  0001d378    00000014     drivers_cc13x4.a : Button.c.obj (.rodata.Button_defaultParams)
                  0001d38c    00000014     ti_drivers_config.o (.rodata.PowerCC26X2_config)
                  0001d3a0    00000014     drivers_cc13x4.a : TRNG.c.obj (.rodata.TRNG_defaultParams)
                  0001d3b4    00000014     bindings.o (.rodata.str1.157098827610153003181)
                  0001d3c8    00000014     ti_sysbios_config.o (.rodata.ti_sysbios_knl_Swi_Params_default)
                  0001d3dc    00000013     macTask.o (.rodata.msacbackSizeTable)
                  0001d3ef    00000013     bindings.o (.rodata.str1.102313780214714042181)
                  0001d402    00000013     bindings.o (.rodata.str1.10778172599238569251)
                  0001d415    00000013     console.o (.rodata.str1.173445106894637189081)
                  0001d428    00000013     embedded_cli.o (.rodata.str1.17592202579311432871)
                  0001d43b    00000013     console.o (.rodata.str1.21839946123909661931)
                  0001d44e    00000013     console.o (.rodata.str1.56170280465575791341)
                  0001d461    00000012     bindings.o (.rodata.str1.144734872399533419521)
                  0001d473    00000012     bindings.o (.rodata.str1.44805155420352634551)
                  0001d485    00000012     console.o (.rodata.str1.58651297034802050711)
                  0001d497    00000011     ti_sysbios_config.o (.rodata.str1.111528116657238352481)
                  0001d4a8    00000011     collector.o (.rodata.str1.13089487403221750681)
                  0001d4b9    00000011     libc.a : _printfi.c.obj (.rodata.str1.44690500295887128011)
                  0001d4ca    00000011     console.o (.rodata.str1.68093814076132445351)
                  0001d4db    00000011     bindings.o (.rodata.str1.80618083569694243781)
                  0001d4ec    00000010     drivers_cc13x4.a : AESCCM.c.obj (.rodata.AESCCM_defaultParams)
                  0001d4fc    00000010     ti_drivers_config.o (.rodata.ButtonHWAttrs)
                  0001d50c    00000010     ti_drivers_config.o (.rodata.Button_config)
                  0001d51c    00000010     ti_drivers_config.o (.rodata.GPIO_config)
                  0001d52c    00000010     ti_drivers_config.o (.rodata.LED_config)
                  0001d53c    00000010     maclib_secure_cc13x4_tirtos7.a : hmac_global.c.o (.rodata.macIEEEPhyTable)
                  0001d54c    00000010     ti_drivers_config.o (.rodata.nvsCC26XXHWAttrs)
                  0001d55c    00000010     bindings.o (.rodata.str1.146699211267795792031)
                  0001d56c    00000010     ti_sysbios_config.o (.rodata.str1.67815635884313329291)
                  0001d57c    0000000f     console.o (.rodata.str1.110349819247255717211)
                  0001d58b    0000000f     ti_sysbios_config.o (.rodata.str1.123815885180704396101)
                  0001d59a    0000000e     maclib_secure_cc13x4_tirtos7.a : hmac_global.c.o (.rodata.macCmdBufSize)
                  0001d5a8    0000000e                                    : hmac_global.c.o (.rodata.macTxFrameFailed)
                  0001d5b6    0000000e                                    : hmac_global.c.o (.rodata.macTxFrameSuccess)
                  0001d5c4    0000000e     bindings.o (.rodata.str1.78406596750728922571)
                  0001d5d2    0000000d     bindings.o (.rodata.str1.109904896690069623821)
                  0001d5df    0000000d     bindings.o (.rodata.str1.144095348950462520971)
                  0001d5ec    0000000d     bindings.o (.rodata.str1.32070044298335701421)
                  0001d5f9    0000000d     console.o (.rodata.str1.84806106596227001311)
                  0001d606    0000000d     bindings.o (.rodata.str1.97354886866287948881)
                  0001d613    00000001     ti_drivers_config.o (.rodata.UART2_count)
                  0001d614    0000000c     drivers_cc13x4.a : Random.c.obj (.rodata..L__const.Random_seedAutomatic.hwAttrs)
                  0001d620    0000000c     utc_clock.o (.rodata.EPOCH_convertTime.daysInMonth)
                  0001d62c    0000000c     ti_drivers_config.o (.rodata.RFCC26XX_hwAttrs)
                  0001d638    0000000c     ti_sysbios_config.o (.rodata.defAttrs)
                  0001d644    0000000c     maclib_secure_cc13x4_tirtos7.a : hmac_global.c.o (.rodata.macCbackEventTbl)
                  0001d650    0000000c                                    : hmac_global.c.o (.rodata.macSendMsgDataSize)
                  0001d65c    0000000c     control_task.o (.rodata.str1.20335272819579692351)
                  0001d668    0000000c     bindings.o (.rodata.str1.22730360767133370921)
                  0001d674    0000000c     ti_sysbios_config.o (.rodata.ti_sysbios_knl_Clock_Params_default)
                  0001d680    0000000c     ti_sysbios_config.o (.rodata.ti_sysbios_knl_Semaphore_Params_default)
                  0001d68c    0000000a     drivers_cc13x4.a : Button.c.obj (.rodata..Lswitch.table.Button_gpioCallbackFxn)
                  0001d696    00000001     ti_drivers_config.o (.rodata.aesccmCC26X4HWAttrs)
                  0001d697    00000001     bindings.o (.rodata.str1.27629447259544580711)
                  0001d698    0000000a     cllc.o (.rodata.keyIdLookupList)
                  0001d6a2    0000000a     console.o (.rodata.str1.157847336827218404471)
                  0001d6ac    0000000a     bindings.o (.rodata.str1.99982223497158117831)
                  0001d6b6    00000009     maclib_secure_cc13x4_tirtos7.a : hmac_global.c.o (.rodata.macCmdLen)
                  0001d6bf    00000009     console.o (.rodata.str1.150062874063377985621)
                  0001d6c8    00000009     console.o (.rodata.str1.31906269165783145471)
                  0001d6d1    00000009     console.o (.rodata.str1.79149487584464972151)
                  0001d6da    00000001     embedded_cli.o (.rodata.str1.82444801724869462321)
                  0001d6db    00000001     --HOLE-- [fill = 0]
                  0001d6dc    00000008     ti_drivers_config.o (.rodata.AESCCM_config)
                  0001d6e4    00000008     cllc.o (.rodata.Cllc_keySource)
                  0001d6ec    00000008     drivers_cc13x4.a : LED.c.obj (.rodata.LED_defaultParams)
                  0001d6f4    00000008     ti_drivers_config.o (.rodata.UART2_config)
                  0001d6fc    00000008     ti_drivers_config.o (.rodata.UDMACC26XX_config)
                  0001d704    00000008     driverlib.lib : aux_sysif.c.obj (.rodata.cst4)
                  0001d70c    00000008     maclib_secure_cc13x4_tirtos7.a : mac_rx.c.o (.rodata.cst4)
                  0001d714    00000008     main.o (.rodata.cst8)
                  0001d71c    00000008     maclib_secure_cc13x4_tirtos7.a : hmac_global.c.o (.rodata.macAuthTagLen)
                  0001d724    00000008     ti_sysbios_config.o (.rodata.prefixStrings)
                  0001d72c    00000008     bindings.o (.rodata.str1.174487428670864767921)
                  0001d734    00000008     console.o (.rodata.str1.18789277889791793101)
                  0001d73c    00000008     ti_sysbios_config.o (.rodata.ti_sysbios_knl_Idle_funcList)
                  0001d744    00000008     ti_drivers_config.o (.rodata.udmaCC26XXHWAttrs)
                  0001d74c    00000007     ti_sysbios_config.o (.rodata.str1.174580395633770214331)
                  0001d753    00000006     console.o (.rodata.str1.152013950760718497991)
                  0001d759    00000006     bindings.o (.rodata.str1.8786097754242680851)
                  0001d75f    00000005     drivers_cc13x4.a : UART2CC26X2.c.obj (.rodata.parityType)
                  0001d764    00000005                      : UART2CC26X2.c.obj (.rodata.rxFifoThreshold)
                  0001d769    00000005     cllc.o (.rodata.securityLevelEntry)
                  0001d76e    00000005     embedded_cli.o (.rodata.str1.174756512096424909541)
                  0001d773    00000005     bindings.o (.rodata.str1.28206725782978356331)
                  0001d778    00000005     drivers_cc13x4.a : UART2CC26X2.c.obj (.rodata.txFifoThreshold)
                  0001d77d    00000004     ti_drivers_config.o (.rodata.LEDHWAttrs)
                  0001d781    00000003     --HOLE-- [fill = 0]
                  0001d784    00000004     drivers_cc13x4.a : NVS.c.obj (.rodata.NVS_defaultParams)
                  0001d788    00000004     ti_sysbios_config.o (.rodata.TimestampP_nativeFormat32)
                  0001d78c    00000004     ti_sysbios_config.o (.rodata.TimestampP_nativeFormat64)
                  0001d790    00000004     drivers_cc13x4.a : UART2CC26X2.c.obj (.rodata.cst4)
                  0001d794    00000004     maclib_secure_cc13x4_tirtos7.a : hmac_global.c.o (.rodata.macKeySourceLen)
                  0001d798    00000004     embedded_cli.o (.rodata.str1.92385517120831250771)
                  0001d79c    00000004     ti_sysbios_config.o (.rodata.ti_sysbios_family_arm_v8m_Hwi_swiTaskKeyAddress)
                  0001d7a0    00000004     ti_sysbios_config.o (.rodata.ti_sysbios_knl_Clock_tickPeriod)

.cinit     0    0001d7ac    00000394     
                  0001d7ac    00000330     (.cinit..data.load) [load image, compression = lzss]
                  0001dadc    0000000c     (__TI_handler_table)
                  0001dae8    00000008     (.cinit..TI.bound:dmaUart1RxControlTableEntry.load) [load image, compression = zero_init]
                  0001daf0    00000008     (.cinit..TI.bound:dmaUart1TxControlTableEntry.load) [load image, compression = zero_init]
                  0001daf8    00000008     (.cinit..bss.1.load) [load image, compression = zero_init]
                  0001db00    00000008     (.cinit..bss.2.load) [load image, compression = zero_init]
                  0001db08    00000008     (.cinit..ramVecs.load) [load image, compression = zero_init]
                  0001db10    00000030     (__TI_cinit_table)

.init_array 
*          0    00000000    00000000     UNINITIALIZED

.TI.bound:flashBuf0 
*          0    0004e000    00008000     UNINITIALIZED
                  0004e000    00008000     ti_drivers_config.o (.TI.bound:flashBuf0)

.TI.bound:flashBuf1 
*          0    000e1000    00008000     UNINITIALIZED
                  000e1000    00008000     ti_drivers_config.o (.TI.bound:flashBuf1)

.data      0    20006d00    00000dd1     UNINITIALIZED
                  20006d00    00000178     drivers_cc13x4.a : PowerCC26X2.c.obj (.data.PowerCC26X2_module)
                  20006e78    000000f0     libc.a : defs.c.obj (.data._ftable)
                  20006f68    000000c0     ti_drivers_config.o (.data.gpioPinConfigs)
                  20007028    000000af     ti_radio_config.o (.data.txPowerTable_868_pa13)
                  200070d7    00000001     main.o (.data.Main_assertReason)
                  200070d8    000000a0     mac_cfg.o (.data.macMRFSKGenPhyTable)
                  20007178    00000078     libsysbm.a : host_device.c.obj (.data._device)
                  200071f0    00000074     csf.o (.data..L_MergedGlobals.1)
                  20007264    0000006c     maclib_secure_cc13x4_tirtos7.a : hmac_global.c.o (.data.fhObject)
                  200072d0    00000068     rf_multiMode_cc13x4.a : RFCC26X2_multiMode.c.cc13x4.ticlang.o (.data..L_MergedGlobals.1)
                  20007338    00000068     ti_sysbios_config.o (.data..L_MergedGlobals.72)
                  200073a0    00000068     ti_sysbios_config.o (.data..L_MergedGlobals)
                  20007408    00000068     ti_sysbios_config.o (.data.ti_sysbios_knl_Clock_Module_state)
                  20007470    00000064     rf_multiMode_cc13x4.a : RFCC26X2_multiMode.c.cc13x4.ticlang.o (.data..L_MergedGlobals.3)
                  200074d4    00000060     collector.o (.data..L_MergedGlobals)
                  20007534    0000005c     main.o (.data.Main_user1Cfg)
                  20007590    00000058     rf_multiMode_cc13x4.a : RFCC26X2_multiMode.c.cc13x4.ticlang.o (.data..L_MergedGlobals.2)
                  200075e8    00000058     cllc.o (.data..L_MergedGlobals)
                  20007640    00000050     nvocmp.o (.data..L_MergedGlobals.1)
                  20007690    00000050     libsysbm.a : host_device.c.obj (.data._stream)
                  200076e0    00000048     cllc.o (.data.macCallbacksCopy)
                  20007728    0000003c     ti_sysbios_config.o (.data.ti_sysbios_knl_Task_Module_state)
                  20007764    00000038     drivers_cc13x4.a : TRNGCC26XX.c.obj (.data..L_MergedGlobals.1)
                  2000779c    00000034     maclib_secure_cc13x4_tirtos7.a : hmac_global.c.o (.data.macBeaconPayload)
                  200077d0    00000030     drivers_cc13x4.a : TRNGCC26XX.c.obj (.data..L_MergedGlobals)
                  20007800    0000002c     ti_radio_config.o (.data.pOverrides_2gfsk50kbps154g)
                  2000782c    00000024     maclib_secure_cc13x4_tirtos7.a : hmac_global.c.o (.data.macActionSet)
                  20007850    00000020                                    : mac.c.o (.data..L_MergedGlobals)
                  20007870    00000020     mac_cfg.o (.data.macBeaconMargin)
                  20007890    00000018     maclib_secure_cc13x4_tirtos7.a : mac_duty_cycle.c.o (.data..L_MergedGlobals)
                  200078a8    00000015                                    : mac_rx.c.o (.data..L_MergedGlobals)
                  200078bd    00000003                                    : mac_tx.c.o (.data..L_MergedGlobals.1)
                  200078c0    00000014     csf.o (.data..L_MergedGlobals)
                  200078d4    00000014     ti_sysbios_config.o (.data.defaultPthreadAttrs)
                  200078e8    00000014     maclib_secure_cc13x4_tirtos7.a : hmac_global.c.o (.data.macStateTbl)
                  200078fc    00000014     main.o (.data.macUser0Cfg)
                  20007910    00000011     control_task.o (.data..L_MergedGlobals.1)
                  20007921    00000003     api_mac.o (.data..L_MergedGlobals)
                  20007924    00000010     control_task.o (.data..L_MergedGlobals)
                  20007934    00000010     driverlib.lib : osc.c.obj (.data..L_MergedGlobals)
                  20007944    00000010     macTask.o (.data..L_MergedGlobals)
                  20007954    00000010     utc_clock.o (.data..L_MergedGlobals)
                  20007964    00000010     mac_settings.o (.data.RF_cmdNop)
                  20007974    00000010     mac_settings.o (.data.RF_cmdNopFg)
                  20007984    00000010     ti_radio_config.o (.data.RF_prop_2gfsk50kbps154g)
                  20007994    00000010     driverlib.lib : osc.c.obj (.data._hposcCoeffs)
                  200079a4    00000010     mac_cfg.o (.data.macCfg)
                  200079b4    0000000c     maclib_osal_tirtos7_cc13x4_26x4.a : osal_port.c.o (.data..L_MergedGlobals.1)
                  200079c0    0000000c     maclib_secure_cc13x4_tirtos7.a : mac.c.o (.data..L_MergedGlobals.1)
                  200079cc    0000000c     drivers_cc13x4.a : NVSCC26XX.c.obj (.data..L_MergedGlobals)
                  200079d8    0000000c     maclib_osal_tirtos7_cc13x4_26x4.a : osal_port.c.o (.data..L_MergedGlobals)
                  200079e4    00000008                                       : osal_port_timers.c.o (.data..L_MergedGlobals.1)
                  200079ec    00000008     maclib_secure_cc13x4_tirtos7.a : mac_radio.c.o (.data..L_MergedGlobals.1)
                  200079f4    00000008     libc.a : exit.c.obj (.data..L_MergedGlobals)
                  200079fc    00000008     maclib_osal_tirtos7_cc13x4_26x4.a : osal_port_timers.c.o (.data..L_MergedGlobals)
                  20007a04    00000008     maclib_secure_cc13x4_tirtos7.a : mac_radio.c.o (.data..L_MergedGlobals)
                  20007a0c    00000008                                    : mac_radio_tx.c.o (.data..L_MergedGlobals)
                  20007a14    00000008                                    : mac_tx.c.o (.data..L_MergedGlobals)
                  20007a1c    00000008     rf_multiMode_cc13x4.a : RFCC26X2_multiMode.c.cc13x4.ticlang.o (.data..L_MergedGlobals)
                  20007a24    00000008                           : RFCC26X2_multiMode.c.cc13x4.ticlang.o (.data.RFCC26XX_schedulerPolicy)
                  20007a2c    00000008     ti_sysbios_config.o (.data.ti_sysbios_gates_GateMutexPri_Module_state)
                  20007a34    00000008     ti_sysbios_config.o (.data.ti_sysbios_heaps_HeapCallback_Module_state)
                  20007a3c    00000008     ti_sysbios_config.o (.data.ti_sysbios_knl_Mailbox_Module_state)
                  20007a44    00000008     ti_sysbios_config.o (.data.ti_sysbios_knl_Semaphore_Module_state)
                  20007a4c    00000004     maclib_secure_cc13x4_tirtos7.a : mac_hl_patch.c.o (.data..L_MergedGlobals)
                  20007a50    00000004     drivers_cc13x4.a : PowerCC26X2.c.obj (.data.PowerCC26X2_rtcSubSecInc)
                  20007a54    00000004     rf_multiMode_cc13x4.a : RFCC26X2_multiMode.c.cc13x4.ticlang.o (.data.RF_fsmActiveState.lfClockSourceLast)
                  20007a58    00000004     libc.a : defs.c.obj (.data.__TI_ft_end)
                  20007a5c    00000004            : aeabi_portable.c.obj (.data.__aeabi_errno)
                  20007a60    00000004            : _lock.c.obj (.data._lock)
                  20007a64    00000004            : _lock.c.obj (.data._unlock)
                  20007a68    00000004     api_mac.o (.data.appEvents)
                  20007a6c    00000004     bindings.o (.data.gmt)
                  20007a70    00000004     maclib_secure_cc13x4_tirtos7.a : hmac_global.c.o (.data.macDataBeaconRequeue)
                  20007a74    00000004                                    : hmac_global.c.o (.data.macDataCheckSched)
                  20007a78    00000004                                    : hmac_global.c.o (.data.macDataCheckTxTime)
                  20007a7c    00000004                                    : hmac_global.c.o (.data.macDataRequeueIndirect)
                  20007a80    00000004                                    : hmac_global.c.o (.data.macDataRxBeaconCritical)
                  20007a84    00000004                                    : hmac_global.c.o (.data.macDataSetSched)
                  20007a88    00000004                                    : hmac_global.c.o (.data.macDataTxBeaconComplete)
                  20007a8c    00000004                                    : hmac_global.c.o (.data.macDataTxIndirect)
                  20007a90    00000004                                    : mac_symbol_timer.c.o (.data.macSymbolWakeupClock)
                  20007a94    00000004     macTask.o (.data.macTaskEvents)
                  20007a98    00000004     maclib_secure_cc13x4_tirtos7.a : hmac_global.c.o (.data.macTimerNewRollover)
                  20007a9c    00000004                                    : hmac_global.c.o (.data.macTimerRollover)
                  20007aa0    00000004                                    : mac.c.o (.data.minTxOffTime)
                  20007aa4    00000004     api_mac.o (.data.pMacCallbacks)
                  20007aa8    00000004     maclib_secure_cc13x4_tirtos7.a : hmac_global.c.o (.data.pMacDataTx)
                  20007aac    00000004                                    : mac_radio_tx.c.o (.data.pMacEnhancedAck)
                  20007ab0    00000004                                    : mac_mcu.c.o (.data.pRandomSeedCB)
                  20007ab4    00000002                                    : mac_autopend.c.o (.data..L_MergedGlobals)
                  20007ab6    00000002     cllc.o (.data.Cllc_numOfDevices)
                  20007ab8    00000002     maclib_secure_cc13x4_tirtos7.a : mac_hl_patch.c.o (.data.assoc_resp_no_ack_cnt)
                  20007aba    00000002     mac_cfg.o (.data.symbol_rate_custom)
                  20007abc    00000001     nvocmp.o (.data.NVOCMP_failF)
                  20007abd    00000001     maclib_secure_cc13x4_tirtos7.a : lmac_global.c.o (.data.bInSwi)
                  20007abe    00000001     rf_multiMode_cc13x4.a : rf_patch_cpe_multi_protocol.c.cc13x4.ticlang.o (.data.bMultiProtocolPatchEntered)
                  20007abf    00000001     maclib_secure_cc13x4_tirtos7.a : hmac_global.c.o (.data.csmPhy)
                  20007ac0    00000001                                    : mac.c.o (.data.customMinTxOffEnabled)
                  20007ac1    00000001                                    : mac_duty_cycle.c.o (.data.dcEnabled)
                  20007ac2    00000001     bindings.o (.data.gmt_zone)
                  20007ac3    00000001     drivers_cc13x4.a : GPIOCC26X4.c.obj (.data.initCalled)
                  20007ac4    00000001                      : AESCCMCC26X4.c.obj (.data.isInitialized)
                  20007ac5    00000001                      : CryptoResourceCC26XX.c.obj (.data.isInitialized)
                  20007ac6    00000001                      : NVS.c.obj (.data.isInitialized)
                  20007ac7    00000001                      : PWM.c.obj (.data.isInitialized)
                  20007ac8    00000001     maclib_secure_cc13x4_tirtos7.a : lmac_global.c.o (.data.macRadioYielded)
                  20007ac9    00000001                                    : lmac_global.c.o (.data.macSrcMatchIsEnabled)
                  20007aca    00000001                                    : mac_autopend.c.o (.data.macSrcMatchManualAddressTracking)
                  20007acb    00000001                                    : mac.c.o (.data.macTxCmdActive)
                  20007acc    00000001                                    : lmac_global.c.o (.data.macTxSlottedDelay)
                  20007acd    00000001                                    : mac_tx.c.o (.data.macTxSlottedDelayFactor)
                  20007ace    00000001                                    : mac_tx.c.o (.data.npdb)
                  20007acf    00000001                                    : mac_tx.c.o (.data.numTx)
                  20007ad0    00000001                                    : mac.c.o (.data.reqAccessAlloc)

.ramVecs   0    20007b00    000001fc     UNINITIALIZED
                  20007b00    000000fc     driverlib.lib : interrupt.c.obj (.ramVecs)
                  20007bfc    00000004     --HOLE--
                  20007c00    000000fc     ti_sysbios_config.o (.ramVecs)

.sysmem    0    20007cfc    00000000     UNINITIALIZED

.nonretenvar 
*          0    20007cfc    00000000     UNINITIALIZED

.stack     0    2003b000    00005000     UNINITIALIZED
                  2003b000    00000004     sysbios.a : boot_cortex_m.c.obj (.stack)
                  2003b004    00004ffc     --HOLE--

.ccfg      0    50000000    0000007c     
                  50000000    0000007c     ti_devices_config.o (.ccfg)

.text      0    00000040    0001bb00     
                  00000040    00000744     maclib_secure_cc13x4_tirtos7.a : mac_rx.c.o (.text.macRxFrameIsr)
                  00000784    00000594                                    : mac_radio_tx.c.o (.text.macRadioTxGo)
                  00000d18    00000538     nvocmp.o (.text.NVOCMP_compactPage)
                  00001250    00000538     nvocmp.o (.text.NVOCMP_initNvApi)
                  00001788    00000480     rf_multiMode_cc13x4.a : RFCC26X2_multiMode.c.cc13x4.ticlang.o (.text.RF_fsmActiveState)
                  00001c08    00000454     embedded_cli.o (.text.embeddedCliProcess)
                  0000205c    000003e0     collector.o (.text.dataIndCB)
                  0000243c    000003b8     api_mac.o (.text.ApiMac_processIncoming)
                  000027f4    00000380     collector.o (.text.Collector_process)
                  00002b74    00000358     maclib_secure_cc13x4_tirtos7.a : mac_rx.c.o (.text.rxPayloadIsr)
                  00002ecc    0000031c                                    : mac_hl_patch.c.o (.text.macWrapperAddDevice)
                  000031e8    000002f4                                    : mac.c.o (.text.macRxCb)
                  000034dc    000002ec                                    : mac_mgmt.c.o (.text.macBuildHeader)
                  000037c8    000002e8                                    : mac_radio_tx.c.o (.text.macRadioCsmaTxCb)
                  00003ab0    00000010     drivers_cc13x4.a : AESCCM.c.obj (.text.AESCCM_Params_init)
                  00003ac0    000002dc     libc.a : strcmp_t2.S.obj (.text:strcmp)
                  00003d9c    000002b4     control_task.o (.text.controlTask_)
                  00004050    00000290     ti_sysbios_config.o (.text.ti_sysbios_runtime_System_doPrint)
                  000042e0    00000288     bindings.o (.text.createPairing)
                  00004568    00000268     maclib_secure_cc13x4_tirtos7.a : mac_radio.c.o (.text.macRadioInitSubG)
                  000047d0    00000268     libc.a : _printfi.c.obj (.text:__TI_printfi_minimal)
                  00004a38    0000024c     rf_multiMode_cc13x4.a : RFCC26X2_multiMode.c.cc13x4.ticlang.o (.text.RF_open)
                  00004c84    00000240     macTask.o (.text.macTaskFxn)
                  00004ec4    00000228     maclib_secure_cc13x4_tirtos7.a : mac_security_pib.c.o (.text.MAC_MlmeSetSecurityReq)
                  000050ec    0000021c                                    : mac_radio_tx.c.o (.text.macRadioTxRequestTxAck)
                  00005308    00000210                                    : mac.c.o (.text.macSendReceiveCmdSubG)
                  00005518    000001fc     drivers_cc13x4.a : AESCCMCC26X4.c.obj (.text.AESCCM_addAADInternal)
                  00005714    000001f4     nvocmp.o (.text.NVOCMP_addItem)
                  00005908    000001f0     drivers_cc13x4.a : UART2CC26X2.c.obj (.text.UART2CC26X2_hwiIntFxn)
                  00005af8    000001ec     maclib_secure_cc13x4_tirtos7.a : mac_hl_patch.c.o (.text.macTxCompleteCallback)
                  00005ce4    000001e8     rf_multiMode_cc13x4.a : RFCC26X2_multiMode.c.cc13x4.ticlang.o (.text.RF_scheduleCmd)
                  00005ecc    000001dc                           : RFCC26X2_multiMode.c.cc13x4.ticlang.o (.text.RF_dispatchNextCmd)
                  000060a8    000001d8     maclib_secure_cc13x4_tirtos7.a : mac_security_pib.c.o (.text.macSecurityPibReset)
                  00006280    000001d4     drivers_cc13x4.a : UART2.c.obj (.text.UART2_readTimeout)
                  00006454    000001d4     console.o (.text.consoleTask_)
                  00006628    000001d4     mac_settings.o (.text.rfSetConfigSubG)
                  000067fc    000001d0     maclib_secure_cc13x4_tirtos7.a : mac.c.o (.text.macSendReceiveCmdIeee)
                  000069cc    000001bc                                    : mac_pib.c.o (.text.MAC_MlmeSetReq)
                  00006b88    000001ac                                    : mac_tx.c.o (.text.macTxFrame)
                  00006d34    00000198     nvocmp.o (.text.NVOCMP_findItem)
                  00006ecc    00000194     drivers_cc13x4.a : PowerCC26X2_calibrateRCOSC.c.obj (.text.PowerCC26X2_auxISR)
                  00007060    00000194     maclib_secure_cc13x4_tirtos7.a : mac_hl_patch.c.o (.text.macWrapperAddKeyInitFCtr)
                  000071f4    00000188                                    : mac_security_pib.c.o (.text.MAC_MlmeGetSecurityReq)
                  0000737c    00000184     drivers_cc13x4.a : UART2CC26X2.c.obj (.text.UART2_open)
                  00007500    00000184     maclib_secure_cc13x4_tirtos7.a : mac_hl_patch.c.o (.text.macIncomingFrameSecurityMaterialRetrieval)
                  00007684    00000180     libc.a : fwrite.c.obj (.text.fwrite)
                  00007804    00000174     drivers_cc13x4.a : UART2.c.obj (.text.UART2_writeTimeoutBlocking)
                  00007978    00000168     maclib_secure_cc13x4_tirtos7.a : mac_mgmt.c.o (.text.macBuildCommonReq)
                  00007ae0    00000160                                    : mac_hl_patch.c.o (.text.MAC_McpsDataReq)
                  00007c40    00000160                                    : mac_scan.c.o (.text.macApiScanReq)
                  00007da0    00000160                                    : mac_tx.c.o (.text.txCsmaDelay)
                  00007f00    0000014c     rf_multiMode_cc13x4.a : RFCC26X2_multiMode.c.cc13x4.ticlang.o (.text.RF_radioOpDoneCb)
                  0000804c    0000014c     collector.o (.text.dataCnfCB)
                  00008198    00000148     maclib_secure_cc13x4_tirtos7.a : mac_data.c.o (.text.macDataTxSend)
                  000082e0    00000144     rf_multiMode_cc13x4.a : RFCC26X2_multiMode.c.cc13x4.ticlang.o (.text.RF_updatePaConfiguration)
                  00008424    00000144     maclib_secure_cc13x4_tirtos7.a : mac_hl_patch.c.o (.text.macIncomingFrameSecurity)
                  00008568    00000140                                    : mac_radio_tx.c.o (.text.macRadioLbtTxCb)
                  000086a8    0000013c     rf_multiMode_cc13x4.a : RFCC26X2_multiMode.c.cc13x4.ticlang.o (.text.RF_abortCmd)
                  000087e4    00000134                           : RFCC26X2_multiMode.c.cc13x4.ticlang.o (.text.RF_ratSetupChannel)
                  00008918    00000134     maclib_secure_cc13x4_tirtos7.a : mac_mgmt.c.o (.text.macSetDefaultsByPhyID)
                  00008a4c    00000130     drivers_cc13x4.a : AESCCMCC26X4.c.obj (.text.AESCCM_addDataInternal)
                  00008b7c    0000012c     rf_multiMode_cc13x4.a : RFCC26X2_multiMode.c.cc13x4.ticlang.o (.text.RF_close)
                  00008ca8    0000012c     maclib_secure_cc13x4_tirtos7.a : mac_hl_patch.c.o (.text.macRxBeaconCritical)
                  00008dd4    0000012c     console.o (.text.setTimeEpoch)
                  00008f00    0000012c     ti_sysbios_config.o (.text.ti_sysbios_family_arm_v8m_cc26x4_Timer_construct)
                  0000902c    00000128     drivers_cc13x4.a : Button.c.obj (.text.Button_clockTimeoutHandler)
                  00009154    00000128     maclib_secure_cc13x4_tirtos7.a : mac_data.c.o (.text.macAllocTxBuffer)
                  0000927c    00000128                                    : mac_coord.c.o (.text.macBuildBeacon)
                  000093a4    00000128                                    : mac_hl_patch.c.o (.text.macWrapperDeleteDevice)
                  000094cc    00000124     rf_multiMode_cc13x4.a : RFCC26X2_multiMode.c.cc13x4.ticlang.o (.text.RF_fsmSetupState)
                  000095f0    00000124     drivers_cc13x4.a : TRNGCC26XX.c.obj (.text.TRNGCC26XX_hwiFxn)
                  00009714    00000124     maclib_secure_cc13x4_tirtos7.a : mac_radio.c.o (.text.macRadioInitIeee)
                  00009838    00000120                                    : mac_duty_cycle.c.o (.text.macDutyCycleInit)
                  00009958    0000011c     drivers_cc13x4.a : NVSCC26XX.c.obj (.text.NVSCC26XX_write)
                  00009a74    00000118                      : PowerCC26X2.c.obj (.text.Power_init)
                  00009b8c    00000118     rf_multiMode_cc13x4.a : RFCC26X2_multiMode.c.cc13x4.ticlang.o (.text.RF_decodeOverridePointers)
                  00009ca4    00000118     drivers_cc13x4.a : UART2.c.obj (.text.UART2_writeTimeoutNonblocking)
                  00009dbc    00000114     driverlib.lib : setup_rom.c.obj (.text.NOROM_SetupAfterColdResetWakeupFromShutDownCfg3)
                  00009ed0    00000114     maclib_secure_cc13x4_tirtos7.a : mac_tx.c.o (.text.txComplete)
                  00009fe4    00000110     drivers_cc13x4.a : GPIOCC26X4.c.obj (.text.GPIO_init)
                  0000a0f4    00000110                      : LED.c.obj (.text.LED_open)
                  0000a204    00000110     maclib_secure_cc13x4_tirtos7.a : mac_ie_build.c.o (.text.macBuildPayloadIes)
                  0000a314    0000010c     cllc.o (.text.Cllc_process)
                  0000a420    0000010c     driverlib.lib : setup_rom.c.obj (.text.NOROM_SetupAfterColdResetWakeupFromShutDownCfg2)
                  0000a52c    0000010c     drivers_cc13x4.a : PowerCC26X2_calibrateRCOSC.c.obj (.text.PowerCC26X2_calibrate)
                  0000a638    00000108                      : AESCCMCC26X4.c.obj (.text.AESCCM_getResult)
                  0000a740    00000108     nvocmp.o (.text.NVOCMP_cleanPage)
                  0000a848    00000108     maclib_secure_cc13x4_tirtos7.a : mac_coord.c.o (.text.macBuildAssociateRsp)
                  0000a950    00000108                                    : mac_hl_patch.c.o (.text.macBuildDataFrame)
                  0000aa58    00000104     macTask.o (.text.MAC_CbackEvent)
                  0000ab5c    00000104     sysbios.a : Hwi_asm_gcc.s.obj (.text.ti_sysbios_family_arm_v8m_Hwi_dispatch)
                  0000ac60    00000100     utc_clock.o (.text.EPOCH_convertTime)
                  0000ad60    00000100     driverlib.lib : setup.c.obj (.text.NOROM_SetupTrimDevice)
                  0000ae60    00000100     rf_multiMode_cc13x4.a : RFCC26X2_multiMode.c.cc13x4.ticlang.o (.text.RF_fsmPowerUpState)
                  0000af60    00000100     maclib_secure_cc13x4_tirtos7.a : mac_data.c.o (.text.macRxCompleteCallback)
                  0000b060    00000100                                    : mac_hl_patch.c.o (.text.macScanNextChan)
                  0000b160    000000fc     rf_multiMode_cc13x4.a : RFCC26X2_multiMode.c.cc13x4.ticlang.o (.text.RF_hwiCpe0Active)
                  0000b25c    000000fc     embedded_cli.o (.text.onHelp)
                  0000b358    000000f4     drivers_cc13x4.a : TRNGCC26XX.c.obj (.text.TRNG_getRandom)
                  0000b44c    000000f4     maclib_secure_cc13x4_tirtos7.a : mac_coord.c.o (.text.macStartBegin)
                  0000b540    000000f0     drivers_cc13x4.a : UART2CC26X2.c.obj (.text.UART2Support_dmaStartRx)
                  0000b630    000000ec     collector.o (.text.Collector_init)
                  0000b71c    000000ec     embedded_cli.o (.text.getAutocompletedCommand)
                  0000b808    000000ec     maclib_secure_cc13x4_tirtos7.a : mac.c.o (.text.macSetupRATChanCompare)
                  0000b8f4    000000e8     embedded_cli.o (.text.embeddedCliNew)
                  0000b9dc    000000e8     ti_sysbios_config.o (.text.ti_sysbios_knl_Semaphore_pend)
                  0000bac4    000000e4     drivers_cc13x4.a : AESCCMCC26X4.c.obj (.text.AESCCM_startOperation)
                  0000bba8    000000e4                      : Button.c.obj (.text.Button_open)
                  0000bc8c    000000e4     maclib_secure_cc13x4_tirtos7.a : mac_tx.c.o (.text.macTxChannelBusyCallback)
                  0000bd70    000000e0     drivers_cc13x4.a : UART2CC26X2.c.obj (.text.UART2CC26X2_initHw)
                  0000be50    000000e0     maclib_secure_cc13x4_tirtos7.a : mac_coord.c.o (.text.macIndirectExpire)
                  0000bf30    000000e0                                    : mac_hl_patch.c.o (.text.macOutgoingFrameKeyDescRetrieval)
                  0000c010    000000e0     par.o (.text.par_save)
                  0000c0f0    000000e0     maclib_secure_cc13x4_tirtos7.a : mac_tx.c.o (.text.txCsmaPrep)
                  0000c1d0    000000dc     rf_multiMode_cc13x4.a : RFCC26X2_multiMode.c.cc13x4.ticlang.o (.text.RF_control)
                  0000c2ac    000000dc     maclib_secure_cc13x4_tirtos7.a : mac_mgmt.c.o (.text.macBuildDisassociateReq)
                  0000c388    000000dc     ti_sysbios_config.o (.text.pthread_create)
                  0000c464    000000d8     maclib_secure_cc13x4_tirtos7.a : mac_hl_patch.c.o (.text.macCcmStarTransform)
                  0000c53c    000000d8                                    : mac_scan.c.o (.text.macScanRxBeacon)
                  0000c614    000000d8     libc.a : setvbuf.c.obj (.text.setvbuf)
                  0000c6ec    000000d4     api_mac.o (.text.ApiMac_mlmeSetReqArray)
                  0000c7c0    000000d4     maclib_secure_cc13x4_tirtos7.a : mac_data.c.o (.text.MAC_McpsDataAlloc)
                  0000c894    000000d0     drivers_cc13x4.a : PowerCC26X2.c.obj (.text.configureXOSCHF)
                  0000c964    000000d0     maclib_secure_cc13x4_tirtos7.a : mac_hl_patch.c.o (.text.macEdScanISR)
                  0000ca34    000000d0                                    : mac_radio_tx.c.o (.text.macRadioTxAckCb)
                  0000cb04    000000d0                                    : mac_radio_tx.c.o (.text.macRadioTxPrepCsmaSlottedSubG)
                  0000cbd4    000000d0                                    : mac_symbol_timer.c.o (.text.macSymbolTimerUpdateWakeup)
                  0000cca4    000000cc     cllc.o (.text.Cllc_restoreNetwork)
                  0000cd70    000000cc     collector.o (.text.Collector_sendConfigRequest)
                  0000ce3c    000000cc     csf.o (.text.Csf_processEvents)
                  0000cf08    000000cc     maclib_secure_cc13x4_tirtos7.a : mac_mgmt.c.o (.text.macCommStatusInd)
                  0000cfd4    000000cc     collector.o (.text.sendMsg)
                  0000d0a0    000000c8     maclib_secure_cc13x4_tirtos7.a : mac_hl_patch.c.o (.text.macOutgoingFrameSecurity)
                  0000d168    000000c8                                    : mac_main.c.o (.text.macSendDataMsg)
                  0000d230    000000c4                                    : mac_hl_patch.c.o (.text.macBuildHeaderIes)
                  0000d2f4    000000c4                                    : mac_duty_cycle.c.o (.text.macDutyCycleNotify)
                  0000d3b8    000000c0     drivers_cc13x4.a : GPIOCC26XX.c.obj (.text.GPIO_setConfigAndMux)
                  0000d478    000000c0     driverlib.lib : aes.c.obj (.text.NOROM_AESWriteToKeyStore)
                  0000d538    000000c0     maclib_secure_cc13x4_tirtos7.a : mac_tx.c.o (.text.macTxRequestCsmaRtcDelay)
                  0000d5f8    000000c0                                    : mac_radio.c.o (.text.scheduleNopWakeupCmd)
                  0000d6b8    000000bc     drivers_cc13x4.a : PowerCC26X2.c.obj (.text.Power_setDependency)
                  0000d774    000000bc     rf_multiMode_cc13x4.a : RFCC26X2_multiMode.c.cc13x4.ticlang.o (.text.RF_swiHw)
                  0000d830    000000bc     drivers_cc13x4.a : UART2CC26X2.c.obj (.text.UART2Support_dmaStartTx)
                  0000d8ec    000000b8     maclib_secure_cc13x4_tirtos7.a : mac_mgmt.c.o (.text.MAC_MlmeResetReq)
                  0000d9a4    000000b8     cllc.o (.text.assocIndCb)
                  0000da5c    000000b8     maclib_secure_cc13x4_tirtos7.a : mac_coord.c.o (.text.macStartSetParams)
                  0000db14    000000b8                                    : mac_tx.c.o (.text.macTxRequestCsmaDelay)
                  0000dbcc    000000b8     ti_sysbios_config.o (.text.ti_sysbios_knl_Task_Instance_finalize)
                  0000dc84    000000b4     drivers_cc13x4.a : PowerCC26X2.c.obj (.text.Power_releaseDependency)
                  0000dd38    000000b4     maclib_secure_cc13x4_tirtos7.a : mac.c.o (.text.macGetRFCmdDuration)
                  0000ddec    000000b4     ti_sysbios_config.o (.text.ti_sysbios_knl_Task_setPri)
                  0000dea0    000000b2     api_mac.o (.text.copyDataInd)
                  0000df52    00000002     ti_sysbios_config.o (.text.BIOS_nullFunc)
                  0000df54    000000b0     bindings.o (.text.allDevicesInNetwork)
                  0000e004    000000b0     maclib_secure_cc13x4_tirtos7.a : mac_data.c.o (.text.macApiDataReq)
                  0000e0b4    000000b0                                    : mac_mgmt.c.o (.text.macBuildBeaconNotifyInd)
                  0000e164    000000b0                                    : mac_ie_build.c.o (.text.macBuildPayloadCoexistIe)
                  0000e214    000000b0     libclang_rt.builtins.a : udivmoddi4.S.obj (.text)
                  0000e2c4    000000ac     rf_multiMode_cc13x4.a : RFCC26X2_multiMode.c.cc13x4.ticlang.o (.text.RF_pendCmd)
                  0000e370    000000ac     bindings.o (.text.allPairedDevices)
                  0000e41c    000000ac     maclib_secure_cc13x4_tirtos7.a : mac_hl_patch.c.o (.text.macAutoPendMaintainSrcMatchTable)
                  0000e4c8    000000ac                                    : mac_data.c.o (.text.macDataTxEnqueue)
                  0000e574    000000a8     drivers_cc13x4.a : AESCCMCC26X4.c.obj (.text.AESCCM_hwiFxn)
                  0000e61c    000000a8     maclib_secure_cc13x4_tirtos7.a : mac_hl_patch.c.o (.text.macApiStartReq)
                  0000e6c4    000000a8                                    : mac_coord.c.o (.text.macCoordReset)
                  0000e76c    000000a8                                    : mac_rx.c.o (.text.macRxInit)
                  0000e814    000000a8                                    : mac_tx.c.o (.text.macTxStartQueuedFrame)
                  0000e8bc    000000a8     embedded_cli.o (.text.onAutocompleteRequest)
                  0000e964    000000a4     maclib_secure_cc13x4_tirtos7.a : mac_autopend.c.o (.text.MAC_SrcMatchAddEntry)
                  0000ea08    000000a4     maclib_osal_tirtos7_cc13x4_26x4.a : osal_port.c.o (.text.OsalPort_heapMalloc)
                  0000eaac    000000a4     rf_multiMode_cc13x4.a : RFCC26X2_multiMode.c.cc13x4.ticlang.o (.text.RF_initRadioSetup)
                  0000eb50    000000a4     maclib_secure_cc13x4_tirtos7.a : mac_hl_patch.c.o (.text.macDataTxComplete)
                  0000ebf4    000000a4                                    : mac_hl_patch.c.o (.text.macMgmtReset)
                  0000ec98    000000a4     par.o (.text.par_load)
                  0000ed3c    000000a4     ti_sysbios_config.o (.text.ti_sysbios_knl_Task_Instance_init)
                  0000ede0    000000a0     nvocmp.o (.text.NVOCMP_readContItemApi)
                  0000ee80    000000a0     rf_multiMode_cc13x4.a : RFCC26X2_multiMode.c.cc13x4.ticlang.o (.text.RF_calculateDispatchTime)
                  0000ef20    000000a0                           : RFCC26X2_multiMode.c.cc13x4.ticlang.o (.text.RF_requestAccess)
                  0000efc0    000000a0     control_task.o (.text.control_Task_Noti_Info_mail)
                  0000f060    000000a0     control_task.o (.text.control_task_mail_post_DevInfo)
                  0000f100    000000a0     maclib_secure_cc13x4_tirtos7.a : mac_hl_patch.c.o (.text.macAutoPendAddSrcMatchTableEntry)
                  0000f1a0    000000a0                                    : mac_coord.c.o (.text.macBuildPendAddr)
                  0000f240    000000a0                                    : mac_hl_patch.c.o (.text.macCbackForEvent)
                  0000f2e0    0000009c     driverlib.lib : setup.c.obj (.text.TrimAfterColdResetWakeupFromShutDown)
                  0000f37c    0000009c     maclib_secure_cc13x4_tirtos7.a : mac_mgmt.c.o (.text.macBuildWSAsyncReq)
                  0000f418    0000009c     ti_sysbios_config.o (.text.ti_sysbios_knl_Clock_workFuncDynamic)
                  0000f4b4    0000009c     ti_sysbios_config.o (.text.ti_sysbios_knl_Mailbox_Instance_init)
                  0000f550    00000098     nvocmp.o (.text.NVOCMP_erase)
                  0000f5e8    00000098     rf_multiMode_cc13x4.a : RFCC26X2_multiMode.c.cc13x4.ticlang.o (.text.RF_defaultSubmitPolicy)
                  0000f680    00000098     maclib_secure_cc13x4_tirtos7.a : mac_hl_patch.c.o (.text.macIncomingSecurityLevelChecking)
                  0000f718    00000098                                    : mac_mgmt.c.o (.text.macRxBeacon)
                  0000f7b0    00000098                                    : mac_timer.c.o (.text.macSymbolTimerTriggerCallback)
                  0000f848    00000098     ti_sysbios_config.o (.text.ti_sysbios_knl_Task_sleep)
                  0000f8e0    00000096     rf_multiMode_cc13x4.a : RFCC26X2_multiMode.c.cc13x4.ticlang.o (.text.RF_verifyGap)
                  0000f976    00000002     ti_drivers_config.o (.text.Board_initHook)
                  0000f978    00000094     maclib_secure_cc13x4_tirtos7.a : mac_hl_patch.c.o (.text.MAC_MlmeScanReq)
                  0000fa0c    00000094     rf_multiMode_cc13x4.a : RFCC26X2_multiMode.c.cc13x4.ticlang.o (.text.RF_ratRestartChannels)
                  0000faa0    00000094     maclib_secure_cc13x4_tirtos7.a : mac_coord.c.o (.text.macApiPurgeReq)
                  0000fb34    00000094                                    : mac_coord.c.o (.text.macBuildRealign)
                  0000fbc8    00000090     nvocmp.o (.text.NVOCMP_getDstPage)
                  0000fc58    00000090     rf_multiMode_cc13x4.a : RFCC26X2_multiMode.c.cc13x4.ticlang.o (.text.RF_getTxPower)
                  0000fce8    00000090     maclib_secure_cc13x4_tirtos7.a : mac_coord.c.o (.text.macIndirectSend)
                  0000fd78    00000090                                    : mac_autopend.c.o (.text.macSrcMatchCheckSrcAddr)
                  0000fe08    00000090                                    : mac.c.o (.text.macStopCmd)
                  0000fe98    00000090     cllc.o (.text.scanCnfCb)
                  0000ff28    0000008c     nvocmp.o (.text.NVOCMP_updateItemApi)
                  0000ffb4    0000008c     drivers_cc13x4.a : TRNGCC26XX.c.obj (.text.TRNG_construct)
                  00010040    0000008c                      : NVSCC26XX.c.obj (.text.doErase)
                  000100cc    0000008c     maclib_secure_cc13x4_tirtos7.a : mac_radio_tx.c.o (.text.macRadioFHEncryptFrame)
                  00010158    0000008c     ti_sysbios_config.o (.text.ti_sysbios_knl_Clock_init)
                  000101e4    0000008c     ti_sysbios_config.o (.text.ti_sysbios_knl_Mailbox_post)
                  00010270    00000088     cllc.o (.text.Cllc_init)
                  000102f8    00000088     csf.o (.text.Csf_deviceUpdate)
                  00010380    00000088     csf.o (.text.Csf_getDeviceItem)
                  00010408    00000088     nvocmp.o (.text.NVOCMP_deleteItemApi)
                  00010490    00000088     rf_multiMode_cc13x4.a : RFCC26X2_multiMode.c.cc13x4.ticlang.o (.text.RF_cmdDispatchTime)
                  00010518    00000088                           : RFCC26X2_multiMode.c.cc13x4.ticlang.o (.text.RF_discardPendCmd)
                  000105a0    00000088     maclib_secure_cc13x4_tirtos7.a : mac_hl_patch.c.o (.text.macCcmDecrypt)
                  00010628    00000088                                    : mac_hl_patch.c.o (.text.macCcmStarInverseTransform)
                  000106b0    00000088                                    : mac_radio_tx.c.o (.text.macRadioSendImmAck)
                  00010738    00000088                                    : mac_radio.c.o (.text.macRadioUpdateChannel)
                  000107c0    00000084     csf.o (.text.Csf_init)
                  00010844    00000084     maclib_secure_cc13x4_tirtos7.a : mac_coord.c.o (.text.MAC_InitCoord)
                  000108c8    00000084     rf_multiMode_cc13x4.a : RFCC26X2_multiMode.c.cc13x4.ticlang.o (.text.RF_getInfo)
                  0001094c    00000084                           : RFCC26X2_multiMode.c.cc13x4.ticlang.o (.text.RF_yield)
                  000109d0    00000084     control_task.o (.text.control_taskInit)
                  00010a54    00000084     maclib_secure_cc13x4_tirtos7.a : mac_hl_patch.c.o (.text.macBlacklistChecking)
                  00010ad8    00000084                                    : mac_hl_patch.c.o (.text.macCcmEncrypt)
                  00010b5c    00000084     macTask.o (.text.macTaskInit)
                  00010be0    00000084     ti_sysbios_config.o (.text.ti_sysbios_family_arm_v8m_Hwi_initNVIC)
                  00010c64    00000080     drivers_cc13x4.a : GPIOCC26X4.c.obj (.text.GPIO_hwiIntFxn)
                  00010ce4    00000080     nvocmp.o (.text.NVOCMP_createItemApi)
                  00010d64    00000080     nvocmp.o (.text.NVOCMP_getFreeNvApi)
                  00010de4    00000080     maclib_osal_tirtos7_cc13x4_26x4.a : osal_port.c.o (.text.OsalPort_setTimer)
                  00010e64    00000080     maclib_secure_cc13x4_tirtos7.a : mac_data.c.o (.text.macFrameDurationSubG)
                  00010ee4    00000080                                    : mac_coord.c.o (.text.macRxDataReq)
                  00010f64    00000080                                    : mac_tx.c.o (.text.macTxDoneCallback)
                  00010fe4    00000080     ti_sysbios_config.o (.text.ti_sysbios_family_arm_v8m_Hwi_postInit)
                  00011064    00000080     ti_sysbios_config.o (.text.ti_sysbios_gates_GateMutexPri_enter)
                  000110e4    0000007e     nvocmp.o (.text.NVOCMP_readHeader)
                  00011162    00000002     csf.o (.text.Csf_deviceConfigUpdate)
                  00011164    0000007c     cllc.o (.text.Cllc_securityInit)
                  000111e0    0000007c     driverlib.lib : setup_rom.c.obj (.text.NOROM_SetupStepVddrTrimTo)
                  0001125c    0000007c     rf_multiMode_cc13x4.a : RFCC26X2_multiMode.c.cc13x4.ticlang.o (.text.RF_ratDisableChannel)
                  000112d8    0000007c     utc_clock.o (.text.UTC_timeUpdateHandler)
                  00011354    0000007c     maclib_secure_cc13x4_tirtos7.a : mac_mcu.c.o (.text.macMcuOverflowSetPeriod)
                  000113d0    0000007c                                    : mac_pwr.c.o (.text.macPwrVote)
                  0001144c    0000007c                                    : mac.c.o (.text.macSetupReceiveCmd)
                  000114c8    0000007c     cllc.o (.text.maintainAssocTable)
                  00011544    0000007c     embedded_cli.o (.text.printLiveAutocompletion)
                  000115c0    00000078     csf.o (.text.Csf_getDeviceExtAdd)
                  00011638    00000078     driverlib.lib : chipinfo.c.obj (.text.NOROM_ChipInfo_GetChipType)
                  000116b0    00000078     nvocmp.o (.text.NVOCMP_checkItem)
                  00011728    00000078     nvocmp.o (.text.NVOCMP_loadApiPtrs)
                  000117a0    00000078     drivers_cc13x4.a : NVSCC26XX.c.obj (.text.NVSCC26XX_open)
                  00011818    00000078     rf_multiMode_cc13x4.a : RFCC26X2_multiMode.c.cc13x4.ticlang.o (.text.RF_ratFreeChannel)
                  00011890    00000078     ti_sysbios_config.o (.text._pthread_removeThreadKeys)
                  00011908    00000078     maclib_secure_cc13x4_tirtos7.a : mac.c.o (.text.macRequestBackoff)
                  00011980    00000078                                    : mac_symbol_timer.c.o (.text.macSymbolTimerInit)
                  000119f8    00000078     cllc.o (.text.sendScanReq)
                  00011a70    00000078     ti_sysbios_config.o (.text.ti_sysbios_knl_Task_postInit)
                  00011ae8    00000076     drivers_cc13x4.a : UART2CC26X2.c.obj (.text.UART2Support_dmaStopTx)
                  00011b5e    00000002     csf.o (.text.Csf_deviceDisassocUpdate)
                  00011b60    00000074     maclib_osal_tirtos7_cc13x4_26x4.a : osal_port.c.o (.text.OsalPort_heapInit)
                  00011bd4    00000074     rf_multiMode_cc13x4.a : RFCC26X2_multiMode.c.cc13x4.ticlang.o (.text.RF_hwiHw)
                  00011c48    00000074     libc.a : fclose.c.obj (.text.__TI_closefile)
                  00011cbc    00000074     ti_sysbios_config.o (.text.acquireMutex)
                  00011d30    00000074     embedded_cli.o (.text.embeddedCliTokenizeArgs)
                  00011da4    00000074     maclib_secure_cc13x4_tirtos7.a : mac_hl_patch.c.o (.text.macKeyDescriptorLookup)
                  00011e18    00000074                                    : mac_mcu.c.o (.text.macMcuOverflowSetCompare)
                  00011e8c    00000074                                    : mac_radio_tx.c.o (.text.macRadioTxEnhAckCb)
                  00011f00    00000074                                    : mac_ie_parse.c.o (.text.macUpdateHeaderIEPtr)
                  00011f74    00000074     main.o (.text.main)
                  00011fe8    00000074     ti_sysbios_config.o (.text.ti_sysbios_family_arm_v8m_Hwi_Instance_init)
                  0001205c    00000074     ti_sysbios_config.o (.text.ti_sysbios_knl_Swi_restoreHwi)
                  000120d0    00000072     drivers_cc13x4.a : LED.c.obj (.text.LED_startBlinking)
                  00012142    00000002     csf.o (.text.Csf_deviceNotActiveUpdate)
                  00012144    00000070     drivers_cc13x4.a : AESCCMCC26X4.c.obj (.text.AESCCM_waitForResult)
                  000121b4    00000070     api_mac.o (.text.ApiMac_init)
                  00012224    00000070     csf.o (.text.Csf_updateFrameCounter)
                  00012294    00000070     driverlib.lib : interrupt.c.obj (.text.NOROM_IntDisable)
                  00012304    00000070     nvocmp.o (.text.NVOCMP_readItemApi)
                  00012374    00000070     maclib_osal_tirtos7_cc13x4_26x4.a : osal_port.c.o (.text.OsalPort_pwrmgrTaskState)
                  000123e4    00000070     maclib_secure_cc13x4_tirtos7.a : mac_duty_cycle.c.o (.text.macDutyCycleTimerCB)
                  00012454    00000070                                    : mac_radio.c.o (.text.macRadioStartScan)
                  000124c4    00000070                                    : mac_timer.c.o (.text.macTimerUpdateSymbolTimer)
                  00012534    00000070     ti_sysbios_config.o (.text.ti_sysbios_knl_Task_startup)
                  000125a4    00000070     ti_sysbios_config.o (.text.ti_sysbios_runtime_System_formatNum)
                  00012614    00000070     libc.a : copy_decompress_lzss.c.obj (.text:decompress:lzss)
                  00012684    0000006c     drivers_cc13x4.a : AESCCMCC26X4.c.obj (.text.AESCCM_construct)
                  000126f0    0000006c     csf.o (.text.Csf_clearAllNVItems)
                  0001275c    0000006c     csf.o (.text.Csf_getDevice)
                  000127c8    0000006c     driverlib.lib : interrupt.c.obj (.text.NOROM_IntEnable)
                  00012834    0000006c     nvocmp.o (.text.NVOCMP_eraseNvApi)
                  000128a0    0000006c     nvocmp.o (.text.NVOCMP_writeItemApi)
                  0001290c    0000006c     rf_multiMode_cc13x4.a : RFCC26X2_multiMode.c.cc13x4.ticlang.o (.text.RF_issueRadioFreeCb)
                  00012978    0000006c     drivers_cc13x4.a : Random.c.obj (.text.Random_seedAutomatic)
                  000129e4    0000006c     cllc.o (.text.beaconNotifyIndCb)
                  00012a50    0000006c     rf_multiMode_cc13x4.a : rf_patch_cpe_multi_protocol.c.cc13x4.ticlang.o (.text.configureMultiProtocolPatch)
                  00012abc    0000006c     maclib_secure_cc13x4_tirtos7.a : mac_mgmt.c.o (.text.macApiDisassociateReq)
                  00012b28    0000006c                                    : mac_duty_cycle.c.o (.text.macDutyCycleByteToUSec)
                  00012b94    0000006c                                    : mac_rx_onoff.c.o (.text.macRxOffRequest)
                  00012c00    0000006c                                    : mac.c.o (.text.macSetupFsCmd)
                  00012c6c    0000006c     cllc.o (.text.orphanIndCb)
                  00012cd8    0000006c     drivers_cc13x4.a : PowerCC26X2.c.obj (.text.oscillatorISR)
                  00012d44    0000006c     ti_sysbios_config.o (.text.ti_sysbios_family_arm_v8m_Hwi_dispatchC)
                  00012db0    0000006c     ti_sysbios_config.o (.text.ti_sysbios_knl_TaskSupport_buildTaskStack)
                  00012e1c    00000068     drivers_cc13x4.a : PowerCC26X2_calibrateRCOSC_helpers.c.obj (.text.PowerCC26X2_updateSubSecInc)
                  00012e84    00000068     rf_multiMode_cc13x4.a : RFCC26X2_multiMode.c.cc13x4.ticlang.o (.text.RF_detachOverrides)
                  00012eec    00000068     main.o (.text.collectorTask_)
                  00012f54    00000068     libc.a : fseek.c.obj (.text.fseeko)
                  00012fbc    00000068            : getdevice.c.obj (.text.getdevice)
                  00013024    00000068     maclib_secure_cc13x4_tirtos7.a : mac_mgmt.c.o (.text.macDisassocComplete)
                  0001308c    00000068                                    : mac_low_level.c.o (.text.macLowLevelInit)
                  000130f4    00000068                                    : mac_radio.c.o (.text.macRadioPowerDown)
                  0001315c    00000068                                    : mac_scan.c.o (.text.macScanStartTimer)
                  000131c4    00000068                                    : mac_timer.c.o (.text.macTimerSetRollover)
                  0001322c    00000068                                    : mac_tx.c.o (.text.macTxGetDefaultMinTxOffTime)
                  00013294    00000068     ti_sysbios_config.o (.text.ti_sysbios_knl_Clock_startI)
                  000132fc    00000068     ti_sysbios_config.o (.text.ti_sysbios_knl_Swi_run)
                  00013364    00000064     libsysbm.a : hostrename.c.obj (.text.HOSTrename)
                  000133c8    00000064     maclib_secure_cc13x4_tirtos7.a : mac_mgmt.c.o (.text.MAC_Init)
                  0001342c    00000064     maclib_osal_tirtos7_cc13x4_26x4.a : osal_port.c.o (.text.OsalPort_clearEvent)
                  00013490    00000064     drivers_cc13x4.a : PowerCC26X2_calibrateRCOSC.c.obj (.text.PowerCC26X2_initiateCalibration)
                  000134f4    00000064     rf_multiMode_cc13x4.a : RFCC26X2_multiMode.c.cc13x4.ticlang.o (.text.RF_attachOverrides)
                  00013558    00000064                           : RFCC26X2_multiMode.c.cc13x4.ticlang.o (.text.RF_dispatchNextEvent)
                  000135bc    00000064                           : RFCC26X2_multiMode.c.cc13x4.ticlang.o (.text.RF_hwiCpe0PowerFsm)
                  00013620    00000064     drivers_cc13x4.a : UDMACC26XX.c.obj (.text.UDMACC26XX_open)
                  00013684    00000064     maclib_secure_cc13x4_tirtos7.a : mac_mcu.c.o (.text.macMcuInit)
                  000136e8    00000064                                    : mac_radio_tx.c.o (.text.macRadioTxPrepLbt)
                  0001374c    00000064                                    : mac_rx.c.o (.text.macRxHaltCleanup)
                  000137b0    00000064                                    : mac_timer.c.o (.text.macTimerRealign)
                  00013814    00000064     ti_sysbios_config.o (.text.ti_sysbios_gates_GateMutexPri_leave)
                  00013878    00000064     ti_sysbios_config.o (.text.ti_sysbios_knl_Idle_init)
                  000138dc    00000062     rf_multiMode_cc13x4.a : RFCC26X2_multiMode.c.cc13x4.ticlang.o (.text.RF_syncCb)
                  0001393e    00000002     csf.o (.text.Csf_displayError)
                  00013940    00000060     drivers_cc13x4.a : CryptoResourceCC26XX.c.obj (.text.CryptoResourceCC26XX_constructRTOSObjects)
                  000139a0    00000060     driverlib.lib : setup_rom.c.obj (.text.NOROM_SetupAfterColdResetWakeupFromShutDownCfg1)
                  00013a00    00000060     nvocmp.o (.text.NVOCMP_verifyCRC)
                  00013a60    00000060     maclib_osal_tirtos7_cc13x4_26x4.a : osal_port.c.o (.text.OsalPort_setEvent)
                  00013ac0    00000060     libc.a : _io_perm.c.obj (.text.__TI_wrt_ok)
                  00013b20    00000060     libsysbm.a : close.c.obj (.text.close)
                  00013b80    00000060     csf.o (.text.findDeviceListIndex)
                  00013be0    00000060     maclib_secure_cc13x4_tirtos7.a : mac_beacon_device.c.o (.text.macBeaconSyncLoss)
                  00013c40    00000060                                    : mac_data.c.o (.text.macDataReset)
                  00013ca0    00000060                                    : mac_main.c.o (.text.macExecute)
                  00013d00    00000060                                    : mac_scan.c.o (.text.macScanComplete)
                  00013d60    00000060                                    : mac_main.c.o (.text.macSendMsg)
                  00013dc0    00000060                                    : mac_symbol_timer.c.o (.text.macSymbolTimerPeriodIsr)
                  00013e20    00000060                                    : mac_hl_patch.c.o (.text.macTrackPeriodCallback)
                  00013e80    00000060     ti_sysbios_config.o (.text.pthread_exit)
                  00013ee0    00000060     ti_sysbios_config.o (.text.ti_sysbios_knl_Clock_walkQueueDynamic)
                  00013f40    00000060     ti_sysbios_config.o (.text.ti_sysbios_knl_Semaphore_post)
                  00013fa0    00000060     ti_sysbios_config.o (.text.ti_sysbios_knl_Swi_schedule)
                  00014000    0000005e     rf_multiMode_cc13x4.a : rfc.c.cc13x4.ticlang.o (.text.NOROM_RFCAnaDivTxOverride)
                  0001405e    0000005e     drivers_cc13x4.a : UART2CC26X2.c.obj (.text.UART2Support_dmaStopRx)
                  000140bc    0000005c     maclib_secure_cc13x4_tirtos7.a : mac_hl_patch.c.o (.text.MAC_ResumeReq)
                  00014118    0000005c     driverlib.lib : setup_rom.c.obj (.text.NOROM_SetupGetTrimForAmpcompCtrl)
                  00014174    0000005c     maclib_osal_tirtos7_cc13x4_26x4.a : osal_port.c.o (.text.OsalPort_msgReceive)
                  000141d0    0000005c     maclib_secure_cc13x4_tirtos7.a : mac_mgmt.c.o (.text.macBuildWSAsyncMsg)
                  0001422c    0000005c                                    : mac_sleep.c.o (.text.macCanSleep)
                  00014288    0000005c                                    : mac_coord.c.o (.text.macIndirectTxFrame)
                  000142e4    0000005c                                    : mac_mgmt.c.o (.text.macRxDisassoc)
                  00014340    0000005c                                    : mac_ie_parse.c.o (.text.macUpdatePayloadIEPtr)
                  0001439c    0000005c     collector.o (.text.processDataRetry)
                  000143f8    0000005c     sysbios.a : Hwi_asm_switch_gcc.s.obj (.text.ti_sysbios_family_arm_v8m_Hwi_initStacks)
                  00014454    00000058     drivers_cc13x4.a : Button.c.obj (.text.Button_gpioCallbackFxn)
                  000144ac    00000058     cllc.o (.text.Cllc_removeDevice)
                  00014504    00000058     csf.o (.text.Csf_getFrameCounter)
                  0001455c    00000058     maclib_osal_tirtos7_cc13x4_26x4.a : osal_port.c.o (.text.HEAPMGR_GETLARGESTFREEBUF)
                  000145b4    00000058     libsysbm.a : hostlseek.c.obj (.text.HOSTlseek)
                  0001460c    00000058                : hostopen.c.obj (.text.HOSTopen)
                  00014664    00000058     driverlib.lib : osc.c.obj (.text.NOROM_OSCHF_AttemptToSwitchToXosc)
                  000146bc    00000058                   : setup_rom.c.obj (.text.NOROM_SetupGetTrimForAnabypassValue1)
                  00014714    00000058     maclib_osal_tirtos7_cc13x4_26x4.a : osal_port.c.o (.text.OsalPort_msgSend)
                  0001476c    00000058     rf_multiMode_cc13x4.a : RFCC26X2_multiMode.c.cc13x4.ticlang.o (.text.RF_applyRfCorePatch)
                  000147c4    00000058     drivers_cc13x4.a : TRNGCC26XX.c.obj (.text.TRNG_init)
                  0001481c    00000058     maclib_secure_cc13x4_tirtos7.a : mac_coord.c.o (.text.macApiOrphanRsp)
                  00014874    00000058                                    : mac_radio_tx.c.o (.text.macRadioTxBackoffBoundary)
                  000148cc    00000058                                    : mac_radio_tx.c.o (.text.macRadioTxGoLbt)
                  00014924    00000058                                    : mac_rx_onoff.c.o (.text.macRxOn)
                  0001497c    00000058     console.o (.text.receiveEpochTime)
                  000149d4    00000058     ti_sysbios_config.o (.text.ti_sysbios_family_arm_v8m_cc26x4_Timer_dynamicMultiStub)
                  00014a2c    00000056     drivers_cc13x4.a : StructRingBuf.c.obj (.text.StructRingBuf_put)
                  00014a82    00000056     maclib_osal_tirtos7_cc13x4_26x4.a : util_timer.c.o (.text.UtilTimer_construct)
                  00014ad8    00000056     ti_sysbios_config.o (.text.ti_sysbios_knl_Mailbox_pend)
                  00014b2e    00000002     csf.o (.text.Csf_toggleResponseReceived)
                  00014b30    00000054     libsysbm.a : hostread.c.obj (.text.HOSTread)
                  00014b84    00000054                : hostwrite.c.obj (.text.HOSTwrite)
                  00014bd8    00000054     maclib_secure_cc13x4_tirtos7.a : mac_autopend.c.o (.text.MAC_SrcMatchEnable)
                  00014c2c    00000054     nvocmp.o (.text.NVOCMP_compactNvApi)
                  00014c80    00000054     nvocmp.o (.text.NVOCMP_getItemLenApi)
                  00014cd4    00000054     drivers_cc13x4.a : TRNGCC26XX.c.obj (.text.TRNGCC26XX_startTrng)
                  00014d28    00000054     maclib_secure_cc13x4_tirtos7.a : mac_beacon.c.o (.text.macBeaconSetupCap)
                  00014d7c    00000054                                    : mac_hl_patch.c.o (.text.macIncomingKeyUsagePolicyChecking)
                  00014dd0    00000054                                    : mac_coord.c.o (.text.macIndirectRequeueFrame)
                  00014e24    00000054                                    : mac_radio_tx.c.o (.text.macRadioTxPrepSlotted)
                  00014e78    00000054                                    : mac.c.o (.text.macRequestSFDTimeout)
                  00014ecc    00000054                                    : mac_timer.c.o (.text.macTimerAddTimer)
                  00014f20    00000054                                    : mac_timer.c.o (.text.macTimerCancel)
                  00014f74    00000054                                    : mac_tx.c.o (.text.macTxAckReceivedCallback)
                  00014fc8    00000054     cllc.o (.text.sendStartReq)
                  0001501c    00000050     drivers_cc13x4.a : AESCCMCC26X4.c.obj (.text.AESCCM_setNonce)
                  0001506c    00000050     ti_drivers_config.o (.text.Board_shutDownExtFlash)
                  000150bc    00000050     rf_multiMode_cc13x4.a : RFCC26X2_multiMode.c.cc13x4.ticlang.o (.text.RF_wakeupNotification)
                  0001510c    00000050     libc.a : fflush.c.obj (.text.__TI_doflush)
                  0001515c    00000050     console.o (.text.cli_printf)
                  000151ac    00000050     embedded_cli.o (.text.embeddedCliPrint)
                  000151fc    00000050     maclib_secure_cc13x4_tirtos7.a : mac_data.c.o (.text.macCheckIndPacket)
                  0001524c    00000050                                    : mac_hl_patch.c.o (.text.macCheckPhyRate)
                  0001529c    00000050                                    : mac_radio.c.o (.text.macRadioSetChannel)
                  000152ec    00000050                                    : mac_radio_tx.c.o (.text.macRadioTxPrepCsmaSlottedIeee)
                  0001533c    00000050                                    : mac_radio.c.o (.text.macRadioUpdateTxPower)
                  0001538c    00000050                                    : mac_timer.c.o (.text.macTimerGetNextTimer)
                  000153dc    00000050                                    : mac_rx.c.o (.text.rxPostRxUpdates)
                  0001542c    00000050     collector.o (.text.sendTrackingRequest)
                  0001547c    00000050     ti_sysbios_config.o (.text.ti_sysbios_knl_Swi_Instance_init)
                  000154cc    00000050     ti_sysbios_config.o (.text.ti_sysbios_knl_Swi_post)
                  0001551c    00000050     ti_sysbios_config.o (.text.ti_sysbios_knl_Swi_runLoop)
                  0001556c    0000004e     ti_drivers_config.o (.text.Board_sendExtFlashByte)
                  000155ba    0000004e     nvocmp.o (.text.NVOCMP_readItem)
                  00015608    0000004c     ti_sysbios_config.o (.text.BIOS_startFunc)
[...]
20006244  NVOCMP_nvHandle                                                  
20006424  UTC_clock                                                        
20006468  macSecurityPib                                                   
200064e4  Collector_statistics                                             
20006520  dcBucket                                                         
20006554  macBeaconDevice                                                  
20006588  RF_cmdPropRadioDivSetup                                          
200065b8  RF_cmdPropRxAdv                                                  
200065e8  macMgmtAction1                                                   
20006618  macSrcExtAddrList                                                
20006648  ti_sysbios_knl_Swi_readyQs                                       
20006678  ti_sysbios_knl_Task_readyQs                                      
200066a8  macCoord                                                         
200066d4  macDevice                                                        
20006724  collectorTaskParam                                               
20006748  consoleTaskParam                                                 
2000676c  controlTaskParam                                                 
200067b0  RF_cmdIEEECsma                                                   
200067d0  RF_cmdPropTxAdv                                                  
200067f0  RF_cmdRadioSetup                                                 
20006810  RF_params                                                        
20006830  macBeacon                                                        
20006850  udmaCC26XXObject                                                 
200068c4  BIOS_heapCallbackObject                                          
200068e0  BIOS_rtsGate                                                     
200068fc  CryptoResourceCC26XX_hwi                                         
20006918  FlashSem                                                         
20006934  MycollectorSem                                                   
20006950  RF_cmdPropCs                                                     
2000696c  RF_cmdPropCsSlotted                                              
20006988  control_task_DevInfo_mail_params                                 
200069a4  control_task_NotiInfo_params                                     
200069c0  control_task_joinedDev_mail_params                               
200069dc  macCoordAction2                                                  
200069f8  macReset                                                         
20006a14  macSemHandle                                                     
20006a30  macSrcShortAddrList                                              
20006a4c  RF_cmdFsRx                                                       
20006a64  RF_cmdFsTx                                                       
20006a7c  RF_cmdIEEETx                                                     
20006a94  macScanAction                                                    
20006ae8  RF_cmdRxAckCmd                                                   
20006afc  macAckDbg                                                        
20006b10  macMgmtAction2                                                   
20006b24  macStatistics                                                    
20006b36  conv                                                             
20006b38  macCoordAction3                                                  
20006b48  macData                                                          
20006b58  macDataTxDelay                                                   
20006b68  macFrmFilter                                                     
20006b78  macRxOutputIeee                                                  
20006b88  DevInfomail                                                      
20006b98  coexMetricsStruct                                                
20006ba4  macMain                                                          
20006bb0  macRxOutputSubG                                                  
20006bbc  regionAttrs                                                      
20006bc8  parmbuf                                                          
20006bd0  ApiMac_extAddr                                                   
20006bd8  coexOverrideUseCases                                             
20006be0  macCoordAction1                                                  
20006be8  macRxDataEntryQueue                                              
20006bf0  AESCCM_handle                                                    
20006bf4  HEAPMGR_SIZE                                                     
20006bf8  Time_to_bytes                                                    
20006bfc  cli                                                              
20006c00  dcCritical                                                       
20006c04  dcLimited                                                        
20006c08  dcPtr                                                            
20006c0c  dcRegulated                                                      
20006c10  dcTimeUsed                                                       
20006c14  macAddrLsb                                                       
20006c18  macAddrMsb                                                       
20006c1c  macCryptoDrvTblPtr                                               
20006c20  macPhyTxPower                                                    
20006c24  macPrevPeriodRatCount                                            
20006c28  macRfDrvTblPtr                                                   
20006c2c  macRxSymbol                                                      
20006c30  macSymbolTimerRollover                                           
20006c34  macSymbolTimerTrigger                                            
20006c38  macThread                                                        
20006c3c  macTimerActive                                                   
20006c40  macTxTimestamp                                                   
20006c44  nvsHandle                                                        
20006c48  nvsParams                                                        
20006c4c  pClockHandleEDScan                                               
20006c50  pMacRadioConfig                                                  
20006c54  pMaxPower                                                        
20006c58  pRfMode                                                          
20006c5c  pRfPowerTable                                                    
20006c60  rxRadioBufferPtr                                                 
20006c64  ti_sysbios_family_arm_v8m_cc26x4_Timer_funcHookCH1               
20006c68  ti_sysbios_family_arm_v8m_cc26x4_Timer_funcHookCH2               
20006c6c  ti_sysbios_knl_Task_defaultStackHeap                             
20006c70  ti_sysbios_runtime_System_atexitHandlers                         
20006c74  timerAlignedQ                                                    
20006c78  timerUnalignedQ                                                  
20006c7c  uart2Handle                                                      
20006c80  conv_notiinfo                                                    
20006c82  joinedDev_mail                                                   
20006c84  macRxDataEntryOffset                                             
20006c86  macTxCsmaBackoffDelay                                            
20006c88  nvsCC26XXObjects                                                 
20006c8a  rxCmdHandle                                                      
20006c8c  txCmdHandle                                                      
20006c91  AppTaskId                                                        
20006c92  NVOCMP_size                                                      
20006c93  appTaskId                                                        
20006c94  dcStatus                                                         
20006c95  gAction                                                          
20006c96  lastRxPriority                                                   
20006c97  lastTxPriority                                                   
20006c98  macAckTxActive                                                   
20006c99  macMgmt                                                          
20006c9a  macPanCoordinator                                                
20006c9b  macPhyChannel                                                    
20006c9c  macPwr                                                           
20006c9d  macRxActive                                                      
20006c9e  macRxEnableFlags                                                 
20006c9f  macRxFilter                                                      
20006ca0  macRxOutgoingAckFlag                                             
20006ca1  macSpecUsecsPerSymbol                                            
20006ca2  macSrcResIndex                                                   
20006ca3  macSymbolTimerImpending                                          
20006ca4  macTaskId                                                        
20006ca5  macTxActive                                                      
20006ca6  macTxBe                                                          
20006ca7  macTxGpInterframeDelay                                           
20006ca8  macTxType                                                        
20006ca9  macUnitBackoffPeriod                                             
20006caa  rxFhRsl                                                          
20006cab  rxPromiscuousMode                                                
20006cac  rxSeqNum                                                         
20006cad  txAckReq                                                         
20006cae  txSeqn                                                           
20006d00  PowerCC26X2_module                                               
20006e78  _ftable                                                          
20006f68  gpioPinConfigs                                                   
20007028  txPowerTable_868_pa13                                            
200070d7  Main_assertReason                                                
200070d8  macMRFSKGenPhyTable                                              
20007178  _device                                                          
20007264  fhObject                                                         
20007338  BIOS_Module_state                                                
20007364  ti_sysbios_family_arm_v8m_Hwi_Module_state                       
200073a0  ti_sysbios_runtime_Startup_done                                  
200073a3  ti_sysbios_knl_Idle_initDone                                     
200073a4  ti_sysbios_runtime_Memory_defaultHeapInstance                    
200073bc  ti_sysbios_runtime_Error_ignore                                  
200073c8  ti_sysbios_family_arm_v8m_cc26x4_Timer_Module_state              
200073d4  ti_sysbios_runtime_System_Module_state                           
200073e0  ti_sysbios_knl_Swi_Module_state                                  
20007408  ti_sysbios_knl_Clock_Module_state                                
200074da  Collector_events                                                 
200074ec  Collector_macCallbacks                                           
20007534  Main_user1Cfg                                                    
200075ee  Cllc_events                                                      
200075f0  Cllc_devShortAddr                                                
20007690  _stream                                                          
20007728  ti_sysbios_knl_Task_Module_state                                 
2000779c  macBeaconPayload                                                 
20007800  pOverrides_2gfsk50kbps154g                                       
2000782c  macActionSet                                                     
20007850  lastRatChanA                                                     
20007851  lastRatChanB                                                     
20007852  macRxCmdActive                                                   
20007853  macFsCmdActive                                                   
20007854  macRxPreempted                                                   
20007855  numRfCmd                                                         
20007856  numRxCmd                                                         
20007857  numRxPostCmd                                                     
20007858  ieeeCoexEnabled                                                  
2000785c  lastPostCmd                                                      
20007860  macSfdDetectCback                                                
20007870  macBeaconMargin                                                  
200078c0  savedCllcState                                                   
200078c1  permitJoining                                                    
200078c4  Csf_events                                                       
200078c8  Csf_keys                                                         
200078e8  macStateTbl                                                      
200078fc  macUser0Cfg                                                      
20007921  ApiMac_gpOffsetToms                                              
20007922  ApiMac_mtDataReqTxOptionGp                                       
20007924  save_par                                                         
20007928  control_task_joinedDev_mail_handle                               
2000792c  control_task_DevInfo_mail_handle                                 
20007930  control_task_NotiInfo_handle                                     
20007948  pMacCbackQueryRetransmit                                         
2000794c  pMacCbackCheckPending                                            
20007958  UTC_timeSeconds                                                  
20007964  RF_cmdNop                                                        
20007974  RF_cmdNopFg                                                      
20007984  RF_prop_2gfsk50kbps154g                                          
20007994  _hposcCoeffs                                                     
200079a4  macCfg                                                           
200079d8  taskCnt                                                          
200079dc  heapmgrMemFreeTotal                                              
200079e0  heapmgrMemFreeError                                              
200079f4  __TI_cleanup_ptr                                                 
200079f8  __TI_dtors_ptr                                                   
20007a08  RF_handle                                                        
20007a0c  macRadioAckIeeeFrame                                             
20007a0f  macRadioAckFrame                                                 
20007a14  macCsmaRtcTimerId                                                
20007a24  RFCC26XX_schedulerPolicy                                         
20007a2c  ti_sysbios_gates_GateMutexPri_Module_state                       
20007a34  ti_sysbios_heaps_HeapCallback_Module_state                       
20007a3c  ti_sysbios_knl_Mailbox_Module_state                              
20007a44  ti_sysbios_knl_Semaphore_Module_state                            
20007a58  __TI_ft_end                                                      
20007a5c  __aeabi_errno                                                    
20007a60  _lock                                                            
20007a64  _unlock                                                          
20007a68  appEvents                                                        
20007a6c  gmt                                                              
20007a70  macDataBeaconRequeue                                             
20007a74  macDataCheckSched                                                
20007a78  macDataCheckTxTime                                               
20007a7c  macDataRequeueIndirect                                           
20007a80  macDataRxBeaconCritical                                          
20007a84  macDataSetSched                                                  
20007a88  macDataTxBeaconComplete                                          
20007a8c  macDataTxIndirect                                                
20007a98  macTimerNewRollover                                              
20007a9c  macTimerRollover                                                 
20007aa0  minTxOffTime                                                     
20007aa8  pMacDataTx                                                       
20007aac  pMacEnhancedAck                                                  
20007ab4  macSrcMatchIsAckAllPending                                       
20007ab5  macSrcMatchDefaultPendOn                                         
20007ab8  assoc_resp_no_ack_cnt                                            
20007aba  symbol_rate_custom                                               
20007abd  bInSwi                                                           
20007abf  csmPhy                                                           
20007ac0  customMinTxOffEnabled                                            
20007ac1  dcEnabled                                                        
20007ac2  gmt_zone                                                         
20007ac8  macRadioYielded                                                  
20007ac9  macSrcMatchIsEnabled                                             
20007aca  macSrcMatchManualAddressTracking                                 
20007acb  macTxCmdActive                                                   
20007acc  macTxSlottedDelay                                                
20007acd  macTxSlottedDelayFactor                                          
20007acf  numTx                                                            
20007ad0  reqAccessAlloc                                                   
20007c00  ti_sysbios_family_arm_v8m_Hwi_ramVectors                         
20007cfc  heapStart                                                        
2003b000  __stack                                                          
2003b000  heapEnd                                                          
20040000  __STACK_END                                                      
50000000  __ccfg                                                           
ffffffff  __TI_pprof_out_hndl                                              
ffffffff  __TI_prof_data_size                                              
ffffffff  __TI_prof_data_start                                             
ffffffff  __binit__                                                        
ffffffff  __start___llvm_prf_bits                                          
ffffffff  __start___llvm_prf_cnts                                          
ffffffff  __stop___llvm_prf_bits                                           
ffffffff  __stop___llvm_prf_cnts                                           
ffffffff  binit                                                            
UNDEFED   PWM_config                                                       
UNDEFED   PWM_count                                                        
UNDEFED   __mpu_init                                                       

[1403 symbols]
