******************************************************************************
            TI ARM Clang Linker PC v3.2.2                      
******************************************************************************
>> Linked Thu Aug  1 23:05:38 2024

OUTPUT FILE NAME:   <collector_HUB.out>
ENTRY POINT SYMBOL: "ResetISR"  address: 0001bd8d


MEMORY CONFIGURATION

         name            origin    length      used     unused   attr    fill
----------------------  --------  ---------  --------  --------  ----  --------
  FLASH                 00000000   00100000  0002de2a  000d21d6  R  X
  SRAM                  20000000   00040000  0000cca0  00033360  RW X
  CCFG                  50000000   00000800  0000007c  00000784  R  X


SEGMENT ALLOCATION MAP

run origin  load origin   length   init length attrs members
----------  ----------- ---------- ----------- ----- -------
00000000    00000000    0001da94   0001da94    r-x
  00000000    00000000    0000003c   0000003c    r-- .resetVecs
  00000040    00000040    0001bdda   0001bdda    r-x .text
  0001be20    0001be20    00001c74   00001c74    r-- .rodata
0001da94    0001da94    00000008   00000008    rw-
  0001da94    0001da94    00000008   00000008    rw- .args
0001da9c    0001da9c    00000398   00000398    r--
  0001da9c    0001da9c    00000398   00000398    r-- .cinit
0004e000    0004e000    00008000   00000000    rw-
  0004e000    0004e000    00008000   00000000    rw- .TI.bound:flashBuf0
000e1000    000e1000    00008000   00000000    rw-
  000e1000    000e1000    00008000   00000000    rw- .TI.bound:flashBuf1
20000000    20000000    00000450   00000000    rw-
  20000000    20000000    00000450   00000000    rw- .bss.1
20000450    20000450    00000020   00000000    rw-
  20000450    20000450    00000010   00000000    rw- .TI.bound:dmaUart1RxControlTableEntry
  20000460    20000460    00000010   00000000    rw- .TI.bound:dmaUart1TxControlTableEntry
20000470    20000470    00006834   00000000    rw-
  20000470    20000470    00006834   00000000    rw- .bss.2
20006d00    20006d00    00000dc0   00000000    rw-
  20006d00    20006d00    00000dc0   00000000    rw- .data
20007b00    20007b00    000001fc   00000000    rw-
  20007b00    20007b00    000001fc   00000000    rw- .ramVecs
2003b000    2003b000    00005000   00000000    rw-
  2003b000    2003b000    00005000   00000000    rw- .stack
50000000    50000000    0000007c   0000007c    r--
  50000000    50000000    0000007c   0000007c    r-- .ccfg


SECTION ALLOCATION MAP

 output                                  attributes/
section   page    origin      length       input sections
--------  ----  ----------  ----------   ----------------
.resetVecs 
*          0    00000000    0000003c     
                  00000000    0000003c     ti_sysbios_config.o (.resetVecs)

.rodata    0    0001be20    00001c74     
                  0001be20    00000628     rf_multiMode_cc13x4.a : rf_patch_cpe_multi_protocol.c.cc13x4.ticlang.o (.rodata.patchImageMultiProtocol)
                  0001c448    00000008                           : RFCC26X2_multiMode.c.cc13x4.ticlang.o (.rodata..L__const.RF_hwiCpe0Active.activeCmd)
                  0001c450    00000101     libc.a : aeabi_ctype.S.obj (.rodata:__aeabi_ctype_table_)
                  0001c551    00000100     crc.o (.rodata.crc_table)
                  0001c651    000000f8     mac_cfg.o (.rodata.macPibTbl)
                  0001c749    0000008a     ti_sysbios_config.o (.rodata.ti_sysbios_family_arm_v8m_Hwi_Instance_init.err.1)
                  0001c7d3    00000089     ti_sysbios_config.o (.rodata.ti_sysbios_runtime_Memory_alloc.err)
                  0001c85c    00000088     mac_cfg.o (.rodata.macPibDefaults)
                  0001c8e4    00000087     ti_sysbios_config.o (.rodata.ti_sysbios_family_arm_v8m_Hwi_Instance_init.err)
                  0001c96b    00000072     maclib_secure_cc13x4_tirtos7.a : hmac_global.c.o (.rodata.macIdleSt)
                  0001c9dd    00000072                                    : hmac_global.c.o (.rodata.macScanningSt)
                  0001ca4f    00000072                                    : hmac_global.c.o (.rodata.macStartingSt)
                  0001cac1    00000003     embedded_cli.o (.rodata.str1.107731104096476205821)
                  0001cac4    0000006c     mac_user_config.o (.rodata.macRfDriverTable)
                  0001cb30    00000068     drivers_cc13x4.a : PowerCC26X2.c.obj (.rodata.resourceDB)
                  0001cb98    00000058     mac_cfg.o (.rodata.macSecurityPibTbl)
                  0001cbf0    00000058     ti_drivers_config.o (.rodata.uart2CC26X2HWAttrs)
                  0001cc48    00000050     mac_cfg.o (.rodata.macMRFSKStdPhyTable)
                  0001cc98    00000050     bindings.o (.rodata.str1.103882441609053769411)
                  0001cce8    00000046     bindings.o (.rodata.str1.152180950245161031301)
                  0001cd2e    00000046     console.o (.rodata.str1.19702299986539912601)
                  0001cd74    00000045     console.o (.rodata.str1.18229403853647403271)
                  0001cdb9    00000043     console.o (.rodata.str1.124339099123255022361)
                  0001cdfc    00000040     mac_user_config.o (.rodata.macCryptoDriverTable)
                  0001ce3c    00000040     maclib_secure_cc13x4_tirtos7.a : hmac_global.c.o (.rodata.macTimerRolloverValue)
                  0001ce7c    00000040     console.o (.rodata.str1.177911780714010508361)
                  0001cebc    0000003e     console.o (.rodata.str1.154537634631603354661)
                  0001cefa    00000002     cllc.o (.rodata.keyUsageList)
                  0001cefc    00000038     maclib_secure_cc13x4_tirtos7.a : hmac_global.c.o (.rodata.macCmdIncludeFHIe)
                  0001cf34    00000038     bindings.o (.rodata.str1.67156970037974138861)
                  0001cf6c    00000036     bindings.o (.rodata.str1.79975061567216625751)
                  0001cfa2    00000031     embedded_cli.o (.rodata.str1.61364102392489726071)
                  0001cfd3    00000001     ti_drivers_config.o (.rodata.Button_count)
                  0001cfd4    00000030     ti_radio_config.o (.rodata.RF_cmdPropRxAdv_2gfsk50kbps154g)
                  0001d004    0000002f     bindings.o (.rodata.str1.54453938773150735381)
                  0001d033    0000002e     embedded_cli.o (.rodata.str1.173825616155993455851)
                  0001d061    0000002d     bindings.o (.rodata.str1.37487272268987670171)
                  0001d08e    0000002b     console.o (.rodata.str1.117202593779801968171)
                  0001d0b9    0000002a     console.o (.rodata.str1.118433779020092289561)
                  0001d0e3    0000002a     console.o (.rodata.str1.32144297914801063621)
                  0001d10d    00000003     embedded_cli.o (.rodata.str1.12856399847108679661)
                  0001d110    00000028     drivers_cc13x4.a : NVSCC26XX.c.obj (.rodata.NVSCC26XX_fxnTable)
                  0001d138    00000028     ti_radio_config.o (.rodata.RF_cmdPropRadioDivSetup_2gfsk50kbps154g)
                  0001d160    00000028     maclib_secure_cc13x4_tirtos7.a : mac_radio.c.o (.rodata.activityObject)
                  0001d188    00000027     bindings.o (.rodata.str1.83350155200790866711)
                  0001d1af    00000026     console.o (.rodata.str1.82911753974822136681)
                  0001d1d5    00000002     drivers_cc13x4.a : UART2CC26X2.c.obj (.rodata.stopBits)
                  0001d1d7    00000001     ti_drivers_config.o (.rodata.GPIO_pinLowerBound)
                  0001d1d8    00000024     drivers_cc13x4.a : UART2.c.obj (.rodata.UART2_defaultParams)
                  0001d1fc    00000024     ti_sysbios_config.o (.rodata.ti_sysbios_knl_Task_Params_default)
                  0001d220    00000023     console.o (.rodata.str1.112170045911579039031)
                  0001d243    00000023     bindings.o (.rodata.str1.42728214177340263861)
                  0001d266    00000002     embedded_cli.o (.rodata.str1.143641102918279536761)
                  0001d268    00000020     mac_user_config.o (.rodata..L__const.rfSelect.RfCfg)
                  0001d288    00000020     ti_radio_config.o (.rodata.RF_cmdPropTxAdv_2gfsk50kbps154g)
                  0001d2a8    00000020     rf_multiMode_cc13x4.a : RFCC26X2_multiMode.c.cc13x4.ticlang.o (.rodata.cst32)
                  0001d2c8    00000020     cllc.o (.rodata.keyDeviceList)
                  0001d2e8    0000001f     bindings.o (.rodata.str1.160890868548895571111)
                  0001d307    0000001e     console.o (.rodata.str1.140633853591095507641)
                  0001d325    0000001e     bindings.o (.rodata.str1.161195190691457351541)
                  0001d343    0000001d     ti_sysbios_config.o (.rodata.str1.114093530142707899381)
                  0001d360    0000001d     console.o (.rodata.str1.148731930830276395691)
                  0001d37d    0000001d     bindings.o (.rodata.str1.161245782054735532971)
                  0001d39a    00000002     ti_sysbios_config.o (.rodata.str1.71102027280925491351)
                  0001d39c    0000001c     ti_radio_config.o (.rodata.RF_cmdPropCs_2gfsk50kbps154g)
                  0001d3b8    0000001c     driverlib.lib : prcm.c.obj (.rodata.g_pui32DCGCRegs)
                  0001d3d4    0000001c                   : prcm.c.obj (.rodata.g_pui32RCGCRegs)
                  0001d3f0    0000001c                   : prcm.c.obj (.rodata.g_pui32SCGCRegs)
                  0001d40c    0000001c     console.o (.rodata.str1.135340693881112255621)
                  0001d428    0000001c     ti_sysbios_config.o (.rodata.str1.54136785629011067091)
                  0001d444    0000001c     ti_sysbios_config.o (.rodata.ti_sysbios_family_arm_v8m_cc26x4_Timer_Params_default)
                  0001d460    0000001c     ti_sysbios_config.o (.rodata.ti_sysbios_knl_Mailbox_Params_default)
                  0001d47c    0000001b     console.o (.rodata.str1.48602567378597882131)
                  0001d497    0000001a     console.o (.rodata.str1.109483738412126489071)
                  0001d4b1    0000001a     bindings.o (.rodata.str1.155764942097675853221)
                  0001d4cb    0000001a     console.o (.rodata.str1.98090407489521728901)
                  0001d4e5    00000002     console.o (.rodata.str1.74025154271156921711)
                  0001d4e7    00000001     ti_drivers_config.o (.rodata.GPIO_pinUpperBound)
                  0001d4e8    00000018     ti_drivers_config.o (.rodata.NVS_config)
                  0001d500    00000018     drivers_cc13x4.a : PWM.c.obj (.rodata.PWM_defaultParams)
                  0001d518    00000018     ti_radio_config.o (.rodata.RF_cmdFs_2gfsk50kbps154g)
                  0001d530    00000018     maclib_secure_cc13x4_tirtos7.a : hmac_global.c.o (.rodata.macSendMsgBufSize)
                  0001d548    00000018     console.o (.rodata.str1.82032240864648347871)
                  0001d560    00000018     ti_sysbios_config.o (.rodata.ti_sysbios_family_arm_v8m_Hwi_Params_default)
                  0001d578    00000017     bindings.o (.rodata.str1.45929560980929028091)
                  0001d58f    00000017     embedded_cli.o (.rodata.str1.60117792541136907051)
                  0001d5a6    00000016     console.o (.rodata.str1.157482613126777534291)
                  0001d5bc    00000016     embedded_cli.o (.rodata.str1.56794714276310652161)
                  0001d5d2    00000016     control_task.o (.rodata.str1.63111264024442772211)
                  0001d5e8    00000015     console.o (.rodata.str1.109861027652257433771)
                  0001d5fd    00000015     bindings.o (.rodata.str1.133492802341922158351)
                  0001d612    00000015     console.o (.rodata.str1.2141151539762549531)
                  0001d627    00000001     ti_drivers_config.o (.rodata.LED_count)
                  0001d628    00000015     console.o (.rodata.str1.37004117601215091994)
                  0001d63d    00000015     bindings.o (.rodata.str1.89615615662243149171)
                  0001d652    00000001     ti_drivers_config.o (.rodata.NVS_count)
                  0001d653    00000001     ti_drivers_config.o (.rodata.UART2_count)
                  0001d654    00000014     drivers_cc13x4.a : Button.c.obj (.rodata.Button_defaultParams)
                  0001d668    00000014     ti_drivers_config.o (.rodata.PowerCC26X2_config)
                  0001d67c    00000014     drivers_cc13x4.a : TRNG.c.obj (.rodata.TRNG_defaultParams)
                  0001d690    00000014     bindings.o (.rodata.str1.157098827610153003181)
                  0001d6a4    00000014     bindings.o (.rodata.str1.99837668813231439621)
                  0001d6b8    00000014     ti_sysbios_config.o (.rodata.ti_sysbios_knl_Swi_Params_default)
                  0001d6cc    00000013     macTask.o (.rodata.msacbackSizeTable)
                  0001d6df    00000013     bindings.o (.rodata.str1.10778172599238569251)
                  0001d6f2    00000013     console.o (.rodata.str1.173445106894637189081)
                  0001d705    00000013     embedded_cli.o (.rodata.str1.17592202579311432871)
                  0001d718    00000013     console.o (.rodata.str1.21839946123909661931)
                  0001d72b    00000013     console.o (.rodata.str1.56170280465575791341)
                  0001d73e    00000012     bindings.o (.rodata.str1.144734872399533419521)
                  0001d750    00000012     bindings.o (.rodata.str1.44805155420352634551)
                  0001d762    00000012     console.o (.rodata.str1.58651297034802050711)
                  0001d774    00000011     bindings.o (.rodata.str1.102313780214714042181)
                  0001d785    00000011     ti_sysbios_config.o (.rodata.str1.111528116657238352481)
                  0001d796    00000011     collector.o (.rodata.str1.13089487403221750681)
                  0001d7a7    00000011     libc.a : _printfi.c.obj (.rodata.str1.44690500295887128011)
                  0001d7b8    00000011     console.o (.rodata.str1.68093814076132445351)
                  0001d7c9    00000001     ti_drivers_config.o (.rodata.aesccmCC26X4HWAttrs)
                  0001d7ca    00000001     bindings.o (.rodata.str1.27629447259544580711)
                  0001d7cb    00000001     embedded_cli.o (.rodata.str1.82444801724869462321)
                  0001d7cc    00000010     drivers_cc13x4.a : AESCCM.c.obj (.rodata.AESCCM_defaultParams)
                  0001d7dc    00000010     ti_drivers_config.o (.rodata.ButtonHWAttrs)
                  0001d7ec    00000010     ti_drivers_config.o (.rodata.Button_config)
                  0001d7fc    00000010     ti_drivers_config.o (.rodata.GPIO_config)
                  0001d80c    00000010     ti_drivers_config.o (.rodata.LED_config)
                  0001d81c    00000010     maclib_secure_cc13x4_tirtos7.a : hmac_global.c.o (.rodata.macIEEEPhyTable)
                  0001d82c    00000010     ti_drivers_config.o (.rodata.nvsCC26XXHWAttrs)
                  0001d83c    00000010     bindings.o (.rodata.str1.146699211267795792031)
                  0001d84c    00000010     ti_sysbios_config.o (.rodata.str1.67815635884313329291)
                  0001d85c    0000000f     console.o (.rodata.str1.110349819247255717211)
                  0001d86b    0000000f     ti_sysbios_config.o (.rodata.str1.123815885180704396101)
                  0001d87a    0000000f     bindings.o (.rodata.str1.80618083569694243781)
                  0001d889    0000000e     maclib_secure_cc13x4_tirtos7.a : hmac_global.c.o (.rodata.macCmdBufSize)
                  0001d897    0000000e                                    : hmac_global.c.o (.rodata.macTxFrameFailed)
                  0001d8a5    0000000e                                    : hmac_global.c.o (.rodata.macTxFrameSuccess)
                  0001d8b3    0000000e     bindings.o (.rodata.str1.78406596750728922571)
                  0001d8c1    0000000d     bindings.o (.rodata.str1.109904896690069623821)
                  0001d8ce    0000000d     bindings.o (.rodata.str1.144095348950462520971)
                  0001d8db    0000000d     bindings.o (.rodata.str1.32070044298335701421)
                  0001d8e8    0000000d     console.o (.rodata.str1.84806106596227001311)
                  0001d8f5    0000000d     bindings.o (.rodata.str1.97354886866287948881)
                  0001d902    00000002     --HOLE-- [fill = 0]
                  0001d904    0000000c     drivers_cc13x4.a : Random.c.obj (.rodata..L__const.Random_seedAutomatic.hwAttrs)
                  0001d910    0000000c     utc_clock.o (.rodata.EPOCH_convertTime.daysInMonth)
                  0001d91c    0000000c     ti_drivers_config.o (.rodata.RFCC26XX_hwAttrs)
                  0001d928    0000000c     ti_sysbios_config.o (.rodata.defAttrs)
                  0001d934    0000000c     maclib_secure_cc13x4_tirtos7.a : hmac_global.c.o (.rodata.macCbackEventTbl)
                  0001d940    0000000c                                    : hmac_global.c.o (.rodata.macSendMsgDataSize)
                  0001d94c    0000000c     control_task.o (.rodata.str1.20335272819579692351)
                  0001d958    0000000c     bindings.o (.rodata.str1.22730360767133370921)
                  0001d964    0000000c     ti_sysbios_config.o (.rodata.ti_sysbios_knl_Clock_Params_default)
                  0001d970    0000000c     ti_sysbios_config.o (.rodata.ti_sysbios_knl_Semaphore_Params_default)
                  0001d97c    0000000a     drivers_cc13x4.a : Button.c.obj (.rodata..Lswitch.table.Button_gpioCallbackFxn)
                  0001d986    00000002     --HOLE-- [fill = 0]
                  0001d988    0000000a     cllc.o (.rodata.keyIdLookupList)
                  0001d992    0000000a     console.o (.rodata.str1.157847336827218404471)
                  0001d99c    0000000a     bindings.o (.rodata.str1.99982223497158117831)
                  0001d9a6    00000009     maclib_secure_cc13x4_tirtos7.a : hmac_global.c.o (.rodata.macCmdLen)
                  0001d9af    00000009     console.o (.rodata.str1.150062874063377985621)
                  0001d9b8    00000009     console.o (.rodata.str1.31906269165783145471)
                  0001d9c1    00000009     console.o (.rodata.str1.79149487584464972151)
                  0001d9ca    00000002     --HOLE-- [fill = 0]
                  0001d9cc    00000008     ti_drivers_config.o (.rodata.AESCCM_config)
                  0001d9d4    00000008     cllc.o (.rodata.Cllc_keySource)
                  0001d9dc    00000008     drivers_cc13x4.a : LED.c.obj (.rodata.LED_defaultParams)
                  0001d9e4    00000008     ti_drivers_config.o (.rodata.UART2_config)
                  0001d9ec    00000008     ti_drivers_config.o (.rodata.UDMACC26XX_config)
                  0001d9f4    00000008     driverlib.lib : aux_sysif.c.obj (.rodata.cst4)
                  0001d9fc    00000008     maclib_secure_cc13x4_tirtos7.a : mac_rx.c.o (.rodata.cst4)
                  0001da04    00000008     main.o (.rodata.cst8)
                  0001da0c    00000008     maclib_secure_cc13x4_tirtos7.a : hmac_global.c.o (.rodata.macAuthTagLen)
                  0001da14    00000008     ti_sysbios_config.o (.rodata.prefixStrings)
                  0001da1c    00000008     bindings.o (.rodata.str1.174487428670864767921)
                  0001da24    00000008     console.o (.rodata.str1.18789277889791793101)
                  0001da2c    00000008     ti_sysbios_config.o (.rodata.ti_sysbios_knl_Idle_funcList)
                  0001da34    00000008     ti_drivers_config.o (.rodata.udmaCC26XXHWAttrs)
                  0001da3c    00000007     ti_sysbios_config.o (.rodata.str1.174580395633770214331)
                  0001da43    00000006     console.o (.rodata.str1.152013950760718497991)
                  0001da49    00000006     bindings.o (.rodata.str1.8786097754242680851)
                  0001da4f    00000005     drivers_cc13x4.a : UART2CC26X2.c.obj (.rodata.parityType)
                  0001da54    00000005                      : UART2CC26X2.c.obj (.rodata.rxFifoThreshold)
                  0001da59    00000005     cllc.o (.rodata.securityLevelEntry)
                  0001da5e    00000005     embedded_cli.o (.rodata.str1.174756512096424909541)
                  0001da63    00000005     bindings.o (.rodata.str1.28206725782978356331)
                  0001da68    00000005     drivers_cc13x4.a : UART2CC26X2.c.obj (.rodata.txFifoThreshold)
                  0001da6d    00000004     ti_drivers_config.o (.rodata.LEDHWAttrs)
                  0001da71    00000003     --HOLE-- [fill = 0]
                  0001da74    00000004     drivers_cc13x4.a : NVS.c.obj (.rodata.NVS_defaultParams)
                  0001da78    00000004     ti_sysbios_config.o (.rodata.TimestampP_nativeFormat32)
                  0001da7c    00000004     ti_sysbios_config.o (.rodata.TimestampP_nativeFormat64)
                  0001da80    00000004     drivers_cc13x4.a : UART2CC26X2.c.obj (.rodata.cst4)
                  0001da84    00000004     maclib_secure_cc13x4_tirtos7.a : hmac_global.c.o (.rodata.macKeySourceLen)
                  0001da88    00000004     embedded_cli.o (.rodata.str1.92385517120831250771)
                  0001da8c    00000004     ti_sysbios_config.o (.rodata.ti_sysbios_family_arm_v8m_Hwi_swiTaskKeyAddress)
                  0001da90    00000004     ti_sysbios_config.o (.rodata.ti_sysbios_knl_Clock_tickPeriod)

.cinit     0    0001da9c    00000398     
                  0001da9c    00000332     (.cinit..data.load) [load image, compression = lzss]
                  0001ddce    00000002     --HOLE-- [fill = 0]
                  0001ddd0    0000000c     (__TI_handler_table)
                  0001dddc    00000008     (.cinit..TI.bound:dmaUart1RxControlTableEntry.load) [load image, compression = zero_init]
                  0001dde4    00000008     (.cinit..TI.bound:dmaUart1TxControlTableEntry.load) [load image, compression = zero_init]
                  0001ddec    00000008     (.cinit..bss.1.load) [load image, compression = zero_init]
                  0001ddf4    00000008     (.cinit..bss.2.load) [load image, compression = zero_init]
                  0001ddfc    00000008     (.cinit..ramVecs.load) [load image, compression = zero_init]
                  0001de04    00000030     (__TI_cinit_table)

.init_array 
*          0    00000000    00000000     UNINITIALIZED

.TI.bound:flashBuf0 
*          0    0004e000    00008000     UNINITIALIZED
                  0004e000    00008000     ti_drivers_config.o (.TI.bound:flashBuf0)

.TI.bound:flashBuf1 
*          0    000e1000    00008000     UNINITIALIZED
                  000e1000    00008000     ti_drivers_config.o (.TI.bound:flashBuf1)

.data      0    20006d00    00000dc0     UNINITIALIZED
                  20006d00    00000178     drivers_cc13x4.a : PowerCC26X2.c.obj (.data.PowerCC26X2_module)
                  20006e78    000000f0     libc.a : defs.c.obj (.data._ftable)
                  20006f68    000000c0     ti_drivers_config.o (.data.gpioPinConfigs)
                  20007028    000000af     ti_radio_config.o (.data.txPowerTable_868_pa13)
                  200070d7    00000001     main.o (.data.Main_assertReason)
                  200070d8    000000a0     mac_cfg.o (.data.macMRFSKGenPhyTable)
                  20007178    00000078     libsysbm.a : host_device.c.obj (.data._device)
                  200071f0    00000074     csf.o (.data..L_MergedGlobals.1)
                  20007264    0000006c     maclib_secure_cc13x4_tirtos7.a : hmac_global.c.o (.data.fhObject)
                  200072d0    00000068     rf_multiMode_cc13x4.a : RFCC26X2_multiMode.c.cc13x4.ticlang.o (.data..L_MergedGlobals.1)
                  20007338    00000068     ti_sysbios_config.o (.data..L_MergedGlobals.72)
                  200073a0    00000068     ti_sysbios_config.o (.data..L_MergedGlobals)
                  20007408    00000068     ti_sysbios_config.o (.data.ti_sysbios_knl_Clock_Module_state)
                  20007470    00000064     rf_multiMode_cc13x4.a : RFCC26X2_multiMode.c.cc13x4.ticlang.o (.data..L_MergedGlobals.3)
                  200074d4    00000060     collector.o (.data..L_MergedGlobals)
                  20007534    0000005c     main.o (.data.Main_user1Cfg)
                  20007590    00000058     rf_multiMode_cc13x4.a : RFCC26X2_multiMode.c.cc13x4.ticlang.o (.data..L_MergedGlobals.2)
                  200075e8    00000058     cllc.o (.data..L_MergedGlobals)
                  20007640    00000050     nvocmp.o (.data..L_MergedGlobals.1)
                  20007690    00000050     libsysbm.a : host_device.c.obj (.data._stream)
                  200076e0    00000048     cllc.o (.data.macCallbacksCopy)
                  20007728    0000003c     ti_sysbios_config.o (.data.ti_sysbios_knl_Task_Module_state)
                  20007764    00000038     drivers_cc13x4.a : TRNGCC26XX.c.obj (.data..L_MergedGlobals.1)
                  2000779c    00000034     maclib_secure_cc13x4_tirtos7.a : hmac_global.c.o (.data.macBeaconPayload)
                  200077d0    00000030     drivers_cc13x4.a : TRNGCC26XX.c.obj (.data..L_MergedGlobals)
                  20007800    0000002c     ti_radio_config.o (.data.pOverrides_2gfsk50kbps154g)
                  2000782c    00000024     maclib_secure_cc13x4_tirtos7.a : hmac_global.c.o (.data.macActionSet)
                  20007850    00000020                                    : mac.c.o (.data..L_MergedGlobals)
                  20007870    00000020     mac_cfg.o (.data.macBeaconMargin)
                  20007890    00000018     maclib_secure_cc13x4_tirtos7.a : mac_duty_cycle.c.o (.data..L_MergedGlobals)
                  200078a8    00000015                                    : mac_rx.c.o (.data..L_MergedGlobals)
                  200078bd    00000003                                    : mac_tx.c.o (.data..L_MergedGlobals.1)
                  200078c0    00000014     csf.o (.data..L_MergedGlobals)
                  200078d4    00000014     ti_sysbios_config.o (.data.defaultPthreadAttrs)
                  200078e8    00000014     maclib_secure_cc13x4_tirtos7.a : hmac_global.c.o (.data.macStateTbl)
                  200078fc    00000014     main.o (.data.macUser0Cfg)
                  20007910    00000010     control_task.o (.data..L_MergedGlobals)
                  20007920    00000010     driverlib.lib : osc.c.obj (.data..L_MergedGlobals)
                  20007930    00000010     macTask.o (.data..L_MergedGlobals)
                  20007940    00000010     utc_clock.o (.data..L_MergedGlobals)
                  20007950    00000010     mac_settings.o (.data.RF_cmdNop)
                  20007960    00000010     mac_settings.o (.data.RF_cmdNopFg)
                  20007970    00000010     ti_radio_config.o (.data.RF_prop_2gfsk50kbps154g)
                  20007980    00000010     driverlib.lib : osc.c.obj (.data._hposcCoeffs)
                  20007990    00000010     mac_cfg.o (.data.macCfg)
                  200079a0    0000000c     maclib_osal_tirtos7_cc13x4_26x4.a : osal_port.c.o (.data..L_MergedGlobals.1)
                  200079ac    0000000c     maclib_secure_cc13x4_tirtos7.a : mac.c.o (.data..L_MergedGlobals.1)
                  200079b8    0000000c     drivers_cc13x4.a : NVSCC26XX.c.obj (.data..L_MergedGlobals)
                  200079c4    0000000c     maclib_osal_tirtos7_cc13x4_26x4.a : osal_port.c.o (.data..L_MergedGlobals)
                  200079d0    00000008                                       : osal_port_timers.c.o (.data..L_MergedGlobals.1)
                  200079d8    00000008     maclib_secure_cc13x4_tirtos7.a : mac_radio.c.o (.data..L_MergedGlobals.1)
                  200079e0    00000008     libc.a : exit.c.obj (.data..L_MergedGlobals)
                  200079e8    00000008     maclib_osal_tirtos7_cc13x4_26x4.a : osal_port_timers.c.o (.data..L_MergedGlobals)
                  200079f0    00000008     maclib_secure_cc13x4_tirtos7.a : mac_radio.c.o (.data..L_MergedGlobals)
                  200079f8    00000008                                    : mac_radio_tx.c.o (.data..L_MergedGlobals)
                  20007a00    00000008                                    : mac_tx.c.o (.data..L_MergedGlobals)
                  20007a08    00000008     rf_multiMode_cc13x4.a : RFCC26X2_multiMode.c.cc13x4.ticlang.o (.data..L_MergedGlobals)
                  20007a10    00000008                           : RFCC26X2_multiMode.c.cc13x4.ticlang.o (.data.RFCC26XX_schedulerPolicy)
                  20007a18    00000008     ti_sysbios_config.o (.data.ti_sysbios_gates_GateMutexPri_Module_state)
                  20007a20    00000008     ti_sysbios_config.o (.data.ti_sysbios_heaps_HeapCallback_Module_state)
                  20007a28    00000008     ti_sysbios_config.o (.data.ti_sysbios_knl_Mailbox_Module_state)
                  20007a30    00000008     ti_sysbios_config.o (.data.ti_sysbios_knl_Semaphore_Module_state)
                  20007a38    00000004     maclib_secure_cc13x4_tirtos7.a : mac_hl_patch.c.o (.data..L_MergedGlobals)
                  20007a3c    00000004     drivers_cc13x4.a : PowerCC26X2.c.obj (.data.PowerCC26X2_rtcSubSecInc)
                  20007a40    00000004     rf_multiMode_cc13x4.a : RFCC26X2_multiMode.c.cc13x4.ticlang.o (.data.RF_fsmActiveState.lfClockSourceLast)
                  20007a44    00000004     libc.a : defs.c.obj (.data.__TI_ft_end)
                  20007a48    00000004            : aeabi_portable.c.obj (.data.__aeabi_errno)
                  20007a4c    00000004            : _lock.c.obj (.data._lock)
                  20007a50    00000004            : _lock.c.obj (.data._unlock)
                  20007a54    00000004     api_mac.o (.data.appEvents)
                  20007a58    00000004     bindings.o (.data.gmt)
                  20007a5c    00000004     maclib_secure_cc13x4_tirtos7.a : hmac_global.c.o (.data.macDataBeaconRequeue)
                  20007a60    00000004                                    : hmac_global.c.o (.data.macDataCheckSched)
                  20007a64    00000004                                    : hmac_global.c.o (.data.macDataCheckTxTime)
                  20007a68    00000004                                    : hmac_global.c.o (.data.macDataRequeueIndirect)
                  20007a6c    00000004                                    : hmac_global.c.o (.data.macDataRxBeaconCritical)
                  20007a70    00000004                                    : hmac_global.c.o (.data.macDataSetSched)
                  20007a74    00000004                                    : hmac_global.c.o (.data.macDataTxBeaconComplete)
                  20007a78    00000004                                    : hmac_global.c.o (.data.macDataTxIndirect)
                  20007a7c    00000004                                    : mac_symbol_timer.c.o (.data.macSymbolWakeupClock)
                  20007a80    00000004     macTask.o (.data.macTaskEvents)
                  20007a84    00000004     maclib_secure_cc13x4_tirtos7.a : hmac_global.c.o (.data.macTimerNewRollover)
                  20007a88    00000004                                    : hmac_global.c.o (.data.macTimerRollover)
                  20007a8c    00000004                                    : mac.c.o (.data.minTxOffTime)
                  20007a90    00000004     api_mac.o (.data.pMacCallbacks)
                  20007a94    00000004     maclib_secure_cc13x4_tirtos7.a : hmac_global.c.o (.data.pMacDataTx)
                  20007a98    00000004                                    : mac_radio_tx.c.o (.data.pMacEnhancedAck)
                  20007a9c    00000004                                    : mac_mcu.c.o (.data.pRandomSeedCB)
                  20007aa0    00000003     api_mac.o (.data..L_MergedGlobals)
                  20007aa3    00000002     maclib_secure_cc13x4_tirtos7.a : mac_autopend.c.o (.data..L_MergedGlobals)
                  20007aa5    00000001     nvocmp.o (.data.NVOCMP_failF)
                  20007aa6    00000002     cllc.o (.data.Cllc_numOfDevices)
                  20007aa8    00000002     maclib_secure_cc13x4_tirtos7.a : mac_hl_patch.c.o (.data.assoc_resp_no_ack_cnt)
                  20007aaa    00000002     mac_cfg.o (.data.symbol_rate_custom)
                  20007aac    00000001     maclib_secure_cc13x4_tirtos7.a : lmac_global.c.o (.data.bInSwi)
                  20007aad    00000001     rf_multiMode_cc13x4.a : rf_patch_cpe_multi_protocol.c.cc13x4.ticlang.o (.data.bMultiProtocolPatchEntered)
                  20007aae    00000001     maclib_secure_cc13x4_tirtos7.a : hmac_global.c.o (.data.csmPhy)
                  20007aaf    00000001                                    : mac.c.o (.data.customMinTxOffEnabled)
                  20007ab0    00000001                                    : mac_duty_cycle.c.o (.data.dcEnabled)
                  20007ab1    00000001     bindings.o (.data.gmt_zone)
                  20007ab2    00000001     drivers_cc13x4.a : GPIOCC26X4.c.obj (.data.initCalled)
                  20007ab3    00000001                      : AESCCMCC26X4.c.obj (.data.isInitialized)
                  20007ab4    00000001                      : CryptoResourceCC26XX.c.obj (.data.isInitialized)
                  20007ab5    00000001                      : NVS.c.obj (.data.isInitialized)
                  20007ab6    00000001                      : PWM.c.obj (.data.isInitialized)
                  20007ab7    00000001     maclib_secure_cc13x4_tirtos7.a : lmac_global.c.o (.data.macRadioYielded)
                  20007ab8    00000001                                    : lmac_global.c.o (.data.macSrcMatchIsEnabled)
                  20007ab9    00000001                                    : mac_autopend.c.o (.data.macSrcMatchManualAddressTracking)
                  20007aba    00000001                                    : mac.c.o (.data.macTxCmdActive)
                  20007abb    00000001                                    : lmac_global.c.o (.data.macTxSlottedDelay)
                  20007abc    00000001                                    : mac_tx.c.o (.data.macTxSlottedDelayFactor)
                  20007abd    00000001                                    : mac_tx.c.o (.data.npdb)
                  20007abe    00000001                                    : mac_tx.c.o (.data.numTx)
                  20007abf    00000001                                    : mac.c.o (.data.reqAccessAlloc)

.ramVecs   0    20007b00    000001fc     UNINITIALIZED
                  20007b00    000000fc     driverlib.lib : interrupt.c.obj (.ramVecs)
                  20007bfc    00000004     --HOLE--
                  20007c00    000000fc     ti_sysbios_config.o (.ramVecs)

.sysmem    0    20007cfc    00000000     UNINITIALIZED

.nonretenvar 
*          0    20007cfc    00000000     UNINITIALIZED

.stack     0    2003b000    00005000     UNINITIALIZED
                  2003b000    00000004     sysbios.a : boot_cortex_m.c.obj (.stack)
                  2003b004    00004ffc     --HOLE--

.ccfg      0    50000000    0000007c     
                  50000000    0000007c     ti_devices_config.o (.ccfg)

.text      0    00000040    0001bdda     
                  00000040    00000744     maclib_secure_cc13x4_tirtos7.a : mac_rx.c.o (.text.macRxFrameIsr)
                  00000784    00000594                                    : mac_radio_tx.c.o (.text.macRadioTxGo)
                  00000d18    00000538     nvocmp.o (.text.NVOCMP_compactPage)
                  00001250    00000538     nvocmp.o (.text.NVOCMP_initNvApi)
                  00001788    00000480     rf_multiMode_cc13x4.a : RFCC26X2_multiMode.c.cc13x4.ticlang.o (.text.RF_fsmActiveState)
                  00001c08    00000454     embedded_cli.o (.text.embeddedCliProcess)
                  0000205c    000003e0     collector.o (.text.dataIndCB)
                  0000243c    000003b8     api_mac.o (.text.ApiMac_processIncoming)
                  000027f4    00000380     collector.o (.text.Collector_process)
                  00002b74    00000358     maclib_secure_cc13x4_tirtos7.a : mac_rx.c.o (.text.rxPayloadIsr)
                  00002ecc    0000031c                                    : mac_hl_patch.c.o (.text.macWrapperAddDevice)
                  000031e8    000002f4                                    : mac.c.o (.text.macRxCb)
                  000034dc    000002ec                                    : mac_mgmt.c.o (.text.macBuildHeader)
                  000037c8    000002e8                                    : mac_radio_tx.c.o (.text.macRadioCsmaTxCb)
                  00003ab0    00000010     drivers_cc13x4.a : AESCCM.c.obj (.text.AESCCM_Params_init)
                  00003ac0    000002dc     libc.a : strcmp_t2.S.obj (.text:strcmp)
                  00003d9c    00000290     ti_sysbios_config.o (.text.ti_sysbios_runtime_System_doPrint)
                  0000402c    00000288     bindings.o (.text.createPairing)
                  000042b4    00000268     maclib_secure_cc13x4_tirtos7.a : mac_radio.c.o (.text.macRadioInitSubG)
                  0000451c    00000268     libc.a : _printfi.c.obj (.text:__TI_printfi_minimal)
                  00004784    0000024c     rf_multiMode_cc13x4.a : RFCC26X2_multiMode.c.cc13x4.ticlang.o (.text.RF_open)
                  000049d0    00000240     macTask.o (.text.macTaskFxn)
                  00004c10    00000228     maclib_secure_cc13x4_tirtos7.a : mac_security_pib.c.o (.text.MAC_MlmeSetSecurityReq)
                  00004e38    0000021c                                    : mac_radio_tx.c.o (.text.macRadioTxRequestTxAck)
                  00005054    00000210                                    : mac.c.o (.text.macSendReceiveCmdSubG)
                  00005264    000001fc     drivers_cc13x4.a : AESCCMCC26X4.c.obj (.text.AESCCM_addAADInternal)
                  00005460    000001f4     nvocmp.o (.text.NVOCMP_addItem)
                  00005654    000001f0     drivers_cc13x4.a : UART2CC26X2.c.obj (.text.UART2CC26X2_hwiIntFxn)
                  00005844    000001ec     maclib_secure_cc13x4_tirtos7.a : mac_hl_patch.c.o (.text.macTxCompleteCallback)
                  00005a30    000001e8     rf_multiMode_cc13x4.a : RFCC26X2_multiMode.c.cc13x4.ticlang.o (.text.RF_scheduleCmd)
                  00005c18    000001dc                           : RFCC26X2_multiMode.c.cc13x4.ticlang.o (.text.RF_dispatchNextCmd)
                  00005df4    000001d8     maclib_secure_cc13x4_tirtos7.a : mac_security_pib.c.o (.text.macSecurityPibReset)
                  00005fcc    000001d4     drivers_cc13x4.a : UART2.c.obj (.text.UART2_readTimeout)
                  000061a0    000001d4     console.o (.text.consoleTask_)
                  00006374    000001d4     mac_settings.o (.text.rfSetConfigSubG)
                  00006548    000001d0     maclib_secure_cc13x4_tirtos7.a : mac.c.o (.text.macSendReceiveCmdIeee)
                  00006718    000001bc                                    : mac_pib.c.o (.text.MAC_MlmeSetReq)
                  000068d4    000001ac                                    : mac_tx.c.o (.text.macTxFrame)
                  00006a80    00000198     nvocmp.o (.text.NVOCMP_findItem)
                  00006c18    00000194     drivers_cc13x4.a : PowerCC26X2_calibrateRCOSC.c.obj (.text.PowerCC26X2_auxISR)
                  00006dac    00000194     maclib_secure_cc13x4_tirtos7.a : mac_hl_patch.c.o (.text.macWrapperAddKeyInitFCtr)
                  00006f40    00000188                                    : mac_security_pib.c.o (.text.MAC_MlmeGetSecurityReq)
                  000070c8    00000184     drivers_cc13x4.a : UART2CC26X2.c.obj (.text.UART2_open)
                  0000724c    00000184     maclib_secure_cc13x4_tirtos7.a : mac_hl_patch.c.o (.text.macIncomingFrameSecurityMaterialRetrieval)
                  000073d0    00000180     libc.a : fwrite.c.obj (.text.fwrite)
                  00007550    00000174     drivers_cc13x4.a : UART2.c.obj (.text.UART2_writeTimeoutBlocking)
                  000076c4    00000168     control_task.o (.text.controlTask_)
                  0000782c    00000168     maclib_secure_cc13x4_tirtos7.a : mac_mgmt.c.o (.text.macBuildCommonReq)
                  00007994    00000160                                    : mac_hl_patch.c.o (.text.MAC_McpsDataReq)
                  00007af4    00000160                                    : mac_scan.c.o (.text.macApiScanReq)
                  00007c54    00000160                                    : mac_tx.c.o (.text.txCsmaDelay)
                  00007db4    0000014c     rf_multiMode_cc13x4.a : RFCC26X2_multiMode.c.cc13x4.ticlang.o (.text.RF_radioOpDoneCb)
                  00007f00    0000014c     collector.o (.text.dataCnfCB)
                  0000804c    00000148     drivers_cc13x4.a : PowerCC26X2.c.obj (.text.Power_sleep)
                  00008194    00000148     maclib_secure_cc13x4_tirtos7.a : mac_data.c.o (.text.macDataTxSend)
                  000082dc    00000144     rf_multiMode_cc13x4.a : RFCC26X2_multiMode.c.cc13x4.ticlang.o (.text.RF_updatePaConfiguration)
                  00008420    00000144     maclib_secure_cc13x4_tirtos7.a : mac_hl_patch.c.o (.text.macIncomingFrameSecurity)
                  00008564    00000140                                    : mac_radio_tx.c.o (.text.macRadioLbtTxCb)
                  000086a4    0000013c     rf_multiMode_cc13x4.a : RFCC26X2_multiMode.c.cc13x4.ticlang.o (.text.RF_abortCmd)
                  000087e0    00000134                           : RFCC26X2_multiMode.c.cc13x4.ticlang.o (.text.RF_ratSetupChannel)
                  00008914    00000134     maclib_secure_cc13x4_tirtos7.a : mac_mgmt.c.o (.text.macSetDefaultsByPhyID)
                  00008a48    00000130     drivers_cc13x4.a : AESCCMCC26X4.c.obj (.text.AESCCM_addDataInternal)
                  00008b78    0000012c     rf_multiMode_cc13x4.a : RFCC26X2_multiMode.c.cc13x4.ticlang.o (.text.RF_close)
                  00008ca4    0000012c     maclib_secure_cc13x4_tirtos7.a : mac_hl_patch.c.o (.text.macRxBeaconCritical)
                  00008dd0    0000012c     console.o (.text.setTimeEpoch)
                  00008efc    0000012c     ti_sysbios_config.o (.text.ti_sysbios_family_arm_v8m_cc26x4_Timer_construct)
                  00009028    00000128     drivers_cc13x4.a : Button.c.obj (.text.Button_clockTimeoutHandler)
                  00009150    00000128     maclib_secure_cc13x4_tirtos7.a : mac_data.c.o (.text.macAllocTxBuffer)
                  00009278    00000128                                    : mac_coord.c.o (.text.macBuildBeacon)
                  000093a0    00000128                                    : mac_hl_patch.c.o (.text.macWrapperDeleteDevice)
                  000094c8    00000124     rf_multiMode_cc13x4.a : RFCC26X2_multiMode.c.cc13x4.ticlang.o (.text.RF_fsmSetupState)
                  000095ec    00000124     drivers_cc13x4.a : TRNGCC26XX.c.obj (.text.TRNGCC26XX_hwiFxn)
                  00009710    00000124     maclib_secure_cc13x4_tirtos7.a : mac_radio.c.o (.text.macRadioInitIeee)
                  00009834    00000120                                    : mac_duty_cycle.c.o (.text.macDutyCycleInit)
                  00009954    0000011c     drivers_cc13x4.a : NVSCC26XX.c.obj (.text.NVSCC26XX_write)
                  00009a70    00000118                      : PowerCC26X2.c.obj (.text.Power_init)
                  00009b88    00000118     rf_multiMode_cc13x4.a : RFCC26X2_multiMode.c.cc13x4.ticlang.o (.text.RF_decodeOverridePointers)
                  00009ca0    00000118     drivers_cc13x4.a : UART2.c.obj (.text.UART2_writeTimeoutNonblocking)
                  00009db8    00000114     driverlib.lib : setup_rom.c.obj (.text.NOROM_SetupAfterColdResetWakeupFromShutDownCfg3)
                  00009ecc    00000114     maclib_secure_cc13x4_tirtos7.a : mac_tx.c.o (.text.txComplete)
                  00009fe0    00000110     drivers_cc13x4.a : GPIOCC26X4.c.obj (.text.GPIO_init)
                  0000a0f0    00000110                      : LED.c.obj (.text.LED_open)
                  0000a200    00000110     maclib_secure_cc13x4_tirtos7.a : mac_ie_build.c.o (.text.macBuildPayloadIes)
                  0000a310    0000010c     cllc.o (.text.Cllc_process)
                  0000a41c    0000010c     driverlib.lib : setup_rom.c.obj (.text.NOROM_SetupAfterColdResetWakeupFromShutDownCfg2)
                  0000a528    0000010c     drivers_cc13x4.a : PowerCC26X2_calibrateRCOSC.c.obj (.text.PowerCC26X2_calibrate)
                  0000a634    00000108                      : AESCCMCC26X4.c.obj (.text.AESCCM_getResult)
                  0000a73c    00000108     nvocmp.o (.text.NVOCMP_cleanPage)
                  0000a844    00000108     maclib_secure_cc13x4_tirtos7.a : mac_coord.c.o (.text.macBuildAssociateRsp)
                  0000a94c    00000108                                    : mac_hl_patch.c.o (.text.macBuildDataFrame)
                  0000aa54    00000104     macTask.o (.text.MAC_CbackEvent)
                  0000ab58    00000104     sysbios.a : Hwi_asm_gcc.s.obj (.text.ti_sysbios_family_arm_v8m_Hwi_dispatch)
                  0000ac5c    00000100     utc_clock.o (.text.EPOCH_convertTime)
                  0000ad5c    00000100     driverlib.lib : setup.c.obj (.text.NOROM_SetupTrimDevice)
                  0000ae5c    00000100     rf_multiMode_cc13x4.a : RFCC26X2_multiMode.c.cc13x4.ticlang.o (.text.RF_fsmPowerUpState)
                  0000af5c    00000100     maclib_secure_cc13x4_tirtos7.a : mac_data.c.o (.text.macRxCompleteCallback)
                  0000b05c    00000100                                    : mac_hl_patch.c.o (.text.macScanNextChan)
                  0000b15c    000000fc     rf_multiMode_cc13x4.a : RFCC26X2_multiMode.c.cc13x4.ticlang.o (.text.RF_hwiCpe0Active)
                  0000b258    000000fc     embedded_cli.o (.text.onHelp)
                  0000b354    000000f4     drivers_cc13x4.a : TRNGCC26XX.c.obj (.text.TRNG_getRandom)
                  0000b448    000000f4     maclib_secure_cc13x4_tirtos7.a : mac_coord.c.o (.text.macStartBegin)
                  0000b53c    000000f0     drivers_cc13x4.a : UART2CC26X2.c.obj (.text.UART2Support_dmaStartRx)
                  0000b62c    000000ec     embedded_cli.o (.text.getAutocompletedCommand)
                  0000b718    000000ec     maclib_secure_cc13x4_tirtos7.a : mac.c.o (.text.macSetupRATChanCompare)
                  0000b804    000000e8     embedded_cli.o (.text.embeddedCliNew)
                  0000b8ec    000000e8     ti_sysbios_config.o (.text.ti_sysbios_knl_Semaphore_pend)
                  0000b9d4    000000e4     drivers_cc13x4.a : AESCCMCC26X4.c.obj (.text.AESCCM_startOperation)
                  0000bab8    000000e4                      : Button.c.obj (.text.Button_open)
                  0000bb9c    000000e4     maclib_secure_cc13x4_tirtos7.a : mac_tx.c.o (.text.macTxChannelBusyCallback)
                  0000bc80    000000e0     driverlib.lib : sys_ctrl.c.obj (.text.NOROM_SysCtrlStandby)
                  0000bd60    000000e0     drivers_cc13x4.a : UART2CC26X2.c.obj (.text.UART2CC26X2_initHw)
                  0000be40    000000e0     maclib_secure_cc13x4_tirtos7.a : mac_coord.c.o (.text.macIndirectExpire)
                  0000bf20    000000e0                                    : mac_hl_patch.c.o (.text.macOutgoingFrameKeyDescRetrieval)
                  0000c000    000000e0     par.o (.text.par_save)
                  0000c0e0    000000e0     maclib_secure_cc13x4_tirtos7.a : mac_tx.c.o (.text.txCsmaPrep)
                  0000c1c0    000000dc     rf_multiMode_cc13x4.a : RFCC26X2_multiMode.c.cc13x4.ticlang.o (.text.RF_control)
                  0000c29c    000000dc     maclib_secure_cc13x4_tirtos7.a : mac_mgmt.c.o (.text.macBuildDisassociateReq)
                  0000c378    000000dc     ti_sysbios_config.o (.text.pthread_create)
                  0000c454    000000d8     maclib_secure_cc13x4_tirtos7.a : mac_hl_patch.c.o (.text.macCcmStarTransform)
                  0000c52c    000000d8                                    : mac_scan.c.o (.text.macScanRxBeacon)
                  0000c604    000000d8     libc.a : setvbuf.c.obj (.text.setvbuf)
                  0000c6dc    000000d4     api_mac.o (.text.ApiMac_mlmeSetReqArray)
                  0000c7b0    000000d4     collector.o (.text.Collector_init)
                  0000c884    000000d4     maclib_secure_cc13x4_tirtos7.a : mac_data.c.o (.text.MAC_McpsDataAlloc)
                  0000c958    000000d0     drivers_cc13x4.a : PowerCC26X2.c.obj (.text.configureXOSCHF)
                  0000ca28    000000d0     maclib_secure_cc13x4_tirtos7.a : mac_hl_patch.c.o (.text.macEdScanISR)
                  0000caf8    000000d0                                    : mac_radio_tx.c.o (.text.macRadioTxAckCb)
                  0000cbc8    000000d0                                    : mac_radio_tx.c.o (.text.macRadioTxPrepCsmaSlottedSubG)
                  0000cc98    000000d0                                    : mac_symbol_timer.c.o (.text.macSymbolTimerUpdateWakeup)
                  0000cd68    000000cc     cllc.o (.text.Cllc_restoreNetwork)
                  0000ce34    000000cc     collector.o (.text.Collector_sendConfigRequest)
                  0000cf00    000000cc     csf.o (.text.Csf_processEvents)
                  0000cfcc    000000cc     maclib_secure_cc13x4_tirtos7.a : mac_mgmt.c.o (.text.macCommStatusInd)
                  0000d098    000000cc     collector.o (.text.sendMsg)
                  0000d164    000000c8     maclib_secure_cc13x4_tirtos7.a : mac_hl_patch.c.o (.text.macOutgoingFrameSecurity)
                  0000d22c    000000c8                                    : mac_main.c.o (.text.macSendDataMsg)
                  0000d2f4    000000c4                                    : mac_hl_patch.c.o (.text.macBuildHeaderIes)
                  0000d3b8    000000c4                                    : mac_duty_cycle.c.o (.text.macDutyCycleNotify)
                  0000d47c    000000c0     drivers_cc13x4.a : GPIOCC26XX.c.obj (.text.GPIO_setConfigAndMux)
                  0000d53c    000000c0     driverlib.lib : aes.c.obj (.text.NOROM_AESWriteToKeyStore)
                  0000d5fc    000000c0     maclib_secure_cc13x4_tirtos7.a : mac_tx.c.o (.text.macTxRequestCsmaRtcDelay)
                  0000d6bc    000000c0                                    : mac_radio.c.o (.text.scheduleNopWakeupCmd)
                  0000d77c    000000bc     drivers_cc13x4.a : PowerCC26X2.c.obj (.text.Power_setDependency)
                  0000d838    000000bc     rf_multiMode_cc13x4.a : RFCC26X2_multiMode.c.cc13x4.ticlang.o (.text.RF_swiHw)
                  0000d8f4    000000bc     drivers_cc13x4.a : UART2CC26X2.c.obj (.text.UART2Support_dmaStartTx)
                  0000d9b0    000000b8     maclib_secure_cc13x4_tirtos7.a : mac_mgmt.c.o (.text.MAC_MlmeResetReq)
                  0000da68    000000b8     cllc.o (.text.assocIndCb)
                  0000db20    000000b8     maclib_secure_cc13x4_tirtos7.a : mac_coord.c.o (.text.macStartSetParams)
                  0000dbd8    000000b8                                    : mac_tx.c.o (.text.macTxRequestCsmaDelay)
                  0000dc90    000000b8     ti_sysbios_config.o (.text.ti_sysbios_knl_Task_Instance_finalize)
                  0000dd48    000000b4     drivers_cc13x4.a : PowerCC26X2.c.obj (.text.Power_releaseDependency)
                  0000ddfc    000000b4     maclib_secure_cc13x4_tirtos7.a : mac.c.o (.text.macGetRFCmdDuration)
                  0000deb0    000000b4     ti_sysbios_config.o (.text.ti_sysbios_knl_Task_setPri)
                  0000df64    000000b2     api_mac.o (.text.copyDataInd)
                  0000e016    00000002     ti_sysbios_config.o (.text.BIOS_nullFunc)
                  0000e018    000000b0     bindings.o (.text.allDevicesInNetwork)
                  0000e0c8    000000b0     maclib_secure_cc13x4_tirtos7.a : mac_data.c.o (.text.macApiDataReq)
                  0000e178    000000b0                                    : mac_mgmt.c.o (.text.macBuildBeaconNotifyInd)
                  0000e228    000000b0                                    : mac_ie_build.c.o (.text.macBuildPayloadCoexistIe)
                  0000e2d8    000000b0     libclang_rt.builtins.a : udivmoddi4.S.obj (.text)
                  0000e388    000000ac     ti_sysbios_config.o (.text.PowerCC26XX_standbyPolicy)
                  0000e434    000000ac     rf_multiMode_cc13x4.a : RFCC26X2_multiMode.c.cc13x4.ticlang.o (.text.RF_pendCmd)
                  0000e4e0    000000ac     maclib_secure_cc13x4_tirtos7.a : mac_hl_patch.c.o (.text.macAutoPendMaintainSrcMatchTable)
                  0000e58c    000000ac                                    : mac_data.c.o (.text.macDataTxEnqueue)
                  0000e638    000000a8     drivers_cc13x4.a : AESCCMCC26X4.c.obj (.text.AESCCM_hwiFxn)
                  0000e6e0    000000a8     maclib_secure_cc13x4_tirtos7.a : mac_hl_patch.c.o (.text.macApiStartReq)
                  0000e788    000000a8                                    : mac_coord.c.o (.text.macCoordReset)
                  0000e830    000000a8                                    : mac_rx.c.o (.text.macRxInit)
                  0000e8d8    000000a8                                    : mac_tx.c.o (.text.macTxStartQueuedFrame)
                  0000e980    000000a8     embedded_cli.o (.text.onAutocompleteRequest)
                  0000ea28    000000a4     maclib_secure_cc13x4_tirtos7.a : mac_autopend.c.o (.text.MAC_SrcMatchAddEntry)
                  0000eacc    000000a4     maclib_osal_tirtos7_cc13x4_26x4.a : osal_port.c.o (.text.OsalPort_heapMalloc)
                  0000eb70    000000a4     rf_multiMode_cc13x4.a : RFCC26X2_multiMode.c.cc13x4.ticlang.o (.text.RF_initRadioSetup)
                  0000ec14    000000a4     maclib_secure_cc13x4_tirtos7.a : mac_hl_patch.c.o (.text.macDataTxComplete)
                  0000ecb8    000000a4                                    : mac_hl_patch.c.o (.text.macMgmtReset)
                  0000ed5c    000000a4     par.o (.text.par_load)
                  0000ee00    000000a4     ti_sysbios_config.o (.text.ti_sysbios_knl_Task_Instance_init)
                  0000eea4    000000a0     nvocmp.o (.text.NVOCMP_readContItemApi)
                  0000ef44    000000a0     rf_multiMode_cc13x4.a : RFCC26X2_multiMode.c.cc13x4.ticlang.o (.text.RF_calculateDispatchTime)
                  0000efe4    000000a0                           : RFCC26X2_multiMode.c.cc13x4.ticlang.o (.text.RF_requestAccess)
                  0000f084    000000a0     control_task.o (.text.control_Task_Noti_Info_mail)
                  0000f124    000000a0     control_task.o (.text.control_task_mail_post_DevInfo)
                  0000f1c4    000000a0     maclib_secure_cc13x4_tirtos7.a : mac_hl_patch.c.o (.text.macAutoPendAddSrcMatchTableEntry)
                  0000f264    000000a0                                    : mac_coord.c.o (.text.macBuildPendAddr)
                  0000f304    000000a0                                    : mac_hl_patch.c.o (.text.macCbackForEvent)
                  0000f3a4    0000009c     driverlib.lib : setup.c.obj (.text.TrimAfterColdResetWakeupFromShutDown)
                  0000f440    0000009c     maclib_secure_cc13x4_tirtos7.a : mac_mgmt.c.o (.text.macBuildWSAsyncReq)
                  0000f4dc    0000009c     ti_sysbios_config.o (.text.ti_sysbios_knl_Clock_workFuncDynamic)
                  0000f578    0000009c     ti_sysbios_config.o (.text.ti_sysbios_knl_Mailbox_Instance_init)
                  0000f614    00000098     nvocmp.o (.text.NVOCMP_erase)
                  0000f6ac    00000098     rf_multiMode_cc13x4.a : RFCC26X2_multiMode.c.cc13x4.ticlang.o (.text.RF_defaultSubmitPolicy)
                  0000f744    00000098     bindings.o (.text.allPairedDevices)
                  0000f7dc    00000098     maclib_secure_cc13x4_tirtos7.a : mac_hl_patch.c.o (.text.macIncomingSecurityLevelChecking)
                  0000f874    00000098                                    : mac_mgmt.c.o (.text.macRxBeacon)
                  0000f90c    00000098                                    : mac_timer.c.o (.text.macSymbolTimerTriggerCallback)
                  0000f9a4    00000098     ti_sysbios_config.o (.text.ti_sysbios_knl_Task_sleep)
                  0000fa3c    00000096     rf_multiMode_cc13x4.a : RFCC26X2_multiMode.c.cc13x4.ticlang.o (.text.RF_verifyGap)
                  0000fad2    00000002     ti_drivers_config.o (.text.Board_initHook)
                  0000fad4    00000094     maclib_secure_cc13x4_tirtos7.a : mac_hl_patch.c.o (.text.MAC_MlmeScanReq)
                  0000fb68    00000094     rf_multiMode_cc13x4.a : RFCC26X2_multiMode.c.cc13x4.ticlang.o (.text.RF_ratRestartChannels)
                  0000fbfc    00000094     maclib_secure_cc13x4_tirtos7.a : mac_coord.c.o (.text.macApiPurgeReq)
                  0000fc90    00000094                                    : mac_coord.c.o (.text.macBuildRealign)
                  0000fd24    00000090     nvocmp.o (.text.NVOCMP_getDstPage)
                  0000fdb4    00000090     rf_multiMode_cc13x4.a : RFCC26X2_multiMode.c.cc13x4.ticlang.o (.text.RF_getTxPower)
                  0000fe44    00000090     maclib_secure_cc13x4_tirtos7.a : mac_coord.c.o (.text.macIndirectSend)
                  0000fed4    00000090                                    : mac_autopend.c.o (.text.macSrcMatchCheckSrcAddr)
                  0000ff64    00000090                                    : mac.c.o (.text.macStopCmd)
                  0000fff4    00000090     cllc.o (.text.scanCnfCb)
                  00010084    0000008c     nvocmp.o (.text.NVOCMP_updateItemApi)
                  00010110    0000008c     drivers_cc13x4.a : TRNGCC26XX.c.obj (.text.TRNG_construct)
                  0001019c    0000008c                      : NVSCC26XX.c.obj (.text.doErase)
                  00010228    0000008c     maclib_secure_cc13x4_tirtos7.a : mac_radio_tx.c.o (.text.macRadioFHEncryptFrame)
                  000102b4    0000008c     ti_sysbios_config.o (.text.ti_sysbios_knl_Clock_init)
                  00010340    0000008c     ti_sysbios_config.o (.text.ti_sysbios_knl_Mailbox_post)
                  000103cc    00000088     cllc.o (.text.Cllc_init)
                  00010454    00000088     csf.o (.text.Csf_deviceUpdate)
                  000104dc    00000088     csf.o (.text.Csf_getDeviceItem)
                  00010564    00000088     nvocmp.o (.text.NVOCMP_deleteItemApi)
                  000105ec    00000088     rf_multiMode_cc13x4.a : RFCC26X2_multiMode.c.cc13x4.ticlang.o (.text.RF_cmdDispatchTime)
                  00010674    00000088                           : RFCC26X2_multiMode.c.cc13x4.ticlang.o (.text.RF_discardPendCmd)
                  000106fc    00000088     maclib_secure_cc13x4_tirtos7.a : mac_hl_patch.c.o (.text.macCcmDecrypt)
                  00010784    00000088                                    : mac_hl_patch.c.o (.text.macCcmStarInverseTransform)
                  0001080c    00000088                                    : mac_radio_tx.c.o (.text.macRadioSendImmAck)
                  00010894    00000088                                    : mac_radio.c.o (.text.macRadioUpdateChannel)
                  0001091c    00000084     csf.o (.text.Csf_init)
                  000109a0    00000084     maclib_secure_cc13x4_tirtos7.a : mac_coord.c.o (.text.MAC_InitCoord)
                  00010a24    00000084     rf_multiMode_cc13x4.a : RFCC26X2_multiMode.c.cc13x4.ticlang.o (.text.RF_getInfo)
                  00010aa8    00000084                           : RFCC26X2_multiMode.c.cc13x4.ticlang.o (.text.RF_yield)
                  00010b2c    00000084     control_task.o (.text.control_taskInit)
                  00010bb0    00000084     maclib_secure_cc13x4_tirtos7.a : mac_hl_patch.c.o (.text.macBlacklistChecking)
                  00010c34    00000084                                    : mac_hl_patch.c.o (.text.macCcmEncrypt)
                  00010cb8    00000084     macTask.o (.text.macTaskInit)
                  00010d3c    00000084     ti_sysbios_config.o (.text.ti_sysbios_family_arm_v8m_Hwi_initNVIC)
                  00010dc0    00000080     drivers_cc13x4.a : GPIOCC26X4.c.obj (.text.GPIO_hwiIntFxn)
                  00010e40    00000080     nvocmp.o (.text.NVOCMP_createItemApi)
                  00010ec0    00000080     nvocmp.o (.text.NVOCMP_getFreeNvApi)
                  00010f40    00000080     maclib_osal_tirtos7_cc13x4_26x4.a : osal_port.c.o (.text.OsalPort_setTimer)
                  00010fc0    00000080     maclib_secure_cc13x4_tirtos7.a : mac_data.c.o (.text.macFrameDurationSubG)
                  00011040    00000080                                    : mac_coord.c.o (.text.macRxDataReq)
                  000110c0    00000080                                    : mac_tx.c.o (.text.macTxDoneCallback)
                  00011140    00000080     ti_sysbios_config.o (.text.ti_sysbios_family_arm_v8m_Hwi_postInit)
                  000111c0    00000080     ti_sysbios_config.o (.text.ti_sysbios_gates_GateMutexPri_enter)
                  00011240    0000007e     nvocmp.o (.text.NVOCMP_readHeader)
                  000112be    00000002     csf.o (.text.Csf_deviceConfigUpdate)
                  000112c0    0000007c     cllc.o (.text.Cllc_securityInit)
                  0001133c    0000007c     driverlib.lib : setup_rom.c.obj (.text.NOROM_SetupStepVddrTrimTo)
                  000113b8    0000007c     rf_multiMode_cc13x4.a : RFCC26X2_multiMode.c.cc13x4.ticlang.o (.text.RF_ratDisableChannel)
                  00011434    0000007c     utc_clock.o (.text.UTC_timeUpdateHandler)
                  000114b0    0000007c     maclib_secure_cc13x4_tirtos7.a : mac_mcu.c.o (.text.macMcuOverflowSetPeriod)
                  0001152c    0000007c                                    : mac_pwr.c.o (.text.macPwrVote)
                  000115a8    0000007c                                    : mac.c.o (.text.macSetupReceiveCmd)
                  00011624    0000007c     cllc.o (.text.maintainAssocTable)
                  000116a0    0000007c     embedded_cli.o (.text.printLiveAutocompletion)
                  0001171c    00000078     csf.o (.text.Csf_getDeviceExtAdd)
                  00011794    00000078     driverlib.lib : chipinfo.c.obj (.text.NOROM_ChipInfo_GetChipType)
                  0001180c    00000078     nvocmp.o (.text.NVOCMP_checkItem)
                  00011884    00000078     nvocmp.o (.text.NVOCMP_loadApiPtrs)
                  000118fc    00000078     drivers_cc13x4.a : NVSCC26XX.c.obj (.text.NVSCC26XX_open)
                  00011974    00000078     rf_multiMode_cc13x4.a : RFCC26X2_multiMode.c.cc13x4.ticlang.o (.text.RF_ratFreeChannel)
                  000119ec    00000078     ti_sysbios_config.o (.text._pthread_removeThreadKeys)
                  00011a64    00000078     maclib_secure_cc13x4_tirtos7.a : mac.c.o (.text.macRequestBackoff)
                  00011adc    00000078                                    : mac_symbol_timer.c.o (.text.macSymbolTimerInit)
                  00011b54    00000078     cllc.o (.text.sendScanReq)
                  00011bcc    00000078     ti_sysbios_config.o (.text.ti_sysbios_knl_Task_postInit)
                  00011c44    00000076     drivers_cc13x4.a : UART2CC26X2.c.obj (.text.UART2Support_dmaStopTx)
                  00011cba    00000002     csf.o (.text.Csf_deviceDisassocUpdate)
                  00011cbc    00000074     maclib_osal_tirtos7_cc13x4_26x4.a : osal_port.c.o (.text.OsalPort_heapInit)
                  00011d30    00000074     rf_multiMode_cc13x4.a : RFCC26X2_multiMode.c.cc13x4.ticlang.o (.text.RF_hwiHw)
                  00011da4    00000074     libc.a : fclose.c.obj (.text.__TI_closefile)
                  00011e18    00000074     ti_sysbios_config.o (.text.acquireMutex)
                  00011e8c    00000074     embedded_cli.o (.text.embeddedCliTokenizeArgs)
                  00011f00    00000074     maclib_secure_cc13x4_tirtos7.a : mac_hl_patch.c.o (.text.macKeyDescriptorLookup)
                  00011f74    00000074                                    : mac_mcu.c.o (.text.macMcuOverflowSetCompare)
                  00011fe8    00000074                                    : mac_radio_tx.c.o (.text.macRadioTxEnhAckCb)
                  0001205c    00000074                                    : mac_ie_parse.c.o (.text.macUpdateHeaderIEPtr)
                  000120d0    00000074     main.o (.text.main)
                  00012144    00000074     ti_sysbios_config.o (.text.ti_sysbios_family_arm_v8m_Hwi_Instance_init)
                  000121b8    00000074     ti_sysbios_config.o (.text.ti_sysbios_knl_Swi_restoreHwi)
                  0001222c    00000072     drivers_cc13x4.a : LED.c.obj (.text.LED_startBlinking)
                  0001229e    00000002     csf.o (.text.Csf_deviceNotActiveUpdate)
                  000122a0    00000070     drivers_cc13x4.a : AESCCMCC26X4.c.obj (.text.AESCCM_waitForResult)
                  00012310    00000070     api_mac.o (.text.ApiMac_init)
                  00012380    00000070     csf.o (.text.Csf_updateFrameCounter)
                  000123f0    00000070     driverlib.lib : interrupt.c.obj (.text.NOROM_IntDisable)
                  00012460    00000070     nvocmp.o (.text.NVOCMP_readItemApi)
                  000124d0    00000070     maclib_osal_tirtos7_cc13x4_26x4.a : osal_port.c.o (.text.OsalPort_pwrmgrTaskState)
                  00012540    00000070     maclib_secure_cc13x4_tirtos7.a : mac_duty_cycle.c.o (.text.macDutyCycleTimerCB)
                  000125b0    00000070                                    : mac_radio.c.o (.text.macRadioStartScan)
                  00012620    00000070                                    : mac_timer.c.o (.text.macTimerUpdateSymbolTimer)
                  00012690    00000070     ti_sysbios_config.o (.text.ti_sysbios_knl_Task_startup)
                  00012700    00000070     ti_sysbios_config.o (.text.ti_sysbios_runtime_System_formatNum)
                  00012770    00000070     libc.a : copy_decompress_lzss.c.obj (.text:decompress:lzss)
                  000127e0    0000006c     drivers_cc13x4.a : AESCCMCC26X4.c.obj (.text.AESCCM_construct)
                  0001284c    0000006c     csf.o (.text.Csf_clearAllNVItems)
                  000128b8    0000006c     csf.o (.text.Csf_getDevice)
                  00012924    0000006c     driverlib.lib : interrupt.c.obj (.text.NOROM_IntEnable)
                  00012990    0000006c                   : sys_ctrl.c.obj (.text.NOROM_SysCtrl_DCDC_VoltageConditionalControl)
                  000129fc    0000006c     nvocmp.o (.text.NVOCMP_eraseNvApi)
                  00012a68    0000006c     nvocmp.o (.text.NVOCMP_writeItemApi)
                  00012ad4    0000006c     rf_multiMode_cc13x4.a : RFCC26X2_multiMode.c.cc13x4.ticlang.o (.text.RF_issueRadioFreeCb)
                  00012b40    0000006c     drivers_cc13x4.a : Random.c.obj (.text.Random_seedAutomatic)
                  00012bac    0000006c     cllc.o (.text.beaconNotifyIndCb)
                  00012c18    0000006c     rf_multiMode_cc13x4.a : rf_patch_cpe_multi_protocol.c.cc13x4.ticlang.o (.text.configureMultiProtocolPatch)
                  00012c84    0000006c     maclib_secure_cc13x4_tirtos7.a : mac_mgmt.c.o (.text.macApiDisassociateReq)
                  00012cf0    0000006c                                    : mac_duty_cycle.c.o (.text.macDutyCycleByteToUSec)
                  00012d5c    0000006c                                    : mac_rx_onoff.c.o (.text.macRxOffRequest)
                  00012dc8    0000006c                                    : mac.c.o (.text.macSetupFsCmd)
                  00012e34    0000006c     cllc.o (.text.orphanIndCb)
                  00012ea0    0000006c     drivers_cc13x4.a : PowerCC26X2.c.obj (.text.oscillatorISR)
                  00012f0c    0000006c     ti_sysbios_config.o (.text.ti_sysbios_family_arm_v8m_Hwi_dispatchC)
                  00012f78    0000006c     ti_sysbios_config.o (.text.ti_sysbios_knl_TaskSupport_buildTaskStack)
                  00012fe4    00000068     drivers_cc13x4.a : PowerCC26X2_calibrateRCOSC_helpers.c.obj (.text.PowerCC26X2_updateSubSecInc)
                  0001304c    00000068     rf_multiMode_cc13x4.a : RFCC26X2_multiMode.c.cc13x4.ticlang.o (.text.RF_detachOverrides)
                  000130b4    00000068     main.o (.text.collectorTask_)
                  0001311c    00000068     libc.a : fseek.c.obj (.text.fseeko)
                  00013184    00000068            : getdevice.c.obj (.text.getdevice)
                  000131ec    00000068     maclib_secure_cc13x4_tirtos7.a : mac_mgmt.c.o (.text.macDisassocComplete)
                  00013254    00000068                                    : mac_low_level.c.o (.text.macLowLevelInit)
                  000132bc    00000068                                    : mac_radio.c.o (.text.macRadioPowerDown)
                  00013324    00000068                                    : mac_scan.c.o (.text.macScanStartTimer)
                  0001338c    00000068                                    : mac_timer.c.o (.text.macTimerSetRollover)
                  000133f4    00000068                                    : mac_tx.c.o (.text.macTxGetDefaultMinTxOffTime)
                  0001345c    00000068     ti_sysbios_config.o (.text.ti_sysbios_knl_Clock_startI)
                  000134c4    00000068     ti_sysbios_config.o (.text.ti_sysbios_knl_Swi_run)
                  0001352c    00000064     libsysbm.a : hostrename.c.obj (.text.HOSTrename)
                  00013590    00000064     maclib_secure_cc13x4_tirtos7.a : mac_mgmt.c.o (.text.MAC_Init)
                  000135f4    00000064     maclib_osal_tirtos7_cc13x4_26x4.a : osal_port.c.o (.text.OsalPort_clearEvent)
                  00013658    00000064     drivers_cc13x4.a : PowerCC26X2_calibrateRCOSC.c.obj (.text.PowerCC26X2_initiateCalibration)
                  000136bc    00000064     rf_multiMode_cc13x4.a : RFCC26X2_multiMode.c.cc13x4.ticlang.o (.text.RF_attachOverrides)
                  00013720    00000064                           : RFCC26X2_multiMode.c.cc13x4.ticlang.o (.text.RF_dispatchNextEvent)
                  00013784    00000064                           : RFCC26X2_multiMode.c.cc13x4.ticlang.o (.text.RF_hwiCpe0PowerFsm)
                  000137e8    00000064     drivers_cc13x4.a : UDMACC26XX.c.obj (.text.UDMACC26XX_open)
                  0001384c    00000064     maclib_secure_cc13x4_tirtos7.a : mac_mcu.c.o (.text.macMcuInit)
                  000138b0    00000064                                    : mac_radio_tx.c.o (.text.macRadioTxPrepLbt)
                  00013914    00000064                                    : mac_rx.c.o (.text.macRxHaltCleanup)
                  00013978    00000064                                    : mac_timer.c.o (.text.macTimerRealign)
                  000139dc    00000064     ti_sysbios_config.o (.text.ti_sysbios_gates_GateMutexPri_leave)
                  00013a40    00000064     ti_sysbios_config.o (.text.ti_sysbios_knl_Idle_init)
                  00013aa4    00000062     rf_multiMode_cc13x4.a : RFCC26X2_multiMode.c.cc13x4.ticlang.o (.text.RF_syncCb)
                  00013b06    00000002     csf.o (.text.Csf_displayError)
                  00013b08    00000060     drivers_cc13x4.a : CryptoResourceCC26XX.c.obj (.text.CryptoResourceCC26XX_constructRTOSObjects)
                  00013b68    00000060     driverlib.lib : setup_rom.c.obj (.text.NOROM_SetupAfterColdResetWakeupFromShutDownCfg1)
                  00013bc8    00000060     nvocmp.o (.text.NVOCMP_verifyCRC)
                  00013c28    00000060     maclib_osal_tirtos7_cc13x4_26x4.a : osal_port.c.o (.text.OsalPort_setEvent)
                  00013c88    00000060     libc.a : _io_perm.c.obj (.text.__TI_wrt_ok)
                  00013ce8    00000060     libsysbm.a : close.c.obj (.text.close)
                  00013d48    00000060     csf.o (.text.findDeviceListIndex)
                  00013da8    00000060     maclib_secure_cc13x4_tirtos7.a : mac_beacon_device.c.o (.text.macBeaconSyncLoss)
                  00013e08    00000060                                    : mac_data.c.o (.text.macDataReset)
                  00013e68    00000060                                    : mac_main.c.o (.text.macExecute)
                  00013ec8    00000060                                    : mac_scan.c.o (.text.macScanComplete)
                  00013f28    00000060                                    : mac_main.c.o (.text.macSendMsg)
                  00013f88    00000060                                    : mac_symbol_timer.c.o (.text.macSymbolTimerPeriodIsr)
                  00013fe8    00000060                                    : mac_hl_patch.c.o (.text.macTrackPeriodCallback)
                  00014048    00000060     ti_sysbios_config.o (.text.pthread_exit)
                  000140a8    00000060     ti_sysbios_config.o (.text.ti_sysbios_knl_Clock_walkQueueDynamic)
                  00014108    00000060     ti_sysbios_config.o (.text.ti_sysbios_knl_Semaphore_post)
                  00014168    00000060     ti_sysbios_config.o (.text.ti_sysbios_knl_Swi_schedule)
                  000141c8    0000005e     rf_multiMode_cc13x4.a : rfc.c.cc13x4.ticlang.o (.text.NOROM_RFCAnaDivTxOverride)
                  00014226    0000005e     drivers_cc13x4.a : UART2CC26X2.c.obj (.text.UART2Support_dmaStopRx)
                  00014284    0000005c     maclib_secure_cc13x4_tirtos7.a : mac_hl_patch.c.o (.text.MAC_ResumeReq)
                  000142e0    0000005c     driverlib.lib : setup_rom.c.obj (.text.NOROM_SetupGetTrimForAmpcompCtrl)
                  0001433c    0000005c     maclib_osal_tirtos7_cc13x4_26x4.a : osal_port.c.o (.text.OsalPort_msgReceive)
                  00014398    0000005c     maclib_secure_cc13x4_tirtos7.a : mac_mgmt.c.o (.text.macBuildWSAsyncMsg)
                  000143f4    0000005c                                    : mac_sleep.c.o (.text.macCanSleep)
                  00014450    0000005c                                    : mac_coord.c.o (.text.macIndirectTxFrame)
                  000144ac    0000005c                                    : mac_mgmt.c.o (.text.macRxDisassoc)
                  00014508    0000005c                                    : mac_ie_parse.c.o (.text.macUpdatePayloadIEPtr)
                  00014564    0000005c     collector.o (.text.processDataRetry)
                  000145c0    0000005c     sysbios.a : Hwi_asm_switch_gcc.s.obj (.text.ti_sysbios_family_arm_v8m_Hwi_initStacks)
                  0001461c    00000058     drivers_cc13x4.a : Button.c.obj (.text.Button_gpioCallbackFxn)
                  00014674    00000058     cllc.o (.text.Cllc_removeDevice)
                  000146cc    00000058     csf.o (.text.Csf_getFrameCounter)
                  00014724    00000058     maclib_osal_tirtos7_cc13x4_26x4.a : osal_port.c.o (.text.HEAPMGR_GETLARGESTFREEBUF)
                  0001477c    00000058     libsysbm.a : hostlseek.c.obj (.text.HOSTlseek)
                  000147d4    00000058                : hostopen.c.obj (.text.HOSTopen)
                  0001482c    00000058     driverlib.lib : osc.c.obj (.text.NOROM_OSCHF_AttemptToSwitchToXosc)
                  00014884    00000058                   : setup_rom.c.obj (.text.NOROM_SetupGetTrimForAnabypassValue1)
                  000148dc    00000058     maclib_osal_tirtos7_cc13x4_26x4.a : osal_port.c.o (.text.OsalPort_msgSend)
                  00014934    00000058     rf_multiMode_cc13x4.a : RFCC26X2_multiMode.c.cc13x4.ticlang.o (.text.RF_applyRfCorePatch)
                  0001498c    00000058     drivers_cc13x4.a : TRNGCC26XX.c.obj (.text.TRNG_init)
                  000149e4    00000058     maclib_secure_cc13x4_tirtos7.a : mac_coord.c.o (.text.macApiOrphanRsp)
                  00014a3c    00000058                                    : mac_radio_tx.c.o (.text.macRadioTxBackoffBoundary)
                  00014a94    00000058                                    : mac_radio_tx.c.o (.text.macRadioTxGoLbt)
                  00014aec    00000058                                    : mac_rx_onoff.c.o (.text.macRxOn)
                  00014b44    00000058     console.o (.text.receiveEpochTime)
                  00014b9c    00000058     ti_sysbios_config.o (.text.ti_sysbios_family_arm_v8m_cc26x4_Timer_dynamicMultiStub)
                  00014bf4    00000056     drivers_cc13x4.a : StructRingBuf.c.obj (.text.StructRingBuf_put)
                  00014c4a    00000056     maclib_osal_tirtos7_cc13x4_26x4.a : util_timer.c.o (.text.UtilTimer_construct)
                  00014ca0    00000056     ti_sysbios_config.o (.text.ti_sysbios_knl_Mailbox_pend)
                  00014cf6    00000002     csf.o (.text.Csf_toggleResponseReceived)
                  00014cf8    00000054     libsysbm.a : hostread.c.obj (.text.HOSTread)
                  00014d4c    00000054                : hostwrite.c.obj (.text.HOSTwrite)
                  00014da0    00000054     maclib_secure_cc13x4_tirtos7.a : mac_autopend.c.o (.text.MAC_SrcMatchEnable)
                  00014df4    00000054     nvocmp.o (.text.NVOCMP_compactNvApi)
                  00014e48    00000054     nvocmp.o (.text.NVOCMP_getItemLenApi)
                  00014e9c    00000054     drivers_cc13x4.a : TRNGCC26XX.c.obj (.text.TRNGCC26XX_startTrng)
                  00014ef0    00000054     maclib_secure_cc13x4_tirtos7.a : mac_beacon.c.o (.text.macBeaconSetupCap)
                  00014f44    00000054                                    : mac_hl_patch.c.o (.text.macIncomingKeyUsagePolicyChecking)
                  00014f98    00000054                                    : mac_coord.c.o (.text.macIndirectRequeueFrame)
                  00014fec    00000054                                    : mac_radio_tx.c.o (.text.macRadioTxPrepSlotted)
                  00015040    00000054                                    : mac.c.o (.text.macRequestSFDTimeout)
                  00015094    00000054                                    : mac_timer.c.o (.text.macTimerAddTimer)
                  000150e8    00000054                                    : mac_timer.c.o (.text.macTimerCancel)
                  0001513c    00000054                                    : mac_tx.c.o (.text.macTxAckReceivedCallback)
                  00015190    00000054     cllc.o (.text.sendStartReq)
                  000151e4    00000050     drivers_cc13x4.a : AESCCMCC26X4.c.obj (.text.AESCCM_setNonce)
                  00015234    00000050     ti_drivers_config.o (.text.Board_shutDownExtFlash)
                  00015284    00000050     rf_multiMode_cc13x4.a : RFCC26X2_multiMode.c.cc13x4.ticlang.o (.text.RF_wakeupNotification)
                  000152d4    00000050     libc.a : fflush.c.obj (.text.__TI_doflush)
                  00015324    00000050     console.o (.text.cli_printf)
                  00015374    00000050     embedded_cli.o (.text.embeddedCliPrint)
                  000153c4    00000050     maclib_secure_cc13x4_tirtos7.a : mac_data.c.o (.text.macCheckIndPacket)
                  00015414    00000050                                    : mac_hl_patch.c.o (.text.macCheckPhyRate)
                  00015464    00000050                                    : mac_radio.c.o (.text.macRadioSetChannel)
                  000154b4    00000050                                    : mac_radio_tx.c.o (.text.macRadioTxPrepCsmaSlottedIeee)
                  00015504    00000050                                    : mac_radio.c.o (.text.macRadioUpdateTxPower)
                  00015554    00000050                                    : mac_timer.c.o (.text.macTimerGetNextTimer)
                  000155a4    00000050                                    : mac_rx.c.o (.text.rxPostRxUpdates)
                  000155f4    00000050     collector.o (.text.sendTrackingRequest)
[...]
20006468  macSecurityPib                                                   
200064e4  Collector_statistics                                             
20006520  dcBucket                                                         
20006554  macBeaconDevice                                                  
20006588  RF_cmdPropRadioDivSetup                                          
200065b8  RF_cmdPropRxAdv                                                  
200065e8  macMgmtAction1                                                   
20006618  macSrcExtAddrList                                                
20006648  ti_sysbios_knl_Swi_readyQs                                       
20006678  ti_sysbios_knl_Task_readyQs                                      
200066a8  macCoord                                                         
200066d4  macDevice                                                        
20006724  collectorTaskParam                                               
20006748  consoleTaskParam                                                 
2000676c  controlTaskParam                                                 
200067b0  RF_cmdIEEECsma                                                   
200067d0  RF_cmdPropTxAdv                                                  
200067f0  RF_cmdRadioSetup                                                 
20006810  RF_params                                                        
20006830  macBeacon                                                        
20006850  udmaCC26XXObject                                                 
200068c4  BIOS_heapCallbackObject                                          
200068e0  BIOS_rtsGate                                                     
200068fc  CryptoResourceCC26XX_hwi                                         
20006918  FlashSem                                                         
20006934  RF_cmdPropCs                                                     
20006950  RF_cmdPropCsSlotted                                              
2000696c  control_task_DevInfo_mail_params                                 
20006988  control_task_NotiInfo_params                                     
200069a4  control_task_joinedDev_mail_params                               
200069c0  macCoordAction2                                                  
200069dc  macReset                                                         
200069f8  macSemHandle                                                     
20006a14  macSrcShortAddrList                                              
20006a30  RF_cmdFsRx                                                       
20006a48  RF_cmdFsTx                                                       
20006a60  RF_cmdIEEETx                                                     
20006a78  macScanAction                                                    
20006acc  RF_cmdRxAckCmd                                                   
20006ae0  macAckDbg                                                        
20006af4  macMgmtAction2                                                   
20006b08  macStatistics                                                    
20006b1a  conv                                                             
20006b1c  macCoordAction3                                                  
20006b2c  macData                                                          
20006b3c  macDataTxDelay                                                   
20006b4c  macFrmFilter                                                     
20006b5c  macRxOutputIeee                                                  
20006b6c  DevInfomail                                                      
20006b7c  coexMetricsStruct                                                
20006b88  macMain                                                          
20006b94  macRxOutputSubG                                                  
20006ba0  regionAttrs                                                      
20006bb7  parmbuf                                                          
20006bbf  ApiMac_extAddr                                                   
20006bc7  coexOverrideUseCases                                             
20006bd0  macCoordAction1                                                  
20006bd8  macRxDataEntryQueue                                              
20006be0  AESCCM_handle                                                    
20006be4  HEAPMGR_SIZE                                                     
20006be8  PowerCC26XX_swiKey                                               
20006bec  PowerCC26XX_taskKey                                              
20006bf0  Time_to_bytes                                                    
20006bf4  cli                                                              
20006bf8  dcCritical                                                       
20006bfc  dcLimited                                                        
20006c00  dcPtr                                                            
20006c04  dcRegulated                                                      
20006c08  dcTimeUsed                                                       
20006c0c  macAddrLsb                                                       
20006c10  macAddrMsb                                                       
20006c14  macCryptoDrvTblPtr                                               
20006c18  macPhyTxPower                                                    
20006c1c  macPrevPeriodRatCount                                            
20006c20  macRfDrvTblPtr                                                   
20006c24  macRxSymbol                                                      
20006c28  macSymbolTimerRollover                                           
20006c2c  macSymbolTimerTrigger                                            
20006c30  macThread                                                        
20006c34  macTimerActive                                                   
20006c38  macTxTimestamp                                                   
20006c3c  nvsHandle                                                        
20006c40  nvsParams                                                        
20006c44  pClockHandleEDScan                                               
20006c48  pMacRadioConfig                                                  
20006c4c  pMaxPower                                                        
20006c50  pRfMode                                                          
20006c54  pRfPowerTable                                                    
20006c58  rxRadioBufferPtr                                                 
20006c5c  ti_sysbios_family_arm_v8m_cc26x4_Timer_funcHookCH1               
20006c60  ti_sysbios_family_arm_v8m_cc26x4_Timer_funcHookCH2               
20006c64  ti_sysbios_knl_Task_defaultStackHeap                             
20006c68  ti_sysbios_runtime_System_atexitHandlers                         
20006c6c  timerAlignedQ                                                    
20006c70  timerUnalignedQ                                                  
20006c74  uart2Handle                                                      
20006c78  joinedDev_mail                                                   
20006c7a  macRxDataEntryOffset                                             
20006c7c  macTxCsmaBackoffDelay                                            
20006c7e  nvsCC26XXObjects                                                 
20006c80  rxCmdHandle                                                      
20006c82  txCmdHandle                                                      
20006c86  AppTaskId                                                        
20006c87  NVOCMP_size                                                      
20006c88  appTaskId                                                        
20006c89  dcStatus                                                         
20006c8a  gAction                                                          
20006c8b  lastRxPriority                                                   
20006c8c  lastTxPriority                                                   
20006c8d  macAckTxActive                                                   
20006c8e  macMgmt                                                          
20006c8f  macPanCoordinator                                                
20006c90  macPhyChannel                                                    
20006c91  macPwr                                                           
20006c92  macRxActive                                                      
20006c93  macRxEnableFlags                                                 
20006c94  macRxFilter                                                      
20006c95  macRxOutgoingAckFlag                                             
20006c96  macSpecUsecsPerSymbol                                            
20006c97  macSrcResIndex                                                   
20006c98  macSymbolTimerImpending                                          
20006c99  macTaskId                                                        
20006c9a  macTxActive                                                      
20006c9b  macTxBe                                                          
20006c9c  macTxGpInterframeDelay                                           
20006c9d  macTxType                                                        
20006c9e  macUnitBackoffPeriod                                             
20006c9f  rxFhRsl                                                          
20006ca0  rxPromiscuousMode                                                
20006ca1  rxSeqNum                                                         
20006ca2  txAckReq                                                         
20006ca3  txSeqn                                                           
20006d00  PowerCC26X2_module                                               
20006e78  _ftable                                                          
20006f68  gpioPinConfigs                                                   
20007028  txPowerTable_868_pa13                                            
200070d7  Main_assertReason                                                
200070d8  macMRFSKGenPhyTable                                              
20007178  _device                                                          
20007264  fhObject                                                         
20007338  BIOS_Module_state                                                
20007364  ti_sysbios_family_arm_v8m_Hwi_Module_state                       
200073a0  ti_sysbios_runtime_Startup_done                                  
200073a3  ti_sysbios_knl_Idle_initDone                                     
200073a4  ti_sysbios_runtime_Memory_defaultHeapInstance                    
200073bc  ti_sysbios_runtime_Error_ignore                                  
200073c8  ti_sysbios_family_arm_v8m_cc26x4_Timer_Module_state              
200073d4  ti_sysbios_runtime_System_Module_state                           
200073e0  ti_sysbios_knl_Swi_Module_state                                  
20007408  ti_sysbios_knl_Clock_Module_state                                
200074da  Collector_events                                                 
200074ec  Collector_macCallbacks                                           
20007534  Main_user1Cfg                                                    
200075ee  Cllc_events                                                      
200075f0  Cllc_devShortAddr                                                
20007690  _stream                                                          
20007728  ti_sysbios_knl_Task_Module_state                                 
2000779c  macBeaconPayload                                                 
20007800  pOverrides_2gfsk50kbps154g                                       
2000782c  macActionSet                                                     
20007850  lastRatChanA                                                     
20007851  lastRatChanB                                                     
20007852  macRxCmdActive                                                   
20007853  macFsCmdActive                                                   
20007854  macRxPreempted                                                   
20007855  numRfCmd                                                         
20007856  numRxCmd                                                         
20007857  numRxPostCmd                                                     
20007858  ieeeCoexEnabled                                                  
2000785c  lastPostCmd                                                      
20007860  macSfdDetectCback                                                
20007870  macBeaconMargin                                                  
200078c0  savedCllcState                                                   
200078c1  permitJoining                                                    
200078c4  Csf_events                                                       
200078c8  Csf_keys                                                         
200078e8  macStateTbl                                                      
200078fc  macUser0Cfg                                                      
20007910  save_par                                                         
20007914  control_task_joinedDev_mail_handle                               
20007918  control_task_DevInfo_mail_handle                                 
2000791c  control_task_NotiInfo_handle                                     
20007934  pMacCbackQueryRetransmit                                         
20007938  pMacCbackCheckPending                                            
20007944  UTC_timeSeconds                                                  
20007950  RF_cmdNop                                                        
20007960  RF_cmdNopFg                                                      
20007970  RF_prop_2gfsk50kbps154g                                          
20007980  _hposcCoeffs                                                     
20007990  macCfg                                                           
200079c4  taskCnt                                                          
200079c8  heapmgrMemFreeTotal                                              
200079cc  heapmgrMemFreeError                                              
200079e0  __TI_cleanup_ptr                                                 
200079e4  __TI_dtors_ptr                                                   
200079f4  RF_handle                                                        
200079f8  macRadioAckIeeeFrame                                             
200079fb  macRadioAckFrame                                                 
20007a00  macCsmaRtcTimerId                                                
20007a10  RFCC26XX_schedulerPolicy                                         
20007a18  ti_sysbios_gates_GateMutexPri_Module_state                       
20007a20  ti_sysbios_heaps_HeapCallback_Module_state                       
20007a28  ti_sysbios_knl_Mailbox_Module_state                              
20007a30  ti_sysbios_knl_Semaphore_Module_state                            
20007a44  __TI_ft_end                                                      
20007a48  __aeabi_errno                                                    
20007a4c  _lock                                                            
20007a50  _unlock                                                          
20007a54  appEvents                                                        
20007a58  gmt                                                              
20007a5c  macDataBeaconRequeue                                             
20007a60  macDataCheckSched                                                
20007a64  macDataCheckTxTime                                               
20007a68  macDataRequeueIndirect                                           
20007a6c  macDataRxBeaconCritical                                          
20007a70  macDataSetSched                                                  
20007a74  macDataTxBeaconComplete                                          
20007a78  macDataTxIndirect                                                
20007a84  macTimerNewRollover                                              
20007a88  macTimerRollover                                                 
20007a8c  minTxOffTime                                                     
20007a94  pMacDataTx                                                       
20007a98  pMacEnhancedAck                                                  
20007aa0  ApiMac_gpOffsetToms                                              
20007aa1  ApiMac_mtDataReqTxOptionGp                                       
20007aa3  macSrcMatchIsAckAllPending                                       
20007aa4  macSrcMatchDefaultPendOn                                         
20007aa8  assoc_resp_no_ack_cnt                                            
20007aaa  symbol_rate_custom                                               
20007aac  bInSwi                                                           
20007aae  csmPhy                                                           
20007aaf  customMinTxOffEnabled                                            
20007ab0  dcEnabled                                                        
20007ab1  gmt_zone                                                         
20007ab7  macRadioYielded                                                  
20007ab8  macSrcMatchIsEnabled                                             
20007ab9  macSrcMatchManualAddressTracking                                 
20007aba  macTxCmdActive                                                   
20007abb  macTxSlottedDelay                                                
20007abc  macTxSlottedDelayFactor                                          
20007abe  numTx                                                            
20007abf  reqAccessAlloc                                                   
20007c00  ti_sysbios_family_arm_v8m_Hwi_ramVectors                         
20007cfc  heapStart                                                        
2003b000  __stack                                                          
2003b000  heapEnd                                                          
20040000  __STACK_END                                                      
50000000  __ccfg                                                           
ffffffff  __TI_pprof_out_hndl                                              
ffffffff  __TI_prof_data_size                                              
ffffffff  __TI_prof_data_start                                             
ffffffff  __binit__                                                        
ffffffff  __start___llvm_prf_bits                                          
ffffffff  __start___llvm_prf_cnts                                          
ffffffff  __stop___llvm_prf_bits                                           
ffffffff  __stop___llvm_prf_cnts                                           
ffffffff  binit                                                            
UNDEFED   ITM_flush                                                        
UNDEFED   ITM_restore                                                      
UNDEFED   PWM_config                                                       
UNDEFED   PWM_count                                                        
UNDEFED   __mpu_init                                                       

[1421 symbols]
