******************************************************************************
            TI ARM Clang Linker PC v3.2.2                      
******************************************************************************
>> Linked Wed Jul 31 20:54:11 2024

OUTPUT FILE NAME:   <collector_HUB.out>
ENTRY POINT SYMBOL: "ResetISR"  address: 0001ec8d


MEMORY CONFIGURATION

         name            origin    length      used     unused   attr    fill
----------------------  --------  ---------  --------  --------  ----  --------
  FLASH                 00000000   00100000  000309e2  000cf61e  R  X
  SRAM                  20000000   00040000  0000be06  000341fa  RW X
  CCFG                  50000000   00000800  0000007c  00000784  R  X


SEGMENT ALLOCATION MAP

run origin  load origin   length   init length attrs members
----------  ----------- ---------- ----------- ----- -------
00000000    00000000    0001ed02   0001ed02    r-x
  00000000    00000000    0000003c   0000003c    r-- .resetVecs
  00000040    00000040    0001ecc2   0001ecc2    r-x .text
0001ed04    0001ed04    00000008   00000008    rw-
  0001ed04    0001ed04    00000008   00000008    rw- .args
0001ed10    0001ed10    00001cdc   00001cdc    r--
  0001ed10    0001ed10    0000194c   0000194c    r-- .rodata
  0002065c    0002065c    00000390   00000390    r-- .cinit
0004e000    0004e000    00008000   00000000    rw-
  0004e000    0004e000    00008000   00000000    rw- .TI.bound:flashBuf0
000e1000    000e1000    00008000   00000000    rw-
  000e1000    000e1000    00008000   00000000    rw- .TI.bound:flashBuf1
20000000    20000000    00000450   00000000    rw-
  20000000    20000000    00000450   00000000    rw- .bss.1
20000450    20000450    00000020   00000000    rw-
  20000450    20000450    00000010   00000000    rw- .TI.bound:dmaUart1RxControlTableEntry
  20000460    20000460    00000010   00000000    rw- .TI.bound:dmaUart1TxControlTableEntry
20000470    20000470    00005a9a   00000000    rw-
  20000470    20000470    00005a9a   00000000    rw- .bss.2
20006000    20006000    00000cd1   00000000    rw-
  20006000    20006000    00000cd1   00000000    rw- .data
20006d00    20006d00    000001fc   00000000    rw-
  20006d00    20006d00    000001fc   00000000    rw- .ramVecs
2003b000    2003b000    00005000   00000000    rw-
  2003b000    2003b000    00005000   00000000    rw- .stack
50000000    50000000    0000007c   0000007c    r--
  50000000    50000000    0000007c   0000007c    r-- .ccfg


SECTION ALLOCATION MAP

 output                                  attributes/
section   page    origin      length       input sections
--------  ----  ----------  ----------   ----------------
.resetVecs 
*          0    00000000    0000003c     
                  00000000    0000003c     ti_sysbios_config.o (.resetVecs)

.rodata    0    0001ed10    0000194c     
                  0001ed10    00000628     rf_multiMode_cc13x4.a : rf_patch_cpe_multi_protocol.c.cc13x4.ticlang.o (.rodata.patchImageMultiProtocol)
                  0001f338    00000008                           : RFCC26X2_multiMode.c.cc13x4.ticlang.o (.rodata..L__const.RF_hwiCpe0Active.activeCmd)
                  0001f340    00000101     libc.a : aeabi_ctype.S.obj (.rodata:__aeabi_ctype_table_)
                  0001f441    00000100     crc.o (.rodata.crc_table)
                  0001f541    000000f8     mac_cfg.o (.rodata.macPibTbl)
                  0001f639    0000008a     ti_sysbios_config.o (.rodata.ti_sysbios_family_arm_v8m_Hwi_Instance_init.err.1)
                  0001f6c3    00000089     ti_sysbios_config.o (.rodata.ti_sysbios_runtime_Memory_alloc.err)
                  0001f74c    00000088     mac_cfg.o (.rodata.macPibDefaults)
                  0001f7d4    00000087     ti_sysbios_config.o (.rodata.ti_sysbios_family_arm_v8m_Hwi_Instance_init.err)
                  0001f85b    00000072     maclib_secure_cc13x4_tirtos7.a : hmac_global.c.o (.rodata.macIdleSt)
                  0001f8cd    00000072                                    : hmac_global.c.o (.rodata.macScanningSt)
                  0001f93f    00000072                                    : hmac_global.c.o (.rodata.macStartingSt)
                  0001f9b1    00000003     embedded_cli.o (.rodata.str1.107731104096476205821)
                  0001f9b4    0000006c     mac_user_config.o (.rodata.macRfDriverTable)
                  0001fa20    00000068     drivers_cc13x4.a : PowerCC26X2.c.obj (.rodata.resourceDB)
                  0001fa88    00000058     mac_cfg.o (.rodata.macSecurityPibTbl)
                  0001fae0    00000058     ti_drivers_config.o (.rodata.uart2CC26X2HWAttrs)
                  0001fb38    00000050     mac_cfg.o (.rodata.macMRFSKStdPhyTable)
                  0001fb88    00000046     console.o (.rodata.str1.19702299986539912601)
                  0001fbce    00000045     console.o (.rodata.str1.18229403853647403271)
                  0001fc13    00000043     console.o (.rodata.str1.124339099123255022361)
                  0001fc56    00000002     cllc.o (.rodata.keyUsageList)
                  0001fc58    00000040     mac_user_config.o (.rodata.macCryptoDriverTable)
                  0001fc98    00000040     maclib_secure_cc13x4_tirtos7.a : hmac_global.c.o (.rodata.macTimerRolloverValue)
                  0001fcd8    00000040     console.o (.rodata.str1.177911780714010508361)
                  0001fd18    0000003e     console.o (.rodata.str1.154537634631603354661)
                  0001fd56    00000002     drivers_cc13x4.a : UART2CC26X2.c.obj (.rodata.stopBits)
                  0001fd58    00000038     maclib_secure_cc13x4_tirtos7.a : hmac_global.c.o (.rodata.macCmdIncludeFHIe)
                  0001fd90    00000031     embedded_cli.o (.rodata.str1.61364102392489726071)
                  0001fdc1    00000003     embedded_cli.o (.rodata.str1.12856399847108679661)
                  0001fdc4    00000030     ti_radio_config.o (.rodata.RF_cmdPropRxAdv_2gfsk50kbps154g)
                  0001fdf4    0000002f     bindings.o (.rodata.str1.54453938773150735381)
                  0001fe23    0000002e     embedded_cli.o (.rodata.str1.173825616155993455851)
                  0001fe51    0000002b     console.o (.rodata.str1.117202593779801968171)
                  0001fe7c    0000002a     console.o (.rodata.str1.118433779020092289561)
                  0001fea6    00000002     embedded_cli.o (.rodata.str1.143641102918279536761)
                  0001fea8    00000028     drivers_cc13x4.a : NVSCC26XX.c.obj (.rodata.NVSCC26XX_fxnTable)
                  0001fed0    00000028     ti_radio_config.o (.rodata.RF_cmdPropRadioDivSetup_2gfsk50kbps154g)
                  0001fef8    00000028     maclib_secure_cc13x4_tirtos7.a : mac_radio.c.o (.rodata.activityObject)
                  0001ff20    00000026     console.o (.rodata.str1.82911753974822136681)
                  0001ff46    00000002     ti_sysbios_config.o (.rodata.str1.71102027280925491351)
                  0001ff48    00000024     drivers_cc13x4.a : UART2.c.obj (.rodata.UART2_defaultParams)
                  0001ff6c    00000024     ti_sysbios_config.o (.rodata.ti_sysbios_knl_Task_Params_default)
                  0001ff90    00000023     console.o (.rodata.str1.112170045911579039031)
                  0001ffb3    00000023     bindings.o (.rodata.str1.42728214177340263861)
                  0001ffd6    00000002     console.o (.rodata.str1.74025154271156921711)
                  0001ffd8    00000020     mac_user_config.o (.rodata..L__const.rfSelect.RfCfg)
                  0001fff8    00000020     ti_radio_config.o (.rodata.RF_cmdPropTxAdv_2gfsk50kbps154g)
                  00020018    00000020     rf_multiMode_cc13x4.a : RFCC26X2_multiMode.c.cc13x4.ticlang.o (.rodata.cst32)
                  00020038    00000020     cllc.o (.rodata.keyDeviceList)
                  00020058    0000001e     console.o (.rodata.str1.140633853591095507641)
                  00020076    0000001e     bindings.o (.rodata.str1.161195190691457351541)
                  00020094    0000001d     ti_sysbios_config.o (.rodata.str1.114093530142707899381)
                  000200b1    0000001d     console.o (.rodata.str1.148731930830276395691)
                  000200ce    00000001     ti_drivers_config.o (.rodata.Button_count)
                  000200cf    00000001     ti_drivers_config.o (.rodata.GPIO_pinLowerBound)
                  000200d0    0000001c     ti_radio_config.o (.rodata.RF_cmdPropCs_2gfsk50kbps154g)
                  000200ec    0000001c     driverlib.lib : prcm.c.obj (.rodata.g_pui32DCGCRegs)
                  00020108    0000001c                   : prcm.c.obj (.rodata.g_pui32RCGCRegs)
                  00020124    0000001c                   : prcm.c.obj (.rodata.g_pui32SCGCRegs)
                  00020140    0000001c     console.o (.rodata.str1.135340693881112255621)
                  0002015c    0000001c     ti_sysbios_config.o (.rodata.str1.54136785629011067091)
                  00020178    0000001c     ti_sysbios_config.o (.rodata.ti_sysbios_family_arm_v8m_cc26x4_Timer_Params_default)
                  00020194    0000001c     ti_sysbios_config.o (.rodata.ti_sysbios_knl_Mailbox_Params_default)
                  000201b0    0000001b     console.o (.rodata.str1.48602567378597882131)
                  000201cb    0000001a     console.o (.rodata.str1.109483738412126489071)
                  000201e5    0000001a     console.o (.rodata.str1.98090407489521728901)
                  000201ff    00000001     ti_drivers_config.o (.rodata.GPIO_pinUpperBound)
                  00020200    00000018     ti_drivers_config.o (.rodata.NVS_config)
                  00020218    00000018     drivers_cc13x4.a : PWM.c.obj (.rodata.PWM_defaultParams)
                  00020230    00000018     ti_radio_config.o (.rodata.RF_cmdFs_2gfsk50kbps154g)
                  00020248    00000018     maclib_secure_cc13x4_tirtos7.a : hmac_global.c.o (.rodata.macSendMsgBufSize)
                  00020260    00000018     ti_sysbios_config.o (.rodata.ti_sysbios_family_arm_v8m_Hwi_Params_default)
                  00020278    00000017     embedded_cli.o (.rodata.str1.60117792541136907051)
                  0002028f    00000016     console.o (.rodata.str1.157482613126777534291)
                  000202a5    00000016     embedded_cli.o (.rodata.str1.56794714276310652161)
                  000202bb    00000015     console.o (.rodata.str1.109861027652257433771)
                  000202d0    00000015     console.o (.rodata.str1.2141151539762549531)
                  000202e5    00000001     ti_drivers_config.o (.rodata.LED_count)
                  000202e6    00000001     ti_drivers_config.o (.rodata.NVS_count)
                  000202e7    00000001     ti_drivers_config.o (.rodata.UART2_count)
                  000202e8    00000015     console.o (.rodata.str1.37004117601215091994)
                  000202fd    00000001     ti_drivers_config.o (.rodata.aesccmCC26X4HWAttrs)
                  000202fe    00000001     embedded_cli.o (.rodata.str1.82444801724869462321)
                  000202ff    00000001     --HOLE-- [fill = 0]
                  00020300    00000014     drivers_cc13x4.a : Button.c.obj (.rodata.Button_defaultParams)
                  00020314    00000014     ti_drivers_config.o (.rodata.PowerCC26X2_config)
                  00020328    00000014     drivers_cc13x4.a : TRNG.c.obj (.rodata.TRNG_defaultParams)
                  0002033c    00000014     bindings.o (.rodata.str1.157098827610153003181)
                  00020350    00000013     macTask.o (.rodata.msacbackSizeTable)
                  00020363    00000013     bindings.o (.rodata.str1.10778172599238569251)
                  00020376    00000013     embedded_cli.o (.rodata.str1.17592202579311432871)
                  00020389    00000013     console.o (.rodata.str1.21839946123909661931)
                  0002039c    00000013     console.o (.rodata.str1.56170280465575791341)
                  000203af    00000012     console.o (.rodata.str1.58651297034802050711)
                  000203c1    00000011     ti_sysbios_config.o (.rodata.str1.111528116657238352481)
                  000203d2    00000011     collector.o (.rodata.str1.13089487403221750681)
                  000203e3    00000011     libc.a : _printfi.c.obj (.rodata.str1.44690500295887128011)
                  000203f4    00000011     console.o (.rodata.str1.68093814076132445351)
                  00020405    00000003     --HOLE-- [fill = 0]
                  00020408    00000010     drivers_cc13x4.a : AESCCM.c.obj (.rodata.AESCCM_defaultParams)
                  00020418    00000010     ti_drivers_config.o (.rodata.ButtonHWAttrs)
                  00020428    00000010     ti_drivers_config.o (.rodata.Button_config)
                  00020438    00000010     ti_drivers_config.o (.rodata.GPIO_config)
                  00020448    00000010     ti_drivers_config.o (.rodata.LED_config)
                  00020458    00000010     maclib_secure_cc13x4_tirtos7.a : hmac_global.c.o (.rodata.macIEEEPhyTable)
                  00020468    00000010     ti_drivers_config.o (.rodata.nvsCC26XXHWAttrs)
                  00020478    0000000f     ti_sysbios_config.o (.rodata.str1.123815885180704396101)
                  00020487    0000000e     maclib_secure_cc13x4_tirtos7.a : hmac_global.c.o (.rodata.macCmdBufSize)
                  00020495    0000000e                                    : hmac_global.c.o (.rodata.macTxFrameFailed)
                  000204a3    0000000e                                    : hmac_global.c.o (.rodata.macTxFrameSuccess)
                  000204b1    0000000e     bindings.o (.rodata.str1.78406596750728922571)
                  000204bf    0000000d     bindings.o (.rodata.str1.109904896690069623821)
                  000204cc    0000000d     bindings.o (.rodata.str1.144095348950462520971)
                  000204d9    0000000d     bindings.o (.rodata.str1.32070044298335701421)
                  000204e6    0000000d     console.o (.rodata.str1.84806106596227001311)
                  000204f3    00000001     --HOLE-- [fill = 0]
                  000204f4    0000000c     drivers_cc13x4.a : Random.c.obj (.rodata..L__const.Random_seedAutomatic.hwAttrs)
                  00020500    0000000c     utc_clock.o (.rodata.EPOCH_convertTime.daysInMonth)
                  0002050c    0000000c     ti_drivers_config.o (.rodata.RFCC26XX_hwAttrs)
                  00020518    0000000c     ti_sysbios_config.o (.rodata.defAttrs)
                  00020524    0000000c     maclib_secure_cc13x4_tirtos7.a : hmac_global.c.o (.rodata.macCbackEventTbl)
                  00020530    0000000c                                    : hmac_global.c.o (.rodata.macSendMsgDataSize)
                  0002053c    0000000c     control_task.o (.rodata.str1.20335272819579692351)
                  00020548    0000000a     drivers_cc13x4.a : Button.c.obj (.rodata..Lswitch.table.Button_gpioCallbackFxn)
                  00020552    00000002     --HOLE-- [fill = 0]
                  00020554    0000000a     cllc.o (.rodata.keyIdLookupList)
                  0002055e    0000000a     console.o (.rodata.str1.157847336827218404471)
                  00020568    0000000a     bindings.o (.rodata.str1.99982223497158117831)
                  00020572    00000009     maclib_secure_cc13x4_tirtos7.a : hmac_global.c.o (.rodata.macCmdLen)
                  0002057b    00000009     console.o (.rodata.str1.150062874063377985621)
                  00020584    00000009     console.o (.rodata.str1.31906269165783145471)
                  0002058d    00000009     console.o (.rodata.str1.79149487584464972151)
                  00020596    00000002     --HOLE-- [fill = 0]
                  00020598    00000008     ti_drivers_config.o (.rodata.AESCCM_config)
                  000205a0    00000008     cllc.o (.rodata.Cllc_keySource)
                  000205a8    00000008     drivers_cc13x4.a : LED.c.obj (.rodata.LED_defaultParams)
                  000205b0    00000008     ti_drivers_config.o (.rodata.UART2_config)
                  000205b8    00000008     ti_drivers_config.o (.rodata.UDMACC26XX_config)
                  000205c0    00000008     driverlib.lib : aux_sysif.c.obj (.rodata.cst4)
                  000205c8    00000008     maclib_secure_cc13x4_tirtos7.a : mac_rx.c.o (.rodata.cst4)
                  000205d0    00000008     main.o (.rodata.cst8)
                  000205d8    00000008     maclib_secure_cc13x4_tirtos7.a : hmac_global.c.o (.rodata.macAuthTagLen)
                  000205e0    00000008     bindings.o (.rodata.str1.174487428670864767921)
                  000205e8    00000008     console.o (.rodata.str1.18789277889791793101)
                  000205f0    00000008     ti_sysbios_config.o (.rodata.ti_sysbios_knl_Idle_funcList)
                  000205f8    00000008     ti_drivers_config.o (.rodata.udmaCC26XXHWAttrs)
                  00020600    00000007     ti_sysbios_config.o (.rodata.str1.174580395633770214331)
                  00020607    00000006     console.o (.rodata.str1.152013950760718497991)
                  0002060d    00000006     bindings.o (.rodata.str1.8786097754242680851)
                  00020613    00000005     drivers_cc13x4.a : UART2CC26X2.c.obj (.rodata.parityType)
                  00020618    00000005                      : UART2CC26X2.c.obj (.rodata.rxFifoThreshold)
                  0002061d    00000005     cllc.o (.rodata.securityLevelEntry)
                  00020622    00000005     embedded_cli.o (.rodata.str1.174756512096424909541)
                  00020627    00000005     bindings.o (.rodata.str1.22730360767133370921)
                  0002062c    00000005     bindings.o (.rodata.str1.28206725782978356331)
                  00020631    00000005     drivers_cc13x4.a : UART2CC26X2.c.obj (.rodata.txFifoThreshold)
                  00020636    00000004     ti_drivers_config.o (.rodata.LEDHWAttrs)
                  0002063a    00000002     --HOLE-- [fill = 0]
                  0002063c    00000004     drivers_cc13x4.a : NVS.c.obj (.rodata.NVS_defaultParams)
                  00020640    00000004     ti_sysbios_config.o (.rodata.TimestampP_nativeFormat32)
                  00020644    00000004     ti_sysbios_config.o (.rodata.TimestampP_nativeFormat64)
                  00020648    00000004     drivers_cc13x4.a : UART2CC26X2.c.obj (.rodata.cst4)
                  0002064c    00000004     maclib_secure_cc13x4_tirtos7.a : hmac_global.c.o (.rodata.macKeySourceLen)
                  00020650    00000004     embedded_cli.o (.rodata.str1.92385517120831250771)
                  00020654    00000004     ti_sysbios_config.o (.rodata.ti_sysbios_family_arm_v8m_Hwi_swiTaskKeyAddress)
                  00020658    00000004     ti_sysbios_config.o (.rodata.ti_sysbios_knl_Clock_tickPeriod)

.cinit     0    0002065c    00000390     
                  0002065c    0000032a     (.cinit..data.load) [load image, compression = lzss]
                  00020986    00000002     --HOLE-- [fill = 0]
                  00020988    0000000c     (__TI_handler_table)
                  00020994    00000008     (.cinit..TI.bound:dmaUart1RxControlTableEntry.load) [load image, compression = zero_init]
                  0002099c    00000008     (.cinit..TI.bound:dmaUart1TxControlTableEntry.load) [load image, compression = zero_init]
                  000209a4    00000008     (.cinit..bss.1.load) [load image, compression = zero_init]
                  000209ac    00000008     (.cinit..bss.2.load) [load image, compression = zero_init]
                  000209b4    00000008     (.cinit..ramVecs.load) [load image, compression = zero_init]
                  000209bc    00000030     (__TI_cinit_table)

.init_array 
*          0    00000000    00000000     UNINITIALIZED

.TI.bound:flashBuf0 
*          0    0004e000    00008000     UNINITIALIZED
                  0004e000    00008000     ti_drivers_config.o (.TI.bound:flashBuf0)

.TI.bound:flashBuf1 
*          0    000e1000    00008000     UNINITIALIZED
                  000e1000    00008000     ti_drivers_config.o (.TI.bound:flashBuf1)

.data      0    20006000    00000cd1     UNINITIALIZED
                  20006000    00000178     drivers_cc13x4.a : PowerCC26X2.c.obj (.data.PowerCC26X2_module)
                  20006178    000000f0     libc.a : defs.c.obj (.data._ftable)
                  20006268    000000c0     ti_drivers_config.o (.data.gpioPinConfigs)
                  20006328    000000af     ti_radio_config.o (.data.txPowerTable_868_pa13)
                  200063d7    00000001     api_mac.o (.data.ApiMac_gpOffsetToms)
                  200063d8    000000a0     mac_cfg.o (.data.macMRFSKGenPhyTable)
                  20006478    00000078     libsysbm.a : host_device.c.obj (.data._device)
                  200064f0    0000006c     maclib_secure_cc13x4_tirtos7.a : hmac_global.c.o (.data.fhObject)
                  2000655c    00000068     rf_multiMode_cc13x4.a : RFCC26X2_multiMode.c.cc13x4.ticlang.o (.data..L_MergedGlobals.1)
                  200065c4    00000068     ti_sysbios_config.o (.data.ti_sysbios_knl_Clock_Module_state)
                  2000662c    00000064     rf_multiMode_cc13x4.a : RFCC26X2_multiMode.c.cc13x4.ticlang.o (.data..L_MergedGlobals.3)
                  20006690    0000005c     main.o (.data.Main_user1Cfg)
                  200066ec    00000058     rf_multiMode_cc13x4.a : RFCC26X2_multiMode.c.cc13x4.ticlang.o (.data..L_MergedGlobals.2)
                  20006744    00000050     libsysbm.a : host_device.c.obj (.data._stream)
                  20006794    00000048     collector.o (.data.Collector_macCallbacks)
                  200067dc    00000048     cllc.o (.data.macCallbacksCopy)
                  20006824    0000003c     ti_sysbios_config.o (.data.ti_sysbios_family_arm_v8m_Hwi_Module_state)
                  20006860    0000003c     ti_sysbios_config.o (.data.ti_sysbios_knl_Task_Module_state)
                  2000689c    00000038     drivers_cc13x4.a : TRNGCC26XX.c.obj (.data..L_MergedGlobals.1)
                  200068d4    00000034     maclib_secure_cc13x4_tirtos7.a : hmac_global.c.o (.data.macBeaconPayload)
                  20006908    00000030     drivers_cc13x4.a : TRNGCC26XX.c.obj (.data..L_MergedGlobals)
                  20006938    0000002c     ti_sysbios_config.o (.data.BIOS_Module_state)
                  20006964    0000002c     cllc.o (.data.keyTable)
                  20006990    0000002c     ti_radio_config.o (.data.pOverrides_2gfsk50kbps154g)
                  200069bc    00000028     ti_sysbios_config.o (.data.ti_sysbios_knl_Swi_Module_state)
                  200069e4    00000024     maclib_secure_cc13x4_tirtos7.a : hmac_global.c.o (.data.macActionSet)
                  20006a08    00000020                                    : mac.c.o (.data..L_MergedGlobals)
                  20006a28    00000020     mac_cfg.o (.data.macBeaconMargin)
                  20006a48    00000018     maclib_secure_cc13x4_tirtos7.a : mac_duty_cycle.c.o (.data..L_MergedGlobals)
                  20006a60    00000015                                    : mac_rx.c.o (.data..L_MergedGlobals)
                  20006a75    00000003                                    : mac_tx.c.o (.data..L_MergedGlobals.1)
                  20006a78    00000014     ti_sysbios_config.o (.data.defaultPthreadAttrs)
                  20006a8c    00000014     maclib_secure_cc13x4_tirtos7.a : hmac_global.c.o (.data.macStateTbl)
                  20006aa0    00000014     main.o (.data.macUser0Cfg)
                  20006ab4    00000011     cllc.o (.data.chanMask)
                  20006ac5    00000002     maclib_secure_cc13x4_tirtos7.a : mac_autopend.c.o (.data..L_MergedGlobals)
                  20006ac7    00000001     api_mac.o (.data.ApiMac_mtDataReqTxOptionGp)
                  20006ac8    00000010     driverlib.lib : osc.c.obj (.data..L_MergedGlobals)
                  20006ad8    00000010     mac_settings.o (.data.RF_cmdNop)
                  20006ae8    00000010     mac_settings.o (.data.RF_cmdNopFg)
                  20006af8    00000010     ti_radio_config.o (.data.RF_prop_2gfsk50kbps154g)
                  20006b08    00000010     driverlib.lib : osc.c.obj (.data._hposcCoeffs)
                  20006b18    00000010     mac_cfg.o (.data.macCfg)
                  20006b28    0000000c     maclib_osal_tirtos7_cc13x4_26x4.a : osal_port.c.o (.data..L_MergedGlobals.1)
                  20006b34    0000000c     maclib_secure_cc13x4_tirtos7.a : mac.c.o (.data..L_MergedGlobals.1)
                  20006b40    0000000c     drivers_cc13x4.a : NVSCC26XX.c.obj (.data..L_MergedGlobals)
                  20006b4c    0000000c     maclib_osal_tirtos7_cc13x4_26x4.a : osal_port.c.o (.data..L_MergedGlobals)
                  20006b58    0000000c     collector.o (.data.cllcCallbacks)
                  20006b64    0000000c     ti_sysbios_config.o (.data.ti_sysbios_family_arm_v8m_cc26x4_Timer_Module_state)
                  20006b70    0000000c     ti_sysbios_config.o (.data.ti_sysbios_runtime_Error_ignore)
                  20006b7c    0000000c     ti_sysbios_config.o (.data.ti_sysbios_runtime_System_Module_state)
                  20006b88    00000008     maclib_osal_tirtos7_cc13x4_26x4.a : osal_port_timers.c.o (.data..L_MergedGlobals.1)
                  20006b90    00000008     maclib_secure_cc13x4_tirtos7.a : mac_radio.c.o (.data..L_MergedGlobals.1)
                  20006b98    00000008     libc.a : exit.c.obj (.data..L_MergedGlobals)
                  20006ba0    00000008     maclib_osal_tirtos7_cc13x4_26x4.a : osal_port_timers.c.o (.data..L_MergedGlobals)
                  20006ba8    00000008     maclib_secure_cc13x4_tirtos7.a : mac_radio.c.o (.data..L_MergedGlobals)
                  20006bb0    00000008                                    : mac_radio_tx.c.o (.data..L_MergedGlobals)
                  20006bb8    00000008                                    : mac_tx.c.o (.data..L_MergedGlobals)
                  20006bc0    00000008     rf_multiMode_cc13x4.a : RFCC26X2_multiMode.c.cc13x4.ticlang.o (.data..L_MergedGlobals)
                  20006bc8    00000008                           : RFCC26X2_multiMode.c.cc13x4.ticlang.o (.data.RFCC26XX_schedulerPolicy)
                  20006bd0    00000008     ti_sysbios_config.o (.data.ti_sysbios_gates_GateMutexPri_Module_state)
                  20006bd8    00000008     ti_sysbios_config.o (.data.ti_sysbios_heaps_HeapCallback_Module_state)
                  20006be0    00000008     ti_sysbios_config.o (.data.ti_sysbios_knl_Mailbox_Module_state)
                  20006be8    00000008     ti_sysbios_config.o (.data.ti_sysbios_knl_Semaphore_Module_state)
                  20006bf0    00000004     maclib_secure_cc13x4_tirtos7.a : mac_hl_patch.c.o (.data..L_MergedGlobals)
                  20006bf4    00000004     csf.o (.data.Csf_keys)
                  20006bf8    00000004     drivers_cc13x4.a : PowerCC26X2.c.obj (.data.PowerCC26X2_rtcSubSecInc)
                  20006bfc    00000004     rf_multiMode_cc13x4.a : RFCC26X2_multiMode.c.cc13x4.ticlang.o (.data.RF_fsmActiveState.lfClockSourceLast)
                  20006c00    00000004     utc_clock.o (.data.UTC_clockUpdate.timeMSec)
                  20006c04    00000004     utc_clock.o (.data.UTC_timeSeconds)
                  20006c08    00000004     utc_clock.o (.data.UTC_timeUpdateHandler.prevClockTicks)
                  20006c0c    00000004     libc.a : defs.c.obj (.data.__TI_ft_end)
                  20006c10    00000004            : aeabi_portable.c.obj (.data.__aeabi_errno)
                  20006c14    00000004            : _lock.c.obj (.data._lock)
                  20006c18    00000004            : _lock.c.obj (.data._unlock)
                  20006c1c    00000004     api_mac.o (.data.appEvents)
                  20006c20    00000004     control_task.o (.data.control_task_DevInfo_mail_handle)
                  20006c24    00000004     control_task.o (.data.control_task_joinedDev_mail_handle)
                  20006c28    00000004     bindings.o (.data.gmt)
                  20006c2c    00000004     csf.o (.data.lastSavedCoordinatorFrameCounter)
                  20006c30    00000004     maclib_secure_cc13x4_tirtos7.a : hmac_global.c.o (.data.macDataBeaconRequeue)
                  20006c34    00000004                                    : hmac_global.c.o (.data.macDataCheckSched)
                  20006c38    00000004                                    : hmac_global.c.o (.data.macDataCheckTxTime)
                  20006c3c    00000004                                    : hmac_global.c.o (.data.macDataRequeueIndirect)
                  20006c40    00000004                                    : hmac_global.c.o (.data.macDataRxBeaconCritical)
                  20006c44    00000004                                    : hmac_global.c.o (.data.macDataSetSched)
                  20006c48    00000004                                    : hmac_global.c.o (.data.macDataTxBeaconComplete)
                  20006c4c    00000004                                    : hmac_global.c.o (.data.macDataTxIndirect)
                  20006c50    00000004     macTask.o (.data.macEvents)
                  20006c54    00000004     maclib_secure_cc13x4_tirtos7.a : mac_symbol_timer.c.o (.data.macSymbolWakeupClock)
                  20006c58    00000004     macTask.o (.data.macTaskEvents)
                  20006c5c    00000004     maclib_secure_cc13x4_tirtos7.a : hmac_global.c.o (.data.macTimerNewRollover)
                  20006c60    00000004                                    : hmac_global.c.o (.data.macTimerRollover)
                  20006c64    00000004                                    : mac.c.o (.data.minTxOffTime)
                  20006c68    00000004     cllc.o (.data.pCllcCallbacksCopy)
                  20006c6c    00000004     api_mac.o (.data.pMacCallbacks)
                  20006c70    00000004     macTask.o (.data.pMacCbackCheckPending)
                  20006c74    00000004     macTask.o (.data.pMacCbackQueryRetransmit)
                  20006c78    00000004     maclib_secure_cc13x4_tirtos7.a : hmac_global.c.o (.data.pMacDataTx)
                  20006c7c    00000004                                    : mac_radio_tx.c.o (.data.pMacEnhancedAck)
                  20006c80    00000004     csf.o (.data.pNV)
                  20006c84    00000004     cllc.o (.data.pPANDesclist)
                  20006c88    00000004     maclib_secure_cc13x4_tirtos7.a : mac_mcu.c.o (.data.pRandomSeedCB)
                  20006c8c    00000004     ti_sysbios_config.o (.data.terminatedList)
                  20006c90    00000004     ti_sysbios_config.o (.data.ti_sysbios_runtime_Memory_defaultHeapInstance)
                  20006c94    00000002     cllc.o (.data.Cllc_devShortAddr)
                  20006c96    00000002     cllc.o (.data.Cllc_events)
                  20006c98    00000002     cllc.o (.data.Cllc_numOfDevices)
                  20006c9a    00000002     collector.o (.data.Collector_events)
                  20006c9c    00000002     csf.o (.data.Csf_events)
                  20006c9e    00000002     utc_clock.o (.data.UTC_timeUpdateHandler.remUsTicks)
                  20006ca0    00000002     maclib_secure_cc13x4_tirtos7.a : mac_hl_patch.c.o (.data.assoc_resp_no_ack_cnt)
                  20006ca2    00000002     cllc.o (.data.coordInfoBlock.1)
                  20006ca4    00000002     cllc.o (.data.coordInfoBlock.2)
                  20006ca6    00000002     collector.o (.data.devicePanId)
                  20006ca8    00000002     mac_cfg.o (.data.symbol_rate_custom)
                  20006caa    00000001     main.o (.data.Main_assertReason)
                  20006cab    00000001     nvocmp.o (.data.NVOCMP_failF)
                  20006cac    00000001     maclib_secure_cc13x4_tirtos7.a : lmac_global.c.o (.data.bInSwi)
                  20006cad    00000001     rf_multiMode_cc13x4.a : rf_patch_cpe_multi_protocol.c.cc13x4.ticlang.o (.data.bMultiProtocolPatchEntered)
                  20006cae    00000001     macTask.o (.data.checkPending)
                  20006caf    00000001     collector.o (.data.cllcState)
                  20006cb0    00000001     cllc.o (.data.coordInfoBlock.0)
                  20006cb1    00000001     maclib_secure_cc13x4_tirtos7.a : hmac_global.c.o (.data.csmPhy)
                  20006cb2    00000001     cllc.o (.data.coordInfoBlock.3)
                  20006cb3    00000001     maclib_secure_cc13x4_tirtos7.a : mac.c.o (.data.customMinTxOffEnabled)
                  20006cb4    00000001     cllc.o (.data.coordInfoBlock.4)
                  20006cb5    00000001     maclib_secure_cc13x4_tirtos7.a : mac_duty_cycle.c.o (.data.dcEnabled)
                  20006cb6    00000001     collector.o (.data.deviceTxMsduHandle)
                  20006cb7    00000001     collector.o (.data.fhEnabled)
                  20006cb8    00000001     bindings.o (.data.gmt_zone)
                  20006cb9    00000001     drivers_cc13x4.a : GPIOCC26X4.c.obj (.data.initCalled)
                  20006cba    00000001                      : AESCCMCC26X4.c.obj (.data.isInitialized)
                  20006cbb    00000001                      : CryptoResourceCC26XX.c.obj (.data.isInitialized)
                  20006cbc    00000001                      : NVS.c.obj (.data.isInitialized)
                  20006cbd    00000001                      : PWM.c.obj (.data.isInitialized)
                  20006cbe    00000001     maclib_secure_cc13x4_tirtos7.a : lmac_global.c.o (.data.macRadioYielded)
                  20006cbf    00000001                                    : lmac_global.c.o (.data.macSrcMatchIsEnabled)
                  20006cc0    00000001                                    : mac_autopend.c.o (.data.macSrcMatchManualAddressTracking)
                  20006cc1    00000001                                    : mac.c.o (.data.macTxCmdActive)
                  20006cc2    00000001                                    : lmac_global.c.o (.data.macTxSlottedDelay)
                  20006cc3    00000001                                    : mac_tx.c.o (.data.macTxSlottedDelayFactor)
                  20006cc4    00000001                                    : mac_tx.c.o (.data.npdb)
                  20006cc5    00000001                                    : mac_tx.c.o (.data.numTx)
                  20006cc6    00000001     csf.o (.data.permitJoining)
                  20006cc7    00000001     macTask.o (.data.queryRetransmit)
                  20006cc8    00000001     maclib_secure_cc13x4_tirtos7.a : mac.c.o (.data.reqAccessAlloc)
                  20006cc9    00000001     collector.o (.data.restarted)
                  20006cca    00000001     control_task.o (.data.save_par)
                  20006ccb    00000001     csf.o (.data.savedCllcState)
                  20006ccc    00000001     collector.o (.data.sendMsg.map_index)
                  20006ccd    00000001     csf.o (.data.started)
                  20006cce    00000001     api_mac.o (.data.subAttributeReadId)
                  20006ccf    00000001     ti_sysbios_config.o (.data.ti_sysbios_knl_Idle_initDone)
                  20006cd0    00000001     ti_sysbios_config.o (.data.ti_sysbios_runtime_Startup_done)

.ramVecs   0    20006d00    000001fc     UNINITIALIZED
                  20006d00    000000fc     driverlib.lib : interrupt.c.obj (.ramVecs)
                  20006dfc    00000004     --HOLE--
                  20006e00    000000fc     ti_sysbios_config.o (.ramVecs)

.sysmem    0    20006efc    00000000     UNINITIALIZED

.nonretenvar 
*          0    20006efc    00000000     UNINITIALIZED

.stack     0    2003b000    00005000     UNINITIALIZED
                  2003b000    00000004     sysbios.a : boot_cortex_m.c.obj (.stack)
                  2003b004    00004ffc     --HOLE--

.ccfg      0    50000000    0000007c     
                  50000000    0000007c     ti_devices_config.o (.ccfg)

.text      0    00000040    0001ecc2     
                  00000040    00000b0e     nvocmp.o (.text.NVOCMP_compactPage)
                  00000b4e    00000002     ti_sysbios_config.o (.text.BIOS_nullFunc)
                  00000b50    00000840     embedded_cli.o (.text.embeddedCliProcess)
                  00001390    00000810     nvocmp.o (.text.NVOCMP_initNvApi)
                  00001ba0    00000744     maclib_secure_cc13x4_tirtos7.a : mac_rx.c.o (.text.macRxFrameIsr)
                  000022e4    00000664     api_mac.o (.text.ApiMac_processIncoming)
                  00002948    00000604     collector.o (.text.Collector_process)
                  00002f4c    00000594     maclib_secure_cc13x4_tirtos7.a : mac_radio_tx.c.o (.text.macRadioTxGo)
                  000034e0    00000480     rf_multiMode_cc13x4.a : RFCC26X2_multiMode.c.cc13x4.ticlang.o (.text.RF_fsmActiveState)
                  00003960    000003d4     ti_sysbios_config.o (.text.ti_sysbios_runtime_System_doPrint)
                  00003d34    0000038c     embedded_cli.o (.text.onHelp)
                  000040c0    00000358     maclib_secure_cc13x4_tirtos7.a : mac_rx.c.o (.text.rxPayloadIsr)
                  00004418    0000032c     nvocmp.o (.text.NVOCMP_addItem)
                  00004744    0000031c     maclib_secure_cc13x4_tirtos7.a : mac_hl_patch.c.o (.text.macWrapperAddDevice)
                  00004a60    000002f4                                    : mac.c.o (.text.macRxCb)
                  00004d54    000002ec                                    : mac_mgmt.c.o (.text.macBuildHeader)
                  00005040    000002e8                                    : mac_radio_tx.c.o (.text.macRadioCsmaTxCb)
                  00005328    00000018     driverlib.lib : aes.c.obj (.text.AESReadAuthenticationModeIV)
                  00005340    000002dc     libc.a : strcmp_t2.S.obj (.text:strcmp)
                  0000561c    000002c6     cllc.o (.text.Cllc_process)
                  000058e2    00000002     ti_drivers_config.o (.text.Board_initHook)
                  000058e4    000002c6     macTask.o (.text.macTaskFxn)
                  00005baa    00000002     csf.o (.text.Csf_deviceConfigUpdate)
                  00005bac    000002c4     nvocmp.o (.text.NVOCMP_findItem)
                  00005e70    00000270     collector.o (.text.processSensorData)
                  000060e0    00000268     maclib_secure_cc13x4_tirtos7.a : mac_radio.c.o (.text.macRadioInitSubG)
                  00006348    00000268     libc.a : _printfi.c.obj (.text:__TI_printfi_minimal)
                  000065b0    00000254     console.o (.text.setTimeEpoch)
                  00006804    0000024c     rf_multiMode_cc13x4.a : RFCC26X2_multiMode.c.cc13x4.ticlang.o (.text.RF_open)
                  00006a50    0000024c     ti_sysbios_config.o (.text.ti_sysbios_runtime_Startup_exec)
                  00006c9c    0000022e     mac_settings.o (.text.rfSetConfigSubG)
                  00006eca    00000002     csf.o (.text.Csf_deviceDisassocUpdate)
                  00006ecc    00000228     maclib_secure_cc13x4_tirtos7.a : mac_security_pib.c.o (.text.MAC_MlmeSetSecurityReq)
                  000070f4    00000222     ti_sysbios_config.o (.text.ti_sysbios_family_arm_v8m_Hwi_Instance_init)
                  00007316    00000002     csf.o (.text.Csf_deviceNotActiveUpdate)
                  00007318    0000021c     maclib_secure_cc13x4_tirtos7.a : mac_radio_tx.c.o (.text.macRadioTxRequestTxAck)
                  00007534    00000218     cllc.o (.text.Cllc_restoreNetwork)
                  0000774c    00000210     maclib_secure_cc13x4_tirtos7.a : mac.c.o (.text.macSendReceiveCmdSubG)
                  0000795c    00000202     console.o (.text.consoleTask_)
                  00007b5e    00000002     csf.o (.text.Csf_displayError)
                  00007b60    000001fc     drivers_cc13x4.a : AESCCMCC26X4.c.obj (.text.AESCCM_addAADInternal)
                  00007d5c    000001f0                      : UART2CC26X2.c.obj (.text.UART2CC26X2_hwiIntFxn)
                  00007f4c    000001ec     maclib_secure_cc13x4_tirtos7.a : mac_hl_patch.c.o (.text.macTxCompleteCallback)
                  00008138    000001e8     rf_multiMode_cc13x4.a : RFCC26X2_multiMode.c.cc13x4.ticlang.o (.text.RF_scheduleCmd)
                  00008320    000001dc                           : RFCC26X2_multiMode.c.cc13x4.ticlang.o (.text.RF_dispatchNextCmd)
                  000084fc    000001da     collector.o (.text.dataCnfCB)
                  000086d6    000001d8     nvocmp.o (.text.NVOCMP_erase)
                  000088ae    00000002     csf.o (.text.Csf_toggleResponseReceived)
                  000088b0    000001d8     maclib_secure_cc13x4_tirtos7.a : mac_security_pib.c.o (.text.macSecurityPibReset)
                  00008a88    000001d4     drivers_cc13x4.a : UART2.c.obj (.text.UART2_readTimeout)
                  00008c5c    000001d0     maclib_secure_cc13x4_tirtos7.a : mac.c.o (.text.macSendReceiveCmdIeee)
                  00008e2c    000001d0     ti_sysbios_config.o (.text.ti_sysbios_knl_Clock_workFuncDynamic)
                  00008ffc    000001ce     nvocmp.o (.text.NVOCMP_cleanPage)
                  000091ca    00000002     rf_multiMode_cc13x4.a : rfc.c.cc13x4.ticlang.o (.text.NOROM_RFCCpePatchReset)
                  000091cc    000001bc     maclib_secure_cc13x4_tirtos7.a : mac_pib.c.o (.text.MAC_MlmeSetReq)
                  00009388    000001b6     ti_sysbios_config.o (.text.pthread_create)
                  0000953e    00000002     rf_multiMode_cc13x4.a : RFCC26X2_multiMode.c.cc13x4.ticlang.o (.text.RF_defaultCallback)
                  00009540    000001ac     maclib_secure_cc13x4_tirtos7.a : mac_tx.c.o (.text.macTxFrame)
                  000096ec    0000019c     embedded_cli.o (.text.onAutocompleteRequest)
                  00009888    0000019c     ti_sysbios_config.o (.text.ti_sysbios_family_arm_v8m_cc26x4_Timer_construct)
                  00009a24    00000194     drivers_cc13x4.a : PowerCC26X2_calibrateRCOSC.c.obj (.text.PowerCC26X2_auxISR)
                  00009bb8    00000194     maclib_secure_cc13x4_tirtos7.a : mac_hl_patch.c.o (.text.macWrapperAddKeyInitFCtr)
                  00009d4c    0000018a     csf.o (.text.Csf_processEvents)
                  00009ed6    00000002     drivers_cc13x4.a : UART2CC26X2.c.obj (.text.UART2CC26X2_eventCallback)
                  00009ed8    00000188     maclib_secure_cc13x4_tirtos7.a : mac_security_pib.c.o (.text.MAC_MlmeGetSecurityReq)
                  0000a060    00000184     drivers_cc13x4.a : UART2CC26X2.c.obj (.text.UART2_open)
                  0000a1e4    00000184     maclib_secure_cc13x4_tirtos7.a : mac_hl_patch.c.o (.text.macIncomingFrameSecurityMaterialRetrieval)
                  0000a368    00000180     libc.a : fwrite.c.obj (.text.fwrite)
                  0000a4e8    00000178     nvocmp.o (.text.NVOCMP_getDstPage)
                  0000a660    00000174     drivers_cc13x4.a : UART2.c.obj (.text.UART2_writeTimeoutBlocking)
                  0000a7d4    00000168     maclib_secure_cc13x4_tirtos7.a : mac_mgmt.c.o (.text.macBuildCommonReq)
                  0000a93c    00000160                                    : mac_hl_patch.c.o (.text.MAC_McpsDataReq)
                  0000aa9c    00000160                                    : mac_scan.c.o (.text.macApiScanReq)
                  0000abfc    00000160                                    : mac_tx.c.o (.text.txCsmaDelay)
                  0000ad5c    0000015c     utc_clock.o (.text.EPOCH_convertTime)
                  0000aeb8    0000014c     rf_multiMode_cc13x4.a : RFCC26X2_multiMode.c.cc13x4.ticlang.o (.text.RF_radioOpDoneCb)
                  0000b004    00000148     drivers_cc13x4.a : PowerCC26X2.c.obj (.text.Power_sleep)
                  0000b14c    00000148     maclib_secure_cc13x4_tirtos7.a : mac_data.c.o (.text.macDataTxSend)
                  0000b294    00000146     macTask.o (.text.MAC_CbackEvent)
                  0000b3da    00000144     rf_multiMode_cc13x4.a : RFCC26X2_multiMode.c.cc13x4.ticlang.o (.text.RF_updatePaConfiguration)
                  0000b51e    00000002     libclang_rt.builtins.a : aeabi_div0.c.obj (.text.__aeabi_ldiv0)
                  0000b520    00000144     maclib_secure_cc13x4_tirtos7.a : mac_hl_patch.c.o (.text.macIncomingFrameSecurity)
                  0000b664    00000142     embedded_cli.o (.text.embeddedCliNew)
                  0000b7a6    00000002     libc.a : _lock.c.obj (.text._nop)
                  0000b7a8    00000140     nvocmp.o (.text.NVOCMP_eraseNvApi)
                  0000b8e8    00000140     maclib_secure_cc13x4_tirtos7.a : mac_radio_tx.c.o (.text.macRadioLbtTxCb)
                  0000ba28    0000013c     rf_multiMode_cc13x4.a : RFCC26X2_multiMode.c.cc13x4.ticlang.o (.text.RF_abortCmd)
                  0000bb64    00000138     control_task.o (.text.controlTask_)
                  0000bc9c    00000136     csf.o (.text.Csf_deviceUpdate)
                  0000bdd2    00000002     drivers_cc13x4.a : PowerCC26X2.c.obj (.text.emptyClockFunc)
                  0000bdd4    00000134     rf_multiMode_cc13x4.a : RFCC26X2_multiMode.c.cc13x4.ticlang.o (.text.RF_ratSetupChannel)
                  0000bf08    00000134     maclib_secure_cc13x4_tirtos7.a : mac_mgmt.c.o (.text.macSetDefaultsByPhyID)
                  0000c03c    00000130     drivers_cc13x4.a : AESCCMCC26X4.c.obj (.text.AESCCM_addDataInternal)
                  0000c16c    0000012c     rf_multiMode_cc13x4.a : RFCC26X2_multiMode.c.cc13x4.ticlang.o (.text.RF_close)
                  0000c298    0000012c     maclib_secure_cc13x4_tirtos7.a : mac_hl_patch.c.o (.text.macRxBeaconCritical)
                  0000c3c4    0000012c     ti_sysbios_config.o (.text.ti_sysbios_knl_Semaphore_pend)
                  0000c4f0    0000012a     nvocmp.o (.text.NVOCMP_updateItemApi)
                  0000c61a    00000002     drivers_cc13x4.a : CryptoResourceCC26XX.c.obj (.text.errorSpin)
                  0000c61c    00000128                      : Button.c.obj (.text.Button_clockTimeoutHandler)
                  0000c744    00000128     maclib_secure_cc13x4_tirtos7.a : mac_data.c.o (.text.macAllocTxBuffer)
                  0000c86c    00000128                                    : mac_coord.c.o (.text.macBuildBeacon)
                  0000c994    00000128                                    : mac_hl_patch.c.o (.text.macWrapperDeleteDevice)
                  0000cabc    00000124     rf_multiMode_cc13x4.a : RFCC26X2_multiMode.c.cc13x4.ticlang.o (.text.RF_fsmSetupState)
                  0000cbe0    00000124     drivers_cc13x4.a : TRNGCC26XX.c.obj (.text.TRNGCC26XX_hwiFxn)
                  0000cd04    00000124     maclib_secure_cc13x4_tirtos7.a : mac_radio.c.o (.text.macRadioInitIeee)
                  0000ce28    00000120                                    : mac_duty_cycle.c.o (.text.macDutyCycleInit)
                  0000cf48    0000011e     collector.o (.text.sendMsg)
                  0000d066    00000002     maclib_secure_cc13x4_tirtos7.a : mac_pwr.c.o (.text.macApiPwrOnReq)
                  0000d068    0000011c     drivers_cc13x4.a : NVSCC26XX.c.obj (.text.NVSCC26XX_write)
                  0000d184    0000011c     ti_sysbios_config.o (.text.ti_sysbios_knl_Mailbox_Instance_init)
                  0000d2a0    0000011a     nvocmp.o (.text.NVOCMP_readContItemApi)
                  0000d3ba    00000002     maclib_secure_cc13x4_tirtos7.a : mac_mcu.c.o (.text.macMcuBitReverse)
                  0000d3bc    00000118     drivers_cc13x4.a : PowerCC26X2.c.obj (.text.Power_init)
                  0000d4d4    00000118     rf_multiMode_cc13x4.a : RFCC26X2_multiMode.c.cc13x4.ticlang.o (.text.RF_decodeOverridePointers)
                  0000d5ec    00000118     drivers_cc13x4.a : UART2.c.obj (.text.UART2_writeTimeoutNonblocking)
                  0000d704    00000116     cllc.o (.text.assocIndCb)
                  0000d81a    00000002     maclib_secure_cc13x4_tirtos7.a : mac_mgmt.c.o (.text.macNoAction)
                  0000d81c    00000114     driverlib.lib : setup_rom.c.obj (.text.NOROM_SetupAfterColdResetWakeupFromShutDownCfg3)
                  0000d930    00000114     nvocmp.o (.text.NVOCMP_createItemApi)
                  0000da44    00000114     maclib_secure_cc13x4_tirtos7.a : mac_tx.c.o (.text.txComplete)
                  0000db58    00000110     drivers_cc13x4.a : GPIOCC26X4.c.obj (.text.GPIO_init)
                  0000dc68    00000110                      : LED.c.obj (.text.LED_open)
                  0000dd78    00000110     maclib_secure_cc13x4_tirtos7.a : mac_ie_build.c.o (.text.macBuildPayloadIes)
                  0000de88    0000010c     driverlib.lib : setup_rom.c.obj (.text.NOROM_SetupAfterColdResetWakeupFromShutDownCfg2)
                  0000df94    0000010c     drivers_cc13x4.a : PowerCC26X2_calibrateRCOSC.c.obj (.text.PowerCC26X2_calibrate)
                  0000e0a0    0000010c     ti_sysbios_config.o (.text.ti_sysbios_knl_Task_Instance_finalize)
                  0000e1ac    0000010a     ti_sysbios_config.o (.text.ti_sysbios_knl_Clock_startI)
                  0000e2b6    00000002     maclib_secure_cc13x4_tirtos7.a : mac_radio.c.o (.text.macRadioSetRE)
                  0000e2b8    00000108     drivers_cc13x4.a : AESCCMCC26X4.c.obj (.text.AESCCM_getResult)
                  0000e3c0    00000108     maclib_secure_cc13x4_tirtos7.a : mac_coord.c.o (.text.macBuildAssociateRsp)
                  0000e4c8    00000108                                    : mac_hl_patch.c.o (.text.macBuildDataFrame)
                  0000e5d0    00000106     csf.o (.text.Csf_init)
                  0000e6d6    00000104     csf.o (.text.Csf_removeDeviceListItem)
                  0000e7da    00000104     nvocmp.o (.text.NVOCMP_deleteItemApi)
                  0000e8de    00000002     maclib_secure_cc13x4_tirtos7.a : mac_radio_tx.c.o (.text.macRadioTxCancelTxAck)
                  0000e8e0    00000104     sysbios.a : Hwi_asm_gcc.s.obj (.text.ti_sysbios_family_arm_v8m_Hwi_dispatch)
                  0000e9e4    00000100     driverlib.lib : setup.c.obj (.text.NOROM_SetupTrimDevice)
                  0000eae4    00000100     nvocmp.o (.text.NVOCMP_setItemInactive)
                  0000ebe4    00000100     rf_multiMode_cc13x4.a : RFCC26X2_multiMode.c.cc13x4.ticlang.o (.text.RF_fsmPowerUpState)
                  0000ece4    00000100     maclib_secure_cc13x4_tirtos7.a : mac_data.c.o (.text.macRxCompleteCallback)
                  0000ede4    00000100                                    : mac_hl_patch.c.o (.text.macScanNextChan)
                  0000eee4    000000fc     nvocmp.o (.text.NVOCMP_writeItemApi)
                  0000efe0    000000fc     rf_multiMode_cc13x4.a : RFCC26X2_multiMode.c.cc13x4.ticlang.o (.text.RF_hwiCpe0Active)
                  0000f0dc    000000fa     embedded_cli.o (.text.getAutocompletedCommand)
                  0000f1d6    00000002     --HOLE-- [fill = 0]
                  0000f1d8    000000f6     ti_sysbios_config.o (.text.PowerCC26XX_standbyPolicy)
                  0000f2ce    00000002     --HOLE-- [fill = 0]
                  0000f2d0    000000f6     embedded_cli.o (.text.embeddedCliPrint)
                  0000f3c6    000000f4     csf.o (.text.Csf_updateFrameCounter)
                  0000f4ba    00000002     --HOLE-- [fill = 0]
                  0000f4bc    000000f4     drivers_cc13x4.a : TRNGCC26XX.c.obj (.text.TRNG_getRandom)
                  0000f5b0    000000f4     maclib_secure_cc13x4_tirtos7.a : mac_coord.c.o (.text.macStartBegin)
                  0000f6a4    000000f2     ti_sysbios_config.o (.text.ti_sysbios_knl_Clock_init)
                  0000f796    000000f0     collector.o (.text.Collector_sendConfigRequest)
                  0000f886    00000002     --HOLE-- [fill = 0]
                  0000f888    000000f0     drivers_cc13x4.a : UART2CC26X2.c.obj (.text.UART2Support_dmaStartRx)
                  0000f978    000000ec     maclib_secure_cc13x4_tirtos7.a : mac.c.o (.text.macSetupRATChanCompare)
                  0000fa64    000000e6     collector.o (.text.Collector_init)
                  0000fb4a    00000002     --HOLE-- [fill = 0]
                  0000fb4c    000000e4     drivers_cc13x4.a : AESCCMCC26X4.c.obj (.text.AESCCM_startOperation)
                  0000fc30    000000e4                      : Button.c.obj (.text.Button_open)
                  0000fd14    000000e4     csf.o (.text.Csf_getDeviceItem)
                  0000fdf8    000000e4     maclib_secure_cc13x4_tirtos7.a : mac_tx.c.o (.text.macTxChannelBusyCallback)
                  0000fedc    000000e4     ti_sysbios_config.o (.text.ti_sysbios_gates_GateMutexPri_enter)
                  0000ffc0    000000e2     api_mac.o (.text.ApiMac_mlmeSetReqArray)
                  000100a2    000000e2     nvocmp.o (.text.NVOCMP_readItemApi)
                  00010184    000000e2     ti_sysbios_config.o (.text.ti_sysbios_knl_Swi_restoreHwi)
                  00010266    00000002     --HOLE-- [fill = 0]
                  00010268    000000e0     driverlib.lib : sys_ctrl.c.obj (.text.NOROM_SysCtrlStandby)
                  00010348    000000e0     drivers_cc13x4.a : UART2CC26X2.c.obj (.text.UART2CC26X2_initHw)
                  00010428    000000e0     maclib_secure_cc13x4_tirtos7.a : mac_coord.c.o (.text.macIndirectExpire)
                  00010508    000000e0                                    : mac_hl_patch.c.o (.text.macOutgoingFrameKeyDescRetrieval)
                  000105e8    000000e0                                    : mac_tx.c.o (.text.txCsmaPrep)
                  000106c8    000000dc     ti_sysbios_config.o (.text.ClockP_create)
                  000107a4    000000dc     rf_multiMode_cc13x4.a : RFCC26X2_multiMode.c.cc13x4.ticlang.o (.text.RF_control)
                  00010880    000000dc     maclib_secure_cc13x4_tirtos7.a : mac_mgmt.c.o (.text.macBuildDisassociateReq)
                  0001095c    000000da     ti_sysbios_config.o (.text.ti_sysbios_knl_Task_postInit)
                  00010a36    00000002     --HOLE-- [fill = 0]
                  00010a38    000000d8     maclib_secure_cc13x4_tirtos7.a : mac_hl_patch.c.o (.text.macCcmStarTransform)
                  00010b10    000000d8                                    : mac_scan.c.o (.text.macScanRxBeacon)
                  00010be8    000000d8     libc.a : setvbuf.c.obj (.text.setvbuf)
                  00010cc0    000000d4     maclib_secure_cc13x4_tirtos7.a : mac_data.c.o (.text.MAC_McpsDataAlloc)
                  00010d94    000000d0     drivers_cc13x4.a : PowerCC26X2.c.obj (.text.configureXOSCHF)
                  00010e64    000000d0     maclib_secure_cc13x4_tirtos7.a : mac_hl_patch.c.o (.text.macEdScanISR)
                  00010f34    000000d0                                    : mac_radio_tx.c.o (.text.macRadioTxAckCb)
                  00011004    000000d0                                    : mac_radio_tx.c.o (.text.macRadioTxPrepCsmaSlottedSubG)
                  000110d4    000000d0                                    : mac_symbol_timer.c.o (.text.macSymbolTimerUpdateWakeup)
                  000111a4    000000d0     ti_sysbios_config.o (.text.ti_sysbios_knl_Task_sleep)
                  00011274    000000cc     nvocmp.o (.text.NVOCMP_readItem)
                  00011340    000000cc     maclib_secure_cc13x4_tirtos7.a : mac_mgmt.c.o (.text.macCommStatusInd)
                  0001140c    000000ca     ti_sysbios_config.o (.text.SwiP_construct)
                  000114d6    00000002     --HOLE-- [fill = 0]
                  000114d8    000000ca     collector.o (.text.processConfigResponse)
                  000115a2    00000002     --HOLE-- [fill = 0]
                  000115a4    000000ca     cllc.o (.text.scanCnfCb)
                  0001166e    00000002     --HOLE-- [fill = 0]
                  00011670    000000c8     maclib_secure_cc13x4_tirtos7.a : mac_hl_patch.c.o (.text.macOutgoingFrameSecurity)
                  00011738    000000c8                                    : mac_main.c.o (.text.macSendDataMsg)
                  00011800    000000c8     collector.o (.text.processDataRetry)
                  000118c8    000000c6     ti_sysbios_config.o (.text.HwiP_construct)
                  0001198e    00000002     --HOLE-- [fill = 0]
                  00011990    000000c4     maclib_secure_cc13x4_tirtos7.a : mac_hl_patch.c.o (.text.macBuildHeaderIes)
                  00011a54    000000c4                                    : mac_duty_cycle.c.o (.text.macDutyCycleNotify)
                  00011b18    000000c4     embedded_cli.o (.text.printLiveAutocompletion)
                  00011bdc    000000c0     drivers_cc13x4.a : GPIOCC26XX.c.obj (.text.GPIO_setConfigAndMux)
                  00011c9c    000000c0     driverlib.lib : aes.c.obj (.text.NOROM_AESWriteToKeyStore)
                  00011d5c    000000c0     maclib_secure_cc13x4_tirtos7.a : mac_tx.c.o (.text.macTxRequestCsmaRtcDelay)
                  00011e1c    000000c0                                    : mac_radio.c.o (.text.scheduleNopWakeupCmd)
                  00011edc    000000be     control_task.o (.text.control_task_mail_post_DevInfo)
                  00011f9a    00000002     --HOLE-- [fill = 0]
                  00011f9c    000000be     ti_sysbios_config.o (.text.ti_sysbios_knl_Swi_runLoop)
                  0001205a    000000be     ti_sysbios_config.o (.text.ti_sysbios_knl_Task_Instance_init)
                  00012118    000000bc     ti_sysbios_config.o (.text.BIOS_startFunc)
                  000121d4    000000bc     drivers_cc13x4.a : PowerCC26X2.c.obj (.text.Power_setDependency)
                  00012290    000000bc     rf_multiMode_cc13x4.a : RFCC26X2_multiMode.c.cc13x4.ticlang.o (.text.RF_swiHw)
                  0001234c    000000bc     drivers_cc13x4.a : UART2CC26X2.c.obj (.text.UART2Support_dmaStartTx)
                  00012408    000000bc     utc_clock.o (.text.UTC_timeUpdateHandler)
                  000124c4    000000ba     collector.o (.text.dataIndCB)
                  0001257e    000000ba     ti_sysbios_config.o (.text.ti_sysbios_knl_Task_setPri)
                  00012638    000000b8     maclib_secure_cc13x4_tirtos7.a : mac_mgmt.c.o (.text.MAC_MlmeResetReq)
                  000126f0    000000b8                                    : mac_coord.c.o (.text.macStartSetParams)
                  000127a8    000000b8                                    : mac_tx.c.o (.text.macTxRequestCsmaDelay)
                  00012860    000000b4     drivers_cc13x4.a : PowerCC26X2.c.obj (.text.Power_releaseDependency)
                  00012914    000000b4     maclib_secure_cc13x4_tirtos7.a : mac.c.o (.text.macGetRFCmdDuration)
                  000129c8    000000b0                                    : mac_data.c.o (.text.macApiDataReq)
                  00012a78    000000b0                                    : mac_mgmt.c.o (.text.macBuildBeaconNotifyInd)
                  00012b28    000000b0                                    : mac_ie_build.c.o (.text.macBuildPayloadCoexistIe)
                  00012bd8    000000b0     libclang_rt.builtins.a : udivmoddi4.S.obj (.text)
                  00012c88    000000ae     bindings.o (.text.allDevicesInNetwork)
                  00012d36    000000ac     cllc.o (.text.Cllc_init)
                  00012de2    00000002     --HOLE-- [fill = 0]
                  00012de4    000000ac     rf_multiMode_cc13x4.a : RFCC26X2_multiMode.c.cc13x4.ticlang.o (.text.RF_pendCmd)
                  00012e90    000000ac     maclib_secure_cc13x4_tirtos7.a : mac_hl_patch.c.o (.text.macAutoPendMaintainSrcMatchTable)
                  00012f3c    000000ac                                    : mac_data.c.o (.text.macDataTxEnqueue)
                  00012fe8    000000ac     ti_sysbios_config.o (.text.ti_sysbios_knl_Task_restore)
                  00013094    000000aa     ti_sysbios_config.o (.text.ti_sysbios_knl_Task_startup)
                  0001313e    00000002     --HOLE-- [fill = 0]
                  00013140    000000a8     drivers_cc13x4.a : AESCCMCC26X4.c.obj (.text.AESCCM_hwiFxn)
                  000131e8    000000a8     csf.o (.text.Csf_getDevice)
                  00013290    000000a8     csf.o (.text.Csf_getDeviceExtAdd)
                  00013338    000000a8     maclib_secure_cc13x4_tirtos7.a : mac_hl_patch.c.o (.text.macApiStartReq)
                  000133e0    000000a8                                    : mac_coord.c.o (.text.macCoordReset)
                  00013488    000000a8                                    : mac_rx.c.o (.text.macRxInit)
                  00013530    000000a8                                    : mac_tx.c.o (.text.macTxStartQueuedFrame)
                  000135d8    000000a4                                    : mac_autopend.c.o (.text.MAC_SrcMatchAddEntry)
                  0001367c    000000a4     maclib_osal_tirtos7_cc13x4_26x4.a : osal_port.c.o (.text.OsalPort_heapMalloc)
                  00013720    000000a4     rf_multiMode_cc13x4.a : RFCC26X2_multiMode.c.cc13x4.ticlang.o (.text.RF_initRadioSetup)
                  000137c4    000000a4     maclib_secure_cc13x4_tirtos7.a : mac_hl_patch.c.o (.text.macDataTxComplete)
                  00013868    000000a4                                    : mac_hl_patch.c.o (.text.macMgmtReset)
                  0001390c    000000a2     ti_sysbios_config.o (.text.ti_sysbios_runtime_Memory_alloc)
                  000139ae    00000002     --HOLE-- [fill = 0]
                  000139b0    000000a0     rf_multiMode_cc13x4.a : RFCC26X2_multiMode.c.cc13x4.ticlang.o (.text.RF_calculateDispatchTime)
                  00013a50    000000a0                           : RFCC26X2_multiMode.c.cc13x4.ticlang.o (.text.RF_requestAccess)
                  00013af0    000000a0     maclib_secure_cc13x4_tirtos7.a : mac_hl_patch.c.o (.text.macAutoPendAddSrcMatchTableEntry)
                  00013b90    000000a0                                    : mac_coord.c.o (.text.macBuildPendAddr)
                  00013c30    000000a0                                    : mac_hl_patch.c.o (.text.macCbackForEvent)
                  00013cd0    000000a0     cllc.o (.text.orphanIndCb)
                  00013d70    000000a0     ti_sysbios_config.o (.text.ti_sysbios_knl_Swi_post)
                  00013e10    0000009c     driverlib.lib : setup.c.obj (.text.TrimAfterColdResetWakeupFromShutDown)
                  00013eac    0000009c     cllc.o (.text.beaconNotifyIndCb)
                  00013f48    0000009c     maclib_secure_cc13x4_tirtos7.a : mac_mgmt.c.o (.text.macBuildWSAsyncReq)
                  00013fe4    00000098     cllc.o (.text.Cllc_securityInit)
                  0001407c    00000098     nvocmp.o (.text.NVOCMP_getItemLenApi)
                  00014114    00000098     rf_multiMode_cc13x4.a : RFCC26X2_multiMode.c.cc13x4.ticlang.o (.text.RF_defaultSubmitPolicy)
                  000141ac    00000098     ti_sysbios_config.o (.text._pthread_cleanupFxn)
                  00014244    00000098     maclib_secure_cc13x4_tirtos7.a : mac_hl_patch.c.o (.text.macIncomingSecurityLevelChecking)
                  000142dc    00000098                                    : mac_mgmt.c.o (.text.macRxBeacon)
                  00014374    00000098                                    : mac_timer.c.o (.text.macSymbolTimerTriggerCallback)
                  0001440c    00000098     ti_sysbios_config.o (.text.ti_sysbios_knl_Mailbox_post)
                  000144a4    00000098     ti_sysbios_config.o (.text.ti_sysbios_knl_Task_restoreHwi)
                  0001453c    00000096     rf_multiMode_cc13x4.a : RFCC26X2_multiMode.c.cc13x4.ticlang.o (.text.RF_verifyGap)
                  000145d2    00000002     --HOLE-- [fill = 0]
                  000145d4    00000094     maclib_secure_cc13x4_tirtos7.a : mac_hl_patch.c.o (.text.MAC_MlmeScanReq)
                  00014668    00000094     rf_multiMode_cc13x4.a : RFCC26X2_multiMode.c.cc13x4.ticlang.o (.text.RF_ratRestartChannels)
                  000146fc    00000094     ti_sysbios_config.o (.text._pthread_removeThreadKeys)
                  00014790    00000094     maclib_secure_cc13x4_tirtos7.a : mac_coord.c.o (.text.macApiPurgeReq)
                  00014824    00000094                                    : mac_coord.c.o (.text.macBuildRealign)
                  000148b8    00000094     macTask.o (.text.macTaskInit)
                  0001494c    00000094     ti_sysbios_config.o (.text.ti_sysbios_gates_GateMutexPri_leave)
                  000149e0    00000092     embedded_cli.o (.text.embeddedCliTokenizeArgs)
                  00014a72    00000092     ti_sysbios_config.o (.text.ti_sysbios_knl_Semaphore_post)
                  00014b04    00000092     ti_sysbios_config.o (.text.ti_sysbios_knl_Task_exit)
                  00014b96    00000002     --HOLE-- [fill = 0]
                  00014b98    00000090     rf_multiMode_cc13x4.a : RFCC26X2_multiMode.c.cc13x4.ticlang.o (.text.RF_getTxPower)
                  00014c28    00000090     maclib_secure_cc13x4_tirtos7.a : mac_coord.c.o (.text.macIndirectSend)
                  00014cb8    00000090                                    : mac_autopend.c.o (.text.macSrcMatchCheckSrcAddr)
                  00014d48    00000090                                    : mac.c.o (.text.macStopCmd)
                  00014dd8    00000090     ti_sysbios_config.o (.text.ti_sysbios_knl_Swi_restore)
                  00014e68    0000008e     main.o (.text.collectorTask_)
                  00014ef6    00000002     --HOLE-- [fill = 0]
                  00014ef8    0000008e     collector.o (.text.commStatusIndCB)
                  00014f86    00000002     --HOLE-- [fill = 0]
                  00014f88    0000008e     collector.o (.text.processTrackingResponse)
                  00015016    0000008c     nvocmp.o (.text.NVOCMP_readHeader)
                  000150a2    00000002     --HOLE-- [fill = 0]
                  000150a4    0000008c     drivers_cc13x4.a : TRNGCC26XX.c.obj (.text.TRNG_construct)
                  00015130    0000008c                      : NVSCC26XX.c.obj (.text.doErase)
                  000151bc    0000008c     maclib_secure_cc13x4_tirtos7.a : mac_radio_tx.c.o (.text.macRadioFHEncryptFrame)
                  00015248    0000008c     ti_sysbios_config.o (.text.ti_sysbios_knl_Task_enter)
                  000152d4    0000008a     control_task.o (.text.control_taskInit)
                  0001535e    0000008a     ti_sysbios_config.o (.text.ti_sysbios_knl_Swi_startup)
                  000153e8    00000088     rf_multiMode_cc13x4.a : RFCC26X2_multiMode.c.cc13x4.ticlang.o (.text.RF_cmdDispatchTime)
                  00015470    00000088                           : RFCC26X2_multiMode.c.cc13x4.ticlang.o (.text.RF_discardPendCmd)
                  000154f8    00000088     maclib_secure_cc13x4_tirtos7.a : mac_hl_patch.c.o (.text.macCcmDecrypt)
                  00015580    00000088                                    : mac_hl_patch.c.o (.text.macCcmStarInverseTransform)
                  00015608    00000088                                    : mac_radio_tx.c.o (.text.macRadioSendImmAck)
                  00015690    00000088                                    : mac_radio.c.o (.text.macRadioUpdateChannel)
                  00015718    00000086     ti_sysbios_config.o (.text.ClockP_construct)
                  0001579e    00000002     --HOLE-- [fill = 0]
                  000157a0    00000084     api_mac.o (.text.ApiMac_init)
                  00015824    00000084     maclib_secure_cc13x4_tirtos7.a : mac_coord.c.o (.text.MAC_InitCoord)
                  000158a8    00000084     nvocmp.o (.text.NVOCMP_getFreeNvApi)
                  0001592c    00000084     rf_multiMode_cc13x4.a : RFCC26X2_multiMode.c.cc13x4.ticlang.o (.text.RF_getInfo)
                  000159b0    00000084                           : RFCC26X2_multiMode.c.cc13x4.ticlang.o (.text.RF_yield)
                  00015a34    00000084     maclib_secure_cc13x4_tirtos7.a : mac_hl_patch.c.o (.text.macBlacklistChecking)
                  00015ab8    00000084                                    : mac_hl_patch.c.o (.text.macCcmEncrypt)
                  00015b3c    00000082     main.o (.text.main)
                  00015bbe    00000002     --HOLE-- [fill = 0]
                  00015bc0    00000080     drivers_cc13x4.a : GPIOCC26X4.c.obj (.text.GPIO_hwiIntFxn)
                  00015c40    00000080     nvocmp.o (.text.NVOCMP_changePageState)
                  00015cc0    00000080     maclib_osal_tirtos7_cc13x4_26x4.a : osal_port.c.o (.text.OsalPort_setTimer)
                  00015d40    00000080     maclib_secure_cc13x4_tirtos7.a : mac_data.c.o (.text.macFrameDurationSubG)
                  00015dc0    00000080                                    : mac_coord.c.o (.text.macRxDataReq)
                  00015e40    00000080                                    : mac_tx.c.o (.text.macTxDoneCallback)
                  00015ec0    0000007e     nvocmp.o (.text.NVOCMP_loadApiPtrs)
                  00015f3e    00000002     --HOLE-- [fill = 0]
                  00015f40    0000007c     driverlib.lib : setup_rom.c.obj (.text.NOROM_SetupStepVddrTrimTo)
                  00015fbc    0000007c     rf_multiMode_cc13x4.a : RFCC26X2_multiMode.c.cc13x4.ticlang.o (.text.RF_ratDisableChannel)
                  00016038    0000007c     maclib_secure_cc13x4_tirtos7.a : mac_mcu.c.o (.text.macMcuOverflowSetPeriod)
                  000160b4    0000007c                                    : mac_pwr.c.o (.text.macPwrVote)
                  00016130    0000007c                                    : mac.c.o (.text.macSetupReceiveCmd)
                  000161ac    0000007a     ti_drivers_config.o (.text.Board_shutDownExtFlash)
                  00016226    0000007a     nvocmp.o (.text.NVOCMP_compactNvApi)
                  000162a0    0000007a     ti_sysbios_config.o (.text.ti_sysbios_knl_TaskSupport_start)
                  0001631a    00000002     --HOLE-- [fill = 0]
                  0001631c    00000078     driverlib.lib : chipinfo.c.obj (.text.NOROM_ChipInfo_GetChipType)
                  00016394    00000078     drivers_cc13x4.a : NVSCC26XX.c.obj (.text.NVSCC26XX_open)
                  0001640c    00000078     rf_multiMode_cc13x4.a : RFCC26X2_multiMode.c.cc13x4.ticlang.o (.text.RF_ratFreeChannel)
                  00016484    00000078     maclib_secure_cc13x4_tirtos7.a : mac.c.o (.text.macRequestBackoff)
                  000164fc    00000078                                    : mac_symbol_timer.c.o (.text.macSymbolTimerInit)
                  00016574    00000078     ti_sysbios_config.o (.text.ti_sysbios_family_arm_v8m_Hwi_dispatchC)
                  000165ec    00000076     ti_sysbios_config.o (.text.HwiP_destruct)
                  00016662    00000076     drivers_cc13x4.a : UART2CC26X2.c.obj (.text.UART2Support_dmaStopTx)
                  000166d8    00000074     maclib_osal_tirtos7_cc13x4_26x4.a : osal_port.c.o (.text.OsalPort_heapInit)
                  0001674c    00000074     rf_multiMode_cc13x4.a : RFCC26X2_multiMode.c.cc13x4.ticlang.o (.text.RF_hwiHw)
                  000167c0    00000074     libc.a : fclose.c.obj (.text.__TI_closefile)
                  00016834    00000074     maclib_secure_cc13x4_tirtos7.a : mac_hl_patch.c.o (.text.macKeyDescriptorLookup)
                  000168a8    00000074                                    : mac_mcu.c.o (.text.macMcuOverflowSetCompare)
                  0001691c    00000074                                    : mac_radio_tx.c.o (.text.macRadioTxEnhAckCb)
                  00016990    00000074                                    : mac_ie_parse.c.o (.text.macUpdateHeaderIEPtr)
                  00016a04    00000074     ti_sysbios_config.o (.text.ti_sysbios_knl_Mailbox_pend)
                  00016a78    00000072     drivers_cc13x4.a : LED.c.obj (.text.LED_startBlinking)
                  00016aea    00000002     --HOLE-- [fill = 0]
                  00016aec    00000072     cllc.o (.text.disassocCnfCb)
                  00016b5e    00000072     ti_sysbios_config.o (.text.pthread_mutex_lock)
                  00016bd0    00000070     drivers_cc13x4.a : AESCCMCC26X4.c.obj (.text.AESCCM_waitForResult)
                  00016c40    00000070     driverlib.lib : interrupt.c.obj (.text.NOROM_IntDisable)
                  00016cb0    00000070     maclib_osal_tirtos7_cc13x4_26x4.a : osal_port.c.o (.text.OsalPort_pwrmgrTaskState)
                  00016d20    00000070     cllc.o (.text.disassocIndCb)
                  00016d90    00000070     maclib_secure_cc13x4_tirtos7.a : mac_duty_cycle.c.o (.text.macDutyCycleTimerCB)
                  00016e00    00000070                                    : mac_radio.c.o (.text.macRadioStartScan)
                  00016e70    00000070                                    : mac_timer.c.o (.text.macTimerUpdateSymbolTimer)
                  00016ee0    00000070     libc.a : copy_decompress_lzss.c.obj (.text:decompress:lzss)
                  00016f50    0000006e     cllc.o (.text.Cllc_setJoinPermit)
                  00016fbe    00000002     --HOLE-- [fill = 0]
                  00016fc0    0000006c     drivers_cc13x4.a : AESCCMCC26X4.c.obj (.text.AESCCM_construct)
                  0001702c    0000006c     driverlib.lib : interrupt.c.obj (.text.NOROM_IntEnable)
                  00017098    0000006c                   : sys_ctrl.c.obj (.text.NOROM_SysCtrl_DCDC_VoltageConditionalControl)
                  00017104    0000006c     rf_multiMode_cc13x4.a : RFCC26X2_multiMode.c.cc13x4.ticlang.o (.text.RF_issueRadioFreeCb)
                  00017170    0000006c     drivers_cc13x4.a : Random.c.obj (.text.Random_seedAutomatic)
                  000171dc    0000006c     rf_multiMode_cc13x4.a : rf_patch_cpe_multi_protocol.c.cc13x4.ticlang.o (.text.configureMultiProtocolPatch)
                  00017248    0000006c     maclib_secure_cc13x4_tirtos7.a : mac_mgmt.c.o (.text.macApiDisassociateReq)
                  000172b4    0000006c                                    : mac_duty_cycle.c.o (.text.macDutyCycleByteToUSec)
                  00017320    0000006c                                    : mac_rx_onoff.c.o (.text.macRxOffRequest)
                  0001738c    0000006c                                    : mac.c.o (.text.macSetupFsCmd)
                  000173f8    0000006c     drivers_cc13x4.a : PowerCC26X2.c.obj (.text.oscillatorISR)
                  00017464    0000006c     par.o (.text.par_save)
                  000174d0    00000068     drivers_cc13x4.a : PowerCC26X2_calibrateRCOSC_helpers.c.obj (.text.PowerCC26X2_updateSubSecInc)
                  00017538    00000068     rf_multiMode_cc13x4.a : RFCC26X2_multiMode.c.cc13x4.ticlang.o (.text.RF_detachOverrides)
                  000175a0    00000068     libc.a : fseek.c.obj (.text.fseeko)
                  00017608    00000068            : getdevice.c.obj (.text.getdevice)
                  00017670    00000068     maclib_secure_cc13x4_tirtos7.a : mac_mgmt.c.o (.text.macDisassocComplete)
                  000176d8    00000068                                    : mac_low_level.c.o (.text.macLowLevelInit)
                  00017740    00000068                                    : mac_radio.c.o (.text.macRadioPowerDown)
                  000177a8    00000068                                    : mac_scan.c.o (.text.macScanStartTimer)
                  00017810    00000068                                    : mac_timer.c.o (.text.macTimerSetRollover)
                  00017878    00000068                                    : mac_tx.c.o (.text.macTxGetDefaultMinTxOffTime)
                  000178e0    00000064     csf.o (.text.Csf_getFrameCounter)
                  00017944    00000064     libsysbm.a : hostrename.c.obj (.text.HOSTrename)
                  000179a8    00000064     maclib_secure_cc13x4_tirtos7.a : mac_mgmt.c.o (.text.MAC_Init)
                  00017a0c    00000064     maclib_osal_tirtos7_cc13x4_26x4.a : osal_port.c.o (.text.OsalPort_clearEvent)
                  00017a70    00000064     drivers_cc13x4.a : PowerCC26X2_calibrateRCOSC.c.obj (.text.PowerCC26X2_initiateCalibration)
                  00017ad4    00000064     rf_multiMode_cc13x4.a : RFCC26X2_multiMode.c.cc13x4.ticlang.o (.text.RF_attachOverrides)
                  00017b38    00000064                           : RFCC26X2_multiMode.c.cc13x4.ticlang.o (.text.RF_dispatchNextEvent)
                  00017b9c    00000064                           : RFCC26X2_multiMode.c.cc13x4.ticlang.o (.text.RF_hwiCpe0PowerFsm)
                  00017c00    00000064     drivers_cc13x4.a : UDMACC26XX.c.obj (.text.UDMACC26XX_open)
                  00017c64    00000064     maclib_secure_cc13x4_tirtos7.a : mac_mcu.c.o (.text.macMcuInit)
                  00017cc8    00000064                                    : mac_radio_tx.c.o (.text.macRadioTxPrepLbt)
                  00017d2c    00000064                                    : mac_rx.c.o (.text.macRxHaltCleanup)
                  00017d90    00000064                                    : mac_timer.c.o (.text.macTimerRealign)
                  00017df4    00000064     ti_sysbios_config.o (.text.pthread_exit)
                  00017e58    00000064     ti_sysbios_config.o (.text.ti_sysbios_knl_Semaphore_pendTimeout)
                  00017ebc    00000062     rf_multiMode_cc13x4.a : RFCC26X2_multiMode.c.cc13x4.ticlang.o (.text.RF_syncCb)
                  00017f1e    00000002     --HOLE-- [fill = 0]
                  00017f20    00000062     par.o (.text.par_load)
                  00017f82    00000002     --HOLE-- [fill = 0]
                  00017f84    00000060     drivers_cc13x4.a : CryptoResourceCC26XX.c.obj (.text.CryptoResourceCC26XX_constructRTOSObjects)
                  00017fe4    00000060     driverlib.lib : setup_rom.c.obj (.text.NOROM_SetupAfterColdResetWakeupFromShutDownCfg1)
                  00018044    00000060     maclib_osal_tirtos7_cc13x4_26x4.a : osal_port.c.o (.text.OsalPort_setEvent)
                  000180a4    00000060     ti_sysbios_config.o (.text.SemaphoreP_createBinary)
                  00018104    00000060     libc.a : _io_perm.c.obj (.text.__TI_wrt_ok)
                  00018164    00000060     libsysbm.a : close.c.obj (.text.close)
                  000181c4    00000060     maclib_secure_cc13x4_tirtos7.a : mac_beacon_device.c.o (.text.macBeaconSyncLoss)
                  00018224    00000060                                    : mac_data.c.o (.text.macDataReset)
                  00018284    00000060                                    : mac_main.c.o (.text.macExecute)
                  000182e4    00000060                                    : mac_scan.c.o (.text.macScanComplete)
                  00018344    00000060                                    : mac_main.c.o (.text.macSendMsg)
                  000183a4    00000060                                    : mac_symbol_timer.c.o (.text.macSymbolTimerPeriodIsr)
                  00018404    00000060                                    : mac_hl_patch.c.o (.text.macTrackPeriodCallback)
                  00018464    0000005e     rf_multiMode_cc13x4.a : rfc.c.cc13x4.ticlang.o (.text.NOROM_RFCAnaDivTxOverride)
                  000184c2    0000005e     drivers_cc13x4.a : UART2CC26X2.c.obj (.text.UART2Support_dmaStopRx)
                  00018520    0000005e     ti_sysbios_config.o (.text.ti_sysbios_family_arm_v8m_cc26x4_Timer_dynamicMultiStub)
                  0001857e    00000002     --HOLE-- [fill = 0]
                  00018580    0000005c     cllc.o (.text.Cllc_removeDevice)
                  000185dc    0000005c     maclib_secure_cc13x4_tirtos7.a : mac_hl_patch.c.o (.text.MAC_ResumeReq)
                  00018638    0000005c     driverlib.lib : setup_rom.c.obj (.text.NOROM_SetupGetTrimForAmpcompCtrl)
                  00018694    0000005c     maclib_osal_tirtos7_cc13x4_26x4.a : osal_port.c.o (.text.OsalPort_msgReceive)
                  000186f0    0000005c     maclib_secure_cc13x4_tirtos7.a : mac_mgmt.c.o (.text.macBuildWSAsyncMsg)
[...]
200053ec  ButtonObjects                                                    
20005434  NVOCMP_nvHandle                                                  
20005658  UTC_clock                                                        
2000569c  macSecurityPib                                                   
20005718  Collector_statistics                                             
20005754  dcBucket                                                         
20005788  macBeaconDevice                                                  
200057bc  RF_cmdPropRadioDivSetup                                          
200057ec  RF_cmdPropRxAdv                                                  
2000581c  macMgmtAction1                                                   
2000584c  macSrcExtAddrList                                                
2000587c  ti_sysbios_knl_Swi_readyQs                                       
200058ac  ti_sysbios_knl_Task_readyQs                                      
20005908  macCoord                                                         
20005934  macDevice                                                        
20005984  collectorTaskParam                                               
200059a8  consoleTaskParam                                                 
200059cc  controlTaskParam                                                 
20005a10  RF_cmdIEEECsma                                                   
20005a30  RF_cmdPropTxAdv                                                  
20005a50  RF_cmdRadioSetup                                                 
20005a70  RF_params                                                        
20005a90  macBeacon                                                        
20005ab0  udmaCC26XXObject                                                 
20005b24  BIOS_heapCallbackObject                                          
20005b40  BIOS_rtsGate                                                     
20005b5c  CryptoResourceCC26XX_hwi                                         
20005b78  RF_cmdPropCs                                                     
20005b94  RF_cmdPropCsSlotted                                              
20005bb0  control_task_DevInfo_mail_params                                 
20005bcc  control_task_joinedDev_mail_params                               
20005be8  macCoordAction2                                                  
20005c04  macReset                                                         
20005c20  macSemHandle                                                     
20005c3c  macSrcShortAddrList                                              
20005c58  RF_cmdFsRx                                                       
20005c70  RF_cmdFsTx                                                       
20005c88  RF_cmdIEEETx                                                     
20005ca0  macScanAction                                                    
20005cf4  RF_cmdRxAckCmd                                                   
20005d08  macAckDbg                                                        
20005d1c  macMgmtAction2                                                   
20005d30  macStatistics                                                    
20005d42  conv                                                             
20005d44  macCoordAction3                                                  
20005d54  macData                                                          
20005d64  macDataTxDelay                                                   
20005d74  macFrmFilter                                                     
20005d84  macRxOutputIeee                                                  
20005d94  DevInfomail                                                      
20005dbc  coexMetricsStruct                                                
20005dc8  macMain                                                          
20005dd4  macRxOutputSubG                                                  
20005de0  regionAttrs                                                      
20005dec  parmbuf                                                          
20005df4  ApiMac_extAddr                                                   
20005dfc  coexOverrideUseCases                                             
20005e04  macCoordAction1                                                  
20005e0c  macRxDataEntryQueue                                              
20005e44  AESCCM_handle                                                    
20005e48  HEAPMGR_SIZE                                                     
20005e4c  PowerCC26XX_swiKey                                               
20005e50  PowerCC26XX_taskKey                                              
20005e54  Time_to_bytes                                                    
20005e58  cli                                                              
20005e5c  dcCritical                                                       
20005e60  dcLimited                                                        
20005e64  dcPtr                                                            
20005e68  dcRegulated                                                      
20005e6c  dcTimeUsed                                                       
20005e70  macAddrLsb                                                       
20005e74  macAddrMsb                                                       
20005e78  macCryptoDrvTblPtr                                               
20005e7c  macPhyTxPower                                                    
20005e80  macPrevPeriodRatCount                                            
20005e84  macRfDrvTblPtr                                                   
20005e88  macRxSymbol                                                      
20005e8c  macSymbolTimerRollover                                           
20005e90  macSymbolTimerTrigger                                            
20005e94  macThread                                                        
20005e98  macTimerActive                                                   
20005e9c  macTxTimestamp                                                   
20005ea0  nvsHandle                                                        
20005ea4  nvsParams                                                        
20005ea8  pClockHandleEDScan                                               
20005eac  pMacRadioConfig                                                  
20005eb0  pMaxPower                                                        
20005eb4  pRfMode                                                          
20005eb8  pRfPowerTable                                                    
20005ebc  rxRadioBufferPtr                                                 
20005ec0  ti_sysbios_family_arm_v8m_cc26x4_Timer_funcHookCH1               
20005ec4  ti_sysbios_family_arm_v8m_cc26x4_Timer_funcHookCH2               
20005ec8  ti_sysbios_knl_Task_defaultStackHeap                             
20005ecc  ti_sysbios_runtime_System_atexitHandlers                         
20005ed0  timerAlignedQ                                                    
20005ed4  timerUnalignedQ                                                  
20005ed8  uart2Handle                                                      
20005edc  joinedDev_mail                                                   
20005ede  macRxDataEntryOffset                                             
20005ee0  macTxCsmaBackoffDelay                                            
20005ee2  nvsCC26XXObjects                                                 
20005ee4  rxCmdHandle                                                      
20005ee6  txCmdHandle                                                      
20005eec  AppTaskId                                                        
20005eed  NVOCMP_size                                                      
20005eee  appTaskId                                                        
20005eef  dcStatus                                                         
20005ef0  gAction                                                          
20005ef1  lastRxPriority                                                   
20005ef2  lastTxPriority                                                   
20005ef3  macAckTxActive                                                   
20005ef4  macMgmt                                                          
20005ef5  macPanCoordinator                                                
20005ef6  macPhyChannel                                                    
20005ef7  macPwr                                                           
20005ef8  macRxActive                                                      
20005ef9  macRxEnableFlags                                                 
20005efa  macRxFilter                                                      
20005efb  macRxOutgoingAckFlag                                             
20005efc  macSpecUsecsPerSymbol                                            
20005efd  macSrcResIndex                                                   
20005efe  macSymbolTimerImpending                                          
20005eff  macTaskId                                                        
20005f00  macTxActive                                                      
20005f01  macTxBe                                                          
20005f02  macTxGpInterframeDelay                                           
20005f03  macTxType                                                        
20005f04  macUnitBackoffPeriod                                             
20005f05  rxFhRsl                                                          
20005f06  rxPromiscuousMode                                                
20005f07  rxSeqNum                                                         
20005f08  txAckReq                                                         
20005f09  txSeqn                                                           
20006000  PowerCC26X2_module                                               
20006178  _ftable                                                          
20006268  gpioPinConfigs                                                   
20006328  txPowerTable_868_pa13                                            
200063d7  ApiMac_gpOffsetToms                                              
200063d8  macMRFSKGenPhyTable                                              
20006478  _device                                                          
200064f0  fhObject                                                         
200065c4  ti_sysbios_knl_Clock_Module_state                                
20006690  Main_user1Cfg                                                    
20006744  _stream                                                          
20006794  Collector_macCallbacks                                           
20006824  ti_sysbios_family_arm_v8m_Hwi_Module_state                       
20006860  ti_sysbios_knl_Task_Module_state                                 
200068d4  macBeaconPayload                                                 
20006938  BIOS_Module_state                                                
20006990  pOverrides_2gfsk50kbps154g                                       
200069bc  ti_sysbios_knl_Swi_Module_state                                  
200069e4  macActionSet                                                     
20006a08  lastRatChanA                                                     
20006a09  lastRatChanB                                                     
20006a0a  macRxCmdActive                                                   
20006a0b  macFsCmdActive                                                   
20006a0c  macRxPreempted                                                   
20006a0d  numRfCmd                                                         
20006a0e  numRxCmd                                                         
20006a0f  numRxPostCmd                                                     
20006a10  ieeeCoexEnabled                                                  
20006a14  lastPostCmd                                                      
20006a18  macSfdDetectCback                                                
20006a28  macBeaconMargin                                                  
20006a8c  macStateTbl                                                      
20006aa0  macUser0Cfg                                                      
20006ac5  macSrcMatchIsAckAllPending                                       
20006ac6  macSrcMatchDefaultPendOn                                         
20006ac7  ApiMac_mtDataReqTxOptionGp                                       
20006ad8  RF_cmdNop                                                        
20006ae8  RF_cmdNopFg                                                      
20006af8  RF_prop_2gfsk50kbps154g                                          
20006b08  _hposcCoeffs                                                     
20006b18  macCfg                                                           
20006b4c  taskCnt                                                          
20006b50  heapmgrMemFreeTotal                                              
20006b54  heapmgrMemFreeError                                              
20006b64  ti_sysbios_family_arm_v8m_cc26x4_Timer_Module_state              
20006b70  ti_sysbios_runtime_Error_ignore                                  
20006b7c  ti_sysbios_runtime_System_Module_state                           
20006b98  __TI_cleanup_ptr                                                 
20006b9c  __TI_dtors_ptr                                                   
20006bac  RF_handle                                                        
20006bb0  macRadioAckIeeeFrame                                             
20006bb3  macRadioAckFrame                                                 
20006bb8  macCsmaRtcTimerId                                                
20006bc8  RFCC26XX_schedulerPolicy                                         
20006bd0  ti_sysbios_gates_GateMutexPri_Module_state                       
20006bd8  ti_sysbios_heaps_HeapCallback_Module_state                       
20006be0  ti_sysbios_knl_Mailbox_Module_state                              
20006be8  ti_sysbios_knl_Semaphore_Module_state                            
20006bf4  Csf_keys                                                         
20006c04  UTC_timeSeconds                                                  
20006c0c  __TI_ft_end                                                      
20006c10  __aeabi_errno                                                    
20006c14  _lock                                                            
20006c18  _unlock                                                          
20006c1c  appEvents                                                        
20006c20  control_task_DevInfo_mail_handle                                 
20006c24  control_task_joinedDev_mail_handle                               
20006c28  gmt                                                              
20006c30  macDataBeaconRequeue                                             
20006c34  macDataCheckSched                                                
20006c38  macDataCheckTxTime                                               
20006c3c  macDataRequeueIndirect                                           
20006c40  macDataRxBeaconCritical                                          
20006c44  macDataSetSched                                                  
20006c48  macDataTxBeaconComplete                                          
20006c4c  macDataTxIndirect                                                
20006c5c  macTimerNewRollover                                              
20006c60  macTimerRollover                                                 
20006c64  minTxOffTime                                                     
20006c70  pMacCbackCheckPending                                            
20006c74  pMacCbackQueryRetransmit                                         
20006c78  pMacDataTx                                                       
20006c7c  pMacEnhancedAck                                                  
20006c90  ti_sysbios_runtime_Memory_defaultHeapInstance                    
20006c94  Cllc_devShortAddr                                                
20006c96  Cllc_events                                                      
20006c9a  Collector_events                                                 
20006c9c  Csf_events                                                       
20006ca0  assoc_resp_no_ack_cnt                                            
20006ca8  symbol_rate_custom                                               
20006caa  Main_assertReason                                                
20006cac  bInSwi                                                           
20006cb1  csmPhy                                                           
20006cb3  customMinTxOffEnabled                                            
20006cb5  dcEnabled                                                        
20006cb8  gmt_zone                                                         
20006cbe  macRadioYielded                                                  
20006cbf  macSrcMatchIsEnabled                                             
20006cc0  macSrcMatchManualAddressTracking                                 
20006cc1  macTxCmdActive                                                   
20006cc2  macTxSlottedDelay                                                
20006cc3  macTxSlottedDelayFactor                                          
20006cc5  numTx                                                            
20006cc6  permitJoining                                                    
20006cc8  reqAccessAlloc                                                   
20006cca  save_par                                                         
20006ccb  savedCllcState                                                   
20006ccf  ti_sysbios_knl_Idle_initDone                                     
20006cd0  ti_sysbios_runtime_Startup_done                                  
20006e00  ti_sysbios_family_arm_v8m_Hwi_ramVectors                         
20006efc  heapStart                                                        
2003b000  __stack                                                          
2003b000  heapEnd                                                          
20040000  __STACK_END                                                      
50000000  __ccfg                                                           
ffffffff  __TI_pprof_out_hndl                                              
ffffffff  __TI_prof_data_size                                              
ffffffff  __TI_prof_data_start                                             
ffffffff  __binit__                                                        
ffffffff  __start___llvm_prf_bits                                          
ffffffff  __start___llvm_prf_cnts                                          
ffffffff  __stop___llvm_prf_bits                                           
ffffffff  __stop___llvm_prf_cnts                                           
ffffffff  binit                                                            
UNDEFED   ITM_flush                                                        
UNDEFED   ITM_restore                                                      
UNDEFED   PWM_config                                                       
UNDEFED   PWM_count                                                        
UNDEFED   __mpu_init                                                       

[1329 symbols]
