******************************************************************************
            TI ARM Clang Linker PC v3.2.2                      
******************************************************************************
>> Linked Wed Jul 31 22:01:17 2024

OUTPUT FILE NAME:   <collector_HUB.out>
ENTRY POINT SYMBOL: "ResetISR"  address: 0001edf1


MEMORY CONFIGURATION

         name            origin    length      used     unused   attr    fill
----------------------  --------  ---------  --------  --------  ----  --------
  FLASH                 00000000   00100000  00030b6e  000cf492  R  X
  SRAM                  20000000   00040000  0000be2d  000341d3  RW X
  CCFG                  50000000   00000800  0000007c  00000784  R  X


SEGMENT ALLOCATION MAP

run origin  load origin   length   init length attrs members
----------  ----------- ---------- ----------- ----- -------
00000000    00000000    0001ee66   0001ee66    r-x
  00000000    00000000    0000003c   0000003c    r-- .resetVecs
  00000040    00000040    0001ee26   0001ee26    r-x .text
0001ee68    0001ee68    00000008   00000008    rw-
  0001ee68    0001ee68    00000008   00000008    rw- .args
0001ee70    0001ee70    00001d04   00001d04    r--
  0001ee70    0001ee70    00001970   00001970    r-- .rodata
  000207e0    000207e0    00000394   00000394    r-- .cinit
0004e000    0004e000    00008000   00000000    rw-
  0004e000    0004e000    00008000   00000000    rw- .TI.bound:flashBuf0
000e1000    000e1000    00008000   00000000    rw-
  000e1000    000e1000    00008000   00000000    rw- .TI.bound:flashBuf1
20000000    20000000    00000450   00000000    rw-
  20000000    20000000    00000450   00000000    rw- .bss.1
20000450    20000450    00000020   00000000    rw-
  20000450    20000450    00000010   00000000    rw- .TI.bound:dmaUart1RxControlTableEntry
  20000460    20000460    00000010   00000000    rw- .TI.bound:dmaUart1TxControlTableEntry
20000470    20000470    00005ac1   00000000    rw-
  20000470    20000470    00005ac1   00000000    rw- .bss.2
20006000    20006000    00000cd5   00000000    rw-
  20006000    20006000    00000cd5   00000000    rw- .data
20006d00    20006d00    000001fc   00000000    rw-
  20006d00    20006d00    000001fc   00000000    rw- .ramVecs
2003b000    2003b000    00005000   00000000    rw-
  2003b000    2003b000    00005000   00000000    rw- .stack
50000000    50000000    0000007c   0000007c    r--
  50000000    50000000    0000007c   0000007c    r-- .ccfg


SECTION ALLOCATION MAP

 output                                  attributes/
section   page    origin      length       input sections
--------  ----  ----------  ----------   ----------------
.resetVecs 
*          0    00000000    0000003c     
                  00000000    0000003c     ti_sysbios_config.o (.resetVecs)

.rodata    0    0001ee70    00001970     
                  0001ee70    00000628     rf_multiMode_cc13x4.a : rf_patch_cpe_multi_protocol.c.cc13x4.ticlang.o (.rodata.patchImageMultiProtocol)
                  0001f498    00000008                           : RFCC26X2_multiMode.c.cc13x4.ticlang.o (.rodata..L__const.RF_hwiCpe0Active.activeCmd)
                  0001f4a0    00000101     libc.a : aeabi_ctype.S.obj (.rodata:__aeabi_ctype_table_)
                  0001f5a1    00000100     crc.o (.rodata.crc_table)
                  0001f6a1    000000f8     mac_cfg.o (.rodata.macPibTbl)
                  0001f799    0000008a     ti_sysbios_config.o (.rodata.ti_sysbios_family_arm_v8m_Hwi_Instance_init.err.1)
                  0001f823    00000089     ti_sysbios_config.o (.rodata.ti_sysbios_runtime_Memory_alloc.err)
                  0001f8ac    00000088     mac_cfg.o (.rodata.macPibDefaults)
                  0001f934    00000087     ti_sysbios_config.o (.rodata.ti_sysbios_family_arm_v8m_Hwi_Instance_init.err)
                  0001f9bb    00000072     maclib_secure_cc13x4_tirtos7.a : hmac_global.c.o (.rodata.macIdleSt)
                  0001fa2d    00000072                                    : hmac_global.c.o (.rodata.macScanningSt)
                  0001fa9f    00000072                                    : hmac_global.c.o (.rodata.macStartingSt)
                  0001fb11    00000003     embedded_cli.o (.rodata.str1.107731104096476205821)
                  0001fb14    0000006c     mac_user_config.o (.rodata.macRfDriverTable)
                  0001fb80    00000068     drivers_cc13x4.a : PowerCC26X2.c.obj (.rodata.resourceDB)
                  0001fbe8    00000058     mac_cfg.o (.rodata.macSecurityPibTbl)
                  0001fc40    00000058     ti_drivers_config.o (.rodata.uart2CC26X2HWAttrs)
                  0001fc98    00000050     mac_cfg.o (.rodata.macMRFSKStdPhyTable)
                  0001fce8    00000046     console.o (.rodata.str1.19702299986539912601)
                  0001fd2e    00000045     console.o (.rodata.str1.18229403853647403271)
                  0001fd73    00000043     console.o (.rodata.str1.124339099123255022361)
                  0001fdb6    00000002     cllc.o (.rodata.keyUsageList)
                  0001fdb8    00000040     mac_user_config.o (.rodata.macCryptoDriverTable)
                  0001fdf8    00000040     maclib_secure_cc13x4_tirtos7.a : hmac_global.c.o (.rodata.macTimerRolloverValue)
                  0001fe38    00000040     console.o (.rodata.str1.177911780714010508361)
                  0001fe78    0000003e     console.o (.rodata.str1.154537634631603354661)
                  0001feb6    00000002     drivers_cc13x4.a : UART2CC26X2.c.obj (.rodata.stopBits)
                  0001feb8    00000038     maclib_secure_cc13x4_tirtos7.a : hmac_global.c.o (.rodata.macCmdIncludeFHIe)
                  0001fef0    00000031     embedded_cli.o (.rodata.str1.61364102392489726071)
                  0001ff21    00000003     embedded_cli.o (.rodata.str1.12856399847108679661)
                  0001ff24    00000030     ti_radio_config.o (.rodata.RF_cmdPropRxAdv_2gfsk200kbps154g)
                  0001ff54    0000002f     bindings.o (.rodata.str1.54453938773150735381)
                  0001ff83    0000002e     embedded_cli.o (.rodata.str1.173825616155993455851)
                  0001ffb1    0000002b     console.o (.rodata.str1.117202593779801968171)
                  0001ffdc    0000002a     console.o (.rodata.str1.118433779020092289561)
                  00020006    00000002     embedded_cli.o (.rodata.str1.143641102918279536761)
                  00020008    00000028     drivers_cc13x4.a : NVSCC26XX.c.obj (.rodata.NVSCC26XX_fxnTable)
                  00020030    00000028     ti_radio_config.o (.rodata.RF_cmdPropRadioDivSetup_2gfsk200kbps154g)
                  00020058    00000028     maclib_secure_cc13x4_tirtos7.a : mac_radio.c.o (.rodata.activityObject)
                  00020080    00000026     console.o (.rodata.str1.82911753974822136681)
                  000200a6    00000002     ti_sysbios_config.o (.rodata.str1.71102027280925491351)
                  000200a8    00000024     drivers_cc13x4.a : UART2.c.obj (.rodata.UART2_defaultParams)
                  000200cc    00000024     ti_sysbios_config.o (.rodata.ti_sysbios_knl_Task_Params_default)
                  000200f0    00000023     console.o (.rodata.str1.112170045911579039031)
                  00020113    00000023     bindings.o (.rodata.str1.42728214177340263861)
                  00020136    00000002     console.o (.rodata.str1.74025154271156921711)
                  00020138    00000020     mac_user_config.o (.rodata..L__const.rfSelect.RfCfg)
                  00020158    00000020     ti_radio_config.o (.rodata.RF_cmdPropTxAdv_2gfsk200kbps154g)
                  00020178    00000020     rf_multiMode_cc13x4.a : RFCC26X2_multiMode.c.cc13x4.ticlang.o (.rodata.cst32)
                  00020198    00000020     cllc.o (.rodata.keyDeviceList)
                  000201b8    0000001e     console.o (.rodata.str1.140633853591095507641)
                  000201d6    0000001e     bindings.o (.rodata.str1.161195190691457351541)
                  000201f4    0000001d     ti_sysbios_config.o (.rodata.str1.114093530142707899381)
                  00020211    0000001d     console.o (.rodata.str1.148731930830276395691)
                  0002022e    00000001     ti_drivers_config.o (.rodata.Button_count)
                  0002022f    00000001     ti_drivers_config.o (.rodata.GPIO_pinLowerBound)
                  00020230    0000001c     ti_radio_config.o (.rodata.RF_cmdPropCs_2gfsk200kbps154g)
                  0002024c    0000001c     driverlib.lib : prcm.c.obj (.rodata.g_pui32DCGCRegs)
                  00020268    0000001c                   : prcm.c.obj (.rodata.g_pui32RCGCRegs)
                  00020284    0000001c                   : prcm.c.obj (.rodata.g_pui32SCGCRegs)
                  000202a0    0000001c     console.o (.rodata.str1.135340693881112255621)
                  000202bc    0000001c     ti_sysbios_config.o (.rodata.str1.54136785629011067091)
                  000202d8    0000001c     ti_sysbios_config.o (.rodata.ti_sysbios_family_arm_v8m_cc26x4_Timer_Params_default)
                  000202f4    0000001c     ti_sysbios_config.o (.rodata.ti_sysbios_knl_Mailbox_Params_default)
                  00020310    0000001b     console.o (.rodata.str1.48602567378597882131)
                  0002032b    0000001a     console.o (.rodata.str1.109483738412126489071)
                  00020345    0000001a     console.o (.rodata.str1.98090407489521728901)
                  0002035f    00000001     ti_drivers_config.o (.rodata.GPIO_pinUpperBound)
                  00020360    00000018     ti_drivers_config.o (.rodata.NVS_config)
                  00020378    00000018     drivers_cc13x4.a : PWM.c.obj (.rodata.PWM_defaultParams)
                  00020390    00000018     ti_radio_config.o (.rodata.RF_cmdFs_2gfsk200kbps154g)
                  000203a8    00000018     maclib_secure_cc13x4_tirtos7.a : hmac_global.c.o (.rodata.macSendMsgBufSize)
                  000203c0    00000018     ti_sysbios_config.o (.rodata.ti_sysbios_family_arm_v8m_Hwi_Params_default)
                  000203d8    00000017     embedded_cli.o (.rodata.str1.60117792541136907051)
                  000203ef    00000016     console.o (.rodata.str1.157482613126777534291)
                  00020405    00000016     embedded_cli.o (.rodata.str1.56794714276310652161)
                  0002041b    00000016     control_task.o (.rodata.str1.63111264024442772211)
                  00020431    00000015     console.o (.rodata.str1.109861027652257433771)
                  00020446    00000015     console.o (.rodata.str1.2141151539762549531)
                  0002045b    00000001     ti_drivers_config.o (.rodata.LED_count)
                  0002045c    00000015     console.o (.rodata.str1.37004117601215091994)
                  00020471    00000001     ti_drivers_config.o (.rodata.NVS_count)
                  00020472    00000001     ti_drivers_config.o (.rodata.UART2_count)
                  00020473    00000001     ti_drivers_config.o (.rodata.aesccmCC26X4HWAttrs)
                  00020474    00000014     drivers_cc13x4.a : Button.c.obj (.rodata.Button_defaultParams)
                  00020488    00000014     ti_drivers_config.o (.rodata.PowerCC26X2_config)
                  0002049c    00000014     drivers_cc13x4.a : TRNG.c.obj (.rodata.TRNG_defaultParams)
                  000204b0    00000014     bindings.o (.rodata.str1.157098827610153003181)
                  000204c4    00000013     macTask.o (.rodata.msacbackSizeTable)
                  000204d7    00000013     bindings.o (.rodata.str1.10778172599238569251)
                  000204ea    00000013     embedded_cli.o (.rodata.str1.17592202579311432871)
                  000204fd    00000013     console.o (.rodata.str1.21839946123909661931)
                  00020510    00000013     console.o (.rodata.str1.56170280465575791341)
                  00020523    00000013     control_task.o (.rodata.str1.63830522294738161711)
                  00020536    00000012     console.o (.rodata.str1.58651297034802050711)
                  00020548    00000011     ti_sysbios_config.o (.rodata.str1.111528116657238352481)
                  00020559    00000011     collector.o (.rodata.str1.13089487403221750681)
                  0002056a    00000011     libc.a : _printfi.c.obj (.rodata.str1.44690500295887128011)
                  0002057b    00000011     console.o (.rodata.str1.68093814076132445351)
                  0002058c    00000010     drivers_cc13x4.a : AESCCM.c.obj (.rodata.AESCCM_defaultParams)
                  0002059c    00000010     ti_drivers_config.o (.rodata.ButtonHWAttrs)
                  000205ac    00000010     ti_drivers_config.o (.rodata.Button_config)
                  000205bc    00000010     ti_drivers_config.o (.rodata.GPIO_config)
                  000205cc    00000010     ti_drivers_config.o (.rodata.LED_config)
                  000205dc    00000010     maclib_secure_cc13x4_tirtos7.a : hmac_global.c.o (.rodata.macIEEEPhyTable)
                  000205ec    00000010     ti_drivers_config.o (.rodata.nvsCC26XXHWAttrs)
                  000205fc    0000000f     ti_sysbios_config.o (.rodata.str1.123815885180704396101)
                  0002060b    0000000e     maclib_secure_cc13x4_tirtos7.a : hmac_global.c.o (.rodata.macCmdBufSize)
                  00020619    0000000e                                    : hmac_global.c.o (.rodata.macTxFrameFailed)
                  00020627    0000000e                                    : hmac_global.c.o (.rodata.macTxFrameSuccess)
                  00020635    0000000e     bindings.o (.rodata.str1.78406596750728922571)
                  00020643    0000000d     bindings.o (.rodata.str1.109904896690069623821)
                  00020650    0000000d     bindings.o (.rodata.str1.144095348950462520971)
                  0002065d    0000000d     bindings.o (.rodata.str1.32070044298335701421)
                  0002066a    0000000d     console.o (.rodata.str1.84806106596227001311)
                  00020677    00000001     embedded_cli.o (.rodata.str1.82444801724869462321)
                  00020678    0000000c     drivers_cc13x4.a : Random.c.obj (.rodata..L__const.Random_seedAutomatic.hwAttrs)
                  00020684    0000000c     utc_clock.o (.rodata.EPOCH_convertTime.daysInMonth)
                  00020690    0000000c     ti_drivers_config.o (.rodata.RFCC26XX_hwAttrs)
                  0002069c    0000000c     ti_sysbios_config.o (.rodata.defAttrs)
                  000206a8    0000000c     maclib_secure_cc13x4_tirtos7.a : hmac_global.c.o (.rodata.macCbackEventTbl)
                  000206b4    0000000c                                    : hmac_global.c.o (.rodata.macSendMsgDataSize)
                  000206c0    0000000c     control_task.o (.rodata.str1.20335272819579692351)
                  000206cc    0000000a     drivers_cc13x4.a : Button.c.obj (.rodata..Lswitch.table.Button_gpioCallbackFxn)
                  000206d6    00000002     --HOLE-- [fill = 0]
                  000206d8    0000000a     cllc.o (.rodata.keyIdLookupList)
                  000206e2    0000000a     console.o (.rodata.str1.157847336827218404471)
                  000206ec    0000000a     bindings.o (.rodata.str1.99982223497158117831)
                  000206f6    00000009     maclib_secure_cc13x4_tirtos7.a : hmac_global.c.o (.rodata.macCmdLen)
                  000206ff    00000009     console.o (.rodata.str1.150062874063377985621)
                  00020708    00000009     console.o (.rodata.str1.31906269165783145471)
                  00020711    00000009     console.o (.rodata.str1.79149487584464972151)
                  0002071a    00000002     --HOLE-- [fill = 0]
                  0002071c    00000008     ti_drivers_config.o (.rodata.AESCCM_config)
                  00020724    00000008     cllc.o (.rodata.Cllc_keySource)
                  0002072c    00000008     drivers_cc13x4.a : LED.c.obj (.rodata.LED_defaultParams)
                  00020734    00000008     ti_drivers_config.o (.rodata.UART2_config)
                  0002073c    00000008     ti_drivers_config.o (.rodata.UDMACC26XX_config)
                  00020744    00000008     driverlib.lib : aux_sysif.c.obj (.rodata.cst4)
                  0002074c    00000008     maclib_secure_cc13x4_tirtos7.a : mac_rx.c.o (.rodata.cst4)
                  00020754    00000008     main.o (.rodata.cst8)
                  0002075c    00000008     maclib_secure_cc13x4_tirtos7.a : hmac_global.c.o (.rodata.macAuthTagLen)
                  00020764    00000008     bindings.o (.rodata.str1.174487428670864767921)
                  0002076c    00000008     console.o (.rodata.str1.18789277889791793101)
                  00020774    00000008     ti_sysbios_config.o (.rodata.ti_sysbios_knl_Idle_funcList)
                  0002077c    00000008     ti_drivers_config.o (.rodata.udmaCC26XXHWAttrs)
                  00020784    00000007     ti_sysbios_config.o (.rodata.str1.174580395633770214331)
                  0002078b    00000006     console.o (.rodata.str1.152013950760718497991)
                  00020791    00000006     bindings.o (.rodata.str1.8786097754242680851)
                  00020797    00000005     drivers_cc13x4.a : UART2CC26X2.c.obj (.rodata.parityType)
                  0002079c    00000005                      : UART2CC26X2.c.obj (.rodata.rxFifoThreshold)
                  000207a1    00000005     cllc.o (.rodata.securityLevelEntry)
                  000207a6    00000005     embedded_cli.o (.rodata.str1.174756512096424909541)
                  000207ab    00000005     bindings.o (.rodata.str1.22730360767133370921)
                  000207b0    00000005     bindings.o (.rodata.str1.28206725782978356331)
                  000207b5    00000005     drivers_cc13x4.a : UART2CC26X2.c.obj (.rodata.txFifoThreshold)
                  000207ba    00000004     ti_drivers_config.o (.rodata.LEDHWAttrs)
                  000207be    00000002     --HOLE-- [fill = 0]
                  000207c0    00000004     drivers_cc13x4.a : NVS.c.obj (.rodata.NVS_defaultParams)
                  000207c4    00000004     ti_sysbios_config.o (.rodata.TimestampP_nativeFormat32)
                  000207c8    00000004     ti_sysbios_config.o (.rodata.TimestampP_nativeFormat64)
                  000207cc    00000004     drivers_cc13x4.a : UART2CC26X2.c.obj (.rodata.cst4)
                  000207d0    00000004     maclib_secure_cc13x4_tirtos7.a : hmac_global.c.o (.rodata.macKeySourceLen)
                  000207d4    00000004     embedded_cli.o (.rodata.str1.92385517120831250771)
                  000207d8    00000004     ti_sysbios_config.o (.rodata.ti_sysbios_family_arm_v8m_Hwi_swiTaskKeyAddress)
                  000207dc    00000004     ti_sysbios_config.o (.rodata.ti_sysbios_knl_Clock_tickPeriod)

.cinit     0    000207e0    00000394     
                  000207e0    0000032f     (.cinit..data.load) [load image, compression = lzss]
                  00020b0f    00000001     --HOLE-- [fill = 0]
                  00020b10    0000000c     (__TI_handler_table)
                  00020b1c    00000008     (.cinit..TI.bound:dmaUart1RxControlTableEntry.load) [load image, compression = zero_init]
                  00020b24    00000008     (.cinit..TI.bound:dmaUart1TxControlTableEntry.load) [load image, compression = zero_init]
                  00020b2c    00000008     (.cinit..bss.1.load) [load image, compression = zero_init]
                  00020b34    00000008     (.cinit..bss.2.load) [load image, compression = zero_init]
                  00020b3c    00000008     (.cinit..ramVecs.load) [load image, compression = zero_init]
                  00020b44    00000030     (__TI_cinit_table)

.init_array 
*          0    00000000    00000000     UNINITIALIZED

.TI.bound:flashBuf0 
*          0    0004e000    00008000     UNINITIALIZED
                  0004e000    00008000     ti_drivers_config.o (.TI.bound:flashBuf0)

.TI.bound:flashBuf1 
*          0    000e1000    00008000     UNINITIALIZED
                  000e1000    00008000     ti_drivers_config.o (.TI.bound:flashBuf1)

.data      0    20006000    00000cd5     UNINITIALIZED
                  20006000    00000178     drivers_cc13x4.a : PowerCC26X2.c.obj (.data.PowerCC26X2_module)
                  20006178    000000f0     libc.a : defs.c.obj (.data._ftable)
                  20006268    000000c0     ti_drivers_config.o (.data.gpioPinConfigs)
                  20006328    000000af     ti_radio_config.o (.data.txPowerTable_868_pa13)
                  200063d7    00000001     api_mac.o (.data.ApiMac_gpOffsetToms)
                  200063d8    000000a0     mac_cfg.o (.data.macMRFSKGenPhyTable)
                  20006478    00000078     libsysbm.a : host_device.c.obj (.data._device)
                  200064f0    0000006c     maclib_secure_cc13x4_tirtos7.a : hmac_global.c.o (.data.fhObject)
                  2000655c    00000068     rf_multiMode_cc13x4.a : RFCC26X2_multiMode.c.cc13x4.ticlang.o (.data..L_MergedGlobals.1)
                  200065c4    00000068     ti_sysbios_config.o (.data.ti_sysbios_knl_Clock_Module_state)
                  2000662c    00000064     rf_multiMode_cc13x4.a : RFCC26X2_multiMode.c.cc13x4.ticlang.o (.data..L_MergedGlobals.3)
                  20006690    0000005c     main.o (.data.Main_user1Cfg)
                  200066ec    00000058     rf_multiMode_cc13x4.a : RFCC26X2_multiMode.c.cc13x4.ticlang.o (.data..L_MergedGlobals.2)
                  20006744    00000050     libsysbm.a : host_device.c.obj (.data._stream)
                  20006794    00000048     collector.o (.data.Collector_macCallbacks)
                  200067dc    00000048     cllc.o (.data.macCallbacksCopy)
                  20006824    0000003c     ti_sysbios_config.o (.data.ti_sysbios_family_arm_v8m_Hwi_Module_state)
                  20006860    0000003c     ti_sysbios_config.o (.data.ti_sysbios_knl_Task_Module_state)
                  2000689c    00000038     drivers_cc13x4.a : TRNGCC26XX.c.obj (.data..L_MergedGlobals.1)
                  200068d4    00000034     maclib_secure_cc13x4_tirtos7.a : hmac_global.c.o (.data.macBeaconPayload)
                  20006908    00000030     drivers_cc13x4.a : TRNGCC26XX.c.obj (.data..L_MergedGlobals)
                  20006938    0000002c     ti_sysbios_config.o (.data.BIOS_Module_state)
                  20006964    0000002c     cllc.o (.data.keyTable)
                  20006990    0000002c     ti_radio_config.o (.data.pOverrides_2gfsk200kbps154g)
                  200069bc    00000028     ti_sysbios_config.o (.data.ti_sysbios_knl_Swi_Module_state)
                  200069e4    00000024     maclib_secure_cc13x4_tirtos7.a : hmac_global.c.o (.data.macActionSet)
                  20006a08    00000020                                    : mac.c.o (.data..L_MergedGlobals)
                  20006a28    00000020     mac_cfg.o (.data.macBeaconMargin)
                  20006a48    00000018     maclib_secure_cc13x4_tirtos7.a : mac_duty_cycle.c.o (.data..L_MergedGlobals)
                  20006a60    00000015                                    : mac_rx.c.o (.data..L_MergedGlobals)
                  20006a75    00000003                                    : mac_tx.c.o (.data..L_MergedGlobals.1)
                  20006a78    00000014     ti_sysbios_config.o (.data.defaultPthreadAttrs)
                  20006a8c    00000014     maclib_secure_cc13x4_tirtos7.a : hmac_global.c.o (.data.macStateTbl)
                  20006aa0    00000014     main.o (.data.macUser0Cfg)
                  20006ab4    00000011     cllc.o (.data.chanMask)
                  20006ac5    00000002     maclib_secure_cc13x4_tirtos7.a : mac_autopend.c.o (.data..L_MergedGlobals)
                  20006ac7    00000001     api_mac.o (.data.ApiMac_mtDataReqTxOptionGp)
                  20006ac8    00000010     driverlib.lib : osc.c.obj (.data..L_MergedGlobals)
                  20006ad8    00000010     mac_settings.o (.data.RF_cmdNop)
                  20006ae8    00000010     mac_settings.o (.data.RF_cmdNopFg)
                  20006af8    00000010     ti_radio_config.o (.data.RF_prop_2gfsk200kbps154g)
                  20006b08    00000010     driverlib.lib : osc.c.obj (.data._hposcCoeffs)
                  20006b18    00000010     mac_cfg.o (.data.macCfg)
                  20006b28    0000000c     maclib_osal_tirtos7_cc13x4_26x4.a : osal_port.c.o (.data..L_MergedGlobals.1)
                  20006b34    0000000c     maclib_secure_cc13x4_tirtos7.a : mac.c.o (.data..L_MergedGlobals.1)
                  20006b40    0000000c     drivers_cc13x4.a : NVSCC26XX.c.obj (.data..L_MergedGlobals)
                  20006b4c    0000000c     maclib_osal_tirtos7_cc13x4_26x4.a : osal_port.c.o (.data..L_MergedGlobals)
                  20006b58    0000000c     collector.o (.data.cllcCallbacks)
                  20006b64    0000000c     ti_sysbios_config.o (.data.ti_sysbios_family_arm_v8m_cc26x4_Timer_Module_state)
                  20006b70    0000000c     ti_sysbios_config.o (.data.ti_sysbios_runtime_Error_ignore)
                  20006b7c    0000000c     ti_sysbios_config.o (.data.ti_sysbios_runtime_System_Module_state)
                  20006b88    00000008     maclib_osal_tirtos7_cc13x4_26x4.a : osal_port_timers.c.o (.data..L_MergedGlobals.1)
                  20006b90    00000008     maclib_secure_cc13x4_tirtos7.a : mac_radio.c.o (.data..L_MergedGlobals.1)
                  20006b98    00000008     libc.a : exit.c.obj (.data..L_MergedGlobals)
                  20006ba0    00000008     maclib_osal_tirtos7_cc13x4_26x4.a : osal_port_timers.c.o (.data..L_MergedGlobals)
                  20006ba8    00000008     maclib_secure_cc13x4_tirtos7.a : mac_radio.c.o (.data..L_MergedGlobals)
                  20006bb0    00000008                                    : mac_radio_tx.c.o (.data..L_MergedGlobals)
                  20006bb8    00000008                                    : mac_tx.c.o (.data..L_MergedGlobals)
                  20006bc0    00000008     rf_multiMode_cc13x4.a : RFCC26X2_multiMode.c.cc13x4.ticlang.o (.data..L_MergedGlobals)
                  20006bc8    00000008                           : RFCC26X2_multiMode.c.cc13x4.ticlang.o (.data.RFCC26XX_schedulerPolicy)
                  20006bd0    00000008     ti_sysbios_config.o (.data.ti_sysbios_gates_GateMutexPri_Module_state)
                  20006bd8    00000008     ti_sysbios_config.o (.data.ti_sysbios_heaps_HeapCallback_Module_state)
                  20006be0    00000008     ti_sysbios_config.o (.data.ti_sysbios_knl_Mailbox_Module_state)
                  20006be8    00000008     ti_sysbios_config.o (.data.ti_sysbios_knl_Semaphore_Module_state)
                  20006bf0    00000004     maclib_secure_cc13x4_tirtos7.a : mac_hl_patch.c.o (.data..L_MergedGlobals)
                  20006bf4    00000004     csf.o (.data.Csf_keys)
                  20006bf8    00000004     drivers_cc13x4.a : PowerCC26X2.c.obj (.data.PowerCC26X2_rtcSubSecInc)
                  20006bfc    00000004     rf_multiMode_cc13x4.a : RFCC26X2_multiMode.c.cc13x4.ticlang.o (.data.RF_fsmActiveState.lfClockSourceLast)
                  20006c00    00000004     utc_clock.o (.data.UTC_clockUpdate.timeMSec)
                  20006c04    00000004     utc_clock.o (.data.UTC_timeSeconds)
                  20006c08    00000004     utc_clock.o (.data.UTC_timeUpdateHandler.prevClockTicks)
                  20006c0c    00000004     libc.a : defs.c.obj (.data.__TI_ft_end)
                  20006c10    00000004            : aeabi_portable.c.obj (.data.__aeabi_errno)
                  20006c14    00000004            : _lock.c.obj (.data._lock)
                  20006c18    00000004            : _lock.c.obj (.data._unlock)
                  20006c1c    00000004     api_mac.o (.data.appEvents)
                  20006c20    00000004     control_task.o (.data.control_task_DevInfo_mail_handle)
                  20006c24    00000004     control_task.o (.data.control_task_NotiInfo_handle)
                  20006c28    00000004     control_task.o (.data.control_task_joinedDev_mail_handle)
                  20006c2c    00000004     bindings.o (.data.gmt)
                  20006c30    00000004     csf.o (.data.lastSavedCoordinatorFrameCounter)
                  20006c34    00000004     maclib_secure_cc13x4_tirtos7.a : hmac_global.c.o (.data.macDataBeaconRequeue)
                  20006c38    00000004                                    : hmac_global.c.o (.data.macDataCheckSched)
                  20006c3c    00000004                                    : hmac_global.c.o (.data.macDataCheckTxTime)
                  20006c40    00000004                                    : hmac_global.c.o (.data.macDataRequeueIndirect)
                  20006c44    00000004                                    : hmac_global.c.o (.data.macDataRxBeaconCritical)
                  20006c48    00000004                                    : hmac_global.c.o (.data.macDataSetSched)
                  20006c4c    00000004                                    : hmac_global.c.o (.data.macDataTxBeaconComplete)
                  20006c50    00000004                                    : hmac_global.c.o (.data.macDataTxIndirect)
                  20006c54    00000004     macTask.o (.data.macEvents)
                  20006c58    00000004     maclib_secure_cc13x4_tirtos7.a : mac_symbol_timer.c.o (.data.macSymbolWakeupClock)
                  20006c5c    00000004     macTask.o (.data.macTaskEvents)
                  20006c60    00000004     maclib_secure_cc13x4_tirtos7.a : hmac_global.c.o (.data.macTimerNewRollover)
                  20006c64    00000004                                    : hmac_global.c.o (.data.macTimerRollover)
                  20006c68    00000004                                    : mac.c.o (.data.minTxOffTime)
                  20006c6c    00000004     cllc.o (.data.pCllcCallbacksCopy)
                  20006c70    00000004     api_mac.o (.data.pMacCallbacks)
                  20006c74    00000004     macTask.o (.data.pMacCbackCheckPending)
                  20006c78    00000004     macTask.o (.data.pMacCbackQueryRetransmit)
                  20006c7c    00000004     maclib_secure_cc13x4_tirtos7.a : hmac_global.c.o (.data.pMacDataTx)
                  20006c80    00000004                                    : mac_radio_tx.c.o (.data.pMacEnhancedAck)
                  20006c84    00000004     csf.o (.data.pNV)
                  20006c88    00000004     cllc.o (.data.pPANDesclist)
                  20006c8c    00000004     maclib_secure_cc13x4_tirtos7.a : mac_mcu.c.o (.data.pRandomSeedCB)
                  20006c90    00000004     ti_sysbios_config.o (.data.terminatedList)
                  20006c94    00000004     ti_sysbios_config.o (.data.ti_sysbios_runtime_Memory_defaultHeapInstance)
                  20006c98    00000002     cllc.o (.data.Cllc_devShortAddr)
                  20006c9a    00000002     cllc.o (.data.Cllc_events)
                  20006c9c    00000002     cllc.o (.data.Cllc_numOfDevices)
                  20006c9e    00000002     collector.o (.data.Collector_events)
                  20006ca0    00000002     csf.o (.data.Csf_events)
                  20006ca2    00000002     utc_clock.o (.data.UTC_timeUpdateHandler.remUsTicks)
                  20006ca4    00000002     maclib_secure_cc13x4_tirtos7.a : mac_hl_patch.c.o (.data.assoc_resp_no_ack_cnt)
                  20006ca6    00000002     cllc.o (.data.coordInfoBlock.1)
                  20006ca8    00000002     cllc.o (.data.coordInfoBlock.2)
                  20006caa    00000002     collector.o (.data.devicePanId)
                  20006cac    00000002     mac_cfg.o (.data.symbol_rate_custom)
                  20006cae    00000001     main.o (.data.Main_assertReason)
                  20006caf    00000001     nvocmp.o (.data.NVOCMP_failF)
                  20006cb0    00000001     maclib_secure_cc13x4_tirtos7.a : lmac_global.c.o (.data.bInSwi)
                  20006cb1    00000001     rf_multiMode_cc13x4.a : rf_patch_cpe_multi_protocol.c.cc13x4.ticlang.o (.data.bMultiProtocolPatchEntered)
                  20006cb2    00000001     macTask.o (.data.checkPending)
                  20006cb3    00000001     collector.o (.data.cllcState)
                  20006cb4    00000001     cllc.o (.data.coordInfoBlock.0)
                  20006cb5    00000001     maclib_secure_cc13x4_tirtos7.a : hmac_global.c.o (.data.csmPhy)
                  20006cb6    00000001     cllc.o (.data.coordInfoBlock.3)
                  20006cb7    00000001     maclib_secure_cc13x4_tirtos7.a : mac.c.o (.data.customMinTxOffEnabled)
                  20006cb8    00000001     cllc.o (.data.coordInfoBlock.4)
                  20006cb9    00000001     maclib_secure_cc13x4_tirtos7.a : mac_duty_cycle.c.o (.data.dcEnabled)
                  20006cba    00000001     collector.o (.data.deviceTxMsduHandle)
                  20006cbb    00000001     collector.o (.data.fhEnabled)
                  20006cbc    00000001     bindings.o (.data.gmt_zone)
                  20006cbd    00000001     drivers_cc13x4.a : GPIOCC26X4.c.obj (.data.initCalled)
                  20006cbe    00000001                      : AESCCMCC26X4.c.obj (.data.isInitialized)
                  20006cbf    00000001                      : CryptoResourceCC26XX.c.obj (.data.isInitialized)
                  20006cc0    00000001                      : NVS.c.obj (.data.isInitialized)
                  20006cc1    00000001                      : PWM.c.obj (.data.isInitialized)
                  20006cc2    00000001     maclib_secure_cc13x4_tirtos7.a : lmac_global.c.o (.data.macRadioYielded)
                  20006cc3    00000001                                    : lmac_global.c.o (.data.macSrcMatchIsEnabled)
                  20006cc4    00000001                                    : mac_autopend.c.o (.data.macSrcMatchManualAddressTracking)
                  20006cc5    00000001                                    : mac.c.o (.data.macTxCmdActive)
                  20006cc6    00000001                                    : lmac_global.c.o (.data.macTxSlottedDelay)
                  20006cc7    00000001                                    : mac_tx.c.o (.data.macTxSlottedDelayFactor)
                  20006cc8    00000001                                    : mac_tx.c.o (.data.npdb)
                  20006cc9    00000001                                    : mac_tx.c.o (.data.numTx)
                  20006cca    00000001     csf.o (.data.permitJoining)
                  20006ccb    00000001     macTask.o (.data.queryRetransmit)
                  20006ccc    00000001     maclib_secure_cc13x4_tirtos7.a : mac.c.o (.data.reqAccessAlloc)
                  20006ccd    00000001     collector.o (.data.restarted)
                  20006cce    00000001     control_task.o (.data.save_par)
                  20006ccf    00000001     csf.o (.data.savedCllcState)
                  20006cd0    00000001     collector.o (.data.sendMsg.map_index)
                  20006cd1    00000001     csf.o (.data.started)
                  20006cd2    00000001     api_mac.o (.data.subAttributeReadId)
                  20006cd3    00000001     ti_sysbios_config.o (.data.ti_sysbios_knl_Idle_initDone)
                  20006cd4    00000001     ti_sysbios_config.o (.data.ti_sysbios_runtime_Startup_done)

.ramVecs   0    20006d00    000001fc     UNINITIALIZED
                  20006d00    000000fc     driverlib.lib : interrupt.c.obj (.ramVecs)
                  20006dfc    00000004     --HOLE--
                  20006e00    000000fc     ti_sysbios_config.o (.ramVecs)

.sysmem    0    20006efc    00000000     UNINITIALIZED

.nonretenvar 
*          0    20006efc    00000000     UNINITIALIZED

.stack     0    2003b000    00005000     UNINITIALIZED
                  2003b000    00000004     sysbios.a : boot_cortex_m.c.obj (.stack)
                  2003b004    00004ffc     --HOLE--

.ccfg      0    50000000    0000007c     
                  50000000    0000007c     ti_devices_config.o (.ccfg)

.text      0    00000040    0001ee26     
                  00000040    00000b0e     nvocmp.o (.text.NVOCMP_compactPage)
                  00000b4e    00000002     ti_sysbios_config.o (.text.BIOS_nullFunc)
                  00000b50    00000840     embedded_cli.o (.text.embeddedCliProcess)
                  00001390    00000810     nvocmp.o (.text.NVOCMP_initNvApi)
                  00001ba0    00000744     maclib_secure_cc13x4_tirtos7.a : mac_rx.c.o (.text.macRxFrameIsr)
                  000022e4    00000664     api_mac.o (.text.ApiMac_processIncoming)
                  00002948    00000604     collector.o (.text.Collector_process)
                  00002f4c    00000594     maclib_secure_cc13x4_tirtos7.a : mac_radio_tx.c.o (.text.macRadioTxGo)
                  000034e0    00000480     rf_multiMode_cc13x4.a : RFCC26X2_multiMode.c.cc13x4.ticlang.o (.text.RF_fsmActiveState)
                  00003960    000003d4     ti_sysbios_config.o (.text.ti_sysbios_runtime_System_doPrint)
                  00003d34    0000038c     embedded_cli.o (.text.onHelp)
                  000040c0    00000358     maclib_secure_cc13x4_tirtos7.a : mac_rx.c.o (.text.rxPayloadIsr)
                  00004418    0000032c     nvocmp.o (.text.NVOCMP_addItem)
                  00004744    0000031c     maclib_secure_cc13x4_tirtos7.a : mac_hl_patch.c.o (.text.macWrapperAddDevice)
                  00004a60    000002f4                                    : mac.c.o (.text.macRxCb)
                  00004d54    000002ec                                    : mac_mgmt.c.o (.text.macBuildHeader)
                  00005040    000002e8                                    : mac_radio_tx.c.o (.text.macRadioCsmaTxCb)
                  00005328    00000018     driverlib.lib : aes.c.obj (.text.AESReadAuthenticationModeIV)
                  00005340    000002dc     libc.a : strcmp_t2.S.obj (.text:strcmp)
                  0000561c    000002c6     cllc.o (.text.Cllc_process)
                  000058e2    00000002     ti_drivers_config.o (.text.Board_initHook)
                  000058e4    000002c6     macTask.o (.text.macTaskFxn)
                  00005baa    00000002     csf.o (.text.Csf_deviceConfigUpdate)
                  00005bac    000002c4     nvocmp.o (.text.NVOCMP_findItem)
                  00005e70    00000270     collector.o (.text.processSensorData)
                  000060e0    00000268     maclib_secure_cc13x4_tirtos7.a : mac_radio.c.o (.text.macRadioInitSubG)
                  00006348    00000268     libc.a : _printfi.c.obj (.text:__TI_printfi_minimal)
                  000065b0    00000254     console.o (.text.setTimeEpoch)
                  00006804    0000024c     rf_multiMode_cc13x4.a : RFCC26X2_multiMode.c.cc13x4.ticlang.o (.text.RF_open)
                  00006a50    0000024c     ti_sysbios_config.o (.text.ti_sysbios_runtime_Startup_exec)
                  00006c9c    0000022e     mac_settings.o (.text.rfSetConfigSubG)
                  00006eca    00000002     csf.o (.text.Csf_deviceDisassocUpdate)
                  00006ecc    00000228     maclib_secure_cc13x4_tirtos7.a : mac_security_pib.c.o (.text.MAC_MlmeSetSecurityReq)
                  000070f4    00000222     ti_sysbios_config.o (.text.ti_sysbios_family_arm_v8m_Hwi_Instance_init)
                  00007316    00000002     csf.o (.text.Csf_deviceNotActiveUpdate)
                  00007318    0000021c     maclib_secure_cc13x4_tirtos7.a : mac_radio_tx.c.o (.text.macRadioTxRequestTxAck)
                  00007534    00000218     cllc.o (.text.Cllc_restoreNetwork)
                  0000774c    00000210     maclib_secure_cc13x4_tirtos7.a : mac.c.o (.text.macSendReceiveCmdSubG)
                  0000795c    00000202     console.o (.text.consoleTask_)
                  00007b5e    00000002     csf.o (.text.Csf_displayError)
                  00007b60    000001fc     drivers_cc13x4.a : AESCCMCC26X4.c.obj (.text.AESCCM_addAADInternal)
                  00007d5c    000001f0                      : UART2CC26X2.c.obj (.text.UART2CC26X2_hwiIntFxn)
                  00007f4c    000001ec     maclib_secure_cc13x4_tirtos7.a : mac_hl_patch.c.o (.text.macTxCompleteCallback)
                  00008138    000001e8     rf_multiMode_cc13x4.a : RFCC26X2_multiMode.c.cc13x4.ticlang.o (.text.RF_scheduleCmd)
                  00008320    000001dc                           : RFCC26X2_multiMode.c.cc13x4.ticlang.o (.text.RF_dispatchNextCmd)
                  000084fc    000001da     collector.o (.text.dataCnfCB)
                  000086d6    000001d8     nvocmp.o (.text.NVOCMP_erase)
                  000088ae    00000002     csf.o (.text.Csf_toggleResponseReceived)
                  000088b0    000001d8     maclib_secure_cc13x4_tirtos7.a : mac_security_pib.c.o (.text.macSecurityPibReset)
                  00008a88    000001d4     drivers_cc13x4.a : UART2.c.obj (.text.UART2_readTimeout)
                  00008c5c    000001d0     maclib_secure_cc13x4_tirtos7.a : mac.c.o (.text.macSendReceiveCmdIeee)
                  00008e2c    000001d0     ti_sysbios_config.o (.text.ti_sysbios_knl_Clock_workFuncDynamic)
                  00008ffc    000001ce     nvocmp.o (.text.NVOCMP_cleanPage)
                  000091ca    00000002     rf_multiMode_cc13x4.a : rfc.c.cc13x4.ticlang.o (.text.NOROM_RFCCpePatchReset)
                  000091cc    000001bc     maclib_secure_cc13x4_tirtos7.a : mac_pib.c.o (.text.MAC_MlmeSetReq)
                  00009388    000001b6     ti_sysbios_config.o (.text.pthread_create)
                  0000953e    00000002     rf_multiMode_cc13x4.a : RFCC26X2_multiMode.c.cc13x4.ticlang.o (.text.RF_defaultCallback)
                  00009540    000001ac     maclib_secure_cc13x4_tirtos7.a : mac_tx.c.o (.text.macTxFrame)
                  000096ec    000001a2     control_task.o (.text.controlTask_)
                  0000988e    00000002     drivers_cc13x4.a : UART2CC26X2.c.obj (.text.UART2CC26X2_eventCallback)
                  00009890    0000019c     embedded_cli.o (.text.onAutocompleteRequest)
                  00009a2c    0000019c     ti_sysbios_config.o (.text.ti_sysbios_family_arm_v8m_cc26x4_Timer_construct)
                  00009bc8    00000194     drivers_cc13x4.a : PowerCC26X2_calibrateRCOSC.c.obj (.text.PowerCC26X2_auxISR)
                  00009d5c    00000194     maclib_secure_cc13x4_tirtos7.a : mac_hl_patch.c.o (.text.macWrapperAddKeyInitFCtr)
                  00009ef0    0000018a     csf.o (.text.Csf_processEvents)
                  0000a07a    00000002     libclang_rt.builtins.a : aeabi_div0.c.obj (.text.__aeabi_ldiv0)
                  0000a07c    00000188     maclib_secure_cc13x4_tirtos7.a : mac_security_pib.c.o (.text.MAC_MlmeGetSecurityReq)
                  0000a204    00000184     drivers_cc13x4.a : UART2CC26X2.c.obj (.text.UART2_open)
                  0000a388    00000184     maclib_secure_cc13x4_tirtos7.a : mac_hl_patch.c.o (.text.macIncomingFrameSecurityMaterialRetrieval)
                  0000a50c    00000180     libc.a : fwrite.c.obj (.text.fwrite)
                  0000a68c    00000178     nvocmp.o (.text.NVOCMP_getDstPage)
                  0000a804    00000174     drivers_cc13x4.a : UART2.c.obj (.text.UART2_writeTimeoutBlocking)
                  0000a978    00000168     maclib_secure_cc13x4_tirtos7.a : mac_mgmt.c.o (.text.macBuildCommonReq)
                  0000aae0    00000160                                    : mac_hl_patch.c.o (.text.MAC_McpsDataReq)
                  0000ac40    00000160                                    : mac_scan.c.o (.text.macApiScanReq)
                  0000ada0    00000160                                    : mac_tx.c.o (.text.txCsmaDelay)
                  0000af00    0000015c     utc_clock.o (.text.EPOCH_convertTime)
                  0000b05c    0000014c     rf_multiMode_cc13x4.a : RFCC26X2_multiMode.c.cc13x4.ticlang.o (.text.RF_radioOpDoneCb)
                  0000b1a8    00000148     drivers_cc13x4.a : PowerCC26X2.c.obj (.text.Power_sleep)
                  0000b2f0    00000148     maclib_secure_cc13x4_tirtos7.a : mac_data.c.o (.text.macDataTxSend)
                  0000b438    00000146     macTask.o (.text.MAC_CbackEvent)
                  0000b57e    00000144     rf_multiMode_cc13x4.a : RFCC26X2_multiMode.c.cc13x4.ticlang.o (.text.RF_updatePaConfiguration)
                  0000b6c2    00000002     libc.a : _lock.c.obj (.text._nop)
                  0000b6c4    00000144     maclib_secure_cc13x4_tirtos7.a : mac_hl_patch.c.o (.text.macIncomingFrameSecurity)
                  0000b808    00000142     embedded_cli.o (.text.embeddedCliNew)
                  0000b94a    00000002     drivers_cc13x4.a : PowerCC26X2.c.obj (.text.emptyClockFunc)
                  0000b94c    00000140     nvocmp.o (.text.NVOCMP_eraseNvApi)
                  0000ba8c    00000140     maclib_secure_cc13x4_tirtos7.a : mac_radio_tx.c.o (.text.macRadioLbtTxCb)
                  0000bbcc    0000013c     rf_multiMode_cc13x4.a : RFCC26X2_multiMode.c.cc13x4.ticlang.o (.text.RF_abortCmd)
                  0000bd08    00000136     csf.o (.text.Csf_deviceUpdate)
                  0000be3e    00000002     drivers_cc13x4.a : CryptoResourceCC26XX.c.obj (.text.errorSpin)
                  0000be40    00000134     rf_multiMode_cc13x4.a : RFCC26X2_multiMode.c.cc13x4.ticlang.o (.text.RF_ratSetupChannel)
                  0000bf74    00000134     maclib_secure_cc13x4_tirtos7.a : mac_mgmt.c.o (.text.macSetDefaultsByPhyID)
                  0000c0a8    00000130     drivers_cc13x4.a : AESCCMCC26X4.c.obj (.text.AESCCM_addDataInternal)
                  0000c1d8    0000012c     rf_multiMode_cc13x4.a : RFCC26X2_multiMode.c.cc13x4.ticlang.o (.text.RF_close)
                  0000c304    0000012c     maclib_secure_cc13x4_tirtos7.a : mac_hl_patch.c.o (.text.macRxBeaconCritical)
                  0000c430    0000012c     ti_sysbios_config.o (.text.ti_sysbios_knl_Semaphore_pend)
                  0000c55c    0000012a     nvocmp.o (.text.NVOCMP_updateItemApi)
                  0000c686    00000002     maclib_secure_cc13x4_tirtos7.a : mac_pwr.c.o (.text.macApiPwrOnReq)
                  0000c688    00000128     drivers_cc13x4.a : Button.c.obj (.text.Button_clockTimeoutHandler)
                  0000c7b0    00000128     maclib_secure_cc13x4_tirtos7.a : mac_data.c.o (.text.macAllocTxBuffer)
                  0000c8d8    00000128                                    : mac_coord.c.o (.text.macBuildBeacon)
                  0000ca00    00000128                                    : mac_hl_patch.c.o (.text.macWrapperDeleteDevice)
                  0000cb28    00000124     rf_multiMode_cc13x4.a : RFCC26X2_multiMode.c.cc13x4.ticlang.o (.text.RF_fsmSetupState)
                  0000cc4c    00000124     drivers_cc13x4.a : TRNGCC26XX.c.obj (.text.TRNGCC26XX_hwiFxn)
                  0000cd70    00000124     maclib_secure_cc13x4_tirtos7.a : mac_radio.c.o (.text.macRadioInitIeee)
                  0000ce94    00000120                                    : mac_duty_cycle.c.o (.text.macDutyCycleInit)
                  0000cfb4    0000011e     collector.o (.text.sendMsg)
                  0000d0d2    00000002     maclib_secure_cc13x4_tirtos7.a : mac_mcu.c.o (.text.macMcuBitReverse)
                  0000d0d4    0000011c     drivers_cc13x4.a : NVSCC26XX.c.obj (.text.NVSCC26XX_write)
                  0000d1f0    0000011c     ti_sysbios_config.o (.text.ti_sysbios_knl_Mailbox_Instance_init)
                  0000d30c    0000011a     nvocmp.o (.text.NVOCMP_readContItemApi)
                  0000d426    00000002     maclib_secure_cc13x4_tirtos7.a : mac_mgmt.c.o (.text.macNoAction)
                  0000d428    00000118     drivers_cc13x4.a : PowerCC26X2.c.obj (.text.Power_init)
                  0000d540    00000118     rf_multiMode_cc13x4.a : RFCC26X2_multiMode.c.cc13x4.ticlang.o (.text.RF_decodeOverridePointers)
                  0000d658    00000118     drivers_cc13x4.a : UART2.c.obj (.text.UART2_writeTimeoutNonblocking)
                  0000d770    00000116     cllc.o (.text.assocIndCb)
                  0000d886    00000002     maclib_secure_cc13x4_tirtos7.a : mac_radio.c.o (.text.macRadioSetRE)
                  0000d888    00000114     driverlib.lib : setup_rom.c.obj (.text.NOROM_SetupAfterColdResetWakeupFromShutDownCfg3)
                  0000d99c    00000114     nvocmp.o (.text.NVOCMP_createItemApi)
                  0000dab0    00000114     maclib_secure_cc13x4_tirtos7.a : mac_tx.c.o (.text.txComplete)
                  0000dbc4    00000110     drivers_cc13x4.a : GPIOCC26X4.c.obj (.text.GPIO_init)
                  0000dcd4    00000110                      : LED.c.obj (.text.LED_open)
                  0000dde4    00000110     maclib_secure_cc13x4_tirtos7.a : mac_ie_build.c.o (.text.macBuildPayloadIes)
                  0000def4    0000010c     driverlib.lib : setup_rom.c.obj (.text.NOROM_SetupAfterColdResetWakeupFromShutDownCfg2)
                  0000e000    0000010c     drivers_cc13x4.a : PowerCC26X2_calibrateRCOSC.c.obj (.text.PowerCC26X2_calibrate)
                  0000e10c    0000010c     ti_sysbios_config.o (.text.ti_sysbios_knl_Task_Instance_finalize)
                  0000e218    0000010a     ti_sysbios_config.o (.text.ti_sysbios_knl_Clock_startI)
                  0000e322    00000002     maclib_secure_cc13x4_tirtos7.a : mac_radio_tx.c.o (.text.macRadioTxCancelTxAck)
                  0000e324    00000108     drivers_cc13x4.a : AESCCMCC26X4.c.obj (.text.AESCCM_getResult)
                  0000e42c    00000108     maclib_secure_cc13x4_tirtos7.a : mac_coord.c.o (.text.macBuildAssociateRsp)
                  0000e534    00000108                                    : mac_hl_patch.c.o (.text.macBuildDataFrame)
                  0000e63c    00000106     csf.o (.text.Csf_init)
                  0000e742    00000104     csf.o (.text.Csf_removeDeviceListItem)
                  0000e846    00000104     nvocmp.o (.text.NVOCMP_deleteItemApi)
                  0000e94a    00000002     --HOLE-- [fill = 0]
                  0000e94c    00000104     sysbios.a : Hwi_asm_gcc.s.obj (.text.ti_sysbios_family_arm_v8m_Hwi_dispatch)
                  0000ea50    00000100     driverlib.lib : setup.c.obj (.text.NOROM_SetupTrimDevice)
                  0000eb50    00000100     nvocmp.o (.text.NVOCMP_setItemInactive)
                  0000ec50    00000100     rf_multiMode_cc13x4.a : RFCC26X2_multiMode.c.cc13x4.ticlang.o (.text.RF_fsmPowerUpState)
                  0000ed50    00000100     maclib_secure_cc13x4_tirtos7.a : mac_data.c.o (.text.macRxCompleteCallback)
                  0000ee50    00000100                                    : mac_hl_patch.c.o (.text.macScanNextChan)
                  0000ef50    000000fc     nvocmp.o (.text.NVOCMP_writeItemApi)
                  0000f04c    000000fc     rf_multiMode_cc13x4.a : RFCC26X2_multiMode.c.cc13x4.ticlang.o (.text.RF_hwiCpe0Active)
                  0000f148    000000fa     embedded_cli.o (.text.getAutocompletedCommand)
                  0000f242    00000002     --HOLE-- [fill = 0]
                  0000f244    000000f6     ti_sysbios_config.o (.text.PowerCC26XX_standbyPolicy)
                  0000f33a    00000002     --HOLE-- [fill = 0]
                  0000f33c    000000f6     embedded_cli.o (.text.embeddedCliPrint)
                  0000f432    000000f4     csf.o (.text.Csf_updateFrameCounter)
                  0000f526    00000002     --HOLE-- [fill = 0]
                  0000f528    000000f4     drivers_cc13x4.a : TRNGCC26XX.c.obj (.text.TRNG_getRandom)
                  0000f61c    000000f4     maclib_secure_cc13x4_tirtos7.a : mac_coord.c.o (.text.macStartBegin)
                  0000f710    000000f2     ti_sysbios_config.o (.text.ti_sysbios_knl_Clock_init)
                  0000f802    000000f0     collector.o (.text.Collector_sendConfigRequest)
                  0000f8f2    00000002     --HOLE-- [fill = 0]
                  0000f8f4    000000f0     drivers_cc13x4.a : UART2CC26X2.c.obj (.text.UART2Support_dmaStartRx)
                  0000f9e4    000000ec     maclib_secure_cc13x4_tirtos7.a : mac.c.o (.text.macSetupRATChanCompare)
                  0000fad0    000000e6     collector.o (.text.Collector_init)
                  0000fbb6    00000002     --HOLE-- [fill = 0]
                  0000fbb8    000000e4     drivers_cc13x4.a : AESCCMCC26X4.c.obj (.text.AESCCM_startOperation)
                  0000fc9c    000000e4                      : Button.c.obj (.text.Button_open)
                  0000fd80    000000e4     csf.o (.text.Csf_getDeviceItem)
                  0000fe64    000000e4     maclib_secure_cc13x4_tirtos7.a : mac_tx.c.o (.text.macTxChannelBusyCallback)
                  0000ff48    000000e4     ti_sysbios_config.o (.text.ti_sysbios_gates_GateMutexPri_enter)
                  0001002c    000000e2     api_mac.o (.text.ApiMac_mlmeSetReqArray)
                  0001010e    000000e2     nvocmp.o (.text.NVOCMP_readItemApi)
                  000101f0    000000e2     ti_sysbios_config.o (.text.ti_sysbios_knl_Swi_restoreHwi)
                  000102d2    00000002     --HOLE-- [fill = 0]
                  000102d4    000000e0     driverlib.lib : sys_ctrl.c.obj (.text.NOROM_SysCtrlStandby)
                  000103b4    000000e0     drivers_cc13x4.a : UART2CC26X2.c.obj (.text.UART2CC26X2_initHw)
                  00010494    000000e0     maclib_secure_cc13x4_tirtos7.a : mac_coord.c.o (.text.macIndirectExpire)
                  00010574    000000e0                                    : mac_hl_patch.c.o (.text.macOutgoingFrameKeyDescRetrieval)
                  00010654    000000e0                                    : mac_tx.c.o (.text.txCsmaPrep)
                  00010734    000000dc     ti_sysbios_config.o (.text.ClockP_create)
                  00010810    000000dc     rf_multiMode_cc13x4.a : RFCC26X2_multiMode.c.cc13x4.ticlang.o (.text.RF_control)
                  000108ec    000000dc     maclib_secure_cc13x4_tirtos7.a : mac_mgmt.c.o (.text.macBuildDisassociateReq)
                  000109c8    000000da     ti_sysbios_config.o (.text.ti_sysbios_knl_Task_postInit)
                  00010aa2    00000002     --HOLE-- [fill = 0]
                  00010aa4    000000d8     maclib_secure_cc13x4_tirtos7.a : mac_hl_patch.c.o (.text.macCcmStarTransform)
                  00010b7c    000000d8                                    : mac_scan.c.o (.text.macScanRxBeacon)
                  00010c54    000000d8     libc.a : setvbuf.c.obj (.text.setvbuf)
                  00010d2c    000000d4     maclib_secure_cc13x4_tirtos7.a : mac_data.c.o (.text.MAC_McpsDataAlloc)
                  00010e00    000000d0     drivers_cc13x4.a : PowerCC26X2.c.obj (.text.configureXOSCHF)
                  00010ed0    000000d0     maclib_secure_cc13x4_tirtos7.a : mac_hl_patch.c.o (.text.macEdScanISR)
                  00010fa0    000000d0                                    : mac_radio_tx.c.o (.text.macRadioTxAckCb)
                  00011070    000000d0                                    : mac_radio_tx.c.o (.text.macRadioTxPrepCsmaSlottedSubG)
                  00011140    000000d0                                    : mac_symbol_timer.c.o (.text.macSymbolTimerUpdateWakeup)
                  00011210    000000d0     ti_sysbios_config.o (.text.ti_sysbios_knl_Task_sleep)
                  000112e0    000000cc     nvocmp.o (.text.NVOCMP_readItem)
                  000113ac    000000cc     maclib_secure_cc13x4_tirtos7.a : mac_mgmt.c.o (.text.macCommStatusInd)
                  00011478    000000ca     ti_sysbios_config.o (.text.SwiP_construct)
                  00011542    00000002     --HOLE-- [fill = 0]
                  00011544    000000ca     collector.o (.text.processConfigResponse)
                  0001160e    00000002     --HOLE-- [fill = 0]
                  00011610    000000ca     cllc.o (.text.scanCnfCb)
                  000116da    00000002     --HOLE-- [fill = 0]
                  000116dc    000000c8     maclib_secure_cc13x4_tirtos7.a : mac_hl_patch.c.o (.text.macOutgoingFrameSecurity)
                  000117a4    000000c8                                    : mac_main.c.o (.text.macSendDataMsg)
                  0001186c    000000c8     collector.o (.text.processDataRetry)
                  00011934    000000c6     ti_sysbios_config.o (.text.HwiP_construct)
                  000119fa    00000002     --HOLE-- [fill = 0]
                  000119fc    000000c6     collector.o (.text.dataIndCB)
                  00011ac2    000000c4     control_task.o (.text.control_Task_Noti_Info_mail)
                  00011b86    00000002     --HOLE-- [fill = 0]
                  00011b88    000000c4     maclib_secure_cc13x4_tirtos7.a : mac_hl_patch.c.o (.text.macBuildHeaderIes)
                  00011c4c    000000c4                                    : mac_duty_cycle.c.o (.text.macDutyCycleNotify)
                  00011d10    000000c4     embedded_cli.o (.text.printLiveAutocompletion)
                  00011dd4    000000c0     drivers_cc13x4.a : GPIOCC26XX.c.obj (.text.GPIO_setConfigAndMux)
                  00011e94    000000c0     driverlib.lib : aes.c.obj (.text.NOROM_AESWriteToKeyStore)
                  00011f54    000000c0     maclib_secure_cc13x4_tirtos7.a : mac_tx.c.o (.text.macTxRequestCsmaRtcDelay)
                  00012014    000000c0                                    : mac_radio.c.o (.text.scheduleNopWakeupCmd)
                  000120d4    000000be     control_task.o (.text.control_task_mail_post_DevInfo)
                  00012192    00000002     --HOLE-- [fill = 0]
                  00012194    000000be     ti_sysbios_config.o (.text.ti_sysbios_knl_Swi_runLoop)
                  00012252    000000be     ti_sysbios_config.o (.text.ti_sysbios_knl_Task_Instance_init)
                  00012310    000000bc     ti_sysbios_config.o (.text.BIOS_startFunc)
                  000123cc    000000bc     drivers_cc13x4.a : PowerCC26X2.c.obj (.text.Power_setDependency)
                  00012488    000000bc     rf_multiMode_cc13x4.a : RFCC26X2_multiMode.c.cc13x4.ticlang.o (.text.RF_swiHw)
                  00012544    000000bc     drivers_cc13x4.a : UART2CC26X2.c.obj (.text.UART2Support_dmaStartTx)
                  00012600    000000bc     utc_clock.o (.text.UTC_timeUpdateHandler)
                  000126bc    000000ba     ti_sysbios_config.o (.text.ti_sysbios_knl_Task_setPri)
                  00012776    00000002     --HOLE-- [fill = 0]
                  00012778    000000b8     maclib_secure_cc13x4_tirtos7.a : mac_mgmt.c.o (.text.MAC_MlmeResetReq)
                  00012830    000000b8                                    : mac_coord.c.o (.text.macStartSetParams)
                  000128e8    000000b8                                    : mac_tx.c.o (.text.macTxRequestCsmaDelay)
                  000129a0    000000b4     drivers_cc13x4.a : PowerCC26X2.c.obj (.text.Power_releaseDependency)
                  00012a54    000000b4     maclib_secure_cc13x4_tirtos7.a : mac.c.o (.text.macGetRFCmdDuration)
                  00012b08    000000b0                                    : mac_data.c.o (.text.macApiDataReq)
                  00012bb8    000000b0                                    : mac_mgmt.c.o (.text.macBuildBeaconNotifyInd)
                  00012c68    000000b0                                    : mac_ie_build.c.o (.text.macBuildPayloadCoexistIe)
                  00012d18    000000b0     libclang_rt.builtins.a : udivmoddi4.S.obj (.text)
                  00012dc8    000000ae     bindings.o (.text.allDevicesInNetwork)
                  00012e76    000000ae     control_task.o (.text.control_taskInit)
                  00012f24    000000ac     cllc.o (.text.Cllc_init)
                  00012fd0    000000ac     rf_multiMode_cc13x4.a : RFCC26X2_multiMode.c.cc13x4.ticlang.o (.text.RF_pendCmd)
                  0001307c    000000ac     maclib_secure_cc13x4_tirtos7.a : mac_hl_patch.c.o (.text.macAutoPendMaintainSrcMatchTable)
                  00013128    000000ac                                    : mac_data.c.o (.text.macDataTxEnqueue)
                  000131d4    000000ac     ti_sysbios_config.o (.text.ti_sysbios_knl_Task_restore)
                  00013280    000000aa     ti_sysbios_config.o (.text.ti_sysbios_knl_Task_startup)
                  0001332a    00000002     --HOLE-- [fill = 0]
                  0001332c    000000a8     drivers_cc13x4.a : AESCCMCC26X4.c.obj (.text.AESCCM_hwiFxn)
                  000133d4    000000a8     csf.o (.text.Csf_getDevice)
                  0001347c    000000a8     csf.o (.text.Csf_getDeviceExtAdd)
                  00013524    000000a8     maclib_secure_cc13x4_tirtos7.a : mac_hl_patch.c.o (.text.macApiStartReq)
                  000135cc    000000a8                                    : mac_coord.c.o (.text.macCoordReset)
                  00013674    000000a8                                    : mac_rx.c.o (.text.macRxInit)
                  0001371c    000000a8                                    : mac_tx.c.o (.text.macTxStartQueuedFrame)
                  000137c4    000000a4                                    : mac_autopend.c.o (.text.MAC_SrcMatchAddEntry)
                  00013868    000000a4     maclib_osal_tirtos7_cc13x4_26x4.a : osal_port.c.o (.text.OsalPort_heapMalloc)
                  0001390c    000000a4     rf_multiMode_cc13x4.a : RFCC26X2_multiMode.c.cc13x4.ticlang.o (.text.RF_initRadioSetup)
                  000139b0    000000a4     maclib_secure_cc13x4_tirtos7.a : mac_hl_patch.c.o (.text.macDataTxComplete)
                  00013a54    000000a4                                    : mac_hl_patch.c.o (.text.macMgmtReset)
                  00013af8    000000a2     ti_sysbios_config.o (.text.ti_sysbios_runtime_Memory_alloc)
                  00013b9a    00000002     --HOLE-- [fill = 0]
                  00013b9c    000000a0     rf_multiMode_cc13x4.a : RFCC26X2_multiMode.c.cc13x4.ticlang.o (.text.RF_calculateDispatchTime)
                  00013c3c    000000a0                           : RFCC26X2_multiMode.c.cc13x4.ticlang.o (.text.RF_requestAccess)
                  00013cdc    000000a0     maclib_secure_cc13x4_tirtos7.a : mac_hl_patch.c.o (.text.macAutoPendAddSrcMatchTableEntry)
                  00013d7c    000000a0                                    : mac_coord.c.o (.text.macBuildPendAddr)
                  00013e1c    000000a0                                    : mac_hl_patch.c.o (.text.macCbackForEvent)
                  00013ebc    000000a0     cllc.o (.text.orphanIndCb)
                  00013f5c    000000a0     ti_sysbios_config.o (.text.ti_sysbios_knl_Swi_post)
                  00013ffc    0000009c     driverlib.lib : setup.c.obj (.text.TrimAfterColdResetWakeupFromShutDown)
                  00014098    0000009c     cllc.o (.text.beaconNotifyIndCb)
                  00014134    0000009c     maclib_secure_cc13x4_tirtos7.a : mac_mgmt.c.o (.text.macBuildWSAsyncReq)
                  000141d0    00000098     cllc.o (.text.Cllc_securityInit)
                  00014268    00000098     nvocmp.o (.text.NVOCMP_getItemLenApi)
                  00014300    00000098     rf_multiMode_cc13x4.a : RFCC26X2_multiMode.c.cc13x4.ticlang.o (.text.RF_defaultSubmitPolicy)
                  00014398    00000098     ti_sysbios_config.o (.text._pthread_cleanupFxn)
                  00014430    00000098     maclib_secure_cc13x4_tirtos7.a : mac_hl_patch.c.o (.text.macIncomingSecurityLevelChecking)
                  000144c8    00000098                                    : mac_mgmt.c.o (.text.macRxBeacon)
                  00014560    00000098                                    : mac_timer.c.o (.text.macSymbolTimerTriggerCallback)
                  000145f8    00000098     ti_sysbios_config.o (.text.ti_sysbios_knl_Mailbox_post)
                  00014690    00000098     ti_sysbios_config.o (.text.ti_sysbios_knl_Task_restoreHwi)
                  00014728    00000096     rf_multiMode_cc13x4.a : RFCC26X2_multiMode.c.cc13x4.ticlang.o (.text.RF_verifyGap)
                  000147be    00000002     --HOLE-- [fill = 0]
                  000147c0    00000094     maclib_secure_cc13x4_tirtos7.a : mac_hl_patch.c.o (.text.MAC_MlmeScanReq)
                  00014854    00000094     rf_multiMode_cc13x4.a : RFCC26X2_multiMode.c.cc13x4.ticlang.o (.text.RF_ratRestartChannels)
                  000148e8    00000094     ti_sysbios_config.o (.text._pthread_removeThreadKeys)
                  0001497c    00000094     maclib_secure_cc13x4_tirtos7.a : mac_coord.c.o (.text.macApiPurgeReq)
                  00014a10    00000094                                    : mac_coord.c.o (.text.macBuildRealign)
                  00014aa4    00000094     macTask.o (.text.macTaskInit)
                  00014b38    00000094     ti_sysbios_config.o (.text.ti_sysbios_gates_GateMutexPri_leave)
                  00014bcc    00000092     embedded_cli.o (.text.embeddedCliTokenizeArgs)
                  00014c5e    00000092     ti_sysbios_config.o (.text.ti_sysbios_knl_Semaphore_post)
                  00014cf0    00000092     ti_sysbios_config.o (.text.ti_sysbios_knl_Task_exit)
                  00014d82    00000002     --HOLE-- [fill = 0]
                  00014d84    00000090     rf_multiMode_cc13x4.a : RFCC26X2_multiMode.c.cc13x4.ticlang.o (.text.RF_getTxPower)
                  00014e14    00000090     maclib_secure_cc13x4_tirtos7.a : mac_coord.c.o (.text.macIndirectSend)
                  00014ea4    00000090                                    : mac_autopend.c.o (.text.macSrcMatchCheckSrcAddr)
                  00014f34    00000090                                    : mac.c.o (.text.macStopCmd)
                  00014fc4    00000090     ti_sysbios_config.o (.text.ti_sysbios_knl_Swi_restore)
                  00015054    0000008e     main.o (.text.collectorTask_)
                  000150e2    00000002     --HOLE-- [fill = 0]
                  000150e4    0000008e     collector.o (.text.commStatusIndCB)
                  00015172    00000002     --HOLE-- [fill = 0]
                  00015174    0000008e     collector.o (.text.processTrackingResponse)
                  00015202    0000008c     nvocmp.o (.text.NVOCMP_readHeader)
                  0001528e    00000002     --HOLE-- [fill = 0]
                  00015290    0000008c     drivers_cc13x4.a : TRNGCC26XX.c.obj (.text.TRNG_construct)
                  0001531c    0000008c                      : NVSCC26XX.c.obj (.text.doErase)
                  000153a8    0000008c     maclib_secure_cc13x4_tirtos7.a : mac_radio_tx.c.o (.text.macRadioFHEncryptFrame)
                  00015434    0000008c     ti_sysbios_config.o (.text.ti_sysbios_knl_Task_enter)
                  000154c0    0000008a     ti_sysbios_config.o (.text.ti_sysbios_knl_Swi_startup)
                  0001554a    00000002     --HOLE-- [fill = 0]
                  0001554c    00000088     rf_multiMode_cc13x4.a : RFCC26X2_multiMode.c.cc13x4.ticlang.o (.text.RF_cmdDispatchTime)
                  000155d4    00000088                           : RFCC26X2_multiMode.c.cc13x4.ticlang.o (.text.RF_discardPendCmd)
                  0001565c    00000088     maclib_secure_cc13x4_tirtos7.a : mac_hl_patch.c.o (.text.macCcmDecrypt)
                  000156e4    00000088                                    : mac_hl_patch.c.o (.text.macCcmStarInverseTransform)
                  0001576c    00000088                                    : mac_radio_tx.c.o (.text.macRadioSendImmAck)
                  000157f4    00000088                                    : mac_radio.c.o (.text.macRadioUpdateChannel)
                  0001587c    00000086     ti_sysbios_config.o (.text.ClockP_construct)
                  00015902    00000002     --HOLE-- [fill = 0]
                  00015904    00000084     api_mac.o (.text.ApiMac_init)
                  00015988    00000084     maclib_secure_cc13x4_tirtos7.a : mac_coord.c.o (.text.MAC_InitCoord)
                  00015a0c    00000084     nvocmp.o (.text.NVOCMP_getFreeNvApi)
                  00015a90    00000084     rf_multiMode_cc13x4.a : RFCC26X2_multiMode.c.cc13x4.ticlang.o (.text.RF_getInfo)
                  00015b14    00000084                           : RFCC26X2_multiMode.c.cc13x4.ticlang.o (.text.RF_yield)
                  00015b98    00000084     maclib_secure_cc13x4_tirtos7.a : mac_hl_patch.c.o (.text.macBlacklistChecking)
                  00015c1c    00000084                                    : mac_hl_patch.c.o (.text.macCcmEncrypt)
                  00015ca0    00000082     main.o (.text.main)
                  00015d22    00000002     --HOLE-- [fill = 0]
                  00015d24    00000080     drivers_cc13x4.a : GPIOCC26X4.c.obj (.text.GPIO_hwiIntFxn)
                  00015da4    00000080     nvocmp.o (.text.NVOCMP_changePageState)
                  00015e24    00000080     maclib_osal_tirtos7_cc13x4_26x4.a : osal_port.c.o (.text.OsalPort_setTimer)
                  00015ea4    00000080     maclib_secure_cc13x4_tirtos7.a : mac_data.c.o (.text.macFrameDurationSubG)
                  00015f24    00000080                                    : mac_coord.c.o (.text.macRxDataReq)
                  00015fa4    00000080                                    : mac_tx.c.o (.text.macTxDoneCallback)
                  00016024    0000007e     nvocmp.o (.text.NVOCMP_loadApiPtrs)
                  000160a2    00000002     --HOLE-- [fill = 0]
                  000160a4    0000007c     driverlib.lib : setup_rom.c.obj (.text.NOROM_SetupStepVddrTrimTo)
                  00016120    0000007c     rf_multiMode_cc13x4.a : RFCC26X2_multiMode.c.cc13x4.ticlang.o (.text.RF_ratDisableChannel)
                  0001619c    0000007c     maclib_secure_cc13x4_tirtos7.a : mac_mcu.c.o (.text.macMcuOverflowSetPeriod)
                  00016218    0000007c                                    : mac_pwr.c.o (.text.macPwrVote)
                  00016294    0000007c                                    : mac.c.o (.text.macSetupReceiveCmd)
                  00016310    0000007a     ti_drivers_config.o (.text.Board_shutDownExtFlash)
                  0001638a    0000007a     nvocmp.o (.text.NVOCMP_compactNvApi)
                  00016404    0000007a     ti_sysbios_config.o (.text.ti_sysbios_knl_TaskSupport_start)
                  0001647e    00000002     --HOLE-- [fill = 0]
                  00016480    00000078     driverlib.lib : chipinfo.c.obj (.text.NOROM_ChipInfo_GetChipType)
                  000164f8    00000078     drivers_cc13x4.a : NVSCC26XX.c.obj (.text.NVSCC26XX_open)
                  00016570    00000078     rf_multiMode_cc13x4.a : RFCC26X2_multiMode.c.cc13x4.ticlang.o (.text.RF_ratFreeChannel)
                  000165e8    00000078     maclib_secure_cc13x4_tirtos7.a : mac.c.o (.text.macRequestBackoff)
                  00016660    00000078                                    : mac_symbol_timer.c.o (.text.macSymbolTimerInit)
                  000166d8    00000078     ti_sysbios_config.o (.text.ti_sysbios_family_arm_v8m_Hwi_dispatchC)
                  00016750    00000076     ti_sysbios_config.o (.text.HwiP_destruct)
                  000167c6    00000076     drivers_cc13x4.a : UART2CC26X2.c.obj (.text.UART2Support_dmaStopTx)
                  0001683c    00000074     maclib_osal_tirtos7_cc13x4_26x4.a : osal_port.c.o (.text.OsalPort_heapInit)
                  000168b0    00000074     rf_multiMode_cc13x4.a : RFCC26X2_multiMode.c.cc13x4.ticlang.o (.text.RF_hwiHw)
                  00016924    00000074     libc.a : fclose.c.obj (.text.__TI_closefile)
                  00016998    00000074     maclib_secure_cc13x4_tirtos7.a : mac_hl_patch.c.o (.text.macKeyDescriptorLookup)
                  00016a0c    00000074                                    : mac_mcu.c.o (.text.macMcuOverflowSetCompare)
                  00016a80    00000074                                    : mac_radio_tx.c.o (.text.macRadioTxEnhAckCb)
                  00016af4    00000074                                    : mac_ie_parse.c.o (.text.macUpdateHeaderIEPtr)
                  00016b68    00000074     ti_sysbios_config.o (.text.ti_sysbios_knl_Mailbox_pend)
                  00016bdc    00000072     drivers_cc13x4.a : LED.c.obj (.text.LED_startBlinking)
                  00016c4e    00000002     --HOLE-- [fill = 0]
                  00016c50    00000072     cllc.o (.text.disassocCnfCb)
                  00016cc2    00000072     ti_sysbios_config.o (.text.pthread_mutex_lock)
                  00016d34    00000070     drivers_cc13x4.a : AESCCMCC26X4.c.obj (.text.AESCCM_waitForResult)
                  00016da4    00000070     driverlib.lib : interrupt.c.obj (.text.NOROM_IntDisable)
                  00016e14    00000070     maclib_osal_tirtos7_cc13x4_26x4.a : osal_port.c.o (.text.OsalPort_pwrmgrTaskState)
                  00016e84    00000070     cllc.o (.text.disassocIndCb)
                  00016ef4    00000070     maclib_secure_cc13x4_tirtos7.a : mac_duty_cycle.c.o (.text.macDutyCycleTimerCB)
                  00016f64    00000070                                    : mac_radio.c.o (.text.macRadioStartScan)
                  00016fd4    00000070                                    : mac_timer.c.o (.text.macTimerUpdateSymbolTimer)
                  00017044    00000070     libc.a : copy_decompress_lzss.c.obj (.text:decompress:lzss)
                  000170b4    0000006e     cllc.o (.text.Cllc_setJoinPermit)
                  00017122    00000002     --HOLE-- [fill = 0]
                  00017124    0000006c     drivers_cc13x4.a : AESCCMCC26X4.c.obj (.text.AESCCM_construct)
                  00017190    0000006c     driverlib.lib : interrupt.c.obj (.text.NOROM_IntEnable)
                  000171fc    0000006c                   : sys_ctrl.c.obj (.text.NOROM_SysCtrl_DCDC_VoltageConditionalControl)
                  00017268    0000006c     rf_multiMode_cc13x4.a : RFCC26X2_multiMode.c.cc13x4.ticlang.o (.text.RF_issueRadioFreeCb)
                  000172d4    0000006c     drivers_cc13x4.a : Random.c.obj (.text.Random_seedAutomatic)
                  00017340    0000006c     rf_multiMode_cc13x4.a : rf_patch_cpe_multi_protocol.c.cc13x4.ticlang.o (.text.configureMultiProtocolPatch)
                  000173ac    0000006c     maclib_secure_cc13x4_tirtos7.a : mac_mgmt.c.o (.text.macApiDisassociateReq)
                  00017418    0000006c                                    : mac_duty_cycle.c.o (.text.macDutyCycleByteToUSec)
                  00017484    0000006c                                    : mac_rx_onoff.c.o (.text.macRxOffRequest)
                  000174f0    0000006c                                    : mac.c.o (.text.macSetupFsCmd)
                  0001755c    0000006c     drivers_cc13x4.a : PowerCC26X2.c.obj (.text.oscillatorISR)
                  000175c8    0000006c     par.o (.text.par_save)
                  00017634    00000068     drivers_cc13x4.a : PowerCC26X2_calibrateRCOSC_helpers.c.obj (.text.PowerCC26X2_updateSubSecInc)
                  0001769c    00000068     rf_multiMode_cc13x4.a : RFCC26X2_multiMode.c.cc13x4.ticlang.o (.text.RF_detachOverrides)
                  00017704    00000068     libc.a : fseek.c.obj (.text.fseeko)
                  0001776c    00000068            : getdevice.c.obj (.text.getdevice)
                  000177d4    00000068     maclib_secure_cc13x4_tirtos7.a : mac_mgmt.c.o (.text.macDisassocComplete)
                  0001783c    00000068                                    : mac_low_level.c.o (.text.macLowLevelInit)
                  000178a4    00000068                                    : mac_radio.c.o (.text.macRadioPowerDown)
                  0001790c    00000068                                    : mac_scan.c.o (.text.macScanStartTimer)
                  00017974    00000068                                    : mac_timer.c.o (.text.macTimerSetRollover)
                  000179dc    00000068                                    : mac_tx.c.o (.text.macTxGetDefaultMinTxOffTime)
                  00017a44    00000064     csf.o (.text.Csf_getFrameCounter)
                  00017aa8    00000064     libsysbm.a : hostrename.c.obj (.text.HOSTrename)
                  00017b0c    00000064     maclib_secure_cc13x4_tirtos7.a : mac_mgmt.c.o (.text.MAC_Init)
                  00017b70    00000064     maclib_osal_tirtos7_cc13x4_26x4.a : osal_port.c.o (.text.OsalPort_clearEvent)
                  00017bd4    00000064     drivers_cc13x4.a : PowerCC26X2_calibrateRCOSC.c.obj (.text.PowerCC26X2_initiateCalibration)
                  00017c38    00000064     rf_multiMode_cc13x4.a : RFCC26X2_multiMode.c.cc13x4.ticlang.o (.text.RF_attachOverrides)
                  00017c9c    00000064                           : RFCC26X2_multiMode.c.cc13x4.ticlang.o (.text.RF_dispatchNextEvent)
                  00017d00    00000064                           : RFCC26X2_multiMode.c.cc13x4.ticlang.o (.text.RF_hwiCpe0PowerFsm)
                  00017d64    00000064     drivers_cc13x4.a : UDMACC26XX.c.obj (.text.UDMACC26XX_open)
                  00017dc8    00000064     maclib_secure_cc13x4_tirtos7.a : mac_mcu.c.o (.text.macMcuInit)
                  00017e2c    00000064                                    : mac_radio_tx.c.o (.text.macRadioTxPrepLbt)
                  00017e90    00000064                                    : mac_rx.c.o (.text.macRxHaltCleanup)
                  00017ef4    00000064                                    : mac_timer.c.o (.text.macTimerRealign)
                  00017f58    00000064     ti_sysbios_config.o (.text.pthread_exit)
                  00017fbc    00000064     ti_sysbios_config.o (.text.ti_sysbios_knl_Semaphore_pendTimeout)
                  00018020    00000062     rf_multiMode_cc13x4.a : RFCC26X2_multiMode.c.cc13x4.ticlang.o (.text.RF_syncCb)
                  00018082    00000002     --HOLE-- [fill = 0]
                  00018084    00000062     par.o (.text.par_load)
                  000180e6    00000002     --HOLE-- [fill = 0]
                  000180e8    00000060     drivers_cc13x4.a : CryptoResourceCC26XX.c.obj (.text.CryptoResourceCC26XX_constructRTOSObjects)
                  00018148    00000060     driverlib.lib : setup_rom.c.obj (.text.NOROM_SetupAfterColdResetWakeupFromShutDownCfg1)
                  000181a8    00000060     maclib_osal_tirtos7_cc13x4_26x4.a : osal_port.c.o (.text.OsalPort_setEvent)
                  00018208    00000060     ti_sysbios_config.o (.text.SemaphoreP_createBinary)
                  00018268    00000060     libc.a : _io_perm.c.obj (.text.__TI_wrt_ok)
                  000182c8    00000060     libsysbm.a : close.c.obj (.text.close)
                  00018328    00000060     maclib_secure_cc13x4_tirtos7.a : mac_beacon_device.c.o (.text.macBeaconSyncLoss)
                  00018388    00000060                                    : mac_data.c.o (.text.macDataReset)
                  000183e8    00000060                                    : mac_main.c.o (.text.macExecute)
                  00018448    00000060                                    : mac_scan.c.o (.text.macScanComplete)
                  000184a8    00000060                                    : mac_main.c.o (.text.macSendMsg)
                  00018508    00000060                                    : mac_symbol_timer.c.o (.text.macSymbolTimerPeriodIsr)
                  00018568    00000060                                    : mac_hl_patch.c.o (.text.macTrackPeriodCallback)
                  000185c8    0000005e     rf_multiMode_cc13x4.a : rfc.c.cc13x4.ticlang.o (.text.NOROM_RFCAnaDivTxOverride)
                  00018626    0000005e     drivers_cc13x4.a : UART2CC26X2.c.obj (.text.UART2Support_dmaStopRx)
                  00018684    0000005e     ti_sysbios_config.o (.text.ti_sysbios_family_arm_v8m_cc26x4_Timer_dynamicMultiStub)
                  000186e2    00000002     --HOLE-- [fill = 0]
                  000186e4    0000005c     cllc.o (.text.Cllc_removeDevice)
[...]
20005658  UTC_clock                                                        
2000569c  macSecurityPib                                                   
20005718  Collector_statistics                                             
20005754  dcBucket                                                         
20005788  macBeaconDevice                                                  
200057bc  RF_cmdPropRadioDivSetup                                          
200057ec  RF_cmdPropRxAdv                                                  
2000581c  macMgmtAction1                                                   
2000584c  macSrcExtAddrList                                                
2000587c  ti_sysbios_knl_Swi_readyQs                                       
200058ac  ti_sysbios_knl_Task_readyQs                                      
20005908  macCoord                                                         
20005934  macDevice                                                        
20005984  collectorTaskParam                                               
200059a8  consoleTaskParam                                                 
200059cc  controlTaskParam                                                 
20005a10  RF_cmdIEEECsma                                                   
20005a30  RF_cmdPropTxAdv                                                  
20005a50  RF_cmdRadioSetup                                                 
20005a70  RF_params                                                        
20005a90  macBeacon                                                        
20005ab0  udmaCC26XXObject                                                 
20005b24  BIOS_heapCallbackObject                                          
20005b40  BIOS_rtsGate                                                     
20005b5c  CryptoResourceCC26XX_hwi                                         
20005b78  RF_cmdPropCs                                                     
20005b94  RF_cmdPropCsSlotted                                              
20005bb0  control_task_DevInfo_mail_params                                 
20005bcc  control_task_NotiInfo_params                                     
20005be8  control_task_joinedDev_mail_params                               
20005c04  macCoordAction2                                                  
20005c20  macReset                                                         
20005c3c  macSemHandle                                                     
20005c58  macSrcShortAddrList                                              
20005c74  RF_cmdFsRx                                                       
20005c8c  RF_cmdFsTx                                                       
20005ca4  RF_cmdIEEETx                                                     
20005cbc  macScanAction                                                    
20005d10  RF_cmdRxAckCmd                                                   
20005d24  macAckDbg                                                        
20005d38  macMgmtAction2                                                   
20005d4c  macStatistics                                                    
20005d5e  conv                                                             
20005d60  macCoordAction3                                                  
20005d70  macData                                                          
20005d80  macDataTxDelay                                                   
20005d90  macFrmFilter                                                     
20005da0  macRxOutputIeee                                                  
20005db0  DevInfomail                                                      
20005dd8  coexMetricsStruct                                                
20005de4  macMain                                                          
20005df0  macRxOutputSubG                                                  
20005dfc  regionAttrs                                                      
20005e13  parmbuf                                                          
20005e1b  ApiMac_extAddr                                                   
20005e23  coexOverrideUseCases                                             
20005e2c  macCoordAction1                                                  
20005e34  macRxDataEntryQueue                                              
20005e6c  AESCCM_handle                                                    
20005e70  HEAPMGR_SIZE                                                     
20005e74  PowerCC26XX_swiKey                                               
20005e78  PowerCC26XX_taskKey                                              
20005e7c  Time_to_bytes                                                    
20005e80  cli                                                              
20005e84  dcCritical                                                       
20005e88  dcLimited                                                        
20005e8c  dcPtr                                                            
20005e90  dcRegulated                                                      
20005e94  dcTimeUsed                                                       
20005e98  macAddrLsb                                                       
20005e9c  macAddrMsb                                                       
20005ea0  macCryptoDrvTblPtr                                               
20005ea4  macPhyTxPower                                                    
20005ea8  macPrevPeriodRatCount                                            
20005eac  macRfDrvTblPtr                                                   
20005eb0  macRxSymbol                                                      
20005eb4  macSymbolTimerRollover                                           
20005eb8  macSymbolTimerTrigger                                            
20005ebc  macThread                                                        
20005ec0  macTimerActive                                                   
20005ec4  macTxTimestamp                                                   
20005ec8  nvsHandle                                                        
20005ecc  nvsParams                                                        
20005ed0  pClockHandleEDScan                                               
20005ed4  pMacRadioConfig                                                  
20005ed8  pMaxPower                                                        
20005edc  pRfMode                                                          
20005ee0  pRfPowerTable                                                    
20005ee4  rxRadioBufferPtr                                                 
20005ee8  ti_sysbios_family_arm_v8m_cc26x4_Timer_funcHookCH1               
20005eec  ti_sysbios_family_arm_v8m_cc26x4_Timer_funcHookCH2               
20005ef0  ti_sysbios_knl_Task_defaultStackHeap                             
20005ef4  ti_sysbios_runtime_System_atexitHandlers                         
20005ef8  timerAlignedQ                                                    
20005efc  timerUnalignedQ                                                  
20005f00  uart2Handle                                                      
20005f04  joinedDev_mail                                                   
20005f06  macRxDataEntryOffset                                             
20005f08  macTxCsmaBackoffDelay                                            
20005f0a  nvsCC26XXObjects                                                 
20005f0c  rxCmdHandle                                                      
20005f0e  txCmdHandle                                                      
20005f13  AppTaskId                                                        
20005f14  NVOCMP_size                                                      
20005f15  appTaskId                                                        
20005f16  dcStatus                                                         
20005f17  gAction                                                          
20005f18  lastRxPriority                                                   
20005f19  lastTxPriority                                                   
20005f1a  macAckTxActive                                                   
20005f1b  macMgmt                                                          
20005f1c  macPanCoordinator                                                
20005f1d  macPhyChannel                                                    
20005f1e  macPwr                                                           
20005f1f  macRxActive                                                      
20005f20  macRxEnableFlags                                                 
20005f21  macRxFilter                                                      
20005f22  macRxOutgoingAckFlag                                             
20005f23  macSpecUsecsPerSymbol                                            
20005f24  macSrcResIndex                                                   
20005f25  macSymbolTimerImpending                                          
20005f26  macTaskId                                                        
20005f27  macTxActive                                                      
20005f28  macTxBe                                                          
20005f29  macTxGpInterframeDelay                                           
20005f2a  macTxType                                                        
20005f2b  macUnitBackoffPeriod                                             
20005f2c  rxFhRsl                                                          
20005f2d  rxPromiscuousMode                                                
20005f2e  rxSeqNum                                                         
20005f2f  txAckReq                                                         
20005f30  txSeqn                                                           
20006000  PowerCC26X2_module                                               
20006178  _ftable                                                          
20006268  gpioPinConfigs                                                   
20006328  txPowerTable_868_pa13                                            
200063d7  ApiMac_gpOffsetToms                                              
200063d8  macMRFSKGenPhyTable                                              
20006478  _device                                                          
200064f0  fhObject                                                         
200065c4  ti_sysbios_knl_Clock_Module_state                                
20006690  Main_user1Cfg                                                    
20006744  _stream                                                          
20006794  Collector_macCallbacks                                           
20006824  ti_sysbios_family_arm_v8m_Hwi_Module_state                       
20006860  ti_sysbios_knl_Task_Module_state                                 
200068d4  macBeaconPayload                                                 
20006938  BIOS_Module_state                                                
20006990  pOverrides_2gfsk200kbps154g                                      
200069bc  ti_sysbios_knl_Swi_Module_state                                  
200069e4  macActionSet                                                     
20006a08  lastRatChanA                                                     
20006a09  lastRatChanB                                                     
20006a0a  macRxCmdActive                                                   
20006a0b  macFsCmdActive                                                   
20006a0c  macRxPreempted                                                   
20006a0d  numRfCmd                                                         
20006a0e  numRxCmd                                                         
20006a0f  numRxPostCmd                                                     
20006a10  ieeeCoexEnabled                                                  
20006a14  lastPostCmd                                                      
20006a18  macSfdDetectCback                                                
20006a28  macBeaconMargin                                                  
20006a8c  macStateTbl                                                      
20006aa0  macUser0Cfg                                                      
20006ac5  macSrcMatchIsAckAllPending                                       
20006ac6  macSrcMatchDefaultPendOn                                         
20006ac7  ApiMac_mtDataReqTxOptionGp                                       
20006ad8  RF_cmdNop                                                        
20006ae8  RF_cmdNopFg                                                      
20006af8  RF_prop_2gfsk200kbps154g                                         
20006b08  _hposcCoeffs                                                     
20006b18  macCfg                                                           
20006b4c  taskCnt                                                          
20006b50  heapmgrMemFreeTotal                                              
20006b54  heapmgrMemFreeError                                              
20006b64  ti_sysbios_family_arm_v8m_cc26x4_Timer_Module_state              
20006b70  ti_sysbios_runtime_Error_ignore                                  
20006b7c  ti_sysbios_runtime_System_Module_state                           
20006b98  __TI_cleanup_ptr                                                 
20006b9c  __TI_dtors_ptr                                                   
20006bac  RF_handle                                                        
20006bb0  macRadioAckIeeeFrame                                             
20006bb3  macRadioAckFrame                                                 
20006bb8  macCsmaRtcTimerId                                                
20006bc8  RFCC26XX_schedulerPolicy                                         
20006bd0  ti_sysbios_gates_GateMutexPri_Module_state                       
20006bd8  ti_sysbios_heaps_HeapCallback_Module_state                       
20006be0  ti_sysbios_knl_Mailbox_Module_state                              
20006be8  ti_sysbios_knl_Semaphore_Module_state                            
20006bf4  Csf_keys                                                         
20006c04  UTC_timeSeconds                                                  
20006c0c  __TI_ft_end                                                      
20006c10  __aeabi_errno                                                    
20006c14  _lock                                                            
20006c18  _unlock                                                          
20006c1c  appEvents                                                        
20006c20  control_task_DevInfo_mail_handle                                 
20006c24  control_task_NotiInfo_handle                                     
20006c28  control_task_joinedDev_mail_handle                               
20006c2c  gmt                                                              
20006c34  macDataBeaconRequeue                                             
20006c38  macDataCheckSched                                                
20006c3c  macDataCheckTxTime                                               
20006c40  macDataRequeueIndirect                                           
20006c44  macDataRxBeaconCritical                                          
20006c48  macDataSetSched                                                  
20006c4c  macDataTxBeaconComplete                                          
20006c50  macDataTxIndirect                                                
20006c60  macTimerNewRollover                                              
20006c64  macTimerRollover                                                 
20006c68  minTxOffTime                                                     
20006c74  pMacCbackCheckPending                                            
20006c78  pMacCbackQueryRetransmit                                         
20006c7c  pMacDataTx                                                       
20006c80  pMacEnhancedAck                                                  
20006c94  ti_sysbios_runtime_Memory_defaultHeapInstance                    
20006c98  Cllc_devShortAddr                                                
20006c9a  Cllc_events                                                      
20006c9e  Collector_events                                                 
20006ca0  Csf_events                                                       
20006ca4  assoc_resp_no_ack_cnt                                            
20006cac  symbol_rate_custom                                               
20006cae  Main_assertReason                                                
20006cb0  bInSwi                                                           
20006cb5  csmPhy                                                           
20006cb7  customMinTxOffEnabled                                            
20006cb9  dcEnabled                                                        
20006cbc  gmt_zone                                                         
20006cc2  macRadioYielded                                                  
20006cc3  macSrcMatchIsEnabled                                             
20006cc4  macSrcMatchManualAddressTracking                                 
20006cc5  macTxCmdActive                                                   
20006cc6  macTxSlottedDelay                                                
20006cc7  macTxSlottedDelayFactor                                          
20006cc9  numTx                                                            
20006cca  permitJoining                                                    
20006ccc  reqAccessAlloc                                                   
20006cce  save_par                                                         
20006ccf  savedCllcState                                                   
20006cd3  ti_sysbios_knl_Idle_initDone                                     
20006cd4  ti_sysbios_runtime_Startup_done                                  
20006e00  ti_sysbios_family_arm_v8m_Hwi_ramVectors                         
20006efc  heapStart                                                        
2003b000  __stack                                                          
2003b000  heapEnd                                                          
20040000  __STACK_END                                                      
50000000  __ccfg                                                           
ffffffff  __TI_pprof_out_hndl                                              
ffffffff  __TI_prof_data_size                                              
ffffffff  __TI_prof_data_start                                             
ffffffff  __binit__                                                        
ffffffff  __start___llvm_prf_bits                                          
ffffffff  __start___llvm_prf_cnts                                          
ffffffff  __stop___llvm_prf_bits                                           
ffffffff  __stop___llvm_prf_cnts                                           
ffffffff  binit                                                            
UNDEFED   ITM_flush                                                        
UNDEFED   ITM_restore                                                      
UNDEFED   PWM_config                                                       
UNDEFED   PWM_count                                                        
UNDEFED   __mpu_init                                                       

[1332 symbols]
