******************************************************************************
            TI ARM Clang Linker PC v3.2.2                      
******************************************************************************
>> Linked Tue Aug  6 21:50:53 2024

OUTPUT FILE NAME:   <sensor_watch.out>
ENTRY POINT SYMBOL: "ResetISR"  address: 0001d6dd


MEMORY CONFIGURATION

         name            origin    length      used     unused   attr    fill
----------------------  --------  ---------  --------  --------  ----  --------
  FLASH                 00000000   00100000  00029944  000d66bc  R  X
  SRAM                  20000000   00040000  00028465  00017b9b  RW X
  CCFG                  50000000   00000800  0000007c  00000784  R  X


SEGMENT ALLOCATION MAP

run origin  load origin   length   init length attrs members
----------  ----------- ---------- ----------- ----- -------
00000000    00000000    0001d758   0001d758    r-x
  00000000    00000000    0000003c   0000003c    r-- .resetVecs
  0000003c    0000003c    0001d71c   0001d71c    r-x .text
0001d758    0001d758    00000008   00000008    rw-
  0001d758    0001d758    00000008   00000008    rw- .args
0001d760    0001d760    000081e4   000081e4    r--
  0001d760    0001d760    00007d98   00007d98    r-- .rodata
  000254f8    000254f8    0000044c   0000044c    r-- .cinit
00052000    00052000    00004000   00000000    rw-
  00052000    00052000    00004000   00000000    rw- .TI.bound:flashBuf0
20000000    20000000    00000430   00000000    rw-
  20000000    20000000    00000430   00000000    rw- .bss.1
20000430    20000430    00000040   00000000    rw-
  20000430    20000430    00000010   00000000    rw- .TI.bound:dmaSpi0RxControlTableEntry
  20000440    20000440    00000010   00000000    rw- .TI.bound:dmaSpi0TxControlTableEntry
  20000450    20000450    00000010   00000000    rw- .TI.bound:dmaUart1RxControlTableEntry
  20000460    20000460    00000010   00000000    rw- .TI.bound:dmaUart1TxControlTableEntry
20000470    20000470    000001c0   00000000    rw-
  20000470    20000470    000001c0   00000000    rw- .bss.2
20000630    20000630    00000020   00000000    rw-
  20000630    20000630    00000010   00000000    rw- .TI.bound:dmaSpi0RxAltControlTableEntry
  20000640    20000640    00000010   00000000    rw- .TI.bound:dmaSpi0TxAltControlTableEntry
20000650    20000650    00021d19   00000000    rw-
  20000650    20000650    00021d19   00000000    rw- .bss.3
20022400    20022400    00000e5a   00000000    rw-
  20022400    20022400    00000e5a   00000000    rw- .data
20023300    20023300    000001fc   00000000    rw-
  20023300    20023300    000001fc   00000000    rw- .ramVecs
2003b000    2003b000    00005000   00000000    rw-
  2003b000    2003b000    00005000   00000000    rw- .stack
50000000    50000000    0000007c   0000007c    r--
  50000000    50000000    0000007c   0000007c    r-- .ccfg


SECTION ALLOCATION MAP

 output                                  attributes/
section   page    origin      length       input sections
--------  ----  ----------  ----------   ----------------
.resetVecs 
*          0    00000000    0000003c     
                  00000000    0000003c     ti_sysbios_config.o (.resetVecs)

.rodata    0    0001d760    00007d98     
                  0001d760    0000340e     font_16x26.o (.rodata.FONT_16X26)
                  00020b6e    0000200e     font_10x16.o (.rodata.FONT_10X16)
                  00022b7c    00000800     display_task.o (.rodata.battery_full_)
                  0002337c    00000630     display_task.o (.rodata.mkaMenue)
                  000239ac    00000628     rf_multiMode_cc13x4.a : rf_patch_cpe_multi_protocol.c.cc13x4.ticlang.o (.rodata.patchImageMultiProtocol)
                  00023fd4    0000000c     drivers_cc13x4.a : Random.c.obj (.rodata..L__const.Random_seedAutomatic.hwAttrs)
                  00023fe0    00000101     libc.a : aeabi_ctype.S.obj (.rodata:__aeabi_ctype_table_)
                  000240e1    00000100     crc.o (.rodata.crc_table)
                  000241e1    000000f8     mac_cfg.o (.rodata.macPibTbl)
                  000242d9    0000008a     ti_sysbios_config.o (.rodata.ti_sysbios_family_arm_v8m_Hwi_Instance_init.err.1)
                  00024363    00000089     ti_sysbios_config.o (.rodata.ti_sysbios_runtime_Memory_alloc.err)
                  000243ec    00000088     mac_cfg.o (.rodata.macPibDefaults)
                  00024474    00000087     ti_sysbios_config.o (.rodata.ti_sysbios_family_arm_v8m_Hwi_Instance_init.err)
                  000244fb    00000072     maclib_secure_cc13x4_tirtos7.a : hmac_global.c.o (.rodata.macAssociatingSt)
                  0002456d    00000072                                    : hmac_global.c.o (.rodata.macIdleSt)
                  000245df    00000072                                    : hmac_global.c.o (.rodata.macPollingSt)
                  00024651    00000072                                    : hmac_global.c.o (.rodata.macScanningSt)
                  000246c3    00000001     ti_drivers_config.o (.rodata.Button_count)
                  000246c4    0000006c     mac_user_config.o (.rodata.macRfDriverTable)
                  00024730    00000068     drivers_cc13x4.a : PowerCC26X2.c.obj (.rodata.resourceDB)
                  00024798    00000058     mac_cfg.o (.rodata.macSecurityPibTbl)
                  000247f0    00000058     ti_drivers_config.o (.rodata.uart2CC26X2HWAttrs)
                  00024848    00000050     mac_cfg.o (.rodata.macMRFSKStdPhyTable)
                  00024898    00000050     display_task.o (.rodata.noti_code)
                  000248e8    00000044     cui.o (.rodata.str1.25500649905015235891)
                  0002492c    00000044     cui.o (.rodata.str1.82802982239460582671)
                  00024970    00000040     mac_user_config.o (.rodata.macCryptoDriverTable)
                  000249b0    00000040     maclib_secure_cc13x4_tirtos7.a : hmac_global.c.o (.rodata.macTimerRolloverValue)
                  000249f0    00000040     ti_drivers_config.o (.rodata.spiCC26X4DMAHWAttrs)
                  00024a30    00000040     cui.o (.rodata.str1.18680694060528809401)
                  00024a70    00000038     maclib_secure_cc13x4_tirtos7.a : hmac_global.c.o (.rodata.macCmdIncludeFHIe)
                  00024aa8    00000034     ssf.o (.rodata.str1.150428808045399419361)
                  00024adc    00000030     ti_radio_config.o (.rodata.RF_cmdPropRxAdv_2gfsk50kbps154g)
                  00024b0c    0000002e     ssf.o (.rodata.str1.72459565756163880421)
                  00024b3a    00000002     jdllc.o (.rodata.keyUsageList)
                  00024b3c    00000028     drivers_cc13x4.a : NVSCC26XX.c.obj (.rodata.NVSCC26XX_fxnTable)
                  00024b64    00000028     ti_radio_config.o (.rodata.RF_cmdPropRadioDivSetup_2gfsk50kbps154g)
                  00024b8c    00000028     maclib_secure_cc13x4_tirtos7.a : mac_radio.c.o (.rodata.activityObject)
                  00024bb4    00000028     display_task.o (.rodata.selection_menu_str)
                  00024bdc    00000024     drivers_cc13x4.a : UART2.c.obj (.rodata.UART2_defaultParams)
                  00024c00    00000024     ti_sysbios_config.o (.rodata.ti_sysbios_knl_Task_Params_default)
                  00024c24    00000020     mac_user_config.o (.rodata..L__const.rfSelect.RfCfg)
                  00024c44    00000020     ti_drivers_config.o (.rodata.ButtonHWAttrs)
                  00024c64    00000020     ti_drivers_config.o (.rodata.Button_config)
                  00024c84    00000020     ti_radio_config.o (.rodata.RF_cmdPropTxAdv_2gfsk50kbps154g)
                  00024ca4    00000020     drivers_cc13x4.a : SPI.c.obj (.rodata.SPI_defaultParams)
                  00024cc4    00000020     rf_multiMode_cc13x4.a : RFCC26X2_multiMode.c.cc13x4.ticlang.o (.rodata.cst32)
                  00024ce4    00000020     jdllc.o (.rodata.keyDeviceList)
                  00024d04    0000001d     ti_sysbios_config.o (.rodata.str1.114093530142707899381)
                  00024d21    00000001     ti_drivers_config.o (.rodata.GPIO_pinLowerBound)
                  00024d22    0000001c     drivers_cc13x4.a : GPTimerCC26XX.c.obj (.rodata.GPT_LUT)
                  00024d3e    00000002                      : UART2CC26X2.c.obj (.rodata.stopBits)
                  00024d40    0000001c     ti_radio_config.o (.rodata.RF_cmdPropCs_2gfsk50kbps154g)
                  00024d5c    0000001c     driverlib.lib : prcm.c.obj (.rodata.g_pui32DCGCRegs)
                  00024d78    0000001c                   : prcm.c.obj (.rodata.g_pui32RCGCRegs)
                  00024d94    0000001c                   : prcm.c.obj (.rodata.g_pui32SCGCRegs)
                  00024db0    0000001c     ti_sysbios_config.o (.rodata.str1.54136785629011067091)
                  00024dcc    0000001c     ti_sysbios_config.o (.rodata.ti_sysbios_family_arm_v8m_cc26x4_Timer_Params_default)
                  00024de8    0000001c     ti_sysbios_config.o (.rodata.ti_sysbios_knl_Mailbox_Params_default)
                  00024e04    0000001a     display_task.o (.rodata.str1.110384812076015434351)
                  00024e1e    00000002     ssf.o (.rodata.str1.119839857566329871091)
                  00024e20    00000018     drivers_cc13x4.a : PWM.c.obj (.rodata.PWM_defaultParams)
                  00024e38    00000018     ti_radio_config.o (.rodata.RF_cmdFs_2gfsk50kbps154g)
                  00024e50    00000018     drivers_cc13x4.a : SPICC26X4DMA.c.obj (.rodata.SPICC26X4DMA_fxnTable)
                  00024e68    00000018                      : SPICC26X4DMA.c.obj (.rodata.frameFormat)
                  00024e80    00000018     maclib_secure_cc13x4_tirtos7.a : hmac_global.c.o (.rodata.macSendMsgBufSize)
                  00024e98    00000018     ugui.o (.rodata.pal_window)
                  00024eb0    00000018     ssf.o (.rodata.str1.137203934258720081351)
                  00024ec8    00000018     ssf.o (.rodata.str1.149332114862098306941)
                  00024ee0    00000018     ssf.o (.rodata.str1.176989045256844588841)
                  00024ef8    00000018     ssf.o (.rodata.str1.22671488472064998411)
                  00024f10    00000018     ssf.o (.rodata.str1.35936327599275636731)
                  00024f28    00000018     ssf.o (.rodata.str1.4386816021798390991)
                  00024f40    00000018     ssf.o (.rodata.str1.65249532876065086381)
                  00024f58    00000018     ssf.o (.rodata.str1.81870087663433000541)
                  00024f70    00000018     ssf.o (.rodata.str1.94088337864751475791)
                  00024f88    00000018     ti_sysbios_config.o (.rodata.ti_sysbios_family_arm_v8m_Hwi_Params_default)
                  00024fa0    00000017     cui.o (.rodata.str1.182575247029164749851)
                  00024fb7    00000017     cui.o (.rodata.str1.3354398299414093901)
                  00024fce    00000015     cui.o (.rodata.str1.16209609899462507051)
                  00024fe3    00000015     ssf.o (.rodata.str1.164416510004473512441)
                  00024ff8    00000014     drivers_cc13x4.a : Button.c.obj (.rodata.Button_defaultParams)
                  0002500c    00000014     ti_drivers_config.o (.rodata.PowerCC26X2_config)
                  00025020    00000014     drivers_cc13x4.a : TRNG.c.obj (.rodata.TRNG_defaultParams)
                  00025034    00000014     ti_sysbios_config.o (.rodata.ti_sysbios_knl_Swi_Params_default)
                  00025048    00000013     macTask.o (.rodata.msacbackSizeTable)
                  0002505b    00000013     cui.o (.rodata.str1.102282016975128293211)
                  0002506e    00000013     display_task.o (.rodata.str1.182917501125905704711)
                  00025081    00000013     ssf.o (.rodata.str1.51231188198628516361)
                  00025094    00000013     ssf.o (.rodata.str1.52955529156005986921)
                  000250a7    00000013     display_task.o (.rodata.str1.6959390914554388111)
                  000250ba    00000013     cui.o (.rodata.str1.77108971315039313481)
                  000250cd    00000012     ssf.o (.rodata.str1.145927640768134078831)
                  000250df    00000012     cui.o (.rodata.str1.57965206473661515771)
                  000250f1    00000011     ti_sysbios_config.o (.rodata.str1.111528116657238352481)
                  00025102    00000011     ssf.o (.rodata.str1.112775746780578959251)
                  00025113    00000011     libc.a : _printfi.c.obj (.rodata.str1.11645776875810915891)
                  00025124    00000011            : _printfi.c.obj (.rodata.str1.44690500295887128011)
                  00025135    00000011     sensor.o (.rodata.str1.86399352463730447251)
                  00025146    00000011     ssf.o (.rodata.validChannelMask)
                  00025157    00000001     ti_drivers_config.o (.rodata.GPIO_pinUpperBound)
                  00025158    00000010     drivers_cc13x4.a : AESCCM.c.obj (.rodata.AESCCM_defaultParams)
                  00025168    00000010     ti_drivers_config.o (.rodata.GPIO_config)
                  00025178    00000010     ti_drivers_config.o (.rodata.LED_config)
                  00025188    00000010     maclib_secure_cc13x4_tirtos7.a : hmac_global.c.o (.rodata.macIEEEPhyTable)
                  00025198    00000010     ti_sysbios_config.o (.rodata.str1.67815635884313329291)
                  000251a8    00000010     ti_drivers_config.o (.rodata.timerCC26XXHWAttrs)
                  000251b8    0000000f     sensor.o (.rodata.str1.114908228018720310511)
                  000251c7    0000000f     ti_sysbios_config.o (.rodata.str1.123815885180704396101)
                  000251d6    00000002     ti_sysbios_config.o (.rodata.str1.71102027280925491351)
                  000251d8    0000000f     cui.o (.rodata.str1.31283028358430797584)
                  000251e7    0000000f     ssf.o (.rodata.str1.99041087063118600691)
                  000251f6    00000001     ti_drivers_config.o (.rodata.LED_count)
                  000251f7    00000001     ti_drivers_config.o (.rodata.NVS_count)
                  000251f8    0000000e     st7789.o (.rodata..L__const.ST779_Init.data.1)
                  00025206    00000001     ti_drivers_config.o (.rodata.SPI_count)
                  00025207    00000001     ti_drivers_config.o (.rodata.Timer_count)
                  00025208    0000000e     st7789.o (.rodata..L__const.ST779_Init.data.2)
                  00025216    0000000e     maclib_secure_cc13x4_tirtos7.a : hmac_global.c.o (.rodata.macCmdBufSize)
                  00025224    0000000e                                    : hmac_global.c.o (.rodata.macTxFrameFailed)
                  00025232    0000000e                                    : hmac_global.c.o (.rodata.macTxFrameSuccess)
                  00025240    0000000e     ssf.o (.rodata.str1.143131056285309342521)
                  0002524e    0000000e     sensor.o (.rodata.str1.93604256530678532041)
                  0002525c    0000000c     utc_clock.o (.rodata.EPOCH_convertTime.daysInMonth)
                  00025268    0000000c     ti_drivers_config.o (.rodata.GPTimerCC26XX_config)
                  00025274    0000000c     ti_drivers_config.o (.rodata.NVS_config)
                  00025280    0000000c     ti_drivers_config.o (.rodata.RFCC26XX_hwAttrs)
                  0002528c    0000000c     ti_drivers_config.o (.rodata.SPI_config)
                  00025298    0000000c     ti_sysbios_config.o (.rodata.defAttrs)
                  000252a4    0000000c     drivers_cc13x4.a : Timer.c.obj (.rodata.defaultParams)
                  000252b0    0000000c                      : TimerCC26XX.c.obj (.rodata.defaultParams)
                  000252bc    0000000c                      : SPICC26X4DMA.c.obj (.rodata.dmaNullConfig)
                  000252c8    0000000c                      : SPICC26X4DMA.c.obj (.rodata.dmaRxConfig)
                  000252d4    0000000c                      : SPICC26X4DMA.c.obj (.rodata.dmaTxConfig)
                  000252e0    0000000c     ti_drivers_config.o (.rodata.gptimerCC26XXHWAttrs)
                  000252ec    0000000c     maclib_secure_cc13x4_tirtos7.a : hmac_global.c.o (.rodata.macCbackEventTbl)
                  000252f8    0000000c                                    : hmac_global.c.o (.rodata.macSendMsgDataSize)
                  00025304    0000000c     ssf.o (.rodata.str1.109638716016064757341)
                  00025310    0000000c     control_task.o (.rodata.str1.20335272819579692351)
                  0002531c    0000000c     ssf.o (.rodata.str1.81649424991681116081)
                  00025328    0000000c     ti_sysbios_config.o (.rodata.ti_sysbios_knl_Clock_Params_default)
                  00025334    0000000c     ti_sysbios_config.o (.rodata.ti_sysbios_knl_Semaphore_Params_default)
                  00025340    0000000b     ssf.o (.rodata.str1.111315732020231339514)
                  0002534b    0000000b     ssf.o (.rodata.str1.93280015240259553851)
                  00025356    0000000a     drivers_cc13x4.a : Button.c.obj (.rodata..Lswitch.table.Button_gpioCallbackFxn)
                  00025360    0000000a     jdllc.o (.rodata.keyIdLookupList)
                  0002536a    0000000a     display_task.o (.rodata.str1.145676373725470192851)
                  00025374    0000000a     sensor.o (.rodata.str1.8984902958309274291)
                  0002537e    00000009     maclib_secure_cc13x4_tirtos7.a : hmac_global.c.o (.rodata.macCmdLen)
                  00025387    00000009     ssf.o (.rodata.str1.111735626433975511941)
                  00025390    00000009     sensor.o (.rodata.str1.138611527861904280221)
                  00025399    00000009     ssf.o (.rodata.str1.157122460158101493541)
                  000253a2    00000009     ssf.o (.rodata.str1.18114424290860011881)
                  000253ab    00000009     ssf.o (.rodata.str1.24765741288239325951)
                  000253b4    00000009     sensor.o (.rodata.str1.42391455363099336461)
                  000253bd    00000003     cui.o (.rodata.str1.106516855938329041901)
                  000253c0    00000009     display_task.o (.rodata.str1.99427063411878643834)
                  000253c9    00000003     cui.o (.rodata.str1.1727220237314762261)
                  000253cc    00000008     rf_multiMode_cc13x4.a : RFCC26X2_multiMode.c.cc13x4.ticlang.o (.rodata..L__const.RF_hwiCpe0Active.activeCmd)
                  000253d4    00000008     ti_drivers_config.o (.rodata.AESCCM_config)
                  000253dc    00000008     jdllc.o (.rodata.Jdllc_keySource)
                  000253e4    00000008     drivers_cc13x4.a : LED.c.obj (.rodata.LED_defaultParams)
                  000253ec    00000008     ti_drivers_config.o (.rodata.Timer_config)
                  000253f4    00000008     ti_drivers_config.o (.rodata.UART2_config)
                  000253fc    00000008     ti_drivers_config.o (.rodata.UDMACC26XX_config)
                  00025404    00000008     driverlib.lib : aux_sysif.c.obj (.rodata.cst4)
                  0002540c    00000008     maclib_secure_cc13x4_tirtos7.a : mac_rx.c.o (.rodata.cst4)
                  00025414    00000008     drivers_cc13x4.a : GPTimerCC26XX.c.obj (.rodata.cst8)
                  0002541c    00000008     main.o (.rodata.cst8)
                  00025424    00000008     maclib_secure_cc13x4_tirtos7.a : hmac_global.c.o (.rodata.macAuthTagLen)
                  0002542c    00000008     ti_drivers_config.o (.rodata.nvsCC26XXHWAttrs)
                  00025434    00000008     ti_sysbios_config.o (.rodata.prefixStrings)
                  0002543c    00000008     sensor.o (.rodata.str1.110591433356627917561)
                  00025444    00000008     ssf.o (.rodata.str1.25750957905500915411)
                  0002544c    00000008     ssf.o (.rodata.str1.62713664212336136821)
                  00025454    00000008     drivers_cc13x4.a : SPICC26X4DMA.c.obj (.rodata.str4.155917611747441982854)
                  0002545c    00000008     ti_sysbios_config.o (.rodata.ti_sysbios_knl_Idle_funcList)
                  00025464    00000008     ti_drivers_config.o (.rodata.udmaCC26XXHWAttrs)
                  0002546c    00000007     display_task.o (.rodata.str1.163921970957602588521)
                  00025473    00000007     ti_sysbios_config.o (.rodata.str1.174580395633770214331)
                  0002547a    00000007     ssf.o (.rodata.str1.178643345727570655661)
                  00025481    00000007     ssf.o (.rodata.str1.67243849773169265341)
                  00025488    00000007     sensor.o (.rodata.str1.80822011508962623791)
                  0002548f    00000007     ssf.o (.rodata.str1.91798637038816203781)
                  00025496    00000006     cui.o (.rodata..L.str.8)
                  0002549c    00000005     drivers_cc13x4.a : UART2CC26X2.c.obj (.rodata.parityType)
                  000254a1    00000005                      : UART2CC26X2.c.obj (.rodata.rxFifoThreshold)
                  000254a6    00000005     jdllc.o (.rodata.securityLevelEntry)
                  000254ab    00000005     cui.o (.rodata.str1.171172772721783292271)
                  000254b0    00000005     ssf.o (.rodata.str1.175697533864018170101)
                  000254b5    00000005     drivers_cc13x4.a : UART2CC26X2.c.obj (.rodata.txFifoThreshold)
                  000254ba    00000004     ti_drivers_config.o (.rodata.LEDHWAttrs)
                  000254be    00000001     ti_drivers_config.o (.rodata.UART2_count)
                  000254bf    00000001     ti_drivers_config.o (.rodata.aesccmCC26X4HWAttrs)
                  000254c0    00000004     drivers_cc13x4.a : NVS.c.obj (.rodata.NVS_defaultParams)
                  000254c4    00000004     ti_sysbios_config.o (.rodata.TimestampP_nativeFormat32)
                  000254c8    00000004     ti_sysbios_config.o (.rodata.TimestampP_nativeFormat64)
                  000254cc    00000004     cui.o (.rodata.cst4)
                  000254d0    00000004     drivers_cc13x4.a : UART2CC26X2.c.obj (.rodata.cst4)
                  000254d4    00000004     maclib_secure_cc13x4_tirtos7.a : hmac_global.c.o (.rodata.macKeySourceLen)
                  000254d8    00000004     cui.o (.rodata.str1.1962397095404626351)
                  000254dc    00000004     cui.o (.rodata.str1.30335467574677175321)
                  000254e0    00000004     cui.o (.rodata.str1.62677890245300467701)
                  000254e4    00000004     cui.o (.rodata.str1.90401143020905717261)
                  000254e8    00000004     cui.o (.rodata.str1.95615992137081022121)
                  000254ec    00000004     ti_sysbios_config.o (.rodata.ti_sysbios_family_arm_v8m_Hwi_swiTaskKeyAddress)
                  000254f0    00000004     ti_sysbios_config.o (.rodata.ti_sysbios_knl_Clock_tickPeriod)
                  000254f4    00000003     cui.o (.rodata.str1.17643001253678926731)
                  000254f7    00000001     ssf.o (.rodata.str1.39883029910703621341)

.cinit     0    000254f8    0000044c     
                  000254f8    00000397     (.cinit..data.load) [load image, compression = lzss]
                  0002588f    00000001     --HOLE-- [fill = 0]
                  00025890    0000000c     (__TI_handler_table)
                  0002589c    00000008     (.cinit..TI.bound:dmaSpi0RxAltControlTableEntry.load) [load image, compression = zero_init]
                  000258a4    00000008     (.cinit..TI.bound:dmaSpi0RxControlTableEntry.load) [load image, compression = zero_init]
                  000258ac    00000008     (.cinit..TI.bound:dmaSpi0TxAltControlTableEntry.load) [load image, compression = zero_init]
                  000258b4    00000008     (.cinit..TI.bound:dmaSpi0TxControlTableEntry.load) [load image, compression = zero_init]
                  000258bc    00000008     (.cinit..TI.bound:dmaUart1RxControlTableEntry.load) [load image, compression = zero_init]
                  000258c4    00000008     (.cinit..TI.bound:dmaUart1TxControlTableEntry.load) [load image, compression = zero_init]
                  000258cc    00000008     (.cinit..bss.1.load) [load image, compression = zero_init]
                  000258d4    00000008     (.cinit..bss.2.load) [load image, compression = zero_init]
                  000258dc    00000008     (.cinit..bss.3.load) [load image, compression = zero_init]
                  000258e4    00000008     (.cinit..ramVecs.load) [load image, compression = zero_init]
                  000258ec    00000058     (__TI_cinit_table)

.init_array 
*          0    00000000    00000000     UNINITIALIZED

.TI.bound:flashBuf0 
*          0    00052000    00004000     UNINITIALIZED
                  00052000    00004000     ti_drivers_config.o (.TI.bound:flashBuf0)

.data      0    20022400    00000e5a     UNINITIALIZED
                  20022400    00000178     drivers_cc13x4.a : PowerCC26X2.c.obj (.data.PowerCC26X2_module)
                  20022578    000000c0     ti_drivers_config.o (.data.gpioPinConfigs)
                  20022638    000000af     ti_radio_config.o (.data.txPowerTable_868_pa13)
                  200226e7    00000001     cui.o (.data.CUI_statusLinePrintf.refreshCharIdx)
                  200226e8    000000a0     mac_cfg.o (.data.macMRFSKGenPhyTable)
                  20022788    00000078     sensor.o (.data..L_MergedGlobals)
                  20022800    00000074     jdllc.o (.data..L_MergedGlobals)
                  20022874    0000006c     maclib_secure_cc13x4_tirtos7.a : hmac_global.c.o (.data.fhObject)
                  200228e0    00000068     rf_multiMode_cc13x4.a : RFCC26X2_multiMode.c.cc13x4.ticlang.o (.data..L_MergedGlobals.1)
                  20022948    00000068     cui.o (.data..L_MergedGlobals.22)
                  200229b0    00000068     ssf.o (.data..L_MergedGlobals.35)
                  20022a18    00000068     ti_sysbios_config.o (.data..L_MergedGlobals.72)
                  20022a80    00000068     ti_sysbios_config.o (.data..L_MergedGlobals)
                  20022ae8    00000068     ti_sysbios_config.o (.data.ti_sysbios_knl_Clock_Module_state)
                  20022b50    00000064     rf_multiMode_cc13x4.a : RFCC26X2_multiMode.c.cc13x4.ticlang.o (.data..L_MergedGlobals.3)
                  20022bb4    0000005c     main.o (.data.Main_user1Cfg)
                  20022c10    00000058     rf_multiMode_cc13x4.a : RFCC26X2_multiMode.c.cc13x4.ticlang.o (.data..L_MergedGlobals.2)
                  20022c68    00000058     ssf.o (.data..L_MergedGlobals)
                  20022cc0    00000050     nvocmp.o (.data..L_MergedGlobals.1)
                  20022d10    00000048     sensor.o (.data.Sensor_macCallbacks)
                  20022d58    00000048     jdllc.o (.data.macCallbacksCopy)
                  20022da0    00000040     ssf.o (.data.configureSubMenu)
                  20022de0    0000003c     ti_sysbios_config.o (.data.ti_sysbios_knl_Task_Module_state)
                  20022e1c    00000038     drivers_cc13x4.a : TRNGCC26XX.c.obj (.data..L_MergedGlobals.1)
                  20022e54    00000035     cui.o (.data..L_MergedGlobals)
                  20022e89    00000003     maclib_secure_cc13x4_tirtos7.a : mac_tx.c.o (.data..L_MergedGlobals.1)
                  20022e8c    00000034     ssf.o (.data.commissionSubMenu)
                  20022ec0    00000034     maclib_secure_cc13x4_tirtos7.a : hmac_global.c.o (.data.macBeaconPayload)
                  20022ef4    00000004                                    : mac_hl_patch.c.o (.data..L_MergedGlobals)
                  20022ef8    00000030     drivers_cc13x4.a : TRNGCC26XX.c.obj (.data..L_MergedGlobals)
                  20022f28    0000002c     ti_radio_config.o (.data.pOverrides_2gfsk50kbps154g)
                  20022f54    00000028     ssf.o (.data.appSubMenu)
                  20022f7c    00000024     maclib_secure_cc13x4_tirtos7.a : hmac_global.c.o (.data.macActionSet)
                  20022fa0    00000020                                    : mac.c.o (.data..L_MergedGlobals)
                  20022fc0    00000020     mac_cfg.o (.data.macBeaconMargin)
                  20022fe0    00000018     control_task.o (.data..L_MergedGlobals)
                  20022ff8    00000018     maclib_secure_cc13x4_tirtos7.a : mac_duty_cycle.c.o (.data..L_MergedGlobals)
                  20023010    00000018     ugui.o (.data..L_MergedGlobals)
                  20023028    00000015     maclib_secure_cc13x4_tirtos7.a : mac_rx.c.o (.data..L_MergedGlobals)
                  2002303d    00000003     api_mac.o (.data..L_MergedGlobals)
                  20023040    00000014     ti_sysbios_config.o (.data.defaultPthreadAttrs)
                  20023054    00000014     maclib_secure_cc13x4_tirtos7.a : hmac_global.c.o (.data.macStateTbl)
                  20023068    00000014     main.o (.data.macUser0Cfg)
                  2002307c    00000010     sensor.o (.data..L_MergedGlobals.8)
                  2002308c    00000010     btn.o (.data..L_MergedGlobals)
                  2002309c    00000010     driverlib.lib : osc.c.obj (.data..L_MergedGlobals)
                  200230ac    00000010     macTask.o (.data..L_MergedGlobals)
                  200230bc    00000010     utc_clock.o (.data..L_MergedGlobals)
                  200230cc    00000010     mac_settings.o (.data.RF_cmdNop)
                  200230dc    00000010     mac_settings.o (.data.RF_cmdNopFg)
                  200230ec    00000010     ti_radio_config.o (.data.RF_prop_2gfsk50kbps154g)
                  200230fc    00000010     driverlib.lib : osc.c.obj (.data._hposcCoeffs)
                  2002310c    00000010     mac_cfg.o (.data.macCfg)
                  2002311c    0000000c     maclib_osal_tirtos7_cc13x4_26x4.a : osal_port.c.o (.data..L_MergedGlobals.1)
                  20023128    0000000c     maclib_secure_cc13x4_tirtos7.a : mac.c.o (.data..L_MergedGlobals.1)
                  20023134    0000000c     drivers_cc13x4.a : NVSCC26XX.c.obj (.data..L_MergedGlobals)
                  20023140    0000000c     maclib_osal_tirtos7_cc13x4_26x4.a : osal_port.c.o (.data..L_MergedGlobals)
                  2002314c    0000000c     display_task.o (.data.battery_full)
                  20023158    0000000c     st7789.o (.data.device)
                  20023164    0000000a     main.o (.data.collectorAddr_app)
                  2002316e    00000008     control_task.o (.data..L_MergedGlobals.1)
                  20023176    00000002     maclib_secure_cc13x4_tirtos7.a : mac_autopend.c.o (.data..L_MergedGlobals)
                  20023178    00000008     maclib_osal_tirtos7_cc13x4_26x4.a : osal_port_timers.c.o (.data..L_MergedGlobals.1)
                  20023180    00000008     maclib_secure_cc13x4_tirtos7.a : mac_radio.c.o (.data..L_MergedGlobals.1)
                  20023188    00000008     maclib_osal_tirtos7_cc13x4_26x4.a : osal_port_timers.c.o (.data..L_MergedGlobals)
                  20023190    00000008     maclib_secure_cc13x4_tirtos7.a : mac_radio.c.o (.data..L_MergedGlobals)
                  20023198    00000008                                    : mac_radio_tx.c.o (.data..L_MergedGlobals)
                  200231a0    00000008                                    : mac_tx.c.o (.data..L_MergedGlobals)
                  200231a8    00000008     rf_multiMode_cc13x4.a : RFCC26X2_multiMode.c.cc13x4.ticlang.o (.data..L_MergedGlobals)
                  200231b0    00000008                           : RFCC26X2_multiMode.c.cc13x4.ticlang.o (.data.RFCC26XX_schedulerPolicy)
                  200231b8    00000008     ti_sysbios_config.o (.data.ti_sysbios_gates_GateMutexPri_Module_state)
                  200231c0    00000008     ti_sysbios_config.o (.data.ti_sysbios_heaps_HeapCallback_Module_state)
                  200231c8    00000008     ti_sysbios_config.o (.data.ti_sysbios_knl_Mailbox_Module_state)
                  200231d0    00000008     ti_sysbios_config.o (.data.ti_sysbios_knl_Semaphore_Module_state)
                  200231d8    00000006     display_task.o (.data..L_MergedGlobals)
                  200231de    00000002     maclib_secure_cc13x4_tirtos7.a : mac_hl_patch.c.o (.data.assoc_resp_no_ack_cnt)
                  200231e0    00000004     drivers_cc13x4.a : PowerCC26X2.c.obj (.data.PowerCC26X2_rtcSubSecInc)
                  200231e4    00000004     rf_multiMode_cc13x4.a : RFCC26X2_multiMode.c.cc13x4.ticlang.o (.data.RF_fsmActiveState.lfClockSourceLast)
                  200231e8    00000004     libc.a : aeabi_portable.c.obj (.data.__aeabi_errno)
                  200231ec    00000004            : _lock.c.obj (.data._lock)
                  200231f0    00000004            : _lock.c.obj (.data._unlock)
                  200231f4    00000004     api_mac.o (.data.appEvents)
                  200231f8    00000004     display_task.o (.data.gmt)
                  200231fc    00000004     maclib_secure_cc13x4_tirtos7.a : hmac_global.c.o (.data.macDataBeaconRequeue)
                  20023200    00000004                                    : hmac_global.c.o (.data.macDataCheckSched)
                  20023204    00000004                                    : hmac_global.c.o (.data.macDataCheckTxTime)
                  20023208    00000004                                    : hmac_global.c.o (.data.macDataRequeueIndirect)
                  2002320c    00000004                                    : hmac_global.c.o (.data.macDataRxBeaconCritical)
                  20023210    00000004                                    : hmac_global.c.o (.data.macDataSetSched)
                  20023214    00000004                                    : hmac_global.c.o (.data.macDataTxBeaconComplete)
                  20023218    00000004                                    : hmac_global.c.o (.data.macDataTxIndirect)
                  2002321c    00000004                                    : mac_symbol_timer.c.o (.data.macSymbolWakeupClock)
                  20023220    00000004     macTask.o (.data.macTaskEvents)
                  20023224    00000004     maclib_secure_cc13x4_tirtos7.a : hmac_global.c.o (.data.macTimerNewRollover)
                  20023228    00000004                                    : hmac_global.c.o (.data.macTimerRollover)
                  2002322c    00000004                                    : mac.c.o (.data.minTxOffTime)
                  20023230    00000004     api_mac.o (.data.pMacCallbacks)
                  20023234    00000004     maclib_secure_cc13x4_tirtos7.a : hmac_global.c.o (.data.pMacDataTx)
                  20023238    00000004                                    : mac_radio_tx.c.o (.data.pMacEnhancedAck)
                  2002323c    00000004                                    : mac_mcu.c.o (.data.pRandomSeedCB)
                  20023240    00000002     control_task.o (.data.personal_addr)
                  20023242    00000002     mac_cfg.o (.data.symbol_rate_custom)
                  20023244    00000001     main.o (.data.Main_assertReason)
                  20023245    00000001     nvocmp.o (.data.NVOCMP_failF)
                  20023246    00000001     maclib_secure_cc13x4_tirtos7.a : lmac_global.c.o (.data.bInSwi)
                  20023247    00000001     rf_multiMode_cc13x4.a : rf_patch_cpe_multi_protocol.c.cc13x4.ticlang.o (.data.bMultiProtocolPatchEntered)
                  20023248    00000001     maclib_secure_cc13x4_tirtos7.a : hmac_global.c.o (.data.csmPhy)
                  20023249    00000001                                    : mac.c.o (.data.customMinTxOffEnabled)
                  2002324a    00000001                                    : mac_duty_cycle.c.o (.data.dcEnabled)
                  2002324b    00000001     drivers_cc13x4.a : GPIOCC26X4.c.obj (.data.initCalled)
                  2002324c    00000001                      : AESCCMCC26X4.c.obj (.data.isInitialized)
                  2002324d    00000001                      : CryptoResourceCC26XX.c.obj (.data.isInitialized)
                  2002324e    00000001                      : NVS.c.obj (.data.isInitialized)
                  2002324f    00000001                      : PWM.c.obj (.data.isInitialized)
                  20023250    00000001                      : SPI.c.obj (.data.isInitialized)
                  20023251    00000001     maclib_secure_cc13x4_tirtos7.a : lmac_global.c.o (.data.macRadioYielded)
                  20023252    00000001                                    : lmac_global.c.o (.data.macSrcMatchIsEnabled)
                  20023253    00000001                                    : mac_autopend.c.o (.data.macSrcMatchManualAddressTracking)
                  20023254    00000001                                    : mac.c.o (.data.macTxCmdActive)
                  20023255    00000001                                    : lmac_global.c.o (.data.macTxSlottedDelay)
                  20023256    00000001                                    : mac_tx.c.o (.data.macTxSlottedDelayFactor)
                  20023257    00000001                                    : mac_tx.c.o (.data.npdb)
                  20023258    00000001                                    : mac_tx.c.o (.data.numTx)
                  20023259    00000001                                    : mac.c.o (.data.reqAccessAlloc)

.ramVecs   0    20023300    000001fc     UNINITIALIZED
                  20023300    000000fc     driverlib.lib : interrupt.c.obj (.ramVecs)
                  200233fc    00000004     --HOLE--
                  20023400    000000fc     ti_sysbios_config.o (.ramVecs)

.sysmem    0    200234fc    00000000     UNINITIALIZED

.nonretenvar 
*          0    200234fc    00000000     UNINITIALIZED

.stack     0    2003b000    00005000     UNINITIALIZED
                  2003b000    00000004     sysbios.a : boot_cortex_m.c.obj (.stack)
                  2003b004    00004ffc     --HOLE--

.ccfg      0    50000000    0000007c     
                  50000000    0000007c     ti_devices_config.o (.ccfg)

.text      0    0000003c    0001d71c     
                  0000003c    0000086c     libc.a : _printfi.c.obj (.text:__TI_printfi_nofloat)
                  000008a8    00000744     maclib_secure_cc13x4_tirtos7.a : mac_rx.c.o (.text.macRxFrameIsr)
                  00000fec    00000594                                    : mac_radio_tx.c.o (.text.macRadioTxGo)
                  00001580    00000480     rf_multiMode_cc13x4.a : RFCC26X2_multiMode.c.cc13x4.ticlang.o (.text.RF_fsmActiveState)
                  00001a00    000003b8     api_mac.o (.text.ApiMac_processIncoming)
                  00001db8    0000036c     ugui.o (.text._UG_PutChar)
                  00002124    00000358     maclib_secure_cc13x4_tirtos7.a : mac_rx.c.o (.text.rxPayloadIsr)
                  0000247c    0000033c     drivers_cc13x4.a : SPICC26X4DMA.c.obj (.text.SPICC26X4DMA_transfer)
                  000027b8    00000324     sensor.o (.text.dataIndCB)
                  00002adc    0000031c     maclib_secure_cc13x4_tirtos7.a : mac_hl_patch.c.o (.text.macWrapperAddDevice)
                  00002df8    000002f4                                    : mac.c.o (.text.macRxCb)
                  000030ec    000002ec                                    : mac_mgmt.c.o (.text.macBuildHeader)
                  000033d8    000002e8                                    : mac_radio_tx.c.o (.text.macRadioCsmaTxCb)
                  000036c0    000002d4     cui.o (.text.CUI_processMenuUpdate)
                  00003994    000002ac     sensor.o (.text.Sensor_process)
                  00003c40    000002a0     nvocmp.o (.text.NVOCMP_initNvApi)
                  00003ee0    00000290     ti_sysbios_config.o (.text.ti_sysbios_runtime_System_doPrint)
                  00004170    00000280     nvocmp.o (.text.NVOCMP_compactPage)
                  000043f0    00000268     maclib_secure_cc13x4_tirtos7.a : mac_radio.c.o (.text.macRadioInitSubG)
                  00004658    0000024c     rf_multiMode_cc13x4.a : RFCC26X2_multiMode.c.cc13x4.ticlang.o (.text.RF_open)
                  000048a4    00000240     macTask.o (.text.macTaskFxn)
                  00004ae4    00000228     maclib_secure_cc13x4_tirtos7.a : mac_security_pib.c.o (.text.MAC_MlmeSetSecurityReq)
                  00004d0c    00000224     jdllc.o (.text.Jdllc_process)
                  00004f30    0000021c     maclib_secure_cc13x4_tirtos7.a : mac_radio_tx.c.o (.text.macRadioTxRequestTxAck)
                  0000514c    00000210                                    : mac.c.o (.text.macSendReceiveCmdSubG)
                  0000535c    000001fc     drivers_cc13x4.a : AESCCMCC26X4.c.obj (.text.AESCCM_addAADInternal)
                  00005558    000001f4     nvocmp.o (.text.NVOCMP_addItem)
                  0000574c    000001f0     drivers_cc13x4.a : UART2CC26X2.c.obj (.text.UART2CC26X2_hwiIntFxn)
                  0000593c    000001ec     maclib_secure_cc13x4_tirtos7.a : mac_hl_patch.c.o (.text.macTxCompleteCallback)
                  00005b28    000001e8     rf_multiMode_cc13x4.a : RFCC26X2_multiMode.c.cc13x4.ticlang.o (.text.RF_scheduleCmd)
                  00005d10    000001dc                           : RFCC26X2_multiMode.c.cc13x4.ticlang.o (.text.RF_dispatchNextCmd)
                  00005eec    000001d8     control_task.o (.text.controlTask_)
                  000060c4    000001d8     maclib_secure_cc13x4_tirtos7.a : mac_security_pib.c.o (.text.macSecurityPibReset)
                  0000629c    000001d4     drivers_cc13x4.a : SPICC26X4DMA.c.obj (.text.SPICC26X4DMA_hwiFxn)
                  00006470    000001d4                      : UART2.c.obj (.text.UART2_readTimeout)
                  00006644    000001d4     mac_settings.o (.text.rfSetConfigSubG)
                  00006818    000001d4     ssf.o (.text.setChMaskAction)
                  000069ec    000001d0     maclib_secure_cc13x4_tirtos7.a : mac.c.o (.text.macSendReceiveCmdIeee)
                  00006bbc    000001c8     display_task.o (.text.noti_display)
                  00006d84    000001bc     maclib_secure_cc13x4_tirtos7.a : mac_pib.c.o (.text.MAC_MlmeSetReq)
                  00006f40    000001bc     ugui.o (.text.UG_Update)
                  000070fc    000001b4     ssf.o (.text.setNwkKeyAction)
                  000072b0    000001ac     maclib_secure_cc13x4_tirtos7.a : mac_tx.c.o (.text.macTxFrame)
                  0000745c    000001a0     cui.o (.text.CUI_registerMenu)
                  000075fc    00000194     drivers_cc13x4.a : PowerCC26X2_calibrateRCOSC.c.obj (.text.PowerCC26X2_auxISR)
                  00007790    00000194     maclib_secure_cc13x4_tirtos7.a : mac_hl_patch.c.o (.text.macWrapperAddKeyInitFCtr)
                  00007924    00000188                                    : mac_security_pib.c.o (.text.MAC_MlmeGetSecurityReq)
                  00007aac    00000184     drivers_cc13x4.a : UART2CC26X2.c.obj (.text.UART2_open)
                  00007c30    00000184     maclib_secure_cc13x4_tirtos7.a : mac_hl_patch.c.o (.text.macIncomingFrameSecurityMaterialRetrieval)
                  00007db4    00000174     drivers_cc13x4.a : UART2.c.obj (.text.UART2_writeTimeoutBlocking)
                  00007f28    00000170     st7789.o (.text.ST779_Init)
                  00008098    00000168     maclib_secure_cc13x4_tirtos7.a : mac_mgmt.c.o (.text.macBuildCommonReq)
                  00008200    00000160                                    : mac_hl_patch.c.o (.text.MAC_McpsDataReq)
                  00008360    00000160                                    : mac_scan.c.o (.text.macApiScanReq)
                  000084c0    00000160                                    : mac_tx.c.o (.text.txCsmaDelay)
                  00008620    00000158     drivers_cc13x4.a : SPICC26X4DMA.c.obj (.text.configNextTransfer)
                  00008778    0000014c     rf_multiMode_cc13x4.a : RFCC26X2_multiMode.c.cc13x4.ticlang.o (.text.RF_radioOpDoneCb)
                  000088c4    0000014c     drivers_cc13x4.a : SPICC26X4DMA.c.obj (.text.SPICC26X4DMA_open)
                  00008a10    0000014c     ssf.o (.text.setPanIdAction)
                  00008b5c    00000148     drivers_cc13x4.a : PowerCC26X2.c.obj (.text.Power_sleep)
                  00008ca4    00000148     ugui.o (.text.UG_DrawBMP)
                  00008dec    00000148     maclib_secure_cc13x4_tirtos7.a : mac_data.c.o (.text.macDataTxSend)
                  00008f34    00000144     rf_multiMode_cc13x4.a : RFCC26X2_multiMode.c.cc13x4.ticlang.o (.text.RF_updatePaConfiguration)
                  00009078    00000144     maclib_secure_cc13x4_tirtos7.a : mac_hl_patch.c.o (.text.macIncomingFrameSecurity)
                  000091bc    00000140                                    : mac_radio_tx.c.o (.text.macRadioLbtTxCb)
                  000092fc    0000013c     cui.o (.text.CUI_init)
                  00009438    0000013c     rf_multiMode_cc13x4.a : RFCC26X2_multiMode.c.cc13x4.ticlang.o (.text.RF_abortCmd)
                  00009574    00000138     nvocmp.o (.text.NVOCMP_findItem)
                  000096ac    00000138     libc.a : strtol.c.obj (.text.strtol)
                  000097e4    00000134     rf_multiMode_cc13x4.a : RFCC26X2_multiMode.c.cc13x4.ticlang.o (.text.RF_ratSetupChannel)
                  00009918    00000134     maclib_secure_cc13x4_tirtos7.a : mac_mgmt.c.o (.text.macSetDefaultsByPhyID)
                  00009a4c    00000130     drivers_cc13x4.a : AESCCMCC26X4.c.obj (.text.AESCCM_addDataInternal)
                  00009b7c    0000012c     rf_multiMode_cc13x4.a : RFCC26X2_multiMode.c.cc13x4.ticlang.o (.text.RF_close)
                  00009ca8    0000012c     maclib_secure_cc13x4_tirtos7.a : mac_hl_patch.c.o (.text.macRxBeaconCritical)
                  00009dd4    0000012c     ti_sysbios_config.o (.text.ti_sysbios_family_arm_v8m_cc26x4_Timer_construct)
                  00009f00    00000128     drivers_cc13x4.a : Button.c.obj (.text.Button_clockTimeoutHandler)
                  0000a028    00000128     cui.o (.text.CUI_statusLinePrintf)
                  0000a150    00000128     maclib_secure_cc13x4_tirtos7.a : mac_data.c.o (.text.macAllocTxBuffer)
                  0000a278    00000128                                    : mac_hl_patch.c.o (.text.macWrapperDeleteDevice)
                  0000a3a0    00000124     cui.o (.text.CUI_dispMenu)
                  0000a4c4    00000124     rf_multiMode_cc13x4.a : RFCC26X2_multiMode.c.cc13x4.ticlang.o (.text.RF_fsmSetupState)
                  0000a5e8    00000124     drivers_cc13x4.a : TRNGCC26XX.c.obj (.text.TRNGCC26XX_hwiFxn)
                  0000a70c    00000124     ugui.o (.text._UG_DrawObjectFrame)
                  0000a830    00000124     maclib_secure_cc13x4_tirtos7.a : mac_radio.c.o (.text.macRadioInitIeee)
                  0000a954    00000120                                    : mac_duty_cycle.c.o (.text.macDutyCycleInit)
                  0000aa74    0000011c     drivers_cc13x4.a : NVSCC26XX.c.obj (.text.NVSCC26XX_write)
                  0000ab90    00000118                      : PowerCC26X2.c.obj (.text.Power_init)
                  0000aca8    00000118     rf_multiMode_cc13x4.a : RFCC26X2_multiMode.c.cc13x4.ticlang.o (.text.RF_decodeOverridePointers)
                  0000adc0    00000118     drivers_cc13x4.a : SPICC26X4DMA.c.obj (.text.SPICC26X4DMA_control)
                  0000aed8    00000118     ssf.o (.text.Ssf_init)
                  0000aff0    00000118     drivers_cc13x4.a : UART2.c.obj (.text.UART2_writeTimeoutNonblocking)
                  0000b108    00000114     driverlib.lib : setup_rom.c.obj (.text.NOROM_SetupAfterColdResetWakeupFromShutDownCfg3)
                  0000b21c    00000114     ugui.o (.text._UG_PutText)
                  0000b330    00000114     maclib_secure_cc13x4_tirtos7.a : mac_tx.c.o (.text.txComplete)
                  0000b444    00000110     drivers_cc13x4.a : GPIOCC26X4.c.obj (.text.GPIO_init)
                  0000b554    00000110                      : LED.c.obj (.text.LED_open)
                  0000b664    00000110     sensor.o (.text.dataCnfCB)
                  0000b774    00000110     maclib_secure_cc13x4_tirtos7.a : mac_ie_build.c.o (.text.macBuildPayloadIes)
                  0000b884    0000010c     driverlib.lib : setup_rom.c.obj (.text.NOROM_SetupAfterColdResetWakeupFromShutDownCfg2)
                  0000b990    0000010c     drivers_cc13x4.a : PowerCC26X2_calibrateRCOSC.c.obj (.text.PowerCC26X2_calibrate)
                  0000ba9c    00000108                      : AESCCMCC26X4.c.obj (.text.AESCCM_getResult)
                  0000bba4    00000108     ugui.o (.text.UG_DrawLine)
                  0000bcac    00000108     ugui.o (.text._UG_GetCharData)
                  0000bdb4    00000108     jdllc.o (.text.assocCnfCb)
                  0000bebc    00000108     maclib_secure_cc13x4_tirtos7.a : mac_hl_patch.c.o (.text.macBuildDataFrame)
                  0000bfc4    00000104     macTask.o (.text.MAC_CbackEvent)
                  0000c0c8    00000104     sysbios.a : Hwi_asm_gcc.s.obj (.text.ti_sysbios_family_arm_v8m_Hwi_dispatch)
                  0000c1cc    00000102     drivers_cc13x4.a : SPICC26X4DMA.c.obj (.text.csnCallback)
                  0000c2ce    00000002     ti_sysbios_config.o (.text.BIOS_nullFunc)
                  0000c2d0    00000100     utc_clock.o (.text.EPOCH_convertTime)
                  0000c3d0    00000100     driverlib.lib : setup.c.obj (.text.NOROM_SetupTrimDevice)
                  0000c4d0    00000100     rf_multiMode_cc13x4.a : RFCC26X2_multiMode.c.cc13x4.ticlang.o (.text.RF_fsmPowerUpState)
                  0000c5d0    00000100     drivers_cc13x4.a : TimerCC26XX.c.obj (.text.Timer_open)
                  0000c6d0    00000100     maclib_secure_cc13x4_tirtos7.a : mac_device.c.o (.text.macBuildAssociateReq)
                  0000c7d0    00000100                                    : mac_data.c.o (.text.macRxCompleteCallback)
                  0000c8d0    00000100                                    : mac_hl_patch.c.o (.text.macScanNextChan)
                  0000c9d0    000000fc     rf_multiMode_cc13x4.a : RFCC26X2_multiMode.c.cc13x4.ticlang.o (.text.RF_hwiCpe0Active)
                  0000cacc    000000f8     sensor.o (.text.Sensor_sendMsg)
                  0000cbc4    000000f4     cui.o (.text.CUI_statusLineResourceRequest)
                  0000ccb8    000000f4     drivers_cc13x4.a : TRNGCC26XX.c.obj (.text.TRNG_getRandom)
                  0000cdac    000000f0                      : UART2CC26X2.c.obj (.text.UART2Support_dmaStartRx)
                  0000ce9c    000000f0     maclib_secure_cc13x4_tirtos7.a : mac_device.c.o (.text.macApiAssociateReq)
                  0000cf8c    000000f0     display_task.o (.text.main_menu)
                  0000d07c    000000ec     maclib_secure_cc13x4_tirtos7.a : mac.c.o (.text.macSetupRATChanCompare)
                  0000d168    000000e8     ti_sysbios_config.o (.text.ti_sysbios_knl_Semaphore_pend)
                  0000d250    000000e4     drivers_cc13x4.a : AESCCMCC26X4.c.obj (.text.AESCCM_startOperation)
                  0000d334    000000e4                      : Button.c.obj (.text.Button_open)
                  0000d418    000000e4     maclib_secure_cc13x4_tirtos7.a : mac_tx.c.o (.text.macTxChannelBusyCallback)
                  0000d4fc    000000e0     driverlib.lib : sys_ctrl.c.obj (.text.NOROM_SysCtrlStandby)
                  0000d5dc    000000e0     drivers_cc13x4.a : UART2CC26X2.c.obj (.text.UART2CC26X2_initHw)
                  0000d6bc    000000e0     maclib_secure_cc13x4_tirtos7.a : mac_hl_patch.c.o (.text.macOutgoingFrameKeyDescRetrieval)
                  0000d79c    000000e0                                    : mac_tx.c.o (.text.txCsmaPrep)
                  0000d87c    000000dc     rf_multiMode_cc13x4.a : RFCC26X2_multiMode.c.cc13x4.ticlang.o (.text.RF_control)
                  0000d958    000000dc     maclib_secure_cc13x4_tirtos7.a : mac_mgmt.c.o (.text.macBuildDisassociateReq)
                  0000da34    000000dc     ti_sysbios_config.o (.text.pthread_create)
                  0000db10    000000d8     maclib_secure_cc13x4_tirtos7.a : mac_hl_patch.c.o (.text.macCcmStarTransform)
                  0000dbe8    000000d8                                    : mac_scan.c.o (.text.macScanRxBeacon)
                  0000dcc0    000000d4     api_mac.o (.text.ApiMac_mlmeSetReqArray)
                  0000dd94    000000d4     maclib_secure_cc13x4_tirtos7.a : mac_data.c.o (.text.MAC_McpsDataAlloc)
                  0000de68    000000d4     drivers_cc13x4.a : SPICC26X4DMA.c.obj (.text.initHw)
                  0000df3c    000000d4     sensor.o (.text.jdllcStateChangeCb)
                  0000e010    000000d0     ugui.o (.text._UG_WindowDrawTitle)
                  0000e0e0    000000d0     drivers_cc13x4.a : PowerCC26X2.c.obj (.text.configureXOSCHF)
                  0000e1b0    000000d0     maclib_secure_cc13x4_tirtos7.a : mac_hl_patch.c.o (.text.macEdScanISR)
                  0000e280    000000d0                                    : mac_radio_tx.c.o (.text.macRadioTxAckCb)
                  0000e350    000000d0                                    : mac_radio_tx.c.o (.text.macRadioTxPrepCsmaSlottedSubG)
                  0000e420    000000d0                                    : mac_symbol_timer.c.o (.text.macSymbolTimerUpdateWakeup)
                  0000e4f0    000000cc                                    : mac_mgmt.c.o (.text.macCommStatusInd)
                  0000e5bc    000000cc                                    : mac_device.c.o (.text.macDeviceReset)
                  0000e688    000000cc     display_task.o (.text.selection_menu)
                  0000e754    000000c8     sensor.o (.text.Sensor_init)
                  0000e81c    000000c8     maclib_secure_cc13x4_tirtos7.a : mac_hl_patch.c.o (.text.macOutgoingFrameSecurity)
                  0000e8e4    000000c8                                    : mac_main.c.o (.text.macSendDataMsg)
                  0000e9ac    000000c4     sensor.o (.text.jdllcJoinedCb)
                  0000ea70    000000c4     maclib_secure_cc13x4_tirtos7.a : mac_hl_patch.c.o (.text.macBuildHeaderIes)
                  0000eb34    000000c4                                    : mac_duty_cycle.c.o (.text.macDutyCycleNotify)
                  0000ebf8    000000c0     drivers_cc13x4.a : GPIOCC26XX.c.obj (.text.GPIO_setConfigAndMux)
                  0000ecb8    000000c0     driverlib.lib : aes.c.obj (.text.NOROM_AESWriteToKeyStore)
                  0000ed78    000000c0     ssf.o (.text.Ssf_stateChangeUpdate)
                  0000ee38    000000c0     maclib_secure_cc13x4_tirtos7.a : mac_tx.c.o (.text.macTxRequestCsmaRtcDelay)
                  0000eef8    000000c0                                    : mac_radio.c.o (.text.scheduleNopWakeupCmd)
                  0000efb8    000000bc     drivers_cc13x4.a : PowerCC26X2.c.obj (.text.Power_setDependency)
                  0000f074    000000bc     rf_multiMode_cc13x4.a : RFCC26X2_multiMode.c.cc13x4.ticlang.o (.text.RF_swiHw)
                  0000f130    000000bc     drivers_cc13x4.a : UART2CC26X2.c.obj (.text.UART2Support_dmaStartTx)
                  0000f1ec    000000b8                      : GPTimerCC26XX.c.obj (.text.GPTimerCC26XX_open)
                  0000f2a4    000000b8     maclib_secure_cc13x4_tirtos7.a : mac_mgmt.c.o (.text.MAC_MlmeResetReq)
                  0000f35c    000000b8     btn.o (.text.btn_process)
                  0000f414    000000b8     maclib_secure_cc13x4_tirtos7.a : mac_tx.c.o (.text.macTxRequestCsmaDelay)
                  0000f4cc    000000b8     ti_sysbios_config.o (.text.ti_sysbios_knl_Task_Instance_finalize)
                  0000f584    000000b4     drivers_cc13x4.a : PowerCC26X2.c.obj (.text.Power_releaseDependency)
                  0000f638    000000b4     ugui.o (.text.UG_PutString)
                  0000f6ec    000000b4     maclib_secure_cc13x4_tirtos7.a : mac.c.o (.text.macGetRFCmdDuration)
                  0000f7a0    000000b4     jdllc.o (.text.pollCnfCb)
                  0000f854    000000b4     ti_sysbios_config.o (.text.ti_sysbios_knl_Task_setPri)
                  0000f908    000000b2     api_mac.o (.text.copyDataInd)
                  0000f9ba    00000002     ti_drivers_config.o (.text.Board_initHook)
                  0000f9bc    000000b0     maclib_secure_cc13x4_tirtos7.a : mac_data.c.o (.text.macApiDataReq)
                  0000fa6c    000000b0                                    : mac_mgmt.c.o (.text.macBuildBeaconNotifyInd)
                  0000fb1c    000000b0                                    : mac_ie_build.c.o (.text.macBuildPayloadCoexistIe)
                  0000fbcc    000000b0     jdllc.o (.text.scanCnfCb)
                  0000fc7c    000000b0     libclang_rt.builtins.a : udivmoddi4.S.obj (.text)
                  0000fd2c    000000ac     ti_sysbios_config.o (.text.PowerCC26XX_standbyPolicy)
                  0000fdd8    000000ac     rf_multiMode_cc13x4.a : RFCC26X2_multiMode.c.cc13x4.ticlang.o (.text.RF_pendCmd)
                  0000fe84    000000ac     maclib_secure_cc13x4_tirtos7.a : mac_hl_patch.c.o (.text.macAutoPendMaintainSrcMatchTable)
                  0000ff30    000000ac                                    : mac_data.c.o (.text.macDataTxEnqueue)
                  0000ffdc    000000a8     drivers_cc13x4.a : AESCCMCC26X4.c.obj (.text.AESCCM_hwiFxn)
                  00010084    000000a8                      : SPICC26X4DMA.c.obj (.text.finishTransfer)
                  0001012c    000000a8     maclib_secure_cc13x4_tirtos7.a : mac_rx.c.o (.text.macRxInit)
                  000101d4    000000a8                                    : mac_tx.c.o (.text.macTxStartQueuedFrame)
                  0001027c    000000a4                                    : mac_autopend.c.o (.text.MAC_SrcMatchAddEntry)
                  00010320    000000a4     maclib_osal_tirtos7_cc13x4_26x4.a : osal_port.c.o (.text.OsalPort_heapMalloc)
                  000103c4    000000a4     rf_multiMode_cc13x4.a : RFCC26X2_multiMode.c.cc13x4.ticlang.o (.text.RF_initRadioSetup)
                  00010468    000000a4     display_task.o (.text.display_task_)
                  0001050c    000000a4     maclib_secure_cc13x4_tirtos7.a : mac_hl_patch.c.o (.text.macDataTxComplete)
                  000105b0    000000a4                                    : mac_hl_patch.c.o (.text.macMgmtReset)
                  00010654    000000a4     ti_sysbios_config.o (.text.ti_sysbios_knl_Task_Instance_init)
                  000106f8    000000a0     nvocmp.o (.text.NVOCMP_readContItemApi)
                  00010798    000000a0     rf_multiMode_cc13x4.a : RFCC26X2_multiMode.c.cc13x4.ticlang.o (.text.RF_calculateDispatchTime)
                  00010838    000000a0                           : RFCC26X2_multiMode.c.cc13x4.ticlang.o (.text.RF_requestAccess)
                  000108d8    000000a0     ssf.o (.text.Ssf_processEvents)
                  00010978    000000a0     maclib_secure_cc13x4_tirtos7.a : mac_hl_patch.c.o (.text.macAutoPendAddSrcMatchTableEntry)
                  00010a18    000000a0                                    : mac_hl_patch.c.o (.text.macCbackForEvent)
                  00010ab8    0000009c     driverlib.lib : setup.c.obj (.text.TrimAfterColdResetWakeupFromShutDown)
                  00010b54    0000009c     maclib_secure_cc13x4_tirtos7.a : mac_mgmt.c.o (.text.macBuildWSAsyncReq)
                  00010bf0    0000009c     ti_sysbios_config.o (.text.ti_sysbios_knl_Clock_workFuncDynamic)
                  00010c8c    0000009c     ti_sysbios_config.o (.text.ti_sysbios_knl_Mailbox_Instance_init)
                  00010d28    0000009a     drivers_cc13x4.a : UART2.c.obj (.text.UART2_writeCancel)
                  00010dc2    00000002                      : LED.c.obj (.text.LED_init)
                  00010dc4    00000098                      : GPTimerCC26XX.c.obj (.text.GPTimerCC26XX_close)
                  00010e5c    00000098     nvocmp.o (.text.NVOCMP_erase)
                  00010ef4    00000098     rf_multiMode_cc13x4.a : RFCC26X2_multiMode.c.cc13x4.ticlang.o (.text.RF_defaultSubmitPolicy)
                  00010f8c    00000098     maclib_secure_cc13x4_tirtos7.a : mac_hl_patch.c.o (.text.macIncomingSecurityLevelChecking)
                  00011024    00000098                                    : mac_mgmt.c.o (.text.macRxBeacon)
                  000110bc    00000098                                    : mac_hl_patch.c.o (.text.macScanRxCoordRealign)
                  00011154    00000098                                    : mac_timer.c.o (.text.macSymbolTimerTriggerCallback)
                  000111ec    00000098     ti_sysbios_config.o (.text.ti_sysbios_knl_Task_sleep)
                  00011284    00000096     rf_multiMode_cc13x4.a : RFCC26X2_multiMode.c.cc13x4.ticlang.o (.text.RF_verifyGap)
                  0001131a    00000002                           : rfc.c.cc13x4.ticlang.o (.text.NOROM_RFCCpePatchReset)
                  0001131c    00000094     maclib_secure_cc13x4_tirtos7.a : mac_hl_patch.c.o (.text.MAC_MlmeScanReq)
                  000113b0    00000094     rf_multiMode_cc13x4.a : RFCC26X2_multiMode.c.cc13x4.ticlang.o (.text.RF_ratRestartChannels)
                  00011444    00000094     drivers_cc13x4.a : SPICC26X4DMA.c.obj (.text.SPICC26X4DMA_transferCancel)
                  000114d8    00000094                      : SPICC26X4DMA.c.obj (.text.initIO)
                  0001156c    00000090     rf_multiMode_cc13x4.a : RFCC26X2_multiMode.c.cc13x4.ticlang.o (.text.RF_getTxPower)
                  000115fc    00000090     drivers_cc13x4.a : UART2CC26X2.c.obj (.text.UART2_close)
                  0001168c    00000090     maclib_secure_cc13x4_tirtos7.a : mac_coord.c.o (.text.macIndirectSend)
                  0001171c    00000090                                    : mac_autopend.c.o (.text.macSrcMatchCheckSrcAddr)
                  000117ac    00000090                                    : mac.c.o (.text.macStopCmd)
                  0001183c    0000008c     nvocmp.o (.text.NVOCMP_updateItemApi)
                  000118c8    0000008c     drivers_cc13x4.a : TRNGCC26XX.c.obj (.text.TRNG_construct)
                  00011954    0000008c     jdllc.o (.text.beaconNotifyIndCb)
                  000119e0    0000008c     drivers_cc13x4.a : NVSCC26XX.c.obj (.text.doErase)
                  00011a6c    0000008c     maclib_secure_cc13x4_tirtos7.a : mac_radio_tx.c.o (.text.macRadioFHEncryptFrame)
                  00011af8    0000008c     ti_sysbios_config.o (.text.ti_sysbios_knl_Clock_init)
                  00011b84    0000008c     ti_sysbios_config.o (.text.ti_sysbios_knl_Mailbox_post)
                  00011c10    00000088     jdllc.o (.text.Jdllc_init)
                  00011c98    00000088     nvocmp.o (.text.NVOCMP_deleteItemApi)
                  00011d20    00000088     rf_multiMode_cc13x4.a : RFCC26X2_multiMode.c.cc13x4.ticlang.o (.text.RF_cmdDispatchTime)
                  00011da8    00000088                           : RFCC26X2_multiMode.c.cc13x4.ticlang.o (.text.RF_discardPendCmd)
                  00011e30    00000088     jdllc.o (.text.disassoCnfCb)
                  00011eb8    00000088     maclib_secure_cc13x4_tirtos7.a : mac_hl_patch.c.o (.text.macCcmDecrypt)
                  00011f40    00000088                                    : mac_hl_patch.c.o (.text.macCcmStarInverseTransform)
                  00011fc8    00000088                                    : mac_radio_tx.c.o (.text.macRadioSendImmAck)
                  00012050    00000088                                    : mac_radio.c.o (.text.macRadioUpdateChannel)
                  000120d8    00000084     cui.o (.text.CUI_clientOpen)
                  0001215c    00000084     rf_multiMode_cc13x4.a : RFCC26X2_multiMode.c.cc13x4.ticlang.o (.text.RF_getInfo)
                  000121e0    00000084                           : RFCC26X2_multiMode.c.cc13x4.ticlang.o (.text.RF_yield)
                  00012264    00000084     maclib_secure_cc13x4_tirtos7.a : mac_hl_patch.c.o (.text.macBlacklistChecking)
                  000122e8    00000084                                    : mac_hl_patch.c.o (.text.macCcmEncrypt)
                  0001236c    00000084     macTask.o (.text.macTaskInit)
                  000123f0    00000084     main.o (.text.main)
                  00012474    00000084     ti_sysbios_config.o (.text.ti_sysbios_family_arm_v8m_Hwi_initNVIC)
                  000124f8    00000080     drivers_cc13x4.a : GPIOCC26X4.c.obj (.text.GPIO_hwiIntFxn)
                  00012578    00000080     nvocmp.o (.text.NVOCMP_createItemApi)
                  000125f8    00000080     maclib_osal_tirtos7_cc13x4_26x4.a : osal_port.c.o (.text.OsalPort_setTimer)
                  00012678    00000080     maclib_secure_cc13x4_tirtos7.a : mac_data.c.o (.text.macFrameDurationSubG)
                  000126f8    00000080                                    : mac_tx.c.o (.text.macTxDoneCallback)
                  00012778    00000080     jdllc.o (.text.syncLossCb)
                  000127f8    00000080     ti_sysbios_config.o (.text.ti_sysbios_family_arm_v8m_Hwi_postInit)
                  00012878    00000080     ti_sysbios_config.o (.text.ti_sysbios_gates_GateMutexPri_enter)
                  000128f8    0000007e     nvocmp.o (.text.NVOCMP_readHeader)
                  00012976    00000002     rf_multiMode_cc13x4.a : RFCC26X2_multiMode.c.cc13x4.ticlang.o (.text.RF_defaultCallback)
                  00012978    0000007c     jdllc.o (.text.Jdllc_securityInit)
                  000129f4    0000007c     driverlib.lib : setup_rom.c.obj (.text.NOROM_SetupStepVddrTrimTo)
                  00012a70    0000007c     rf_multiMode_cc13x4.a : RFCC26X2_multiMode.c.cc13x4.ticlang.o (.text.RF_ratDisableChannel)
                  00012aec    0000007c     drivers_cc13x4.a : SPICC26X4DMA.c.obj (.text.SPICC26X4DMA_close)
                  00012b68    0000007c     ugui.o (.text.UG_FillFrame)
                  00012be4    0000007c     utc_clock.o (.text.UTC_timeUpdateHandler)
                  00012c60    0000007c     maclib_secure_cc13x4_tirtos7.a : mac_mcu.c.o (.text.macMcuOverflowSetPeriod)
                  00012cdc    0000007c                                    : mac_pwr.c.o (.text.macPwrVote)
                  00012d58    0000007c                                    : mac.c.o (.text.macSetupReceiveCmd)
                  00012dd4    00000078     driverlib.lib : chipinfo.c.obj (.text.NOROM_ChipInfo_GetChipType)
                  00012e4c    00000078     nvocmp.o (.text.NVOCMP_checkItem)
                  00012ec4    00000078     nvocmp.o (.text.NVOCMP_loadApiPtrs)
                  00012f3c    00000078     drivers_cc13x4.a : NVSCC26XX.c.obj (.text.NVSCC26XX_open)
                  00012fb4    00000078     rf_multiMode_cc13x4.a : RFCC26X2_multiMode.c.cc13x4.ticlang.o (.text.RF_ratFreeChannel)
                  0001302c    00000078     ssf.o (.text.Ssf_networkUpdate)
                  000130a4    00000078     ti_sysbios_config.o (.text._pthread_removeThreadKeys)
                  0001311c    00000078     btn.o (.text.btn_init)
                  00013194    00000078     maclib_secure_cc13x4_tirtos7.a : mac.c.o (.text.macRequestBackoff)
                  0001320c    00000078                                    : mac_device.c.o (.text.macRxAssocRsp)
                  00013284    00000078                                    : mac_symbol_timer.c.o (.text.macSymbolTimerInit)
                  000132fc    00000078     ti_sysbios_config.o (.text.ti_sysbios_knl_Task_postInit)
                  00013374    00000076     drivers_cc13x4.a : UART2CC26X2.c.obj (.text.UART2Support_dmaStopTx)
                  000133ea    00000002     ssf.o (.text.Ssf_sensorReadingUpdate)
                  000133ec    00000074     jdllc.o (.text.Jdllc_rejoin)
                  00013460    00000074     maclib_osal_tirtos7_cc13x4_26x4.a : osal_port.c.o (.text.OsalPort_heapInit)
                  000134d4    00000074     rf_multiMode_cc13x4.a : RFCC26X2_multiMode.c.cc13x4.ticlang.o (.text.RF_hwiHw)
                  00013548    00000074     ti_sysbios_config.o (.text.acquireMutex)
                  000135bc    00000074     control_task.o (.text.control_taskInit)
                  00013630    00000074     maclib_secure_cc13x4_tirtos7.a : mac_hl_patch.c.o (.text.macKeyDescriptorLookup)
                  000136a4    00000074                                    : mac_mcu.c.o (.text.macMcuOverflowSetCompare)
                  00013718    00000074                                    : mac_radio_tx.c.o (.text.macRadioTxEnhAckCb)
                  0001378c    00000074                                    : mac_ie_parse.c.o (.text.macUpdateHeaderIEPtr)
                  00013800    00000074     ti_sysbios_config.o (.text.ti_sysbios_family_arm_v8m_Hwi_Instance_init)
                  00013874    00000074     ti_sysbios_config.o (.text.ti_sysbios_knl_Swi_restoreHwi)
                  000138e8    00000072     drivers_cc13x4.a : LED.c.obj (.text.LED_startBlinking)
                  0001395a    00000002     ssf.o (.text.Ssf_trackingUpdate)
                  0001395c    00000070     drivers_cc13x4.a : AESCCMCC26X4.c.obj (.text.AESCCM_waitForResult)
                  000139cc    00000070     api_mac.o (.text.ApiMac_init)
                  00013a3c    00000070     driverlib.lib : interrupt.c.obj (.text.NOROM_IntDisable)
                  00013aac    00000070     nvocmp.o (.text.NVOCMP_readItemApi)
                  00013b1c    00000070     maclib_osal_tirtos7_cc13x4_26x4.a : osal_port.c.o (.text.OsalPort_pwrmgrTaskState)
                  00013b8c    00000070     jdllc.o (.text.dataCnfCb)
                  00013bfc    00000070     jdllc.o (.text.disassocIndCb)
                  00013c6c    00000070     maclib_secure_cc13x4_tirtos7.a : mac_duty_cycle.c.o (.text.macDutyCycleTimerCB)
                  00013cdc    00000070                                    : mac_radio.c.o (.text.macRadioStartScan)
                  00013d4c    00000070                                    : mac_timer.c.o (.text.macTimerUpdateSymbolTimer)
                  00013dbc    00000070     ti_sysbios_config.o (.text.ti_sysbios_knl_Task_startup)
                  00013e2c    00000070     ti_sysbios_config.o (.text.ti_sysbios_runtime_System_formatNum)
                  00013e9c    00000070     libc.a : copy_decompress_lzss.c.obj (.text:decompress:lzss)
                  00013f0c    0000006c     drivers_cc13x4.a : AESCCMCC26X4.c.obj (.text.AESCCM_construct)
                  00013f78    0000006c     driverlib.lib : interrupt.c.obj (.text.NOROM_IntEnable)
                  00013fe4    0000006c                   : sys_ctrl.c.obj (.text.NOROM_SysCtrl_DCDC_VoltageConditionalControl)
                  00014050    0000006c     nvocmp.o (.text.NVOCMP_eraseNvApi)
                  000140bc    0000006c     nvocmp.o (.text.NVOCMP_writeItemApi)
                  00014128    0000006c     rf_multiMode_cc13x4.a : RFCC26X2_multiMode.c.cc13x4.ticlang.o (.text.RF_issueRadioFreeCb)
                  00014194    0000006c     drivers_cc13x4.a : Random.c.obj (.text.Random_seedAutomatic)
                  00014200    0000006c     rf_multiMode_cc13x4.a : rf_patch_cpe_multi_protocol.c.cc13x4.ticlang.o (.text.configureMultiProtocolPatch)
                  0001426c    0000006c     maclib_secure_cc13x4_tirtos7.a : mac_mgmt.c.o (.text.macApiDisassociateReq)
                  000142d8    0000006c                                    : mac_duty_cycle.c.o (.text.macDutyCycleByteToUSec)
                  00014344    0000006c                                    : mac_rx_onoff.c.o (.text.macRxOffRequest)
                  000143b0    0000006c                                    : mac.c.o (.text.macSetupFsCmd)
                  0001441c    0000006c     drivers_cc13x4.a : PowerCC26X2.c.obj (.text.oscillatorISR)
                  00014488    0000006c     ti_sysbios_config.o (.text.ti_sysbios_family_arm_v8m_Hwi_dispatchC)
                  000144f4    0000006c     ti_sysbios_config.o (.text.ti_sysbios_knl_TaskSupport_buildTaskStack)
                  00014560    00000068     maclib_secure_cc13x4_tirtos7.a : mac_device.c.o (.text.MAC_InitDevice)
                  000145c8    00000068     drivers_cc13x4.a : PowerCC26X2_calibrateRCOSC_helpers.c.obj (.text.PowerCC26X2_updateSubSecInc)
                  00014630    00000068     rf_multiMode_cc13x4.a : RFCC26X2_multiMode.c.cc13x4.ticlang.o (.text.RF_detachOverrides)
                  00014698    00000068     ugui.o (.text._UG_FontSelect)
                  00014700    00000068     maclib_secure_cc13x4_tirtos7.a : mac_mgmt.c.o (.text.macDisassocComplete)
                  00014768    00000068                                    : mac_low_level.c.o (.text.macLowLevelInit)
                  000147d0    00000068                                    : mac_radio.c.o (.text.macRadioPowerDown)
                  00014838    00000068                                    : mac_scan.c.o (.text.macScanStartTimer)
                  000148a0    00000068                                    : mac_timer.c.o (.text.macTimerSetRollover)
                  00014908    00000068                                    : mac_tx.c.o (.text.macTxGetDefaultMinTxOffTime)
                  00014970    00000068     main.o (.text.sensorTask_)
                  000149d8    00000068     ti_sysbios_config.o (.text.ti_sysbios_knl_Clock_startI)
                  00014a40    00000068     ti_sysbios_config.o (.text.ti_sysbios_knl_Swi_run)
                  00014aa8    00000064     maclib_secure_cc13x4_tirtos7.a : mac_mgmt.c.o (.text.MAC_Init)
                  00014b0c    00000064     maclib_osal_tirtos7_cc13x4_26x4.a : osal_port.c.o (.text.OsalPort_clearEvent)
                  00014b70    00000064     drivers_cc13x4.a : PowerCC26X2_calibrateRCOSC.c.obj (.text.PowerCC26X2_initiateCalibration)
                  00014bd4    00000064     rf_multiMode_cc13x4.a : RFCC26X2_multiMode.c.cc13x4.ticlang.o (.text.RF_attachOverrides)
                  00014c38    00000064                           : RFCC26X2_multiMode.c.cc13x4.ticlang.o (.text.RF_dispatchNextEvent)
                  00014c9c    00000064                           : RFCC26X2_multiMode.c.cc13x4.ticlang.o (.text.RF_hwiCpe0PowerFsm)
                  00014d00    00000064     drivers_cc13x4.a : UDMACC26XX.c.obj (.text.UDMACC26XX_open)
                  00014d64    00000064     sensor.o (.text.commStatusIndCB)
                  00014dc8    00000064     maclib_secure_cc13x4_tirtos7.a : mac_device.c.o (.text.macAssocDataRxInd)
                  00014e2c    00000064                                    : mac_mcu.c.o (.text.macMcuInit)
                  00014e90    00000064                                    : mac_radio_tx.c.o (.text.macRadioTxPrepLbt)
                  00014ef4    00000064                                    : mac_rx.c.o (.text.macRxHaltCleanup)
                  00014f58    00000064                                    : mac_timer.c.o (.text.macTimerRealign)
                  00014fbc    00000064     ti_sysbios_config.o (.text.ti_sysbios_gates_GateMutexPri_leave)
                  00015020    00000064     ti_sysbios_config.o (.text.ti_sysbios_knl_Idle_init)
                  00015084    00000062     rf_multiMode_cc13x4.a : RFCC26X2_multiMode.c.cc13x4.ticlang.o (.text.RF_syncCb)
                  000150e6    00000002     drivers_cc13x4.a : UART2CC26X2.c.obj (.text.UART2CC26X2_eventCallback)
                  000150e8    00000060                      : CryptoResourceCC26XX.c.obj (.text.CryptoResourceCC26XX_constructRTOSObjects)
                  00015148    00000060     driverlib.lib : setup_rom.c.obj (.text.NOROM_SetupAfterColdResetWakeupFromShutDownCfg1)
                  000151a8    00000060     nvocmp.o (.text.NVOCMP_verifyCRC)
                  00015208    00000060     maclib_osal_tirtos7_cc13x4_26x4.a : osal_port.c.o (.text.OsalPort_setEvent)
                  00015268    00000060     drivers_cc13x4.a : Timer.c.obj (.text.Timer_setPeriod)
                  000152c8    00000060     maclib_secure_cc13x4_tirtos7.a : mac_beacon_device.c.o (.text.macBeaconSyncLoss)
                  00015328    00000060                                    : mac_data.c.o (.text.macDataReset)
                  00015388    00000060                                    : mac_main.c.o (.text.macExecute)
                  000153e8    00000060                                    : mac_scan.c.o (.text.macScanComplete)
                  00015448    00000060                                    : mac_main.c.o (.text.macSendMsg)
                  000154a8    00000060                                    : mac_symbol_timer.c.o (.text.macSymbolTimerPeriodIsr)
                  00015508    00000060                                    : mac_hl_patch.c.o (.text.macTrackPeriodCallback)
                  00015568    00000060     ti_sysbios_config.o (.text.pthread_exit)
                  000155c8    00000060     ti_sysbios_config.o (.text.ti_sysbios_knl_Clock_walkQueueDynamic)
                  00015628    00000060     ti_sysbios_config.o (.text.ti_sysbios_knl_Semaphore_post)
                  00015688    00000060     ti_sysbios_config.o (.text.ti_sysbios_knl_Swi_schedule)
                  000156e8    00000060     jdllc.o (.text.updateState)
                  00015748    0000005e     rf_multiMode_cc13x4.a : rfc.c.cc13x4.ticlang.o (.text.NOROM_RFCAnaDivTxOverride)
                  000157a6    0000005e     drivers_cc13x4.a : UART2CC26X2.c.obj (.text.UART2Support_dmaStopRx)
                  00015804    0000005c     maclib_secure_cc13x4_tirtos7.a : mac_hl_patch.c.o (.text.MAC_ResumeReq)
                  00015860    0000005c     driverlib.lib : setup_rom.c.obj (.text.NOROM_SetupGetTrimForAmpcompCtrl)
                  000158bc    0000005c     maclib_osal_tirtos7_cc13x4_26x4.a : osal_port.c.o (.text.OsalPort_msgReceive)
                  00015918    0000005c     st7789.o (.text.ST7789_SetAddressWindow)
                  00015974    0000005c     control_task.o (.text.control_Task_Noti_Info_mail)
                  000159d0    0000005c     maclib_secure_cc13x4_tirtos7.a : mac_mgmt.c.o (.text.macBuildWSAsyncMsg)
                  00015a2c    0000005c                                    : mac_sleep.c.o (.text.macCanSleep)
                  00015a88    0000005c                                    : mac_mgmt.c.o (.text.macRxDisassoc)
                  00015ae4    0000005c                                    : mac_ie_parse.c.o (.text.macUpdatePayloadIEPtr)
                  00015b40    0000005c     jdllc.o (.text.sendScanReq)
                  00015b9c    0000005c     sysbios.a : Hwi_asm_switch_gcc.s.obj (.text.ti_sysbios_family_arm_v8m_Hwi_initStacks)
                  00015bf8    0000005c     display_task.o (.text.top_display)
                  00015c54    00000058     drivers_cc13x4.a : Button.c.obj (.text.Button_gpioCallbackFxn)
                  00015cac    00000058     cui.o (.text.CUI_writeString)
                  00015d04    00000058     drivers_cc13x4.a : GPTimerCC26XX.c.obj (.text.GPTimerCC26XXHwiFxn)
                  00015d5c    00000058     maclib_osal_tirtos7_cc13x4_26x4.a : osal_port.c.o (.text.HEAPMGR_GETLARGESTFREEBUF)
                  00015db4    00000058     driverlib.lib : osc.c.obj (.text.NOROM_OSCHF_AttemptToSwitchToXosc)
                  00015e0c    00000058                   : setup_rom.c.obj (.text.NOROM_SetupGetTrimForAnabypassValue1)
                  00015e64    00000058     maclib_osal_tirtos7_cc13x4_26x4.a : osal_port.c.o (.text.OsalPort_msgSend)
                  00015ebc    00000058     rf_multiMode_cc13x4.a : RFCC26X2_multiMode.c.cc13x4.ticlang.o (.text.RF_applyRfCorePatch)
                  00015f14    00000058     ssf.o (.text.Ssf_getFrameCounter)
                  00015f6c    00000058     drivers_cc13x4.a : TRNGCC26XX.c.obj (.text.TRNG_init)
                  00015fc4    00000058     maclib_secure_cc13x4_tirtos7.a : mac_device.c.o (.text.macPollDataRxInd)
[...]
20021c84  RF_cmdPropRxAdv                                                  
20021cb4  macMgmtAction1                                                   
20021ce4  macSrcExtAddrList                                                
20021d14  ti_sysbios_knl_Swi_readyQs                                       
20021d44  ti_sysbios_knl_Task_readyQs                                      
20021d74  NVOCMP_nvHandle                                                  
20021da4  macDevice                                                        
20021dd0  Button_                                                          
20021df4  controlTaskParam                                                 
20021e18  displayTaskParam                                                 
20021e3c  sensorTaskParam                                                  
20021ea0  RF_cmdIEEECsma                                                   
20021ec0  RF_cmdPropTxAdv                                                  
20021ee0  RF_cmdRadioSetup                                                 
20021f00  RF_params                                                        
20021f20  macBeacon                                                        
20021f40  spiParams                                                        
20021f60  udmaCC26XXObject                                                 
20021fd4  BIOS_heapCallbackObject                                          
20021ff0  BIOS_rtsGate                                                     
2002200c  CryptoResourceCC26XX_hwi                                         
20022028  RF_cmdPropCs                                                     
20022044  RF_cmdPropCsSlotted                                              
20022060  control_task_InfoToHub_params                                    
2002207c  control_task_NotiInfo_params                                     
20022098  display_handle                                                   
200220b4  macReset                                                         
200220d0  macSemHandle                                                     
200220ec  macSrcShortAddrList                                              
20022108  RF_cmdFsTx                                                       
20022120  RF_cmdIEEETx                                                     
20022138  macScanAction                                                    
20022150  transaction                                                      
20022190  RF_cmdRxAckCmd                                                   
200221a4  macAckDbg                                                        
200221b8  macDeviceAction2                                                 
200221cc  macMgmtAction2                                                   
200221e0  network_info                                                     
200221f4  macStatistics                                                    
20022228  macData                                                          
20022238  macDataTxDelay                                                   
20022248  macFrmFilter                                                     
20022258  macRxOutputIeee                                                  
20022268  control_Task_dev_info                                            
20022278  coexMetricsStruct                                                
20022284  macMain                                                          
20022290  macRxOutputSubG                                                  
2002229c  ApiMac_extAddr                                                   
200222a4  coexOverrideUseCases                                             
200222ac  macRxDataEntryQueue                                              
200222b4  PowerCC26XX_taskKey                                              
200222b8  bytes_to_time                                                    
200222bc  controllerSpi                                                    
200222c0  dcCritical                                                       
200222c4  dcLimited                                                        
200222c8  dcPtr                                                            
200222cc  dcRegulated                                                      
200222d0  dcTimeUsed                                                       
200222d4  macAddrLsb                                                       
200222d8  macAddrMsb                                                       
200222dc  macCryptoDrvTblPtr                                               
200222e0  macPhyTxPower                                                    
200222e4  macPrevPeriodRatCount                                            
200222e8  macRfDrvTblPtr                                                   
200222ec  macRxSymbol                                                      
200222f0  macSymbolTimerRollover                                           
200222f4  macSymbolTimerTrigger                                            
200222f8  macThread                                                        
200222fc  macTimerActive                                                   
20022300  macTxTimestamp                                                   
20022304  pClockHandleEDScan                                               
20022308  pMacRadioConfig                                                  
2002230c  pMaxPower                                                        
20022310  pRfMode                                                          
20022314  pRfPowerTable                                                    
20022318  rxRadioBufferPtr                                                 
2002231c  sensorStatusLine                                                 
20022320  ssfCuiHndl                                                       
20022324  ti_sysbios_family_arm_v8m_cc26x4_Timer_funcHookCH1               
20022328  ti_sysbios_family_arm_v8m_cc26x4_Timer_funcHookCH2               
2002232c  ti_sysbios_knl_Task_defaultStackHeap                             
20022330  ti_sysbios_runtime_System_atexitHandlers                         
20022334  timerAlignedQ                                                    
20022338  timerUnalignedQ                                                  
2002233e  conv                                                             
20022340  macRxDataEntryOffset                                             
20022342  macTxCsmaBackoffDelay                                            
20022344  rxCmdHandle                                                      
20022346  txCmdHandle                                                      
20022349  AppTaskId                                                        
2002234a  NVOCMP_size                                                      
2002234b  appTaskId                                                        
2002234c  dcStatus                                                         
2002234d  gAction                                                          
2002234e  lastRxPriority                                                   
2002234f  lastTxPriority                                                   
20022350  macAckTxActive                                                   
20022351  macMgmt                                                          
20022352  macPanCoordinator                                                
20022353  macPhyChannel                                                    
20022354  macPwr                                                           
20022355  macRxActive                                                      
20022356  macRxEnableFlags                                                 
20022357  macRxFilter                                                      
20022358  macRxOutgoingAckFlag                                             
20022359  macSpecUsecsPerSymbol                                            
2002235a  macSrcResIndex                                                   
2002235b  macSymbolTimerImpending                                          
2002235c  macTaskId                                                        
2002235d  macTxActive                                                      
2002235e  macTxBe                                                          
2002235f  macTxGpInterframeDelay                                           
20022360  macTxType                                                        
20022361  macUnitBackoffPeriod                                             
20022362  nvsCC26XXObjects                                                 
20022363  rxFhRsl                                                          
20022364  rxPromiscuousMode                                                
20022365  rxSeqNum                                                         
20022366  spi_index_local                                                  
20022367  txAckReq                                                         
20022368  txSeqn                                                           
20022400  PowerCC26X2_module                                               
20022578  gpioPinConfigs                                                   
20022638  txPowerTable_868_pa13                                            
200226e8  macMRFSKGenPhyTable                                              
2002278a  Sensor_events                                                    
20022790  totalE2EDelaySum                                                 
20022794  endToEndDelay                                                    
200227d0  Sensor_msgStats                                                  
20022800  initBroadcastMsg                                                 
20022801  parentFound                                                      
20022806  Jdllc_events                                                     
20022874  fhObject                                                         
20022a18  BIOS_Module_state                                                
20022a44  ti_sysbios_family_arm_v8m_Hwi_Module_state                       
20022a80  ti_sysbios_runtime_Startup_done                                  
20022a83  ti_sysbios_knl_Idle_initDone                                     
20022a84  ti_sysbios_runtime_Memory_defaultHeapInstance                    
20022a9c  ti_sysbios_runtime_Error_ignore                                  
20022aa8  ti_sysbios_family_arm_v8m_cc26x4_Timer_Module_state              
20022ab4  ti_sysbios_runtime_System_Module_state                           
20022ac0  ti_sysbios_knl_Swi_Module_state                                  
20022ae8  ti_sysbios_knl_Clock_Module_state                                
20022bb4  Main_user1Cfg                                                    
20022c68  Ssf_resetReseason                                                
20022c6e  Ssf_resetCount                                                   
20022c80  ssfMainMenu                                                      
20022da0  configureSubMenu                                                 
20022de0  ti_sysbios_knl_Task_Module_state                                 
20022e58  cuiMultiMenu                                                     
20022e8c  commissionSubMenu                                                
20022ec0  macBeaconPayload                                                 
20022f28  pOverrides_2gfsk50kbps154g                                       
20022f54  appSubMenu                                                       
20022f7c  macActionSet                                                     
20022fa0  lastRatChanA                                                     
20022fa1  lastRatChanB                                                     
20022fa2  macRxCmdActive                                                   
20022fa3  macFsCmdActive                                                   
20022fa4  macRxPreempted                                                   
20022fa5  numRfCmd                                                         
20022fa6  numRxCmd                                                         
20022fa7  numRxPostCmd                                                     
20022fa8  ieeeCoexEnabled                                                  
20022fac  lastPostCmd                                                      
20022fb0  macSfdDetectCback                                                
20022fc0  macBeaconMargin                                                  
20022fe0  devInfoConfirmationFlag                                          
20022fe1  devInfoConfirmationMail                                          
20022fe2  retry_count_devInfo                                              
20022fe4  Num_MsgInfoToHubMail                                             
20022fe6  Num_MsgNotibMail                                                 
20022fe8  noti_count                                                       
20022fec  control_task_InfoToHub_handle                                    
20022ff0  control_task_NotiInfo_handle                                     
20022ff4  devInfoConfirmationTimer                                         
2002303d  ApiMac_gpOffsetToms                                              
2002303e  ApiMac_mtDataReqTxOptionGp                                       
20023054  macStateTbl                                                      
20023068  macUser0Cfg                                                      
200230b0  pMacCbackQueryRetransmit                                         
200230b4  pMacCbackCheckPending                                            
200230c0  UTC_timeSeconds                                                  
200230cc  RF_cmdNop                                                        
200230dc  RF_cmdNopFg                                                      
200230ec  RF_prop_2gfsk50kbps154g                                          
200230fc  _hposcCoeffs                                                     
2002310c  macCfg                                                           
20023140  taskCnt                                                          
20023144  heapmgrMemFreeTotal                                              
20023148  heapmgrMemFreeError                                              
2002314c  battery_full                                                     
20023164  collectorAddr_app                                                
20023176  macSrcMatchIsAckAllPending                                       
20023177  macSrcMatchDefaultPendOn                                         
20023194  RF_handle                                                        
20023198  macRadioAckIeeeFrame                                             
2002319b  macRadioAckFrame                                                 
200231a0  macCsmaRtcTimerId                                                
200231b0  RFCC26XX_schedulerPolicy                                         
200231b8  ti_sysbios_gates_GateMutexPri_Module_state                       
200231c0  ti_sysbios_heaps_HeapCallback_Module_state                       
200231c8  ti_sysbios_knl_Mailbox_Module_state                              
200231d0  ti_sysbios_knl_Semaphore_Module_state                            
200231d8  menu_marker                                                      
200231d9  entr_marker                                                      
200231da  SollMenue                                                        
200231dc  Menu_index                                                       
200231de  assoc_resp_no_ack_cnt                                            
200231e8  __aeabi_errno                                                    
200231ec  _lock                                                            
200231f0  _unlock                                                          
200231f4  appEvents                                                        
200231f8  gmt                                                              
200231fc  macDataBeaconRequeue                                             
20023200  macDataCheckSched                                                
20023204  macDataCheckTxTime                                               
20023208  macDataRequeueIndirect                                           
2002320c  macDataRxBeaconCritical                                          
20023210  macDataSetSched                                                  
20023214  macDataTxBeaconComplete                                          
20023218  macDataTxIndirect                                                
20023224  macTimerNewRollover                                              
20023228  macTimerRollover                                                 
2002322c  minTxOffTime                                                     
20023234  pMacDataTx                                                       
20023238  pMacEnhancedAck                                                  
20023240  personal_addr                                                    
20023242  symbol_rate_custom                                               
20023244  Main_assertReason                                                
20023246  bInSwi                                                           
20023248  csmPhy                                                           
20023249  customMinTxOffEnabled                                            
2002324a  dcEnabled                                                        
20023251  macRadioYielded                                                  
20023252  macSrcMatchIsEnabled                                             
20023253  macSrcMatchManualAddressTracking                                 
20023254  macTxCmdActive                                                   
20023255  macTxSlottedDelay                                                
20023256  macTxSlottedDelayFactor                                          
20023258  numTx                                                            
20023259  reqAccessAlloc                                                   
20023400  ti_sysbios_family_arm_v8m_Hwi_ramVectors                         
200234fc  heapStart                                                        
2003b000  __stack                                                          
2003b000  heapEnd                                                          
20040000  __STACK_END                                                      
50000000  __ccfg                                                           
ffffffff  __TI_pprof_out_hndl                                              
ffffffff  __TI_prof_data_size                                              
ffffffff  __TI_prof_data_start                                             
ffffffff  __binit__                                                        
ffffffff  __start___llvm_prf_bits                                          
ffffffff  __start___llvm_prf_cnts                                          
ffffffff  __stop___llvm_prf_bits                                           
ffffffff  __stop___llvm_prf_cnts                                           
ffffffff  binit                                                            
UNDEFED   ITM_flush                                                        
UNDEFED   ITM_restore                                                      
UNDEFED   PWM_config                                                       
UNDEFED   PWM_count                                                        
UNDEFED   __mpu_init                                                       

[1469 symbols]
