******************************************************************************
            TI ARM Clang Linker PC v3.2.2                      
******************************************************************************
>> Linked Mon Aug 12 20:06:04 2024

OUTPUT FILE NAME:   <sensor_watch.out>
ENTRY POINT SYMBOL: "ResetISR"  address: 0001d7f9


MEMORY CONFIGURATION

         name            origin    length      used     unused   attr    fill
----------------------  --------  ---------  --------  --------  ----  --------
  FLASH                 00000000   00100000  00029ca7  000d6359  R  X
  SRAM                  20000000   00040000  0000faa5  0003055b  RW X
  CCFG                  50000000   00000800  0000007c  00000784  R  X


SEGMENT ALLOCATION MAP

run origin  load origin   length   init length attrs members
----------  ----------- ---------- ----------- ----- -------
00000000    00000000    0001d874   0001d874    r-x
  00000000    00000000    0000003c   0000003c    r-- .resetVecs
  0000003c    0000003c    0001d838   0001d838    r-x .text
0001d874    0001d874    00000008   00000008    rw-
  0001d874    0001d874    00000008   00000008    rw- .args
0001d880    0001d880    0000842c   0000842c    r--
  0001d880    0001d880    00007fdb   00007fdb    r-- .rodata
  0002585c    0002585c    00000450   00000450    r-- .cinit
00052000    00052000    00004000   00000000    rw-
  00052000    00052000    00004000   00000000    rw- .TI.bound:flashBuf0
20000000    20000000    00000430   00000000    rw-
  20000000    20000000    00000430   00000000    rw- .bss.1
20000430    20000430    00000040   00000000    rw-
  20000430    20000430    00000010   00000000    rw- .TI.bound:dmaSpi0RxControlTableEntry
  20000440    20000440    00000010   00000000    rw- .TI.bound:dmaSpi0TxControlTableEntry
  20000450    20000450    00000010   00000000    rw- .TI.bound:dmaUart1RxControlTableEntry
  20000460    20000460    00000010   00000000    rw- .TI.bound:dmaUart1TxControlTableEntry
20000470    20000470    000001c0   00000000    rw-
  20000470    20000470    000001c0   00000000    rw- .bss.2
20000630    20000630    00000020   00000000    rw-
  20000630    20000630    00000010   00000000    rw- .TI.bound:dmaSpi0RxAltControlTableEntry
  20000640    20000640    00000010   00000000    rw- .TI.bound:dmaSpi0TxAltControlTableEntry
20000650    20000650    00009359   00000000    rw-
  20000650    20000650    00009359   00000000    rw- .bss.3
20009a00    20009a00    00000e5a   00000000    rw-
  20009a00    20009a00    00000e5a   00000000    rw- .data
2000a900    2000a900    000001fc   00000000    rw-
  2000a900    2000a900    000001fc   00000000    rw- .ramVecs
2003b000    2003b000    00005000   00000000    rw-
  2003b000    2003b000    00005000   00000000    rw- .stack
50000000    50000000    0000007c   0000007c    r--
  50000000    50000000    0000007c   0000007c    r-- .ccfg


SECTION ALLOCATION MAP

 output                                  attributes/
section   page    origin      length       input sections
--------  ----  ----------  ----------   ----------------
.resetVecs 
*          0    00000000    0000003c     
                  00000000    0000003c     ti_sysbios_config.o (.resetVecs)

.rodata    0    0001d880    00007fdb     
                  0001d880    0000340e     font_16x26.o (.rodata.FONT_16X26)
                  00020c8e    0000200e     font_10x16.o (.rodata.FONT_10X16)
                  00022c9c    00000840     display_task.o (.rodata.mkaMenue)
                  000234dc    00000800     display_task.o (.rodata.battery_full_)
                  00023cdc    00000628     rf_multiMode_cc13x4.a : rf_patch_cpe_multi_protocol.c.cc13x4.ticlang.o (.rodata.patchImageMultiProtocol)
                  00024304    0000000c     drivers_cc13x4.a : Random.c.obj (.rodata..L__const.Random_seedAutomatic.hwAttrs)
                  00024310    00000101     libc.a : aeabi_ctype.S.obj (.rodata:__aeabi_ctype_table_)
                  00024411    00000100     crc.o (.rodata.crc_table)
                  00024511    000000f8     mac_cfg.o (.rodata.macPibTbl)
                  00024609    0000008a     ti_sysbios_config.o (.rodata.ti_sysbios_family_arm_v8m_Hwi_Instance_init.err.1)
                  00024693    00000089     ti_sysbios_config.o (.rodata.ti_sysbios_runtime_Memory_alloc.err)
                  0002471c    00000088     mac_cfg.o (.rodata.macPibDefaults)
                  000247a4    00000087     ti_sysbios_config.o (.rodata.ti_sysbios_family_arm_v8m_Hwi_Instance_init.err)
                  0002482b    00000072     maclib_secure_cc13x4_tirtos7.a : hmac_global.c.o (.rodata.macAssociatingSt)
                  0002489d    00000072                                    : hmac_global.c.o (.rodata.macIdleSt)
                  0002490f    00000072                                    : hmac_global.c.o (.rodata.macPollingSt)
                  00024981    00000072                                    : hmac_global.c.o (.rodata.macScanningSt)
                  000249f3    00000001     ti_drivers_config.o (.rodata.Button_count)
                  000249f4    0000006c     mac_user_config.o (.rodata.macRfDriverTable)
                  00024a60    00000068     drivers_cc13x4.a : PowerCC26X2.c.obj (.rodata.resourceDB)
                  00024ac8    00000058     mac_cfg.o (.rodata.macSecurityPibTbl)
                  00024b20    00000058     ti_drivers_config.o (.rodata.uart2CC26X2HWAttrs)
                  00024b78    00000050     mac_cfg.o (.rodata.macMRFSKStdPhyTable)
                  00024bc8    00000050     display_task.o (.rodata.noti_code)
                  00024c18    00000044     cui.o (.rodata.str1.25500649905015235891)
                  00024c5c    00000044     cui.o (.rodata.str1.82802982239460582671)
                  00024ca0    00000040     mac_user_config.o (.rodata.macCryptoDriverTable)
                  00024ce0    00000040     maclib_secure_cc13x4_tirtos7.a : hmac_global.c.o (.rodata.macTimerRolloverValue)
                  00024d20    00000040     ti_drivers_config.o (.rodata.spiCC26X4DMAHWAttrs)
                  00024d60    00000040     cui.o (.rodata.str1.18680694060528809401)
                  00024da0    00000038     maclib_secure_cc13x4_tirtos7.a : hmac_global.c.o (.rodata.macCmdIncludeFHIe)
                  00024dd8    00000034     ssf.o (.rodata.str1.150428808045399419361)
                  00024e0c    00000032     display_task.o (.rodata.setting_menu_str)
                  00024e3e    00000002     jdllc.o (.rodata.keyUsageList)
                  00024e40    00000030     ti_radio_config.o (.rodata.RF_cmdPropRxAdv_2gfsk50kbps154g)
                  00024e70    0000002e     ssf.o (.rodata.str1.72459565756163880421)
                  00024e9e    00000002     drivers_cc13x4.a : UART2CC26X2.c.obj (.rodata.stopBits)
                  00024ea0    00000028                      : NVSCC26XX.c.obj (.rodata.NVSCC26XX_fxnTable)
                  00024ec8    00000028     ti_radio_config.o (.rodata.RF_cmdPropRadioDivSetup_2gfsk50kbps154g)
                  00024ef0    00000028     maclib_secure_cc13x4_tirtos7.a : mac_radio.c.o (.rodata.activityObject)
                  00024f18    00000028     display_task.o (.rodata.selection_menu_str)
                  00024f40    00000024     drivers_cc13x4.a : UART2.c.obj (.rodata.UART2_defaultParams)
                  00024f64    00000024     ti_sysbios_config.o (.rodata.ti_sysbios_knl_Task_Params_default)
                  00024f88    00000020     mac_user_config.o (.rodata..L__const.rfSelect.RfCfg)
                  00024fa8    00000020     ti_drivers_config.o (.rodata.ButtonHWAttrs)
                  00024fc8    00000020     ti_drivers_config.o (.rodata.Button_config)
                  00024fe8    00000020     ti_radio_config.o (.rodata.RF_cmdPropTxAdv_2gfsk50kbps154g)
                  00025008    00000020     drivers_cc13x4.a : SPI.c.obj (.rodata.SPI_defaultParams)
                  00025028    00000020     rf_multiMode_cc13x4.a : RFCC26X2_multiMode.c.cc13x4.ticlang.o (.rodata.cst32)
                  00025048    00000020     jdllc.o (.rodata.keyDeviceList)
                  00025068    0000001d     ti_sysbios_config.o (.rodata.str1.114093530142707899381)
                  00025085    00000001     ti_drivers_config.o (.rodata.GPIO_pinLowerBound)
                  00025086    0000001c     drivers_cc13x4.a : GPTimerCC26XX.c.obj (.rodata.GPT_LUT)
                  000250a2    00000002     ssf.o (.rodata.str1.119839857566329871091)
                  000250a4    0000001c     ti_radio_config.o (.rodata.RF_cmdPropCs_2gfsk50kbps154g)
                  000250c0    0000001c     driverlib.lib : prcm.c.obj (.rodata.g_pui32DCGCRegs)
                  000250dc    0000001c                   : prcm.c.obj (.rodata.g_pui32RCGCRegs)
                  000250f8    0000001c                   : prcm.c.obj (.rodata.g_pui32SCGCRegs)
                  00025114    0000001c     ti_sysbios_config.o (.rodata.str1.54136785629011067091)
                  00025130    0000001c     ti_sysbios_config.o (.rodata.ti_sysbios_family_arm_v8m_cc26x4_Timer_Params_default)
                  0002514c    0000001c     ti_sysbios_config.o (.rodata.ti_sysbios_knl_Mailbox_Params_default)
                  00025168    0000001a     display_task.o (.rodata.str1.110384812076015434351)
                  00025182    00000002     ti_sysbios_config.o (.rodata.str1.71102027280925491351)
                  00025184    00000018     drivers_cc13x4.a : PWM.c.obj (.rodata.PWM_defaultParams)
                  0002519c    00000018     ti_radio_config.o (.rodata.RF_cmdFs_2gfsk50kbps154g)
                  000251b4    00000018     drivers_cc13x4.a : SPICC26X4DMA.c.obj (.rodata.SPICC26X4DMA_fxnTable)
                  000251cc    00000018                      : SPICC26X4DMA.c.obj (.rodata.frameFormat)
                  000251e4    00000018     maclib_secure_cc13x4_tirtos7.a : hmac_global.c.o (.rodata.macSendMsgBufSize)
                  000251fc    00000018     ugui.o (.rodata.pal_window)
                  00025214    00000018     ssf.o (.rodata.str1.137203934258720081351)
                  0002522c    00000018     ssf.o (.rodata.str1.149332114862098306941)
                  00025244    00000018     ssf.o (.rodata.str1.176989045256844588841)
                  0002525c    00000018     ssf.o (.rodata.str1.22671488472064998411)
                  00025274    00000018     ssf.o (.rodata.str1.35936327599275636731)
                  0002528c    00000018     ssf.o (.rodata.str1.4386816021798390991)
                  000252a4    00000018     ssf.o (.rodata.str1.65249532876065086381)
                  000252bc    00000018     ssf.o (.rodata.str1.81870087663433000541)
                  000252d4    00000018     ssf.o (.rodata.str1.94088337864751475791)
                  000252ec    00000018     ti_sysbios_config.o (.rodata.ti_sysbios_family_arm_v8m_Hwi_Params_default)
                  00025304    00000017     cui.o (.rodata.str1.182575247029164749851)
                  0002531b    00000017     cui.o (.rodata.str1.3354398299414093901)
                  00025332    00000015     cui.o (.rodata.str1.16209609899462507051)
                  00025347    00000015     ssf.o (.rodata.str1.164416510004473512441)
                  0002535c    00000014     drivers_cc13x4.a : Button.c.obj (.rodata.Button_defaultParams)
                  00025370    00000014     ti_drivers_config.o (.rodata.PowerCC26X2_config)
                  00025384    00000014     drivers_cc13x4.a : TRNG.c.obj (.rodata.TRNG_defaultParams)
                  00025398    00000014     ti_sysbios_config.o (.rodata.ti_sysbios_knl_Swi_Params_default)
                  000253ac    00000013     macTask.o (.rodata.msacbackSizeTable)
                  000253bf    00000013     cui.o (.rodata.str1.102282016975128293211)
                  000253d2    00000013     display_task.o (.rodata.str1.182917501125905704711)
                  000253e5    00000013     ssf.o (.rodata.str1.51231188198628516361)
                  000253f8    00000013     ssf.o (.rodata.str1.52955529156005986921)
                  0002540b    00000013     display_task.o (.rodata.str1.6959390914554388111)
                  0002541e    00000013     cui.o (.rodata.str1.77108971315039313481)
                  00025431    00000012     ssf.o (.rodata.str1.145927640768134078831)
                  00025443    00000012     cui.o (.rodata.str1.57965206473661515771)
                  00025455    00000011     ti_sysbios_config.o (.rodata.str1.111528116657238352481)
                  00025466    00000011     ssf.o (.rodata.str1.112775746780578959251)
                  00025477    00000011     libc.a : _printfi.c.obj (.rodata.str1.11645776875810915891)
                  00025488    00000011            : _printfi.c.obj (.rodata.str1.44690500295887128011)
                  00025499    00000011     sensor.o (.rodata.str1.86399352463730447251)
                  000254aa    00000011     ssf.o (.rodata.validChannelMask)
                  000254bb    00000001     ti_drivers_config.o (.rodata.GPIO_pinUpperBound)
                  000254bc    00000010     drivers_cc13x4.a : AESCCM.c.obj (.rodata.AESCCM_defaultParams)
                  000254cc    00000010     ti_drivers_config.o (.rodata.GPIO_config)
                  000254dc    00000010     ti_drivers_config.o (.rodata.LED_config)
                  000254ec    00000010     maclib_secure_cc13x4_tirtos7.a : hmac_global.c.o (.rodata.macIEEEPhyTable)
                  000254fc    00000010     ti_sysbios_config.o (.rodata.str1.67815635884313329291)
                  0002550c    00000010     ti_drivers_config.o (.rodata.timerCC26XXHWAttrs)
                  0002551c    0000000f     sensor.o (.rodata.str1.114908228018720310511)
                  0002552b    0000000f     ti_sysbios_config.o (.rodata.str1.123815885180704396101)
                  0002553a    00000001     ti_drivers_config.o (.rodata.LED_count)
                  0002553b    00000001     ti_drivers_config.o (.rodata.NVS_count)
                  0002553c    0000000f     cui.o (.rodata.str1.31283028358430797584)
                  0002554b    0000000f     ssf.o (.rodata.str1.99041087063118600691)
                  0002555a    00000001     ti_drivers_config.o (.rodata.SPI_count)
                  0002555b    00000001     ti_drivers_config.o (.rodata.Timer_count)
                  0002555c    0000000e     st7789.o (.rodata..L__const.ST779_Init.data.1)
                  0002556a    00000001     ti_drivers_config.o (.rodata.UART2_count)
                  0002556b    00000001     ti_drivers_config.o (.rodata.aesccmCC26X4HWAttrs)
                  0002556c    0000000e     st7789.o (.rodata..L__const.ST779_Init.data.2)
                  0002557a    0000000e     maclib_secure_cc13x4_tirtos7.a : hmac_global.c.o (.rodata.macCmdBufSize)
                  00025588    0000000e                                    : hmac_global.c.o (.rodata.macTxFrameFailed)
                  00025596    0000000e                                    : hmac_global.c.o (.rodata.macTxFrameSuccess)
                  000255a4    0000000e     ssf.o (.rodata.str1.143131056285309342521)
                  000255b2    0000000e     sensor.o (.rodata.str1.93604256530678532041)
                  000255c0    0000000c     utc_clock.o (.rodata.EPOCH_convertTime.daysInMonth)
                  000255cc    0000000c     ti_drivers_config.o (.rodata.GPTimerCC26XX_config)
                  000255d8    0000000c     ti_drivers_config.o (.rodata.NVS_config)
                  000255e4    0000000c     ti_drivers_config.o (.rodata.RFCC26XX_hwAttrs)
                  000255f0    0000000c     ti_drivers_config.o (.rodata.SPI_config)
                  000255fc    0000000c     ti_sysbios_config.o (.rodata.defAttrs)
                  00025608    0000000c     drivers_cc13x4.a : Timer.c.obj (.rodata.defaultParams)
                  00025614    0000000c                      : TimerCC26XX.c.obj (.rodata.defaultParams)
                  00025620    0000000c                      : SPICC26X4DMA.c.obj (.rodata.dmaNullConfig)
                  0002562c    0000000c                      : SPICC26X4DMA.c.obj (.rodata.dmaRxConfig)
                  00025638    0000000c                      : SPICC26X4DMA.c.obj (.rodata.dmaTxConfig)
                  00025644    0000000c     ti_drivers_config.o (.rodata.gptimerCC26XXHWAttrs)
                  00025650    0000000c     maclib_secure_cc13x4_tirtos7.a : hmac_global.c.o (.rodata.macCbackEventTbl)
                  0002565c    0000000c                                    : hmac_global.c.o (.rodata.macSendMsgDataSize)
                  00025668    0000000c     ssf.o (.rodata.str1.109638716016064757341)
                  00025674    0000000c     control_task.o (.rodata.str1.20335272819579692351)
                  00025680    0000000c     ssf.o (.rodata.str1.81649424991681116081)
                  0002568c    0000000c     ti_sysbios_config.o (.rodata.ti_sysbios_knl_Clock_Params_default)
                  00025698    0000000c     ti_sysbios_config.o (.rodata.ti_sysbios_knl_Semaphore_Params_default)
                  000256a4    0000000b     ssf.o (.rodata.str1.111315732020231339514)
                  000256af    0000000b     ssf.o (.rodata.str1.93280015240259553851)
                  000256ba    0000000a     drivers_cc13x4.a : Button.c.obj (.rodata..Lswitch.table.Button_gpioCallbackFxn)
                  000256c4    0000000a     jdllc.o (.rodata.keyIdLookupList)
                  000256ce    0000000a     display_task.o (.rodata.str1.145676373725470192851)
                  000256d8    0000000a     sensor.o (.rodata.str1.8984902958309274291)
                  000256e2    00000009     maclib_secure_cc13x4_tirtos7.a : hmac_global.c.o (.rodata.macCmdLen)
                  000256eb    00000009     ssf.o (.rodata.str1.111735626433975511941)
                  000256f4    00000009     sensor.o (.rodata.str1.138611527861904280221)
                  000256fd    00000009     ssf.o (.rodata.str1.157122460158101493541)
                  00025706    00000009     ssf.o (.rodata.str1.18114424290860011881)
                  0002570f    00000009     ssf.o (.rodata.str1.24765741288239325951)
                  00025718    00000009     sensor.o (.rodata.str1.42391455363099336461)
                  00025721    00000003     cui.o (.rodata.str1.106516855938329041901)
                  00025724    00000009     display_task.o (.rodata.str1.99427063411878643834)
                  0002572d    00000003     cui.o (.rodata.str1.1727220237314762261)
                  00025730    00000008     rf_multiMode_cc13x4.a : RFCC26X2_multiMode.c.cc13x4.ticlang.o (.rodata..L__const.RF_hwiCpe0Active.activeCmd)
                  00025738    00000008     ti_drivers_config.o (.rodata.AESCCM_config)
                  00025740    00000008     jdllc.o (.rodata.Jdllc_keySource)
                  00025748    00000008     drivers_cc13x4.a : LED.c.obj (.rodata.LED_defaultParams)
                  00025750    00000008     ti_drivers_config.o (.rodata.Timer_config)
                  00025758    00000008     ti_drivers_config.o (.rodata.UART2_config)
                  00025760    00000008     ti_drivers_config.o (.rodata.UDMACC26XX_config)
                  00025768    00000008     driverlib.lib : aux_sysif.c.obj (.rodata.cst4)
                  00025770    00000008     maclib_secure_cc13x4_tirtos7.a : mac_rx.c.o (.rodata.cst4)
                  00025778    00000008     drivers_cc13x4.a : GPTimerCC26XX.c.obj (.rodata.cst8)
                  00025780    00000008     main.o (.rodata.cst8)
                  00025788    00000008     maclib_secure_cc13x4_tirtos7.a : hmac_global.c.o (.rodata.macAuthTagLen)
                  00025790    00000008     ti_drivers_config.o (.rodata.nvsCC26XXHWAttrs)
                  00025798    00000008     ti_sysbios_config.o (.rodata.prefixStrings)
                  000257a0    00000008     sensor.o (.rodata.str1.110591433356627917561)
                  000257a8    00000008     ssf.o (.rodata.str1.25750957905500915411)
                  000257b0    00000008     ssf.o (.rodata.str1.62713664212336136821)
                  000257b8    00000008     drivers_cc13x4.a : SPICC26X4DMA.c.obj (.rodata.str4.155917611747441982854)
                  000257c0    00000008     ti_sysbios_config.o (.rodata.ti_sysbios_knl_Idle_funcList)
                  000257c8    00000008     ti_drivers_config.o (.rodata.udmaCC26XXHWAttrs)
                  000257d0    00000007     display_task.o (.rodata.str1.163921970957602588521)
                  000257d7    00000007     ti_sysbios_config.o (.rodata.str1.174580395633770214331)
                  000257de    00000007     ssf.o (.rodata.str1.178643345727570655661)
                  000257e5    00000007     ssf.o (.rodata.str1.67243849773169265341)
                  000257ec    00000007     sensor.o (.rodata.str1.80822011508962623791)
                  000257f3    00000007     ssf.o (.rodata.str1.91798637038816203781)
                  000257fa    00000006     cui.o (.rodata..L.str.8)
                  00025800    00000005     drivers_cc13x4.a : UART2CC26X2.c.obj (.rodata.parityType)
                  00025805    00000005                      : UART2CC26X2.c.obj (.rodata.rxFifoThreshold)
                  0002580a    00000005     jdllc.o (.rodata.securityLevelEntry)
                  0002580f    00000005     cui.o (.rodata.str1.171172772721783292271)
                  00025814    00000005     ssf.o (.rodata.str1.175697533864018170101)
                  00025819    00000005     drivers_cc13x4.a : UART2CC26X2.c.obj (.rodata.txFifoThreshold)
                  0002581e    00000004     ti_drivers_config.o (.rodata.LEDHWAttrs)
                  00025822    00000001     ssf.o (.rodata.str1.39883029910703621341)
                  00025823    00000001     --HOLE-- [fill = 0]
                  00025824    00000004     drivers_cc13x4.a : NVS.c.obj (.rodata.NVS_defaultParams)
                  00025828    00000004     ti_sysbios_config.o (.rodata.TimestampP_nativeFormat32)
                  0002582c    00000004     ti_sysbios_config.o (.rodata.TimestampP_nativeFormat64)
                  00025830    00000004     cui.o (.rodata.cst4)
                  00025834    00000004     drivers_cc13x4.a : UART2CC26X2.c.obj (.rodata.cst4)
                  00025838    00000004     maclib_secure_cc13x4_tirtos7.a : hmac_global.c.o (.rodata.macKeySourceLen)
                  0002583c    00000004     cui.o (.rodata.str1.1962397095404626351)
                  00025840    00000004     cui.o (.rodata.str1.30335467574677175321)
                  00025844    00000004     cui.o (.rodata.str1.62677890245300467701)
                  00025848    00000004     cui.o (.rodata.str1.90401143020905717261)
                  0002584c    00000004     cui.o (.rodata.str1.95615992137081022121)
                  00025850    00000004     ti_sysbios_config.o (.rodata.ti_sysbios_family_arm_v8m_Hwi_swiTaskKeyAddress)
                  00025854    00000004     ti_sysbios_config.o (.rodata.ti_sysbios_knl_Clock_tickPeriod)
                  00025858    00000003     cui.o (.rodata.str1.17643001253678926731)

.cinit     0    0002585c    00000450     
                  0002585c    0000039a     (.cinit..data.load) [load image, compression = lzss]
                  00025bf6    00000002     --HOLE-- [fill = 0]
                  00025bf8    0000000c     (__TI_handler_table)
                  00025c04    00000008     (.cinit..TI.bound:dmaSpi0RxAltControlTableEntry.load) [load image, compression = zero_init]
                  00025c0c    00000008     (.cinit..TI.bound:dmaSpi0RxControlTableEntry.load) [load image, compression = zero_init]
                  00025c14    00000008     (.cinit..TI.bound:dmaSpi0TxAltControlTableEntry.load) [load image, compression = zero_init]
                  00025c1c    00000008     (.cinit..TI.bound:dmaSpi0TxControlTableEntry.load) [load image, compression = zero_init]
                  00025c24    00000008     (.cinit..TI.bound:dmaUart1RxControlTableEntry.load) [load image, compression = zero_init]
                  00025c2c    00000008     (.cinit..TI.bound:dmaUart1TxControlTableEntry.load) [load image, compression = zero_init]
                  00025c34    00000008     (.cinit..bss.1.load) [load image, compression = zero_init]
                  00025c3c    00000008     (.cinit..bss.2.load) [load image, compression = zero_init]
                  00025c44    00000008     (.cinit..bss.3.load) [load image, compression = zero_init]
                  00025c4c    00000008     (.cinit..ramVecs.load) [load image, compression = zero_init]
                  00025c54    00000058     (__TI_cinit_table)

.init_array 
*          0    00000000    00000000     UNINITIALIZED

.TI.bound:flashBuf0 
*          0    00052000    00004000     UNINITIALIZED
                  00052000    00004000     ti_drivers_config.o (.TI.bound:flashBuf0)

.data      0    20009a00    00000e5a     UNINITIALIZED
                  20009a00    00000178     drivers_cc13x4.a : PowerCC26X2.c.obj (.data.PowerCC26X2_module)
                  20009b78    000000c0     ti_drivers_config.o (.data.gpioPinConfigs)
                  20009c38    000000af     ti_radio_config.o (.data.txPowerTable_868_pa13)
                  20009ce7    00000001     cui.o (.data.CUI_statusLinePrintf.refreshCharIdx)
                  20009ce8    000000a0     mac_cfg.o (.data.macMRFSKGenPhyTable)
                  20009d88    00000078     sensor.o (.data..L_MergedGlobals)
                  20009e00    00000074     jdllc.o (.data..L_MergedGlobals)
                  20009e74    0000006c     maclib_secure_cc13x4_tirtos7.a : hmac_global.c.o (.data.fhObject)
                  20009ee0    00000068     rf_multiMode_cc13x4.a : RFCC26X2_multiMode.c.cc13x4.ticlang.o (.data..L_MergedGlobals.1)
                  20009f48    00000068     cui.o (.data..L_MergedGlobals.22)
                  20009fb0    00000068     ssf.o (.data..L_MergedGlobals.35)
                  2000a018    00000068     ti_sysbios_config.o (.data..L_MergedGlobals.72)
                  2000a080    00000068     ti_sysbios_config.o (.data..L_MergedGlobals)
                  2000a0e8    00000068     ti_sysbios_config.o (.data.ti_sysbios_knl_Clock_Module_state)
                  2000a150    00000064     rf_multiMode_cc13x4.a : RFCC26X2_multiMode.c.cc13x4.ticlang.o (.data..L_MergedGlobals.3)
                  2000a1b4    0000005c     main.o (.data.Main_user1Cfg)
                  2000a210    00000058     rf_multiMode_cc13x4.a : RFCC26X2_multiMode.c.cc13x4.ticlang.o (.data..L_MergedGlobals.2)
                  2000a268    00000058     ssf.o (.data..L_MergedGlobals)
                  2000a2c0    00000050     nvocmp.o (.data..L_MergedGlobals.1)
                  2000a310    00000048     sensor.o (.data.Sensor_macCallbacks)
                  2000a358    00000048     jdllc.o (.data.macCallbacksCopy)
                  2000a3a0    00000040     ssf.o (.data.configureSubMenu)
                  2000a3e0    0000003c     ti_sysbios_config.o (.data.ti_sysbios_knl_Task_Module_state)
                  2000a41c    00000038     drivers_cc13x4.a : TRNGCC26XX.c.obj (.data..L_MergedGlobals.1)
                  2000a454    00000035     cui.o (.data..L_MergedGlobals)
                  2000a489    00000003     maclib_secure_cc13x4_tirtos7.a : mac_tx.c.o (.data..L_MergedGlobals.1)
                  2000a48c    00000034     ssf.o (.data.commissionSubMenu)
                  2000a4c0    00000034     maclib_secure_cc13x4_tirtos7.a : hmac_global.c.o (.data.macBeaconPayload)
                  2000a4f4    00000004                                    : mac_hl_patch.c.o (.data..L_MergedGlobals)
                  2000a4f8    00000030     drivers_cc13x4.a : TRNGCC26XX.c.obj (.data..L_MergedGlobals)
                  2000a528    0000002c     ti_radio_config.o (.data.pOverrides_2gfsk50kbps154g)
                  2000a554    00000028     ssf.o (.data.appSubMenu)
                  2000a57c    00000024     maclib_secure_cc13x4_tirtos7.a : hmac_global.c.o (.data.macActionSet)
                  2000a5a0    00000020                                    : mac.c.o (.data..L_MergedGlobals)
                  2000a5c0    00000020     mac_cfg.o (.data.macBeaconMargin)
                  2000a5e0    00000018     control_task.o (.data..L_MergedGlobals)
                  2000a5f8    00000018     maclib_secure_cc13x4_tirtos7.a : mac_duty_cycle.c.o (.data..L_MergedGlobals)
                  2000a610    00000018     ugui.o (.data..L_MergedGlobals)
                  2000a628    00000015     maclib_secure_cc13x4_tirtos7.a : mac_rx.c.o (.data..L_MergedGlobals)
                  2000a63d    00000003     api_mac.o (.data..L_MergedGlobals)
                  2000a640    00000014     ti_sysbios_config.o (.data.defaultPthreadAttrs)
                  2000a654    00000014     maclib_secure_cc13x4_tirtos7.a : hmac_global.c.o (.data.macStateTbl)
                  2000a668    00000014     main.o (.data.macUser0Cfg)
                  2000a67c    00000010     sensor.o (.data..L_MergedGlobals.8)
                  2000a68c    00000010     btn.o (.data..L_MergedGlobals)
                  2000a69c    00000010     driverlib.lib : osc.c.obj (.data..L_MergedGlobals)
                  2000a6ac    00000010     macTask.o (.data..L_MergedGlobals)
                  2000a6bc    00000010     utc_clock.o (.data..L_MergedGlobals)
                  2000a6cc    00000010     mac_settings.o (.data.RF_cmdNop)
                  2000a6dc    00000010     mac_settings.o (.data.RF_cmdNopFg)
                  2000a6ec    00000010     ti_radio_config.o (.data.RF_prop_2gfsk50kbps154g)
                  2000a6fc    00000010     driverlib.lib : osc.c.obj (.data._hposcCoeffs)
                  2000a70c    00000010     mac_cfg.o (.data.macCfg)
                  2000a71c    0000000c     maclib_osal_tirtos7_cc13x4_26x4.a : osal_port.c.o (.data..L_MergedGlobals.1)
                  2000a728    0000000c     maclib_secure_cc13x4_tirtos7.a : mac.c.o (.data..L_MergedGlobals.1)
                  2000a734    0000000c     drivers_cc13x4.a : NVSCC26XX.c.obj (.data..L_MergedGlobals)
                  2000a740    0000000c     maclib_osal_tirtos7_cc13x4_26x4.a : osal_port.c.o (.data..L_MergedGlobals)
                  2000a74c    0000000c     display_task.o (.data.battery_full)
                  2000a758    0000000c     st7789.o (.data.device)
                  2000a764    0000000a     main.o (.data.collectorAddr_app)
                  2000a76e    00000008     control_task.o (.data..L_MergedGlobals.1)
                  2000a776    00000002     maclib_secure_cc13x4_tirtos7.a : mac_autopend.c.o (.data..L_MergedGlobals)
                  2000a778    00000008     maclib_osal_tirtos7_cc13x4_26x4.a : osal_port_timers.c.o (.data..L_MergedGlobals.1)
                  2000a780    00000008     maclib_secure_cc13x4_tirtos7.a : mac_radio.c.o (.data..L_MergedGlobals.1)
                  2000a788    00000008     maclib_osal_tirtos7_cc13x4_26x4.a : osal_port_timers.c.o (.data..L_MergedGlobals)
                  2000a790    00000008     maclib_secure_cc13x4_tirtos7.a : mac_radio.c.o (.data..L_MergedGlobals)
                  2000a798    00000008                                    : mac_radio_tx.c.o (.data..L_MergedGlobals)
                  2000a7a0    00000008                                    : mac_tx.c.o (.data..L_MergedGlobals)
                  2000a7a8    00000008     rf_multiMode_cc13x4.a : RFCC26X2_multiMode.c.cc13x4.ticlang.o (.data..L_MergedGlobals)
                  2000a7b0    00000008                           : RFCC26X2_multiMode.c.cc13x4.ticlang.o (.data.RFCC26XX_schedulerPolicy)
                  2000a7b8    00000008     ti_sysbios_config.o (.data.ti_sysbios_gates_GateMutexPri_Module_state)
                  2000a7c0    00000008     ti_sysbios_config.o (.data.ti_sysbios_heaps_HeapCallback_Module_state)
                  2000a7c8    00000008     ti_sysbios_config.o (.data.ti_sysbios_knl_Mailbox_Module_state)
                  2000a7d0    00000008     ti_sysbios_config.o (.data.ti_sysbios_knl_Semaphore_Module_state)
                  2000a7d8    00000006     display_task.o (.data..L_MergedGlobals)
                  2000a7de    00000002     maclib_secure_cc13x4_tirtos7.a : mac_hl_patch.c.o (.data.assoc_resp_no_ack_cnt)
                  2000a7e0    00000004     drivers_cc13x4.a : PowerCC26X2.c.obj (.data.PowerCC26X2_rtcSubSecInc)
                  2000a7e4    00000004     rf_multiMode_cc13x4.a : RFCC26X2_multiMode.c.cc13x4.ticlang.o (.data.RF_fsmActiveState.lfClockSourceLast)
                  2000a7e8    00000004     libc.a : aeabi_portable.c.obj (.data.__aeabi_errno)
                  2000a7ec    00000004            : _lock.c.obj (.data._lock)
                  2000a7f0    00000004            : _lock.c.obj (.data._unlock)
                  2000a7f4    00000004     api_mac.o (.data.appEvents)
                  2000a7f8    00000004     display_task.o (.data.gmt)
                  2000a7fc    00000004     maclib_secure_cc13x4_tirtos7.a : hmac_global.c.o (.data.macDataBeaconRequeue)
                  2000a800    00000004                                    : hmac_global.c.o (.data.macDataCheckSched)
                  2000a804    00000004                                    : hmac_global.c.o (.data.macDataCheckTxTime)
                  2000a808    00000004                                    : hmac_global.c.o (.data.macDataRequeueIndirect)
                  2000a80c    00000004                                    : hmac_global.c.o (.data.macDataRxBeaconCritical)
                  2000a810    00000004                                    : hmac_global.c.o (.data.macDataSetSched)
                  2000a814    00000004                                    : hmac_global.c.o (.data.macDataTxBeaconComplete)
                  2000a818    00000004                                    : hmac_global.c.o (.data.macDataTxIndirect)
                  2000a81c    00000004                                    : mac_symbol_timer.c.o (.data.macSymbolWakeupClock)
                  2000a820    00000004     macTask.o (.data.macTaskEvents)
                  2000a824    00000004     maclib_secure_cc13x4_tirtos7.a : hmac_global.c.o (.data.macTimerNewRollover)
                  2000a828    00000004                                    : hmac_global.c.o (.data.macTimerRollover)
                  2000a82c    00000004                                    : mac.c.o (.data.minTxOffTime)
                  2000a830    00000004     api_mac.o (.data.pMacCallbacks)
                  2000a834    00000004     maclib_secure_cc13x4_tirtos7.a : hmac_global.c.o (.data.pMacDataTx)
                  2000a838    00000004                                    : mac_radio_tx.c.o (.data.pMacEnhancedAck)
                  2000a83c    00000004                                    : mac_mcu.c.o (.data.pRandomSeedCB)
                  2000a840    00000002     control_task.o (.data.personal_addr)
                  2000a842    00000002     mac_cfg.o (.data.symbol_rate_custom)
                  2000a844    00000001     main.o (.data.Main_assertReason)
                  2000a845    00000001     nvocmp.o (.data.NVOCMP_failF)
                  2000a846    00000001     maclib_secure_cc13x4_tirtos7.a : lmac_global.c.o (.data.bInSwi)
                  2000a847    00000001     rf_multiMode_cc13x4.a : rf_patch_cpe_multi_protocol.c.cc13x4.ticlang.o (.data.bMultiProtocolPatchEntered)
                  2000a848    00000001     maclib_secure_cc13x4_tirtos7.a : hmac_global.c.o (.data.csmPhy)
                  2000a849    00000001                                    : mac.c.o (.data.customMinTxOffEnabled)
                  2000a84a    00000001                                    : mac_duty_cycle.c.o (.data.dcEnabled)
                  2000a84b    00000001     drivers_cc13x4.a : GPIOCC26X4.c.obj (.data.initCalled)
                  2000a84c    00000001                      : AESCCMCC26X4.c.obj (.data.isInitialized)
                  2000a84d    00000001                      : CryptoResourceCC26XX.c.obj (.data.isInitialized)
                  2000a84e    00000001                      : NVS.c.obj (.data.isInitialized)
                  2000a84f    00000001                      : PWM.c.obj (.data.isInitialized)
                  2000a850    00000001                      : SPI.c.obj (.data.isInitialized)
                  2000a851    00000001     maclib_secure_cc13x4_tirtos7.a : lmac_global.c.o (.data.macRadioYielded)
                  2000a852    00000001                                    : lmac_global.c.o (.data.macSrcMatchIsEnabled)
                  2000a853    00000001                                    : mac_autopend.c.o (.data.macSrcMatchManualAddressTracking)
                  2000a854    00000001                                    : mac.c.o (.data.macTxCmdActive)
                  2000a855    00000001                                    : lmac_global.c.o (.data.macTxSlottedDelay)
                  2000a856    00000001                                    : mac_tx.c.o (.data.macTxSlottedDelayFactor)
                  2000a857    00000001                                    : mac_tx.c.o (.data.npdb)
                  2000a858    00000001                                    : mac_tx.c.o (.data.numTx)
                  2000a859    00000001                                    : mac.c.o (.data.reqAccessAlloc)

.ramVecs   0    2000a900    000001fc     UNINITIALIZED
                  2000a900    000000fc     driverlib.lib : interrupt.c.obj (.ramVecs)
                  2000a9fc    00000004     --HOLE--
                  2000aa00    000000fc     ti_sysbios_config.o (.ramVecs)

.sysmem    0    2000aafc    00000000     UNINITIALIZED

.nonretenvar 
*          0    2000aafc    00000000     UNINITIALIZED

.stack     0    2003b000    00005000     UNINITIALIZED
                  2003b000    00000004     sysbios.a : boot_cortex_m.c.obj (.stack)
                  2003b004    00004ffc     --HOLE--

.ccfg      0    50000000    0000007c     
                  50000000    0000007c     ti_devices_config.o (.ccfg)

.text      0    0000003c    0001d838     
                  0000003c    0000086c     libc.a : _printfi.c.obj (.text:__TI_printfi_nofloat)
                  000008a8    00000744     maclib_secure_cc13x4_tirtos7.a : mac_rx.c.o (.text.macRxFrameIsr)
                  00000fec    00000594                                    : mac_radio_tx.c.o (.text.macRadioTxGo)
                  00001580    00000480     rf_multiMode_cc13x4.a : RFCC26X2_multiMode.c.cc13x4.ticlang.o (.text.RF_fsmActiveState)
                  00001a00    000003b8     api_mac.o (.text.ApiMac_processIncoming)
                  00001db8    0000036c     ugui.o (.text._UG_PutChar)
                  00002124    00000358     maclib_secure_cc13x4_tirtos7.a : mac_rx.c.o (.text.rxPayloadIsr)
                  0000247c    0000033c     drivers_cc13x4.a : SPICC26X4DMA.c.obj (.text.SPICC26X4DMA_transfer)
                  000027b8    00000324     sensor.o (.text.dataIndCB)
                  00002adc    0000031c     maclib_secure_cc13x4_tirtos7.a : mac_hl_patch.c.o (.text.macWrapperAddDevice)
                  00002df8    000002f4                                    : mac.c.o (.text.macRxCb)
                  000030ec    000002ec                                    : mac_mgmt.c.o (.text.macBuildHeader)
                  000033d8    000002e8                                    : mac_radio_tx.c.o (.text.macRadioCsmaTxCb)
                  000036c0    000002d4     cui.o (.text.CUI_processMenuUpdate)
                  00003994    000002ac     sensor.o (.text.Sensor_process)
                  00003c40    000002a0     nvocmp.o (.text.NVOCMP_initNvApi)
                  00003ee0    00000290     ti_sysbios_config.o (.text.ti_sysbios_runtime_System_doPrint)
                  00004170    00000280     nvocmp.o (.text.NVOCMP_compactPage)
                  000043f0    00000268     maclib_secure_cc13x4_tirtos7.a : mac_radio.c.o (.text.macRadioInitSubG)
                  00004658    0000024c     rf_multiMode_cc13x4.a : RFCC26X2_multiMode.c.cc13x4.ticlang.o (.text.RF_open)
                  000048a4    00000240     macTask.o (.text.macTaskFxn)
                  00004ae4    00000228     maclib_secure_cc13x4_tirtos7.a : mac_security_pib.c.o (.text.MAC_MlmeSetSecurityReq)
                  00004d0c    00000224     jdllc.o (.text.Jdllc_process)
                  00004f30    0000021c     maclib_secure_cc13x4_tirtos7.a : mac_radio_tx.c.o (.text.macRadioTxRequestTxAck)
                  0000514c    00000210                                    : mac.c.o (.text.macSendReceiveCmdSubG)
                  0000535c    000001fc     drivers_cc13x4.a : AESCCMCC26X4.c.obj (.text.AESCCM_addAADInternal)
                  00005558    000001f4     nvocmp.o (.text.NVOCMP_addItem)
                  0000574c    000001f0     drivers_cc13x4.a : UART2CC26X2.c.obj (.text.UART2CC26X2_hwiIntFxn)
                  0000593c    000001ec     maclib_secure_cc13x4_tirtos7.a : mac_hl_patch.c.o (.text.macTxCompleteCallback)
                  00005b28    000001e8     rf_multiMode_cc13x4.a : RFCC26X2_multiMode.c.cc13x4.ticlang.o (.text.RF_scheduleCmd)
                  00005d10    000001dc                           : RFCC26X2_multiMode.c.cc13x4.ticlang.o (.text.RF_dispatchNextCmd)
                  00005eec    000001d8     control_task.o (.text.controlTask_)
                  000060c4    000001d8     maclib_secure_cc13x4_tirtos7.a : mac_security_pib.c.o (.text.macSecurityPibReset)
                  0000629c    000001d4     drivers_cc13x4.a : SPICC26X4DMA.c.obj (.text.SPICC26X4DMA_hwiFxn)
                  00006470    000001d4                      : UART2.c.obj (.text.UART2_readTimeout)
                  00006644    000001d4     mac_settings.o (.text.rfSetConfigSubG)
                  00006818    000001d4     ssf.o (.text.setChMaskAction)
                  000069ec    000001d0     maclib_secure_cc13x4_tirtos7.a : mac.c.o (.text.macSendReceiveCmdIeee)
                  00006bbc    000001c8     display_task.o (.text.noti_display)
                  00006d84    000001bc     maclib_secure_cc13x4_tirtos7.a : mac_pib.c.o (.text.MAC_MlmeSetReq)
                  00006f40    000001bc     ugui.o (.text.UG_Update)
                  000070fc    000001b4     ssf.o (.text.setNwkKeyAction)
                  000072b0    000001ac     maclib_secure_cc13x4_tirtos7.a : mac_tx.c.o (.text.macTxFrame)
                  0000745c    000001a0     cui.o (.text.CUI_registerMenu)
                  000075fc    00000194     drivers_cc13x4.a : PowerCC26X2_calibrateRCOSC.c.obj (.text.PowerCC26X2_auxISR)
                  00007790    00000194     maclib_secure_cc13x4_tirtos7.a : mac_hl_patch.c.o (.text.macWrapperAddKeyInitFCtr)
                  00007924    00000188                                    : mac_security_pib.c.o (.text.MAC_MlmeGetSecurityReq)
                  00007aac    00000184     drivers_cc13x4.a : UART2CC26X2.c.obj (.text.UART2_open)
                  00007c30    00000184     maclib_secure_cc13x4_tirtos7.a : mac_hl_patch.c.o (.text.macIncomingFrameSecurityMaterialRetrieval)
                  00007db4    00000174     drivers_cc13x4.a : UART2.c.obj (.text.UART2_writeTimeoutBlocking)
                  00007f28    00000170     st7789.o (.text.ST779_Init)
                  00008098    00000168     maclib_secure_cc13x4_tirtos7.a : mac_mgmt.c.o (.text.macBuildCommonReq)
                  00008200    00000160                                    : mac_hl_patch.c.o (.text.MAC_McpsDataReq)
                  00008360    00000160                                    : mac_scan.c.o (.text.macApiScanReq)
                  000084c0    00000160                                    : mac_tx.c.o (.text.txCsmaDelay)
                  00008620    00000158     drivers_cc13x4.a : SPICC26X4DMA.c.obj (.text.configNextTransfer)
                  00008778    0000014c     rf_multiMode_cc13x4.a : RFCC26X2_multiMode.c.cc13x4.ticlang.o (.text.RF_radioOpDoneCb)
                  000088c4    0000014c     drivers_cc13x4.a : SPICC26X4DMA.c.obj (.text.SPICC26X4DMA_open)
                  00008a10    0000014c     ssf.o (.text.setPanIdAction)
                  00008b5c    00000148     drivers_cc13x4.a : PowerCC26X2.c.obj (.text.Power_sleep)
                  00008ca4    00000148     ugui.o (.text.UG_DrawBMP)
                  00008dec    00000148     maclib_secure_cc13x4_tirtos7.a : mac_data.c.o (.text.macDataTxSend)
                  00008f34    00000144     rf_multiMode_cc13x4.a : RFCC26X2_multiMode.c.cc13x4.ticlang.o (.text.RF_updatePaConfiguration)
                  00009078    00000144     maclib_secure_cc13x4_tirtos7.a : mac_hl_patch.c.o (.text.macIncomingFrameSecurity)
                  000091bc    00000140                                    : mac_radio_tx.c.o (.text.macRadioLbtTxCb)
                  000092fc    0000013c     cui.o (.text.CUI_init)
                  00009438    0000013c     rf_multiMode_cc13x4.a : RFCC26X2_multiMode.c.cc13x4.ticlang.o (.text.RF_abortCmd)
                  00009574    00000138     nvocmp.o (.text.NVOCMP_findItem)
                  000096ac    00000138     libc.a : strtol.c.obj (.text.strtol)
                  000097e4    00000134     rf_multiMode_cc13x4.a : RFCC26X2_multiMode.c.cc13x4.ticlang.o (.text.RF_ratSetupChannel)
                  00009918    00000134     maclib_secure_cc13x4_tirtos7.a : mac_mgmt.c.o (.text.macSetDefaultsByPhyID)
                  00009a4c    00000130     drivers_cc13x4.a : AESCCMCC26X4.c.obj (.text.AESCCM_addDataInternal)
                  00009b7c    0000012c     rf_multiMode_cc13x4.a : RFCC26X2_multiMode.c.cc13x4.ticlang.o (.text.RF_close)
                  00009ca8    0000012c     maclib_secure_cc13x4_tirtos7.a : mac_hl_patch.c.o (.text.macRxBeaconCritical)
                  00009dd4    0000012c     ti_sysbios_config.o (.text.ti_sysbios_family_arm_v8m_cc26x4_Timer_construct)
                  00009f00    00000128     drivers_cc13x4.a : Button.c.obj (.text.Button_clockTimeoutHandler)
                  0000a028    00000128     cui.o (.text.CUI_statusLinePrintf)
                  0000a150    00000128     maclib_secure_cc13x4_tirtos7.a : mac_data.c.o (.text.macAllocTxBuffer)
                  0000a278    00000128                                    : mac_hl_patch.c.o (.text.macWrapperDeleteDevice)
                  0000a3a0    00000124     cui.o (.text.CUI_dispMenu)
                  0000a4c4    00000124     rf_multiMode_cc13x4.a : RFCC26X2_multiMode.c.cc13x4.ticlang.o (.text.RF_fsmSetupState)
                  0000a5e8    00000124     drivers_cc13x4.a : TRNGCC26XX.c.obj (.text.TRNGCC26XX_hwiFxn)
                  0000a70c    00000124     ugui.o (.text._UG_DrawObjectFrame)
                  0000a830    00000124     maclib_secure_cc13x4_tirtos7.a : mac_radio.c.o (.text.macRadioInitIeee)
                  0000a954    00000120                                    : mac_duty_cycle.c.o (.text.macDutyCycleInit)
                  0000aa74    0000011c     drivers_cc13x4.a : NVSCC26XX.c.obj (.text.NVSCC26XX_write)
                  0000ab90    00000118                      : PowerCC26X2.c.obj (.text.Power_init)
                  0000aca8    00000118     rf_multiMode_cc13x4.a : RFCC26X2_multiMode.c.cc13x4.ticlang.o (.text.RF_decodeOverridePointers)
                  0000adc0    00000118     drivers_cc13x4.a : SPICC26X4DMA.c.obj (.text.SPICC26X4DMA_control)
                  0000aed8    00000118     ssf.o (.text.Ssf_init)
                  0000aff0    00000118     drivers_cc13x4.a : UART2.c.obj (.text.UART2_writeTimeoutNonblocking)
                  0000b108    00000114     driverlib.lib : setup_rom.c.obj (.text.NOROM_SetupAfterColdResetWakeupFromShutDownCfg3)
                  0000b21c    00000114     ugui.o (.text._UG_PutText)
                  0000b330    00000114     maclib_secure_cc13x4_tirtos7.a : mac_tx.c.o (.text.txComplete)
                  0000b444    00000110     drivers_cc13x4.a : GPIOCC26X4.c.obj (.text.GPIO_init)
                  0000b554    00000110                      : LED.c.obj (.text.LED_open)
                  0000b664    00000110     sensor.o (.text.dataCnfCB)
                  0000b774    00000110     maclib_secure_cc13x4_tirtos7.a : mac_ie_build.c.o (.text.macBuildPayloadIes)
                  0000b884    0000010c     driverlib.lib : setup_rom.c.obj (.text.NOROM_SetupAfterColdResetWakeupFromShutDownCfg2)
                  0000b990    0000010c     drivers_cc13x4.a : PowerCC26X2_calibrateRCOSC.c.obj (.text.PowerCC26X2_calibrate)
                  0000ba9c    00000108                      : AESCCMCC26X4.c.obj (.text.AESCCM_getResult)
                  0000bba4    00000108     ugui.o (.text.UG_DrawLine)
                  0000bcac    00000108     ugui.o (.text._UG_GetCharData)
                  0000bdb4    00000108     jdllc.o (.text.assocCnfCb)
                  0000bebc    00000108     maclib_secure_cc13x4_tirtos7.a : mac_hl_patch.c.o (.text.macBuildDataFrame)
                  0000bfc4    00000104     macTask.o (.text.MAC_CbackEvent)
                  0000c0c8    00000104     sysbios.a : Hwi_asm_gcc.s.obj (.text.ti_sysbios_family_arm_v8m_Hwi_dispatch)
                  0000c1cc    00000102     drivers_cc13x4.a : SPICC26X4DMA.c.obj (.text.csnCallback)
                  0000c2ce    00000002     ti_sysbios_config.o (.text.BIOS_nullFunc)
                  0000c2d0    00000100     utc_clock.o (.text.EPOCH_convertTime)
                  0000c3d0    00000100     driverlib.lib : setup.c.obj (.text.NOROM_SetupTrimDevice)
                  0000c4d0    00000100     rf_multiMode_cc13x4.a : RFCC26X2_multiMode.c.cc13x4.ticlang.o (.text.RF_fsmPowerUpState)
                  0000c5d0    00000100     drivers_cc13x4.a : TimerCC26XX.c.obj (.text.Timer_open)
                  0000c6d0    00000100     maclib_secure_cc13x4_tirtos7.a : mac_device.c.o (.text.macBuildAssociateReq)
                  0000c7d0    00000100                                    : mac_data.c.o (.text.macRxCompleteCallback)
                  0000c8d0    00000100                                    : mac_hl_patch.c.o (.text.macScanNextChan)
                  0000c9d0    000000fc     rf_multiMode_cc13x4.a : RFCC26X2_multiMode.c.cc13x4.ticlang.o (.text.RF_hwiCpe0Active)
                  0000cacc    000000fc     display_task.o (.text.settings_display)
                  0000cbc8    000000f8     sensor.o (.text.Sensor_sendMsg)
                  0000ccc0    000000f4     cui.o (.text.CUI_statusLineResourceRequest)
                  0000cdb4    000000f4     drivers_cc13x4.a : TRNGCC26XX.c.obj (.text.TRNG_getRandom)
                  0000cea8    000000f0                      : UART2CC26X2.c.obj (.text.UART2Support_dmaStartRx)
                  0000cf98    000000f0     maclib_secure_cc13x4_tirtos7.a : mac_device.c.o (.text.macApiAssociateReq)
                  0000d088    000000f0     display_task.o (.text.main_menu)
                  0000d178    000000ec     maclib_secure_cc13x4_tirtos7.a : mac.c.o (.text.macSetupRATChanCompare)
                  0000d264    000000e8     ti_sysbios_config.o (.text.ti_sysbios_knl_Semaphore_pend)
                  0000d34c    000000e4     drivers_cc13x4.a : AESCCMCC26X4.c.obj (.text.AESCCM_startOperation)
                  0000d430    000000e4                      : Button.c.obj (.text.Button_open)
                  0000d514    000000e4     maclib_secure_cc13x4_tirtos7.a : mac_tx.c.o (.text.macTxChannelBusyCallback)
                  0000d5f8    000000e0     driverlib.lib : sys_ctrl.c.obj (.text.NOROM_SysCtrlStandby)
                  0000d6d8    000000e0     drivers_cc13x4.a : UART2CC26X2.c.obj (.text.UART2CC26X2_initHw)
                  0000d7b8    000000e0     maclib_secure_cc13x4_tirtos7.a : mac_hl_patch.c.o (.text.macOutgoingFrameKeyDescRetrieval)
                  0000d898    000000e0                                    : mac_tx.c.o (.text.txCsmaPrep)
                  0000d978    000000dc     rf_multiMode_cc13x4.a : RFCC26X2_multiMode.c.cc13x4.ticlang.o (.text.RF_control)
                  0000da54    000000dc     maclib_secure_cc13x4_tirtos7.a : mac_mgmt.c.o (.text.macBuildDisassociateReq)
                  0000db30    000000dc     ti_sysbios_config.o (.text.pthread_create)
                  0000dc0c    000000d8     maclib_secure_cc13x4_tirtos7.a : mac_hl_patch.c.o (.text.macCcmStarTransform)
                  0000dce4    000000d8                                    : mac_scan.c.o (.text.macScanRxBeacon)
                  0000ddbc    000000d4     api_mac.o (.text.ApiMac_mlmeSetReqArray)
                  0000de90    000000d4     maclib_secure_cc13x4_tirtos7.a : mac_data.c.o (.text.MAC_McpsDataAlloc)
                  0000df64    000000d4     drivers_cc13x4.a : SPICC26X4DMA.c.obj (.text.initHw)
                  0000e038    000000d4     sensor.o (.text.jdllcStateChangeCb)
                  0000e10c    000000d0     ugui.o (.text._UG_WindowDrawTitle)
                  0000e1dc    000000d0     drivers_cc13x4.a : PowerCC26X2.c.obj (.text.configureXOSCHF)
                  0000e2ac    000000d0     maclib_secure_cc13x4_tirtos7.a : mac_hl_patch.c.o (.text.macEdScanISR)
                  0000e37c    000000d0                                    : mac_radio_tx.c.o (.text.macRadioTxAckCb)
                  0000e44c    000000d0                                    : mac_radio_tx.c.o (.text.macRadioTxPrepCsmaSlottedSubG)
                  0000e51c    000000d0                                    : mac_symbol_timer.c.o (.text.macSymbolTimerUpdateWakeup)
                  0000e5ec    000000cc                                    : mac_mgmt.c.o (.text.macCommStatusInd)
                  0000e6b8    000000cc                                    : mac_device.c.o (.text.macDeviceReset)
                  0000e784    000000cc     display_task.o (.text.selection_menu)
                  0000e850    000000c8     sensor.o (.text.Sensor_init)
                  0000e918    000000c8     maclib_secure_cc13x4_tirtos7.a : mac_hl_patch.c.o (.text.macOutgoingFrameSecurity)
                  0000e9e0    000000c8                                    : mac_main.c.o (.text.macSendDataMsg)
                  0000eaa8    000000c4     sensor.o (.text.jdllcJoinedCb)
                  0000eb6c    000000c4     maclib_secure_cc13x4_tirtos7.a : mac_hl_patch.c.o (.text.macBuildHeaderIes)
                  0000ec30    000000c4                                    : mac_duty_cycle.c.o (.text.macDutyCycleNotify)
                  0000ecf4    000000c0     drivers_cc13x4.a : GPIOCC26XX.c.obj (.text.GPIO_setConfigAndMux)
                  0000edb4    000000c0     driverlib.lib : aes.c.obj (.text.NOROM_AESWriteToKeyStore)
                  0000ee74    000000c0     ssf.o (.text.Ssf_stateChangeUpdate)
                  0000ef34    000000c0     maclib_secure_cc13x4_tirtos7.a : mac_tx.c.o (.text.macTxRequestCsmaRtcDelay)
                  0000eff4    000000c0                                    : mac_radio.c.o (.text.scheduleNopWakeupCmd)
                  0000f0b4    000000bc     drivers_cc13x4.a : PowerCC26X2.c.obj (.text.Power_setDependency)
                  0000f170    000000bc     rf_multiMode_cc13x4.a : RFCC26X2_multiMode.c.cc13x4.ticlang.o (.text.RF_swiHw)
                  0000f22c    000000bc     drivers_cc13x4.a : UART2CC26X2.c.obj (.text.UART2Support_dmaStartTx)
                  0000f2e8    000000b8                      : GPTimerCC26XX.c.obj (.text.GPTimerCC26XX_open)
                  0000f3a0    000000b8     maclib_secure_cc13x4_tirtos7.a : mac_mgmt.c.o (.text.MAC_MlmeResetReq)
                  0000f458    000000b8     btn.o (.text.btn_process)
                  0000f510    000000b8     maclib_secure_cc13x4_tirtos7.a : mac_tx.c.o (.text.macTxRequestCsmaDelay)
                  0000f5c8    000000b8     ti_sysbios_config.o (.text.ti_sysbios_knl_Task_Instance_finalize)
                  0000f680    000000b4     drivers_cc13x4.a : PowerCC26X2.c.obj (.text.Power_releaseDependency)
                  0000f734    000000b4     ugui.o (.text.UG_PutString)
                  0000f7e8    000000b4     display_task.o (.text.display_task_)
                  0000f89c    000000b4     maclib_secure_cc13x4_tirtos7.a : mac.c.o (.text.macGetRFCmdDuration)
                  0000f950    000000b4     jdllc.o (.text.pollCnfCb)
                  0000fa04    000000b4     ti_sysbios_config.o (.text.ti_sysbios_knl_Task_setPri)
                  0000fab8    000000b2     api_mac.o (.text.copyDataInd)
                  0000fb6a    00000002     ti_drivers_config.o (.text.Board_initHook)
                  0000fb6c    000000b0     maclib_secure_cc13x4_tirtos7.a : mac_data.c.o (.text.macApiDataReq)
                  0000fc1c    000000b0                                    : mac_mgmt.c.o (.text.macBuildBeaconNotifyInd)
                  0000fccc    000000b0                                    : mac_ie_build.c.o (.text.macBuildPayloadCoexistIe)
                  0000fd7c    000000b0     jdllc.o (.text.scanCnfCb)
                  0000fe2c    000000b0     libclang_rt.builtins.a : udivmoddi4.S.obj (.text)
                  0000fedc    000000ac     ti_sysbios_config.o (.text.PowerCC26XX_standbyPolicy)
                  0000ff88    000000ac     rf_multiMode_cc13x4.a : RFCC26X2_multiMode.c.cc13x4.ticlang.o (.text.RF_pendCmd)
                  00010034    000000ac     maclib_secure_cc13x4_tirtos7.a : mac_hl_patch.c.o (.text.macAutoPendMaintainSrcMatchTable)
                  000100e0    000000ac                                    : mac_data.c.o (.text.macDataTxEnqueue)
                  0001018c    000000a8     drivers_cc13x4.a : AESCCMCC26X4.c.obj (.text.AESCCM_hwiFxn)
                  00010234    000000a8                      : SPICC26X4DMA.c.obj (.text.finishTransfer)
                  000102dc    000000a8     maclib_secure_cc13x4_tirtos7.a : mac_rx.c.o (.text.macRxInit)
                  00010384    000000a8                                    : mac_tx.c.o (.text.macTxStartQueuedFrame)
                  0001042c    000000a4                                    : mac_autopend.c.o (.text.MAC_SrcMatchAddEntry)
                  000104d0    000000a4     maclib_osal_tirtos7_cc13x4_26x4.a : osal_port.c.o (.text.OsalPort_heapMalloc)
                  00010574    000000a4     rf_multiMode_cc13x4.a : RFCC26X2_multiMode.c.cc13x4.ticlang.o (.text.RF_initRadioSetup)
                  00010618    000000a4     maclib_secure_cc13x4_tirtos7.a : mac_hl_patch.c.o (.text.macDataTxComplete)
                  000106bc    000000a4                                    : mac_hl_patch.c.o (.text.macMgmtReset)
                  00010760    000000a4     ti_sysbios_config.o (.text.ti_sysbios_knl_Task_Instance_init)
                  00010804    000000a0     nvocmp.o (.text.NVOCMP_readContItemApi)
                  000108a4    000000a0     rf_multiMode_cc13x4.a : RFCC26X2_multiMode.c.cc13x4.ticlang.o (.text.RF_calculateDispatchTime)
                  00010944    000000a0                           : RFCC26X2_multiMode.c.cc13x4.ticlang.o (.text.RF_requestAccess)
                  000109e4    000000a0     ssf.o (.text.Ssf_processEvents)
                  00010a84    000000a0     maclib_secure_cc13x4_tirtos7.a : mac_hl_patch.c.o (.text.macAutoPendAddSrcMatchTableEntry)
                  00010b24    000000a0                                    : mac_hl_patch.c.o (.text.macCbackForEvent)
                  00010bc4    0000009c     driverlib.lib : setup.c.obj (.text.TrimAfterColdResetWakeupFromShutDown)
                  00010c60    0000009c     maclib_secure_cc13x4_tirtos7.a : mac_mgmt.c.o (.text.macBuildWSAsyncReq)
                  00010cfc    0000009c     ti_sysbios_config.o (.text.ti_sysbios_knl_Clock_workFuncDynamic)
                  00010d98    0000009c     ti_sysbios_config.o (.text.ti_sysbios_knl_Mailbox_Instance_init)
                  00010e34    0000009a     drivers_cc13x4.a : UART2.c.obj (.text.UART2_writeCancel)
                  00010ece    00000002                      : LED.c.obj (.text.LED_init)
                  00010ed0    00000098                      : GPTimerCC26XX.c.obj (.text.GPTimerCC26XX_close)
                  00010f68    00000098     nvocmp.o (.text.NVOCMP_erase)
                  00011000    00000098     rf_multiMode_cc13x4.a : RFCC26X2_multiMode.c.cc13x4.ticlang.o (.text.RF_defaultSubmitPolicy)
                  00011098    00000098     maclib_secure_cc13x4_tirtos7.a : mac_hl_patch.c.o (.text.macIncomingSecurityLevelChecking)
                  00011130    00000098                                    : mac_mgmt.c.o (.text.macRxBeacon)
                  000111c8    00000098                                    : mac_hl_patch.c.o (.text.macScanRxCoordRealign)
                  00011260    00000098                                    : mac_timer.c.o (.text.macSymbolTimerTriggerCallback)
                  000112f8    00000098     ti_sysbios_config.o (.text.ti_sysbios_knl_Task_sleep)
                  00011390    00000096     rf_multiMode_cc13x4.a : RFCC26X2_multiMode.c.cc13x4.ticlang.o (.text.RF_verifyGap)
                  00011426    00000002                           : rfc.c.cc13x4.ticlang.o (.text.NOROM_RFCCpePatchReset)
                  00011428    00000094     maclib_secure_cc13x4_tirtos7.a : mac_hl_patch.c.o (.text.MAC_MlmeScanReq)
                  000114bc    00000094     rf_multiMode_cc13x4.a : RFCC26X2_multiMode.c.cc13x4.ticlang.o (.text.RF_ratRestartChannels)
                  00011550    00000094     drivers_cc13x4.a : SPICC26X4DMA.c.obj (.text.SPICC26X4DMA_transferCancel)
                  000115e4    00000094                      : SPICC26X4DMA.c.obj (.text.initIO)
                  00011678    00000090     rf_multiMode_cc13x4.a : RFCC26X2_multiMode.c.cc13x4.ticlang.o (.text.RF_getTxPower)
                  00011708    00000090     drivers_cc13x4.a : UART2CC26X2.c.obj (.text.UART2_close)
                  00011798    00000090     maclib_secure_cc13x4_tirtos7.a : mac_coord.c.o (.text.macIndirectSend)
                  00011828    00000090                                    : mac_autopend.c.o (.text.macSrcMatchCheckSrcAddr)
                  000118b8    00000090                                    : mac.c.o (.text.macStopCmd)
                  00011948    0000008c     nvocmp.o (.text.NVOCMP_updateItemApi)
                  000119d4    0000008c     drivers_cc13x4.a : TRNGCC26XX.c.obj (.text.TRNG_construct)
                  00011a60    0000008c     jdllc.o (.text.beaconNotifyIndCb)
                  00011aec    0000008c     drivers_cc13x4.a : NVSCC26XX.c.obj (.text.doErase)
                  00011b78    0000008c     maclib_secure_cc13x4_tirtos7.a : mac_radio_tx.c.o (.text.macRadioFHEncryptFrame)
                  00011c04    0000008c     ti_sysbios_config.o (.text.ti_sysbios_knl_Clock_init)
                  00011c90    0000008c     ti_sysbios_config.o (.text.ti_sysbios_knl_Mailbox_post)
                  00011d1c    00000088     jdllc.o (.text.Jdllc_init)
                  00011da4    00000088     nvocmp.o (.text.NVOCMP_deleteItemApi)
                  00011e2c    00000088     rf_multiMode_cc13x4.a : RFCC26X2_multiMode.c.cc13x4.ticlang.o (.text.RF_cmdDispatchTime)
                  00011eb4    00000088                           : RFCC26X2_multiMode.c.cc13x4.ticlang.o (.text.RF_discardPendCmd)
                  00011f3c    00000088     jdllc.o (.text.disassoCnfCb)
                  00011fc4    00000088     maclib_secure_cc13x4_tirtos7.a : mac_hl_patch.c.o (.text.macCcmDecrypt)
                  0001204c    00000088                                    : mac_hl_patch.c.o (.text.macCcmStarInverseTransform)
                  000120d4    00000088                                    : mac_radio_tx.c.o (.text.macRadioSendImmAck)
                  0001215c    00000088                                    : mac_radio.c.o (.text.macRadioUpdateChannel)
                  000121e4    00000084     cui.o (.text.CUI_clientOpen)
                  00012268    00000084     rf_multiMode_cc13x4.a : RFCC26X2_multiMode.c.cc13x4.ticlang.o (.text.RF_getInfo)
                  000122ec    00000084                           : RFCC26X2_multiMode.c.cc13x4.ticlang.o (.text.RF_yield)
                  00012370    00000084     maclib_secure_cc13x4_tirtos7.a : mac_hl_patch.c.o (.text.macBlacklistChecking)
                  000123f4    00000084                                    : mac_hl_patch.c.o (.text.macCcmEncrypt)
                  00012478    00000084     macTask.o (.text.macTaskInit)
                  000124fc    00000084     main.o (.text.main)
                  00012580    00000084     ti_sysbios_config.o (.text.ti_sysbios_family_arm_v8m_Hwi_initNVIC)
                  00012604    00000080     drivers_cc13x4.a : GPIOCC26X4.c.obj (.text.GPIO_hwiIntFxn)
                  00012684    00000080     nvocmp.o (.text.NVOCMP_createItemApi)
                  00012704    00000080     maclib_osal_tirtos7_cc13x4_26x4.a : osal_port.c.o (.text.OsalPort_setTimer)
                  00012784    00000080     maclib_secure_cc13x4_tirtos7.a : mac_data.c.o (.text.macFrameDurationSubG)
                  00012804    00000080                                    : mac_tx.c.o (.text.macTxDoneCallback)
                  00012884    00000080     jdllc.o (.text.syncLossCb)
                  00012904    00000080     ti_sysbios_config.o (.text.ti_sysbios_family_arm_v8m_Hwi_postInit)
                  00012984    00000080     ti_sysbios_config.o (.text.ti_sysbios_gates_GateMutexPri_enter)
                  00012a04    0000007e     nvocmp.o (.text.NVOCMP_readHeader)
                  00012a82    00000002     rf_multiMode_cc13x4.a : RFCC26X2_multiMode.c.cc13x4.ticlang.o (.text.RF_defaultCallback)
                  00012a84    0000007c     jdllc.o (.text.Jdllc_securityInit)
                  00012b00    0000007c     driverlib.lib : setup_rom.c.obj (.text.NOROM_SetupStepVddrTrimTo)
                  00012b7c    0000007c     rf_multiMode_cc13x4.a : RFCC26X2_multiMode.c.cc13x4.ticlang.o (.text.RF_ratDisableChannel)
                  00012bf8    0000007c     drivers_cc13x4.a : SPICC26X4DMA.c.obj (.text.SPICC26X4DMA_close)
                  00012c74    0000007c     ugui.o (.text.UG_FillFrame)
                  00012cf0    0000007c     utc_clock.o (.text.UTC_timeUpdateHandler)
                  00012d6c    0000007c     maclib_secure_cc13x4_tirtos7.a : mac_mcu.c.o (.text.macMcuOverflowSetPeriod)
                  00012de8    0000007c                                    : mac_pwr.c.o (.text.macPwrVote)
                  00012e64    0000007c                                    : mac.c.o (.text.macSetupReceiveCmd)
                  00012ee0    00000078     driverlib.lib : chipinfo.c.obj (.text.NOROM_ChipInfo_GetChipType)
                  00012f58    00000078     nvocmp.o (.text.NVOCMP_checkItem)
                  00012fd0    00000078     nvocmp.o (.text.NVOCMP_loadApiPtrs)
                  00013048    00000078     drivers_cc13x4.a : NVSCC26XX.c.obj (.text.NVSCC26XX_open)
                  000130c0    00000078     rf_multiMode_cc13x4.a : RFCC26X2_multiMode.c.cc13x4.ticlang.o (.text.RF_ratFreeChannel)
                  00013138    00000078     ssf.o (.text.Ssf_networkUpdate)
                  000131b0    00000078     ti_sysbios_config.o (.text._pthread_removeThreadKeys)
                  00013228    00000078     btn.o (.text.btn_init)
                  000132a0    00000078     maclib_secure_cc13x4_tirtos7.a : mac.c.o (.text.macRequestBackoff)
                  00013318    00000078                                    : mac_device.c.o (.text.macRxAssocRsp)
                  00013390    00000078                                    : mac_symbol_timer.c.o (.text.macSymbolTimerInit)
                  00013408    00000078     ti_sysbios_config.o (.text.ti_sysbios_knl_Task_postInit)
                  00013480    00000076     drivers_cc13x4.a : UART2CC26X2.c.obj (.text.UART2Support_dmaStopTx)
                  000134f6    00000002     ssf.o (.text.Ssf_sensorReadingUpdate)
                  000134f8    00000074     jdllc.o (.text.Jdllc_rejoin)
                  0001356c    00000074     maclib_osal_tirtos7_cc13x4_26x4.a : osal_port.c.o (.text.OsalPort_heapInit)
                  000135e0    00000074     rf_multiMode_cc13x4.a : RFCC26X2_multiMode.c.cc13x4.ticlang.o (.text.RF_hwiHw)
                  00013654    00000074     ti_sysbios_config.o (.text.acquireMutex)
                  000136c8    00000074     control_task.o (.text.control_taskInit)
                  0001373c    00000074     maclib_secure_cc13x4_tirtos7.a : mac_hl_patch.c.o (.text.macKeyDescriptorLookup)
                  000137b0    00000074                                    : mac_mcu.c.o (.text.macMcuOverflowSetCompare)
                  00013824    00000074                                    : mac_radio_tx.c.o (.text.macRadioTxEnhAckCb)
                  00013898    00000074                                    : mac_ie_parse.c.o (.text.macUpdateHeaderIEPtr)
                  0001390c    00000074     ti_sysbios_config.o (.text.ti_sysbios_family_arm_v8m_Hwi_Instance_init)
                  00013980    00000074     ti_sysbios_config.o (.text.ti_sysbios_knl_Swi_restoreHwi)
                  000139f4    00000072     drivers_cc13x4.a : LED.c.obj (.text.LED_startBlinking)
                  00013a66    00000002     ssf.o (.text.Ssf_trackingUpdate)
                  00013a68    00000070     drivers_cc13x4.a : AESCCMCC26X4.c.obj (.text.AESCCM_waitForResult)
                  00013ad8    00000070     api_mac.o (.text.ApiMac_init)
                  00013b48    00000070     driverlib.lib : interrupt.c.obj (.text.NOROM_IntDisable)
                  00013bb8    00000070     nvocmp.o (.text.NVOCMP_readItemApi)
                  00013c28    00000070     maclib_osal_tirtos7_cc13x4_26x4.a : osal_port.c.o (.text.OsalPort_pwrmgrTaskState)
                  00013c98    00000070     jdllc.o (.text.dataCnfCb)
                  00013d08    00000070     jdllc.o (.text.disassocIndCb)
                  00013d78    00000070     maclib_secure_cc13x4_tirtos7.a : mac_duty_cycle.c.o (.text.macDutyCycleTimerCB)
                  00013de8    00000070                                    : mac_radio.c.o (.text.macRadioStartScan)
                  00013e58    00000070                                    : mac_timer.c.o (.text.macTimerUpdateSymbolTimer)
                  00013ec8    00000070     ti_sysbios_config.o (.text.ti_sysbios_knl_Task_startup)
                  00013f38    00000070     ti_sysbios_config.o (.text.ti_sysbios_runtime_System_formatNum)
                  00013fa8    00000070     libc.a : copy_decompress_lzss.c.obj (.text:decompress:lzss)
                  00014018    0000006c     drivers_cc13x4.a : AESCCMCC26X4.c.obj (.text.AESCCM_construct)
                  00014084    0000006c     driverlib.lib : interrupt.c.obj (.text.NOROM_IntEnable)
                  000140f0    0000006c                   : sys_ctrl.c.obj (.text.NOROM_SysCtrl_DCDC_VoltageConditionalControl)
                  0001415c    0000006c     nvocmp.o (.text.NVOCMP_eraseNvApi)
                  000141c8    0000006c     nvocmp.o (.text.NVOCMP_writeItemApi)
                  00014234    0000006c     rf_multiMode_cc13x4.a : RFCC26X2_multiMode.c.cc13x4.ticlang.o (.text.RF_issueRadioFreeCb)
                  000142a0    0000006c     drivers_cc13x4.a : Random.c.obj (.text.Random_seedAutomatic)
                  0001430c    0000006c     rf_multiMode_cc13x4.a : rf_patch_cpe_multi_protocol.c.cc13x4.ticlang.o (.text.configureMultiProtocolPatch)
                  00014378    0000006c     maclib_secure_cc13x4_tirtos7.a : mac_mgmt.c.o (.text.macApiDisassociateReq)
                  000143e4    0000006c                                    : mac_duty_cycle.c.o (.text.macDutyCycleByteToUSec)
                  00014450    0000006c                                    : mac_rx_onoff.c.o (.text.macRxOffRequest)
                  000144bc    0000006c                                    : mac.c.o (.text.macSetupFsCmd)
                  00014528    0000006c     drivers_cc13x4.a : PowerCC26X2.c.obj (.text.oscillatorISR)
                  00014594    0000006c     ti_sysbios_config.o (.text.ti_sysbios_family_arm_v8m_Hwi_dispatchC)
                  00014600    0000006c     ti_sysbios_config.o (.text.ti_sysbios_knl_TaskSupport_buildTaskStack)
                  0001466c    00000068     maclib_secure_cc13x4_tirtos7.a : mac_device.c.o (.text.MAC_InitDevice)
                  000146d4    00000068     drivers_cc13x4.a : PowerCC26X2_calibrateRCOSC_helpers.c.obj (.text.PowerCC26X2_updateSubSecInc)
                  0001473c    00000068     rf_multiMode_cc13x4.a : RFCC26X2_multiMode.c.cc13x4.ticlang.o (.text.RF_detachOverrides)
                  000147a4    00000068     ugui.o (.text._UG_FontSelect)
                  0001480c    00000068     maclib_secure_cc13x4_tirtos7.a : mac_mgmt.c.o (.text.macDisassocComplete)
                  00014874    00000068                                    : mac_low_level.c.o (.text.macLowLevelInit)
                  000148dc    00000068                                    : mac_radio.c.o (.text.macRadioPowerDown)
                  00014944    00000068                                    : mac_scan.c.o (.text.macScanStartTimer)
                  000149ac    00000068                                    : mac_timer.c.o (.text.macTimerSetRollover)
                  00014a14    00000068                                    : mac_tx.c.o (.text.macTxGetDefaultMinTxOffTime)
                  00014a7c    00000068     main.o (.text.sensorTask_)
                  00014ae4    00000068     ti_sysbios_config.o (.text.ti_sysbios_knl_Clock_startI)
                  00014b4c    00000068     ti_sysbios_config.o (.text.ti_sysbios_knl_Swi_run)
                  00014bb4    00000064     maclib_secure_cc13x4_tirtos7.a : mac_mgmt.c.o (.text.MAC_Init)
                  00014c18    00000064     maclib_osal_tirtos7_cc13x4_26x4.a : osal_port.c.o (.text.OsalPort_clearEvent)
                  00014c7c    00000064     drivers_cc13x4.a : PowerCC26X2_calibrateRCOSC.c.obj (.text.PowerCC26X2_initiateCalibration)
                  00014ce0    00000064     rf_multiMode_cc13x4.a : RFCC26X2_multiMode.c.cc13x4.ticlang.o (.text.RF_attachOverrides)
                  00014d44    00000064                           : RFCC26X2_multiMode.c.cc13x4.ticlang.o (.text.RF_dispatchNextEvent)
                  00014da8    00000064                           : RFCC26X2_multiMode.c.cc13x4.ticlang.o (.text.RF_hwiCpe0PowerFsm)
                  00014e0c    00000064     drivers_cc13x4.a : UDMACC26XX.c.obj (.text.UDMACC26XX_open)
                  00014e70    00000064     sensor.o (.text.commStatusIndCB)
                  00014ed4    00000064     maclib_secure_cc13x4_tirtos7.a : mac_device.c.o (.text.macAssocDataRxInd)
                  00014f38    00000064                                    : mac_mcu.c.o (.text.macMcuInit)
                  00014f9c    00000064                                    : mac_radio_tx.c.o (.text.macRadioTxPrepLbt)
                  00015000    00000064                                    : mac_rx.c.o (.text.macRxHaltCleanup)
                  00015064    00000064                                    : mac_timer.c.o (.text.macTimerRealign)
                  000150c8    00000064     ti_sysbios_config.o (.text.ti_sysbios_gates_GateMutexPri_leave)
                  0001512c    00000064     ti_sysbios_config.o (.text.ti_sysbios_knl_Idle_init)
                  00015190    00000062     rf_multiMode_cc13x4.a : RFCC26X2_multiMode.c.cc13x4.ticlang.o (.text.RF_syncCb)
                  000151f2    00000002     drivers_cc13x4.a : UART2CC26X2.c.obj (.text.UART2CC26X2_eventCallback)
                  000151f4    00000060                      : CryptoResourceCC26XX.c.obj (.text.CryptoResourceCC26XX_constructRTOSObjects)
                  00015254    00000060     driverlib.lib : setup_rom.c.obj (.text.NOROM_SetupAfterColdResetWakeupFromShutDownCfg1)
                  000152b4    00000060     nvocmp.o (.text.NVOCMP_verifyCRC)
                  00015314    00000060     maclib_osal_tirtos7_cc13x4_26x4.a : osal_port.c.o (.text.OsalPort_setEvent)
                  00015374    00000060     drivers_cc13x4.a : Timer.c.obj (.text.Timer_setPeriod)
                  000153d4    00000060     maclib_secure_cc13x4_tirtos7.a : mac_beacon_device.c.o (.text.macBeaconSyncLoss)
                  00015434    00000060                                    : mac_data.c.o (.text.macDataReset)
                  00015494    00000060                                    : mac_main.c.o (.text.macExecute)
                  000154f4    00000060                                    : mac_scan.c.o (.text.macScanComplete)
                  00015554    00000060                                    : mac_main.c.o (.text.macSendMsg)
                  000155b4    00000060                                    : mac_symbol_timer.c.o (.text.macSymbolTimerPeriodIsr)
                  00015614    00000060                                    : mac_hl_patch.c.o (.text.macTrackPeriodCallback)
                  00015674    00000060     ti_sysbios_config.o (.text.pthread_exit)
                  000156d4    00000060     ti_sysbios_config.o (.text.ti_sysbios_knl_Clock_walkQueueDynamic)
                  00015734    00000060     ti_sysbios_config.o (.text.ti_sysbios_knl_Semaphore_post)
                  00015794    00000060     ti_sysbios_config.o (.text.ti_sysbios_knl_Swi_schedule)
                  000157f4    00000060     jdllc.o (.text.updateState)
                  00015854    0000005e     rf_multiMode_cc13x4.a : rfc.c.cc13x4.ticlang.o (.text.NOROM_RFCAnaDivTxOverride)
                  000158b2    0000005e     drivers_cc13x4.a : UART2CC26X2.c.obj (.text.UART2Support_dmaStopRx)
                  00015910    0000005c     maclib_secure_cc13x4_tirtos7.a : mac_hl_patch.c.o (.text.MAC_ResumeReq)
                  0001596c    0000005c     driverlib.lib : setup_rom.c.obj (.text.NOROM_SetupGetTrimForAmpcompCtrl)
                  000159c8    0000005c     maclib_osal_tirtos7_cc13x4_26x4.a : osal_port.c.o (.text.OsalPort_msgReceive)
                  00015a24    0000005c     st7789.o (.text.ST7789_SetAddressWindow)
                  00015a80    0000005c     control_task.o (.text.control_Task_Noti_Info_mail)
                  00015adc    0000005c     maclib_secure_cc13x4_tirtos7.a : mac_mgmt.c.o (.text.macBuildWSAsyncMsg)
                  00015b38    0000005c                                    : mac_sleep.c.o (.text.macCanSleep)
                  00015b94    0000005c                                    : mac_mgmt.c.o (.text.macRxDisassoc)
                  00015bf0    0000005c                                    : mac_ie_parse.c.o (.text.macUpdatePayloadIEPtr)
                  00015c4c    0000005c     jdllc.o (.text.sendScanReq)
                  00015ca8    0000005c     sysbios.a : Hwi_asm_switch_gcc.s.obj (.text.ti_sysbios_family_arm_v8m_Hwi_initStacks)
                  00015d04    0000005c     display_task.o (.text.top_display)
                  00015d60    00000058     drivers_cc13x4.a : Button.c.obj (.text.Button_gpioCallbackFxn)
                  00015db8    00000058     cui.o (.text.CUI_writeString)
                  00015e10    00000058     drivers_cc13x4.a : GPTimerCC26XX.c.obj (.text.GPTimerCC26XXHwiFxn)
                  00015e68    00000058     maclib_osal_tirtos7_cc13x4_26x4.a : osal_port.c.o (.text.HEAPMGR_GETLARGESTFREEBUF)
                  00015ec0    00000058     driverlib.lib : osc.c.obj (.text.NOROM_OSCHF_AttemptToSwitchToXosc)
                  00015f18    00000058                   : setup_rom.c.obj (.text.NOROM_SetupGetTrimForAnabypassValue1)
                  00015f70    00000058     maclib_osal_tirtos7_cc13x4_26x4.a : osal_port.c.o (.text.OsalPort_msgSend)
                  00015fc8    00000058     rf_multiMode_cc13x4.a : RFCC26X2_multiMode.c.cc13x4.ticlang.o (.text.RF_applyRfCorePatch)
                  00016020    00000058     ssf.o (.text.Ssf_getFrameCounter)
[...]
200092c4  RF_cmdPropRxAdv                                                  
200092f4  macMgmtAction1                                                   
20009324  macSrcExtAddrList                                                
20009354  ti_sysbios_knl_Swi_readyQs                                       
20009384  ti_sysbios_knl_Task_readyQs                                      
200093b4  NVOCMP_nvHandle                                                  
200093e4  macDevice                                                        
20009410  Button_                                                          
20009434  controlTaskParam                                                 
20009458  displayTaskParam                                                 
2000947c  sensorTaskParam                                                  
200094e0  RF_cmdIEEECsma                                                   
20009500  RF_cmdPropTxAdv                                                  
20009520  RF_cmdRadioSetup                                                 
20009540  RF_params                                                        
20009560  macBeacon                                                        
20009580  spiParams                                                        
200095a0  udmaCC26XXObject                                                 
20009614  BIOS_heapCallbackObject                                          
20009630  BIOS_rtsGate                                                     
2000964c  CryptoResourceCC26XX_hwi                                         
20009668  RF_cmdPropCs                                                     
20009684  RF_cmdPropCsSlotted                                              
200096a0  control_task_InfoToHub_params                                    
200096bc  control_task_NotiInfo_params                                     
200096d8  display_handle                                                   
200096f4  macReset                                                         
20009710  macSemHandle                                                     
2000972c  macSrcShortAddrList                                              
20009748  RF_cmdFsTx                                                       
20009760  RF_cmdIEEETx                                                     
20009778  macScanAction                                                    
20009790  transaction                                                      
200097d0  RF_cmdRxAckCmd                                                   
200097e4  macAckDbg                                                        
200097f8  macDeviceAction2                                                 
2000980c  macMgmtAction2                                                   
20009820  network_info                                                     
20009834  macStatistics                                                    
20009868  macData                                                          
20009878  macDataTxDelay                                                   
20009888  macFrmFilter                                                     
20009898  macRxOutputIeee                                                  
200098a8  control_Task_dev_info                                            
200098b8  coexMetricsStruct                                                
200098c4  macMain                                                          
200098d0  macRxOutputSubG                                                  
200098dc  ApiMac_extAddr                                                   
200098e4  coexOverrideUseCases                                             
200098ec  macRxDataEntryQueue                                              
200098f4  PowerCC26XX_taskKey                                              
200098f8  bytes_to_time                                                    
200098fc  controllerSpi                                                    
20009900  dcCritical                                                       
20009904  dcLimited                                                        
20009908  dcPtr                                                            
2000990c  dcRegulated                                                      
20009910  dcTimeUsed                                                       
20009914  macAddrLsb                                                       
20009918  macAddrMsb                                                       
2000991c  macCryptoDrvTblPtr                                               
20009920  macPhyTxPower                                                    
20009924  macPrevPeriodRatCount                                            
20009928  macRfDrvTblPtr                                                   
2000992c  macRxSymbol                                                      
20009930  macSymbolTimerRollover                                           
20009934  macSymbolTimerTrigger                                            
20009938  macThread                                                        
2000993c  macTimerActive                                                   
20009940  macTxTimestamp                                                   
20009944  pClockHandleEDScan                                               
20009948  pMacRadioConfig                                                  
2000994c  pMaxPower                                                        
20009950  pRfMode                                                          
20009954  pRfPowerTable                                                    
20009958  rxRadioBufferPtr                                                 
2000995c  sensorStatusLine                                                 
20009960  ssfCuiHndl                                                       
20009964  ti_sysbios_family_arm_v8m_cc26x4_Timer_funcHookCH1               
20009968  ti_sysbios_family_arm_v8m_cc26x4_Timer_funcHookCH2               
2000996c  ti_sysbios_knl_Task_defaultStackHeap                             
20009970  ti_sysbios_runtime_System_atexitHandlers                         
20009974  timerAlignedQ                                                    
20009978  timerUnalignedQ                                                  
2000997e  conv                                                             
20009980  macRxDataEntryOffset                                             
20009982  macTxCsmaBackoffDelay                                            
20009984  rxCmdHandle                                                      
20009986  txCmdHandle                                                      
20009989  AppTaskId                                                        
2000998a  NVOCMP_size                                                      
2000998b  appTaskId                                                        
2000998c  dcStatus                                                         
2000998d  gAction                                                          
2000998e  lastRxPriority                                                   
2000998f  lastTxPriority                                                   
20009990  macAckTxActive                                                   
20009991  macMgmt                                                          
20009992  macPanCoordinator                                                
20009993  macPhyChannel                                                    
20009994  macPwr                                                           
20009995  macRxActive                                                      
20009996  macRxEnableFlags                                                 
20009997  macRxFilter                                                      
20009998  macRxOutgoingAckFlag                                             
20009999  macSpecUsecsPerSymbol                                            
2000999a  macSrcResIndex                                                   
2000999b  macSymbolTimerImpending                                          
2000999c  macTaskId                                                        
2000999d  macTxActive                                                      
2000999e  macTxBe                                                          
2000999f  macTxGpInterframeDelay                                           
200099a0  macTxType                                                        
200099a1  macUnitBackoffPeriod                                             
200099a2  nvsCC26XXObjects                                                 
200099a3  rxFhRsl                                                          
200099a4  rxPromiscuousMode                                                
200099a5  rxSeqNum                                                         
200099a6  spi_index_local                                                  
200099a7  txAckReq                                                         
200099a8  txSeqn                                                           
20009a00  PowerCC26X2_module                                               
20009b78  gpioPinConfigs                                                   
20009c38  txPowerTable_868_pa13                                            
20009ce8  macMRFSKGenPhyTable                                              
20009d8a  Sensor_events                                                    
20009d90  totalE2EDelaySum                                                 
20009d94  endToEndDelay                                                    
20009dd0  Sensor_msgStats                                                  
20009e00  initBroadcastMsg                                                 
20009e01  parentFound                                                      
20009e06  Jdllc_events                                                     
20009e74  fhObject                                                         
2000a018  BIOS_Module_state                                                
2000a044  ti_sysbios_family_arm_v8m_Hwi_Module_state                       
2000a080  ti_sysbios_runtime_Startup_done                                  
2000a083  ti_sysbios_knl_Idle_initDone                                     
2000a084  ti_sysbios_runtime_Memory_defaultHeapInstance                    
2000a09c  ti_sysbios_runtime_Error_ignore                                  
2000a0a8  ti_sysbios_family_arm_v8m_cc26x4_Timer_Module_state              
2000a0b4  ti_sysbios_runtime_System_Module_state                           
2000a0c0  ti_sysbios_knl_Swi_Module_state                                  
2000a0e8  ti_sysbios_knl_Clock_Module_state                                
2000a1b4  Main_user1Cfg                                                    
2000a268  Ssf_resetReseason                                                
2000a26e  Ssf_resetCount                                                   
2000a280  ssfMainMenu                                                      
2000a3a0  configureSubMenu                                                 
2000a3e0  ti_sysbios_knl_Task_Module_state                                 
2000a458  cuiMultiMenu                                                     
2000a48c  commissionSubMenu                                                
2000a4c0  macBeaconPayload                                                 
2000a528  pOverrides_2gfsk50kbps154g                                       
2000a554  appSubMenu                                                       
2000a57c  macActionSet                                                     
2000a5a0  lastRatChanA                                                     
2000a5a1  lastRatChanB                                                     
2000a5a2  macRxCmdActive                                                   
2000a5a3  macFsCmdActive                                                   
2000a5a4  macRxPreempted                                                   
2000a5a5  numRfCmd                                                         
2000a5a6  numRxCmd                                                         
2000a5a7  numRxPostCmd                                                     
2000a5a8  ieeeCoexEnabled                                                  
2000a5ac  lastPostCmd                                                      
2000a5b0  macSfdDetectCback                                                
2000a5c0  macBeaconMargin                                                  
2000a5e0  devInfoConfirmationFlag                                          
2000a5e1  devInfoConfirmationMail                                          
2000a5e2  retry_count_devInfo                                              
2000a5e4  Num_MsgInfoToHubMail                                             
2000a5e6  Num_MsgNotibMail                                                 
2000a5e8  noti_count                                                       
2000a5ec  control_task_InfoToHub_handle                                    
2000a5f0  control_task_NotiInfo_handle                                     
2000a5f4  devInfoConfirmationTimer                                         
2000a63d  ApiMac_gpOffsetToms                                              
2000a63e  ApiMac_mtDataReqTxOptionGp                                       
2000a654  macStateTbl                                                      
2000a668  macUser0Cfg                                                      
2000a6b0  pMacCbackQueryRetransmit                                         
2000a6b4  pMacCbackCheckPending                                            
2000a6c0  UTC_timeSeconds                                                  
2000a6cc  RF_cmdNop                                                        
2000a6dc  RF_cmdNopFg                                                      
2000a6ec  RF_prop_2gfsk50kbps154g                                          
2000a6fc  _hposcCoeffs                                                     
2000a70c  macCfg                                                           
2000a740  taskCnt                                                          
2000a744  heapmgrMemFreeTotal                                              
2000a748  heapmgrMemFreeError                                              
2000a74c  battery_full                                                     
2000a764  collectorAddr_app                                                
2000a776  macSrcMatchIsAckAllPending                                       
2000a777  macSrcMatchDefaultPendOn                                         
2000a794  RF_handle                                                        
2000a798  macRadioAckIeeeFrame                                             
2000a79b  macRadioAckFrame                                                 
2000a7a0  macCsmaRtcTimerId                                                
2000a7b0  RFCC26XX_schedulerPolicy                                         
2000a7b8  ti_sysbios_gates_GateMutexPri_Module_state                       
2000a7c0  ti_sysbios_heaps_HeapCallback_Module_state                       
2000a7c8  ti_sysbios_knl_Mailbox_Module_state                              
2000a7d0  ti_sysbios_knl_Semaphore_Module_state                            
2000a7d8  menu_marker                                                      
2000a7d9  entr_marker                                                      
2000a7da  SollMenue                                                        
2000a7dc  Menu_index                                                       
2000a7de  assoc_resp_no_ack_cnt                                            
2000a7e8  __aeabi_errno                                                    
2000a7ec  _lock                                                            
2000a7f0  _unlock                                                          
2000a7f4  appEvents                                                        
2000a7f8  gmt                                                              
2000a7fc  macDataBeaconRequeue                                             
2000a800  macDataCheckSched                                                
2000a804  macDataCheckTxTime                                               
2000a808  macDataRequeueIndirect                                           
2000a80c  macDataRxBeaconCritical                                          
2000a810  macDataSetSched                                                  
2000a814  macDataTxBeaconComplete                                          
2000a818  macDataTxIndirect                                                
2000a824  macTimerNewRollover                                              
2000a828  macTimerRollover                                                 
2000a82c  minTxOffTime                                                     
2000a834  pMacDataTx                                                       
2000a838  pMacEnhancedAck                                                  
2000a840  personal_addr                                                    
2000a842  symbol_rate_custom                                               
2000a844  Main_assertReason                                                
2000a846  bInSwi                                                           
2000a848  csmPhy                                                           
2000a849  customMinTxOffEnabled                                            
2000a84a  dcEnabled                                                        
2000a851  macRadioYielded                                                  
2000a852  macSrcMatchIsEnabled                                             
2000a853  macSrcMatchManualAddressTracking                                 
2000a854  macTxCmdActive                                                   
2000a855  macTxSlottedDelay                                                
2000a856  macTxSlottedDelayFactor                                          
2000a858  numTx                                                            
2000a859  reqAccessAlloc                                                   
2000aa00  ti_sysbios_family_arm_v8m_Hwi_ramVectors                         
2000aafc  heapStart                                                        
2003b000  __stack                                                          
2003b000  heapEnd                                                          
20040000  __STACK_END                                                      
50000000  __ccfg                                                           
ffffffff  __TI_pprof_out_hndl                                              
ffffffff  __TI_prof_data_size                                              
ffffffff  __TI_prof_data_start                                             
ffffffff  __binit__                                                        
ffffffff  __start___llvm_prf_bits                                          
ffffffff  __start___llvm_prf_cnts                                          
ffffffff  __stop___llvm_prf_bits                                           
ffffffff  __stop___llvm_prf_cnts                                           
ffffffff  binit                                                            
UNDEFED   ITM_flush                                                        
UNDEFED   ITM_restore                                                      
UNDEFED   PWM_config                                                       
UNDEFED   PWM_count                                                        
UNDEFED   __mpu_init                                                       

[1469 symbols]
